Enter the Huber regression refitting period in bars (e.g., 1, 12, 24): No input received; defaulting refit period to 1 (refit every bar).
[ensure_tickers] fetching missing tickers via IBKR: ['SOL', 'XRP', 'DOGE']
Requesting 8-HOUR-MID bars
[1m2026-07-28T03:52:45.235425000Z[0m [94m[INFO] TRADER-000.MessageBus: config.database=None[0m
[1m2026-07-28T03:52:45.235438000Z[0m [94m[INFO] TRADER-000.MessageBus: config.encoding='json'[0m
[1m2026-07-28T03:52:45.235439000Z[0m [94m[INFO] TRADER-000.MessageBus: config.timestamps_as_iso8601=False[0m
[1m2026-07-28T03:52:45.235439001Z[0m [94m[INFO] TRADER-000.MessageBus: config.buffer_interval_ms=None[0m
[1m2026-07-28T03:52:45.235440000Z[0m [94m[INFO] TRADER-000.MessageBus: config.autotrim_mins=None[0m
[1m2026-07-28T03:52:45.235440001Z[0m [94m[INFO] TRADER-000.MessageBus: config.use_trader_prefix=True[0m
[1m2026-07-28T03:52:45.235440002Z[0m [94m[INFO] TRADER-000.MessageBus: config.use_trader_id=True[0m
[1m2026-07-28T03:52:45.235441000Z[0m [94m[INFO] TRADER-000.MessageBus: config.use_instance_id=False[0m
[1m2026-07-28T03:52:45.235441001Z[0m [94m[INFO] TRADER-000.MessageBus: config.streams_prefix='stream'[0m
[1m2026-07-28T03:52:45.235441002Z[0m [94m[INFO] TRADER-000.MessageBus: config.types_filter=None[0m
[1m2026-07-28T03:52:45.235460000Z[0m [INFO] TRADER-000.Cache: READY[0m
[1m2026-07-28T03:52:45.235491000Z[0m [INFO] TRADER-000.InteractiveBrokersClient-001: READY[0m
[1m2026-07-28T03:52:45.235967000Z[0m [INFO] TRADER-000.InteractiveBrokersClient-001: RUNNING[0m
[1m2026-07-28T03:52:45.235978000Z[0m [INFO] TRADER-000.InteractiveBrokersInstrumentProvider: READY[0m
[1m2026-07-28T03:52:45.235985000Z[0m [INFO] TRADER-000.Cache: READY[0m
[1m2026-07-28T03:52:45.236028000Z[0m [INFO] TRADER-000.DataClient-INTERACTIVE_BROKERS-001: READY[0m
[1m2026-07-28T03:52:45.236340000Z[0m [INFO] TRADER-000.InteractiveBrokersClient-001: Starting InteractiveBrokersClient (1)...[0m
[1m2026-07-28T03:52:45.236359000Z[0m [INFO] TRADER-000.InteractiveBrokersClient-001: Connecting to 127.0.0.1:4002 with client id: 1[0m
[1m2026-07-28T03:52:45.239926000Z[0m [INFO] TRADER-000.InteractiveBrokersClient-001: Connected to Interactive Brokers (v223) at 20260727 20:52:44 PST from 127.0.0.1:4002 with client id: 1[0m
[1m2026-07-28T03:52:45.243109000Z[0m [INFO] TRADER-000.InteractiveBrokersClient-001: Setting Market DataType to REALTIME[0m
[1m2026-07-28T03:52:45.243149000Z[0m [1;33m[WARN] TRADER-000.InteractiveBrokersInstrumentProvider: No loading configured: ensure either `load_all=True` or there are `load_ids`[0m
[1m2026-07-28T03:52:45.245274000Z[0m [INFO] TRADER-000.HistoricInteractiveBrokersClient: Fetching Instrument for: SOL/USD.ZEROHASH[0m
[1m2026-07-28T03:52:45.245588000Z[0m [1;33m[WARN] TRADER-000.InteractiveBrokersClient-001: Market data farm connection is OK:usfarm (code: 2104, req_id=-1)[0m
[1m2026-07-28T03:52:45.245829000Z[0m [1;33m[WARN] TRADER-000.InteractiveBrokersClient-001: HMDS data farm connection is OK:ushmds (code: 2106, req_id=-1)[0m
[1m2026-07-28T03:52:45.245991000Z[0m [1;33m[WARN] TRADER-000.InteractiveBrokersClient-001: Sec-def data farm connection is OK:secdefil (code: 2158, req_id=-1)[0m
[1m2026-07-28T03:52:45.450618000Z[0m [INFO] TRADER-000.InteractiveBrokersInstrumentProvider: Contract qualified for SOL.USD.ZEROHASH with ConId=766135595[0m
[1m2026-07-28T03:52:45.451064000Z[0m [INFO] TRADER-000.InteractiveBrokersInstrumentProvider: Adding instrument=CryptoPerpetual(id=SOL/USD.ZEROHASH, raw_symbol=SOL.USD, asset_class=CRYPTOCURRENCY, instrument_class=SWAP, quote_currency=USD, is_inverse=True, price_precision=2, price_increment=0.01, size_precision=8, size_increment=0.00000001, multiplier=1, lot_size=1, margin_init=0, margin_maint=0, maker_fee=0, taker_fee=0, info={'contract': {'secType': 'CRYPTO', 'conId': 766135595, 'exchange': 'ZEROHASH', 'primaryExchange': '', 'symbol': 'SOL', 'localSymbol': 'SOL.USD', 'currency': 'USD', 'tradingClass': 'SOL', 'lastTradeDateOrContractMonth': '', 'lastTradeDate': '', 'multiplier': '', 'strike': 1.7976931348623157e+308, 'right': '', 'includeExpired': False, 'secIdType': '', 'secId': '', 'description': '', 'issuerId': '', 'comboLegsDescrip': '', 'comboLegs': [], 'deltaNeutralContract': None, 'build_futures_chain': None, 'build_options_chain': None, 'options_chain_exchange': None, 'min_expiry_days': None, 'max_expiry_days': None}, 'marketName': 'SOL', 'minTick': 0.01, 'orderTypes': 'AD,ADJUST,ALERT,BASKET,BENCHPX,CASHQTY,COND,DAY,DEACT,DEACTDIS,DEACTEOD,GAT,GTC,GTD,GTT,IOC,LMT,MKT,NMIN,NONALGO,WHATIF', 'validExchanges': 'ZEROHASH', 'priceMagnifier': 1, 'underConId': 0, 'longName': 'Solana cryptocurrency', 'contractMonth': '', 'industry': '', 'category': '', 'subcategory': '', 'timeZoneId': 'US/Eastern', 'tradingHours': '20260726:0300-20260727:1600;20260727:1601-20260728:1600;20260728:1601-20260729:1600;20260729:1601-20260730:1600;20260730:1601-20260731:1600', 'liquidHours': '20260726:0300-20260727:1600;20260727:1601-20260728:1600;20260728:1601-20260729:1600;20260729:1601-20260730:1600;20260730:1601-20260731:1600', 'evRule': '', 'evMultiplier': 0, 'mdSizeMultiplier': 1, 'aggGroup': 0, 'underSymbol': '', 'underSecType': '', 'marketRuleIds': '2836', 'secIdList': [], 'realExpirationDate': '', 'lastTradeTime': '', 'stockType': '', 'minSize': '1E-8', 'sizeIncrement': '1E-8', 'suggestedSizeIncrement': '1E-8', 'minAlgoSize': '0', 'lastPricePrecision': '170141183460469231731687303715884105727', 'lastSizePrecision': '170141183460469231731687303715884105727', 'cusip': '', 'ratings': '', 'descAppend': '', 'bondType': '', 'couponType': '', 'callable': False, 'putable': False, 'coupon': 0, 'convertible': False, 'maturity': '', 'issueDate': '', 'nextOptionDate': '', 'nextOptionType': '', 'nextOptionPartial': False, 'notes': '', 'fundName': '', 'fundFamily': '', 'fundType': '', 'fundFrontLoad': '', 'fundBackLoad': '', 'fundBackLoadTimeInterval': '', 'fundManagementFee': '', 'fundClosed': False, 'fundClosedForNewInvestors': False, 'fundClosedForNewMoney': False, 'fundNotifyAmount': '', 'fundMinimumInitialPurchase': '', 'fundSubsequentMinimumPurchase': '', 'fundBlueSkyStates': '', 'fundBlueSkyTerritories': '', 'fundDistributionPolicyIndicator': ('None', 'None'), 'fundAssetType': ('None', 'None'), 'ineligibilityReasonList': None, 'eventContract1': '', 'eventContractDescription1': '', 'eventContractDescription2': ''}) from InteractiveBrokersInstrumentProvider[0m
[1m2026-07-28T03:52:45.452214000Z[0m [INFO] TRADER-000.DataClient-INTERACTIVE_BROKERS-001: SOL/USD.ZEROHASH: Requesting historical bars: SOL/USD.ZEROHASH-8-HOUR-MID-EXTERNAL ending on '2026-07-28 00:52:45.243159+00:00' with duration '2 Y'[0m
[1m2026-07-28T03:52:52.385150000Z[0m [INFO] TRADER-000.DataClient-INTERACTIVE_BROKERS-001: SOL/USD.ZEROHASH: Number of bars retrieved in batch: 1578[0m
[1m2026-07-28T03:52:52.385166000Z[0m [INFO] TRADER-000.DataClient-INTERACTIVE_BROKERS-001: Total number of bars in data: 1578[0m
[1m2026-07-28T03:52:52.385180000Z[0m [INFO] TRADER-000.DataClient-INTERACTIVE_BROKERS-001: SOL/USD.ZEROHASH: Requesting historical bars: SOL/USD.ZEROHASH-8-HOUR-MID-EXTERNAL ending on '2024-07-28 00:52:45.243159+00:00' with duration '2 D'[0m
[1m2026-07-28T03:52:52.669103000Z[0m [1;31m[ERROR] TRADER-000.InteractiveBrokersClient-001: Historical Market Data Service error message:HMDS query returned no data: SOL.USD@ZEROHASH Midpoint (code: 162, req_id=10002)[0m
[1m2026-07-28T03:52:52.669150000Z[0m [1;33m[WARN] TRADER-000.InteractiveBrokersClient-001: 162: Historical Market Data Service error message:HMDS query returned no data: SOL.USD@ZEROHASH Midpoint, Request(req_id=10002, name=('SOL/USD.ZEROHASH-8-HOUR-MID-EXTERNAL', '20240728 00:52:45 UTC'), handle=functools.partial(<bound method EClient.reqHistoricalData of <ibapi.client.EClient object at 0x133942480>>, reqId=10002, contract=IBContract(secType='CRYPTO', exchange='ZEROHASH', symbol='SOL', currency='USD'), endDateTime='20240728 00:52:45 UTC', durationStr='2 D', barSizeSetting='8 hours', whatToShow='MIDPOINT', useRTH=False, formatDate=2, keepUpToDate=False, chartOptions=[]), cancel=functools.partial(<bound method EClient.cancelHistoricalData of <ibapi.client.EClient object at 0x133942480>>, reqId=10002), future=<Future pending cb=[Task.task_wakeup()] created at /Users/lindawang/Documents/Workspace/quant/.quant312/lib/python3.12/site-packages/nautilus_trader/adapters/interactive_brokers/client/common.py:449>, result=[])[0m
[1m2026-07-28T03:52:52.676844000Z[0m [1;31m[ERROR] TRADER-000.InteractiveBrokersClient-001: No historical data query found for ticker id:10002 (code: 366, req_id=10002)[0m
[1m2026-07-28T03:52:52.676857000Z[0m [1;33m[WARN] TRADER-000.InteractiveBrokersClient-001: Unhandled error: 366 for req_id 10002[0m
[1m2026-07-28T03:53:22.387460000Z[0m [1;33m[WARN] TRADER-000.InteractiveBrokersClient-001: Request timed out for Request(req_id=10002, name=('SOL/USD.ZEROHASH-8-HOUR-MID-EXTERNAL', '20240728 00:52:45 UTC'), handle=functools.partial(<bound method EClient.reqHistoricalData of <ibapi.client.EClient object at 0x133942480>>, reqId=10002, contract=IBContract(secType='CRYPTO', exchange='ZEROHASH', symbol='SOL', currency='USD'), endDateTime='20240728 00:52:45 UTC', durationStr='2 D', barSizeSetting='8 hours', whatToShow='MIDPOINT', useRTH=False, formatDate=2, keepUpToDate=False, chartOptions=[]), cancel=functools.partial(<bound method EClient.cancelHistoricalData of <ibapi.client.EClient object at 0x133942480>>, reqId=10002), future=<Future cancelled created at /Users/lindawang/Documents/Workspace/quant/.quant312/lib/python3.12/site-packages/nautilus_trader/adapters/interactive_brokers/client/common.py:449>, result=[]). Ending request.[0m
[1m2026-07-28T03:53:22.387491000Z[0m [INFO] TRADER-000.DataClient-INTERACTIVE_BROKERS-001: SOL/USD.ZEROHASH: No bars retrieved for: SOL/USD.ZEROHASH-8-HOUR-MID-EXTERNAL[0m
SOL: 1578 raw bars  2025-03-06 -> 2026-07-28  [!] earliest IBKR bar is 2025-03-06, 224 days after the requested 2024-07-25 -- IBKR/Zero Hash has no SOL history before 2025-03-06 (newer listings have shorter horizons; not a fetch error)
[1m2026-07-28T03:53:22.389544000Z[0m [INFO] TRADER-000.HistoricInteractiveBrokersClient: Fetching Instrument for: XRP/USD.ZEROHASH[0m
[1m2026-07-28T03:53:22.493806000Z[0m [INFO] TRADER-000.InteractiveBrokersInstrumentProvider: Contract qualified for XRP.USD.ZEROHASH with ConId=766137544[0m
[1m2026-07-28T03:53:22.494148000Z[0m [INFO] TRADER-000.InteractiveBrokersInstrumentProvider: Adding instrument=CryptoPerpetual(id=XRP/USD.ZEROHASH, raw_symbol=XRP.USD, asset_class=CRYPTOCURRENCY, instrument_class=SWAP, quote_currency=USD, is_inverse=True, price_precision=4, price_increment=0.0001, size_precision=6, size_increment=0.000001, multiplier=1, lot_size=1, margin_init=0, margin_maint=0, maker_fee=0, taker_fee=0, info={'contract': {'secType': 'CRYPTO', 'conId': 766137544, 'exchange': 'ZEROHASH', 'primaryExchange': '', 'symbol': 'XRP', 'localSymbol': 'XRP.USD', 'currency': 'USD', 'tradingClass': 'XRP', 'lastTradeDateOrContractMonth': '', 'lastTradeDate': '', 'multiplier': '', 'strike': 1.7976931348623157e+308, 'right': '', 'includeExpired': False, 'secIdType': '', 'secId': '', 'description': '', 'issuerId': '', 'comboLegsDescrip': '', 'comboLegs': [], 'deltaNeutralContract': None, 'build_futures_chain': None, 'build_options_chain': None, 'options_chain_exchange': None, 'min_expiry_days': None, 'max_expiry_days': None}, 'marketName': 'XRP', 'minTick': 0.0001, 'orderTypes': 'AD,ADJUST,ALERT,BASKET,BENCHPX,CASHQTY,COND,DAY,DEACT,DEACTDIS,DEACTEOD,GAT,GTC,GTD,GTT,IOC,LMT,MKT,NMIN,NONALGO,WHATIF', 'validExchanges': 'ZEROHASH', 'priceMagnifier': 1, 'underConId': 0, 'longName': 'Ripple cryptocurrency', 'contractMonth': '', 'industry': '', 'category': '', 'subcategory': '', 'timeZoneId': 'US/Eastern', 'tradingHours': '20260726:0300-20260727:1600;20260727:1601-20260728:1600;20260728:1601-20260729:1600;20260729:1601-20260730:1600;20260730:1601-20260731:1600', 'liquidHours': '20260726:0300-20260727:1600;20260727:1601-20260728:1600;20260728:1601-20260729:1600;20260729:1601-20260730:1600;20260730:1601-20260731:1600', 'evRule': '', 'evMultiplier': 0, 'mdSizeMultiplier': 1, 'aggGroup': 0, 'underSymbol': '', 'underSecType': '', 'marketRuleIds': '3132', 'secIdList': [], 'realExpirationDate': '', 'lastTradeTime': '', 'stockType': '', 'minSize': '0.000001', 'sizeIncrement': '0.000001', 'suggestedSizeIncrement': '0.000001', 'minAlgoSize': '0', 'lastPricePrecision': '170141183460469231731687303715884105727', 'lastSizePrecision': '170141183460469231731687303715884105727', 'cusip': '', 'ratings': '', 'descAppend': '', 'bondType': '', 'couponType': '', 'callable': False, 'putable': False, 'coupon': 0, 'convertible': False, 'maturity': '', 'issueDate': '', 'nextOptionDate': '', 'nextOptionType': '', 'nextOptionPartial': False, 'notes': '', 'fundName': '', 'fundFamily': '', 'fundType': '', 'fundFrontLoad': '', 'fundBackLoad': '', 'fundBackLoadTimeInterval': '', 'fundManagementFee': '', 'fundClosed': False, 'fundClosedForNewInvestors': False, 'fundClosedForNewMoney': False, 'fundNotifyAmount': '', 'fundMinimumInitialPurchase': '', 'fundSubsequentMinimumPurchase': '', 'fundBlueSkyStates': '', 'fundBlueSkyTerritories': '', 'fundDistributionPolicyIndicator': ('None', 'None'), 'fundAssetType': ('None', 'None'), 'ineligibilityReasonList': None, 'eventContract1': '', 'eventContractDescription1': '', 'eventContractDescription2': ''}) from InteractiveBrokersInstrumentProvider[0m
[1m2026-07-28T03:53:22.494234000Z[0m [INFO] TRADER-000.DataClient-INTERACTIVE_BROKERS-001: XRP/USD.ZEROHASH: Requesting historical bars: XRP/USD.ZEROHASH-8-HOUR-MID-EXTERNAL ending on '2026-07-28 00:52:45.243159+00:00' with duration '2 Y'[0m
[1m2026-07-28T03:53:27.735285000Z[0m [INFO] TRADER-000.DataClient-INTERACTIVE_BROKERS-001: XRP/USD.ZEROHASH: Number of bars retrieved in batch: 1578[0m
[1m2026-07-28T03:53:27.735295000Z[0m [INFO] TRADER-000.DataClient-INTERACTIVE_BROKERS-001: Total number of bars in data: 1578[0m
[1m2026-07-28T03:53:27.735309000Z[0m [INFO] TRADER-000.DataClient-INTERACTIVE_BROKERS-001: XRP/USD.ZEROHASH: Requesting historical bars: XRP/USD.ZEROHASH-8-HOUR-MID-EXTERNAL ending on '2024-07-28 00:52:45.243159+00:00' with duration '2 D'[0m
[1m2026-07-28T03:53:28.006601000Z[0m [1;31m[ERROR] TRADER-000.InteractiveBrokersClient-001: Historical Market Data Service error message:HMDS query returned no data: XRP.USD@ZEROHASH Midpoint (code: 162, req_id=10005)[0m
[1m2026-07-28T03:53:28.006637000Z[0m [1;33m[WARN] TRADER-000.InteractiveBrokersClient-001: 162: Historical Market Data Service error message:HMDS query returned no data: XRP.USD@ZEROHASH Midpoint, Request(req_id=10005, name=('XRP/USD.ZEROHASH-8-HOUR-MID-EXTERNAL', '20240728 00:52:45 UTC'), handle=functools.partial(<bound method EClient.reqHistoricalData of <ibapi.client.EClient object at 0x133942480>>, reqId=10005, contract=IBContract(secType='CRYPTO', exchange='ZEROHASH', symbol='XRP', currency='USD'), endDateTime='20240728 00:52:45 UTC', durationStr='2 D', barSizeSetting='8 hours', whatToShow='MIDPOINT', useRTH=False, formatDate=2, keepUpToDate=False, chartOptions=[]), cancel=functools.partial(<bound method EClient.cancelHistoricalData of <ibapi.client.EClient object at 0x133942480>>, reqId=10005), future=<Future pending cb=[Task.task_wakeup()] created at /Users/lindawang/Documents/Workspace/quant/.quant312/lib/python3.12/site-packages/nautilus_trader/adapters/interactive_brokers/client/common.py:449>, result=[])[0m
[1m2026-07-28T03:53:28.016549000Z[0m [1;31m[ERROR] TRADER-000.InteractiveBrokersClient-001: No historical data query found for ticker id:10005 (code: 366, req_id=10005)[0m
[1m2026-07-28T03:53:28.016565000Z[0m [1;33m[WARN] TRADER-000.InteractiveBrokersClient-001: Unhandled error: 366 for req_id 10005[0m
[1m2026-07-28T03:53:57.738019000Z[0m [1;33m[WARN] TRADER-000.InteractiveBrokersClient-001: Request timed out for Request(req_id=10005, name=('XRP/USD.ZEROHASH-8-HOUR-MID-EXTERNAL', '20240728 00:52:45 UTC'), handle=functools.partial(<bound method EClient.reqHistoricalData of <ibapi.client.EClient object at 0x133942480>>, reqId=10005, contract=IBContract(secType='CRYPTO', exchange='ZEROHASH', symbol='XRP', currency='USD'), endDateTime='20240728 00:52:45 UTC', durationStr='2 D', barSizeSetting='8 hours', whatToShow='MIDPOINT', useRTH=False, formatDate=2, keepUpToDate=False, chartOptions=[]), cancel=functools.partial(<bound method EClient.cancelHistoricalData of <ibapi.client.EClient object at 0x133942480>>, reqId=10005), future=<Future cancelled created at /Users/lindawang/Documents/Workspace/quant/.quant312/lib/python3.12/site-packages/nautilus_trader/adapters/interactive_brokers/client/common.py:449>, result=[]). Ending request.[0m
[1m2026-07-28T03:53:57.738156000Z[0m [INFO] TRADER-000.DataClient-INTERACTIVE_BROKERS-001: XRP/USD.ZEROHASH: No bars retrieved for: XRP/USD.ZEROHASH-8-HOUR-MID-EXTERNAL[0m
XRP: 1578 raw bars  2025-03-06 -> 2026-07-28  [!] earliest IBKR bar is 2025-03-06, 224 days after the requested 2024-07-25 -- IBKR/Zero Hash has no XRP history before 2025-03-06 (newer listings have shorter horizons; not a fetch error)
[1m2026-07-28T03:53:57.746285000Z[0m [INFO] TRADER-000.HistoricInteractiveBrokersClient: Fetching Instrument for: DOGE/USD.ZEROHASH[0m
[1m2026-07-28T03:53:57.838755000Z[0m [INFO] TRADER-000.InteractiveBrokersInstrumentProvider: Contract qualified for DOGE.USD.ZEROHASH with ConId=766137549[0m
[1m2026-07-28T03:53:57.839523000Z[0m [INFO] TRADER-000.InteractiveBrokersInstrumentProvider: Adding instrument=CryptoPerpetual(id=DOGE/USD.ZEROHASH, raw_symbol=DOGE.USD, asset_class=CRYPTOCURRENCY, instrument_class=SWAP, quote_currency=USD, is_inverse=True, price_precision=5, price_increment=0.00001, size_precision=1, size_increment=0.1, multiplier=1, lot_size=1, margin_init=0, margin_maint=0, maker_fee=0, taker_fee=0, info={'contract': {'secType': 'CRYPTO', 'conId': 766137549, 'exchange': 'ZEROHASH', 'primaryExchange': '', 'symbol': 'DOGE', 'localSymbol': 'DOGE.USD', 'currency': 'USD', 'tradingClass': 'DOGE', 'lastTradeDateOrContractMonth': '', 'lastTradeDate': '', 'multiplier': '', 'strike': 1.7976931348623157e+308, 'right': '', 'includeExpired': False, 'secIdType': '', 'secId': '', 'description': '', 'issuerId': '', 'comboLegsDescrip': '', 'comboLegs': [], 'deltaNeutralContract': None, 'build_futures_chain': None, 'build_options_chain': None, 'options_chain_exchange': None, 'min_expiry_days': None, 'max_expiry_days': None}, 'marketName': 'DOGE', 'minTick': 1e-05, 'orderTypes': 'AD,ADJUST,ALERT,BASKET,BENCHPX,CASHQTY,COND,DAY,DEACT,DEACTDIS,DEACTEOD,GAT,GTC,GTD,GTT,IOC,LMT,MKT,NMIN,NONALGO,WHATIF', 'validExchanges': 'ZEROHASH', 'priceMagnifier': 1, 'underConId': 0, 'longName': 'Dogecoin cryptocurrency', 'contractMonth': '', 'industry': '', 'category': '', 'subcategory': '', 'timeZoneId': 'US/Eastern', 'tradingHours': '20260726:0300-20260727:1600;20260727:1601-20260728:1600;20260728:1601-20260729:1600;20260729:1601-20260730:1600;20260730:1601-20260731:1600', 'liquidHours': '20260726:0300-20260727:1600;20260727:1601-20260728:1600;20260728:1601-20260729:1600;20260729:1601-20260730:1600;20260730:1601-20260731:1600', 'evRule': '', 'evMultiplier': 0, 'mdSizeMultiplier': 1, 'aggGroup': 0, 'underSymbol': '', 'underSecType': '', 'marketRuleIds': '4192', 'secIdList': [], 'realExpirationDate': '', 'lastTradeTime': '', 'stockType': '', 'minSize': '0.1', 'sizeIncrement': '0.1', 'suggestedSizeIncrement': '0.1', 'minAlgoSize': '0', 'lastPricePrecision': '170141183460469231731687303715884105727', 'lastSizePrecision': '170141183460469231731687303715884105727', 'cusip': '', 'ratings': '', 'descAppend': '', 'bondType': '', 'couponType': '', 'callable': False, 'putable': False, 'coupon': 0, 'convertible': False, 'maturity': '', 'issueDate': '', 'nextOptionDate': '', 'nextOptionType': '', 'nextOptionPartial': False, 'notes': '', 'fundName': '', 'fundFamily': '', 'fundType': '', 'fundFrontLoad': '', 'fundBackLoad': '', 'fundBackLoadTimeInterval': '', 'fundManagementFee': '', 'fundClosed': False, 'fundClosedForNewInvestors': False, 'fundClosedForNewMoney': False, 'fundNotifyAmount': '', 'fundMinimumInitialPurchase': '', 'fundSubsequentMinimumPurchase': '', 'fundBlueSkyStates': '', 'fundBlueSkyTerritories': '', 'fundDistributionPolicyIndicator': ('None', 'None'), 'fundAssetType': ('None', 'None'), 'ineligibilityReasonList': None, 'eventContract1': '', 'eventContractDescription1': '', 'eventContractDescription2': ''}) from InteractiveBrokersInstrumentProvider[0m
[1m2026-07-28T03:53:57.839774000Z[0m [INFO] TRADER-000.DataClient-INTERACTIVE_BROKERS-001: DOGE/USD.ZEROHASH: Requesting historical bars: DOGE/USD.ZEROHASH-8-HOUR-MID-EXTERNAL ending on '2026-07-28 00:52:45.243159+00:00' with duration '2 Y'[0m
[1m2026-07-28T03:54:00.708581000Z[0m [INFO] TRADER-000.DataClient-INTERACTIVE_BROKERS-001: DOGE/USD.ZEROHASH: Number of bars retrieved in batch: 1578[0m
[1m2026-07-28T03:54:00.708600000Z[0m [INFO] TRADER-000.DataClient-INTERACTIVE_BROKERS-001: Total number of bars in data: 1578[0m
[1m2026-07-28T03:54:00.708616000Z[0m [INFO] TRADER-000.DataClient-INTERACTIVE_BROKERS-001: DOGE/USD.ZEROHASH: Requesting historical bars: DOGE/USD.ZEROHASH-8-HOUR-MID-EXTERNAL ending on '2024-07-28 00:52:45.243159+00:00' with duration '2 D'[0m
[1m2026-07-28T03:54:00.956408000Z[0m [1;31m[ERROR] TRADER-000.InteractiveBrokersClient-001: Historical Market Data Service error message:HMDS query returned no data: DOGE.USD@ZEROHASH Midpoint (code: 162, req_id=10008)[0m
[1m2026-07-28T03:54:00.956444000Z[0m [1;33m[WARN] TRADER-000.InteractiveBrokersClient-001: 162: Historical Market Data Service error message:HMDS query returned no data: DOGE.USD@ZEROHASH Midpoint, Request(req_id=10008, name=('DOGE/USD.ZEROHASH-8-HOUR-MID-EXTERNAL', '20240728 00:52:45 UTC'), handle=functools.partial(<bound method EClient.reqHistoricalData of <ibapi.client.EClient object at 0x133942480>>, reqId=10008, contract=IBContract(secType='CRYPTO', exchange='ZEROHASH', symbol='DOGE', currency='USD'), endDateTime='20240728 00:52:45 UTC', durationStr='2 D', barSizeSetting='8 hours', whatToShow='MIDPOINT', useRTH=False, formatDate=2, keepUpToDate=False, chartOptions=[]), cancel=functools.partial(<bound method EClient.cancelHistoricalData of <ibapi.client.EClient object at 0x133942480>>, reqId=10008), future=<Future pending cb=[Task.task_wakeup()] created at /Users/lindawang/Documents/Workspace/quant/.quant312/lib/python3.12/site-packages/nautilus_trader/adapters/interactive_brokers/client/common.py:449>, result=[])[0m
[1m2026-07-28T03:54:00.965478000Z[0m [1;31m[ERROR] TRADER-000.InteractiveBrokersClient-001: No historical data query found for ticker id:10008 (code: 366, req_id=10008)[0m
[1m2026-07-28T03:54:00.965486000Z[0m [1;33m[WARN] TRADER-000.InteractiveBrokersClient-001: Unhandled error: 366 for req_id 10008[0m
[1m2026-07-28T03:54:30.710287000Z[0m [1;33m[WARN] TRADER-000.InteractiveBrokersClient-001: Request timed out for Request(req_id=10008, name=('DOGE/USD.ZEROHASH-8-HOUR-MID-EXTERNAL', '20240728 00:52:45 UTC'), handle=functools.partial(<bound method EClient.reqHistoricalData of <ibapi.client.EClient object at 0x133942480>>, reqId=10008, contract=IBContract(secType='CRYPTO', exchange='ZEROHASH', symbol='DOGE', currency='USD'), endDateTime='20240728 00:52:45 UTC', durationStr='2 D', barSizeSetting='8 hours', whatToShow='MIDPOINT', useRTH=False, formatDate=2, keepUpToDate=False, chartOptions=[]), cancel=functools.partial(<bound method EClient.cancelHistoricalData of <ibapi.client.EClient object at 0x133942480>>, reqId=10008), future=<Future cancelled created at /Users/lindawang/Documents/Workspace/quant/.quant312/lib/python3.12/site-packages/nautilus_trader/adapters/interactive_brokers/client/common.py:449>, result=[]). Ending request.[0m
[1m2026-07-28T03:54:30.710327000Z[0m [INFO] TRADER-000.DataClient-INTERACTIVE_BROKERS-001: DOGE/USD.ZEROHASH: No bars retrieved for: DOGE/USD.ZEROHASH-8-HOUR-MID-EXTERNAL[0m
DOGE: 1578 raw bars  2025-03-06 -> 2026-07-28  [!] earliest IBKR bar is 2025-03-06, 224 days after the requested 2024-07-25 -- IBKR/Zero Hash has no DOGE history before 2025-03-06 (newer listings have shorter horizons; not a fetch error)
[ensure_tickers] merged 4,734 new rows for ['SOL', 'XRP', 'DOGE'] -> quant/data/ibkr_bars.csv (file now has 8,505 rows, 7 tickers)
Fetched missing tickers via IBKR: ['SOL', 'XRP', 'DOGE']
Structural feature/risk overrides from /Users/lindawang/Documents/Workspace/quant/jobs/optimize_125410729a_structural.json: {'use_regime_features': True, 'use_hmm_feature': True, 'regime_source': 'fit', 'hmm_source': 'fit', 'regime_raw_scale': 1.0, 'hmm_raw_scale': 1.0, 'risk_budget_pct': 0.01, 'max_trade_risk_pct': 0.0025, 'max_leverage': 1.0, 'daily_loss_limit_pct': 0.02, 'kill_switch_pct': 0.2, 'kill_warn_pct': 0.05, 'kelly_max_fraction': 0.9}
Optuna sampler seed = 1802284489
Huber refit cadence = every 1 bar(s) (fixed, not tuned)
warmup_bars = 150, min_train_bars = 120 (fixed, not tuned)
Traceback (most recent call last):
  File "<frozen runpy>", line 198, in _run_module_as_main
  File "<frozen runpy>", line 88, in _run_code
  File "/Users/lindawang/Documents/Workspace/quant/optimize/optimize.py", line 672, in <module>
    main(refit_every_n_bars=_refit_every_n_bars)
  File "/Users/lindawang/Documents/Workspace/quant/optimize/optimize.py", line 527, in main
    is_path, oos_path = _split_csv(args.csv, args.train_frac)
                        ^^^^^^^^^^^^^^^^^^^^^^^^^^^^^^^^^^^^^
  File "/Users/lindawang/Documents/Workspace/quant/optimize/optimize.py", line 62, in _split_csv
    df["timestamp"] = pd.to_datetime(df["timestamp"], utc=True)
                      ^^^^^^^^^^^^^^^^^^^^^^^^^^^^^^^^^^^^^^^^^
  File "/Users/lindawang/Documents/Workspace/quant/.quant312/lib/python3.12/site-packages/pandas/core/tools/datetimes.py", line 1036, in to_datetime
    cache_array = _maybe_cache(arg, format, cache, convert_listlike)
                  ^^^^^^^^^^^^^^^^^^^^^^^^^^^^^^^^^^^^^^^^^^^^^^^^^^
  File "/Users/lindawang/Documents/Workspace/quant/.quant312/lib/python3.12/site-packages/pandas/core/tools/datetimes.py", line 254, in _maybe_cache
    cache_dates = convert_listlike(unique_dates, format)
                  ^^^^^^^^^^^^^^^^^^^^^^^^^^^^^^^^^^^^^^
  File "/Users/lindawang/Documents/Workspace/quant/.quant312/lib/python3.12/site-packages/pandas/core/tools/datetimes.py", line 435, in _convert_listlike_datetimes
    return _array_strptime_with_fallback(arg, name, utc, format, exact, errors)
           ^^^^^^^^^^^^^^^^^^^^^^^^^^^^^^^^^^^^^^^^^^^^^^^^^^^^^^^^^^^^^^^^^^^^
  File "/Users/lindawang/Documents/Workspace/quant/.quant312/lib/python3.12/site-packages/pandas/core/tools/datetimes.py", line 470, in _array_strptime_with_fallback
    result, tz_out = array_strptime(arg, fmt, exact=exact, errors=errors, utc=utc)
                     ^^^^^^^^^^^^^^^^^^^^^^^^^^^^^^^^^^^^^^^^^^^^^^^^^^^^^^^^^^^^^
  File "pandas/_libs/tslibs/strptime.pyx", line 563, in pandas._libs.tslibs.strptime.array_strptime
  File "pandas/_libs/tslibs/strptime.pyx", line 511, in pandas._libs.tslibs.strptime.array_strptime
  File "pandas/_libs/tslibs/strptime.pyx", line 621, in pandas._libs.tslibs.strptime._parse_with_format
ValueError: unconverted data remains when parsing with format "%Y-%m-%d": " 21:01:00". You might want to try:
    - passing `format` if your strings have a consistent format;
    - passing `format='ISO8601'` if your strings are all ISO8601 but not necessarily in exactly the same format;
    - passing `format='mixed'`, and the format will be inferred for each element individually. You might want to use `dayfirst` alongside this.
