[1m2026-07-27T19:00:57.148048000Z[0m [36m[INFO] PAPER-001.TradingNode: =================================================================[0m
[1m2026-07-27T19:00:57.148055000Z[0m [36m[INFO] PAPER-001.TradingNode:  NAUTILUS TRADER - Automated Algorithmic Trading Platform[0m
[1m2026-07-27T19:00:57.148055001Z[0m [36m[INFO] PAPER-001.TradingNode:  by Nautech Systems Pty Ltd.[0m
[1m2026-07-27T19:00:57.148057000Z[0m [36m[INFO] PAPER-001.TradingNode:  Copyright (C) 2015-2026. All rights reserved.[0m
[1m2026-07-27T19:00:57.148057001Z[0m [36m[INFO] PAPER-001.TradingNode: =================================================================[0m
[1m2026-07-27T19:00:57.148057002Z[0m [INFO] PAPER-001.TradingNode: [0m
[1m2026-07-27T19:00:57.148057003Z[0m [INFO] PAPER-001.TradingNode: ⠀⠀⠀⠀⠀⠀⠀⠀⠀⠀⠀⠀⠀⣠⣴⣶⡟⠀⠀⠀⠀⠀⠀⠀⠀⠀⠀⠀⠀⠀⠀[0m
[1m2026-07-27T19:00:57.148058000Z[0m [INFO] PAPER-001.TradingNode: ⠀⠀⠀⠀⠀⠀⠀⠀⠀⠀⠀⣰⣾⣿⣿⣿⠀⢸⣿⣿⣿⣿⣶⣶⣤⣀⠀⠀⠀⠀⠀[0m
[1m2026-07-27T19:00:57.148058001Z[0m [INFO] PAPER-001.TradingNode: ⠀⠀⠀⠀⠀⠀⢀⣴⡇⢀⣾⣿⣿⣿⣿⣿⠀⣾⣿⣿⣿⣿⣿⣿⣿⠿⠓⠀⠀⠀⠀[0m
[1m2026-07-27T19:00:57.148058002Z[0m [INFO] PAPER-001.TradingNode: ⠀⠀⠀⠀⠀⣰⣿⣿⡀⢸⣿⣿⣿⣿⣿⣿⠀⣿⣿⣿⣿⣿⣿⠟⠁⣠⣄⠀⠀⠀⠀[0m
[1m2026-07-27T19:00:57.148058003Z[0m [INFO] PAPER-001.TradingNode: ⠀⠀⠀⠀⢠⣿⣿⣿⣇⠀⢿⣿⣿⣿⣿⣿⠀⢻⣿⣿⣿⡿⢃⣠⣾⣿⣿⣧⡀⠀⠀[0m
[1m2026-07-27T19:00:57.148058004Z[0m [INFO] PAPER-001.TradingNode: ⠀⠀⠀⠠⣾⣿⣿⣿⣿⣿⣧⠈⠋⢀⣴⣧⠀⣿⡏⢠⡀⢸⣿⣿⣿⣿⣿⣿⣿⡇⠀[0m
[1m2026-07-27T19:00:57.148058005Z[0m [INFO] PAPER-001.TradingNode: ⠀⠀⠀⣀⠙⢿⣿⣿⣿⣿⣿⠇⢠⣿⣿⣿⡄⠹⠃⠼⠃⠈⠉⠛⠛⠛⠛⠛⠻⠇⠀[0m
[1m2026-07-27T19:00:57.148058006Z[0m [INFO] PAPER-001.TradingNode: ⠀⠀⢸⡟⢠⣤⠉⠛⠿⢿⣿⠀⢸⣿⡿⠋⣠⣤⣄⠀⣾⣿⣿⣶⣶⣶⣦⡄⠀⠀⠀[0m
[1m2026-07-27T19:00:57.148058007Z[0m [INFO] PAPER-001.TradingNode: ⠀⠀⠸⠀⣾⠏⣸⣷⠂⣠⣤⠀⠘⢁⣴⣾⣿⣿⣿⡆⠘⣿⣿⣿⣿⣿⣿⠀⠀⠀⠀[0m
[1m2026-07-27T19:00:57.148059000Z[0m [INFO] PAPER-001.TradingNode: ⠀⠀⠀⠀⠛⠀⣿⡟⠀⢻⣿⡄⠸⣿⣿⣿⣿⣿⣿⣿⡀⠘⣿⣿⣿⣿⠟⠀⠀⠀⠀[0m
[1m2026-07-27T19:00:57.148059001Z[0m [INFO] PAPER-001.TradingNode: ⠀⠀⠀⠀⠀⠀⣿⠇⠀⠀⢻⡿⠀⠈⠻⣿⣿⣿⣿⣿⡇⠀⢹⣿⠿⠋⠀⠀⠀⠀⠀[0m
[1m2026-07-27T19:00:57.148059002Z[0m [INFO] PAPER-001.TradingNode: ⠀⠀⠀⠀⠀⠀⠋⠀⠀⠀⡘⠁⠀⠀⠀⠀⠀⠀⠀⠀⠀⠀⠈⠁⠀⠀⠀⠀⠀⠀⠀[0m
[1m2026-07-27T19:00:57.148059003Z[0m [INFO] PAPER-001.TradingNode: [0m
[1m2026-07-27T19:00:57.148059004Z[0m [36m[INFO] PAPER-001.TradingNode: =================================================================[0m
[1m2026-07-27T19:00:57.148059005Z[0m [36m[INFO] PAPER-001.TradingNode:  SYSTEM SPECIFICATION[0m
[1m2026-07-27T19:00:57.148059006Z[0m [36m[INFO] PAPER-001.TradingNode: =================================================================[0m
[1m2026-07-27T19:00:57.148059007Z[0m [INFO] PAPER-001.TradingNode: CPU architecture: Apple M4[0m
[1m2026-07-27T19:00:57.148060000Z[0m [INFO] PAPER-001.TradingNode: CPU(s): 10 @ 4464 MHz[0m
[1m2026-07-27T19:00:57.148060001Z[0m [INFO] PAPER-001.TradingNode: OS: kernel-25.5.0 macOS 26.5.2 Tahoe[0m
[1m2026-07-27T19:00:57.148070000Z[0m [36m[INFO] PAPER-001.TradingNode: =================================================================[0m
[1m2026-07-27T19:00:57.148070001Z[0m [36m[INFO] PAPER-001.TradingNode:  MEMORY USAGE[0m
[1m2026-07-27T19:00:57.148070002Z[0m [36m[INFO] PAPER-001.TradingNode: =================================================================[0m
[1m2026-07-27T19:00:57.148074000Z[0m [INFO] PAPER-001.TradingNode: RAM-Total: 32.00 GiB[0m
[1m2026-07-27T19:00:57.148074001Z[0m [INFO] PAPER-001.TradingNode: RAM-Used: 21.58 GiB (67.44%)[0m
[1m2026-07-27T19:00:57.148074002Z[0m [INFO] PAPER-001.TradingNode: RAM-Avail: 10.42 GiB (32.56%)[0m
[1m2026-07-27T19:00:57.148075000Z[0m [INFO] PAPER-001.TradingNode: Swap: disabled[0m
[1m2026-07-27T19:00:57.148078000Z[0m [36m[INFO] PAPER-001.TradingNode: =================================================================[0m
[1m2026-07-27T19:00:57.148078001Z[0m [36m[INFO] PAPER-001.TradingNode:  IDENTIFIERS[0m
[1m2026-07-27T19:00:57.148078002Z[0m [36m[INFO] PAPER-001.TradingNode: =================================================================[0m
[1m2026-07-27T19:00:57.148078003Z[0m [INFO] PAPER-001.TradingNode: trader_id: PAPER-001[0m
[1m2026-07-27T19:00:57.148079000Z[0m [INFO] PAPER-001.TradingNode: machine_id: Mac.lan[0m
[1m2026-07-27T19:00:57.148079001Z[0m [INFO] PAPER-001.TradingNode: instance_id: f8124cd0-b017-4948-b125-fc88eed2627c[0m
[1m2026-07-27T19:00:57.148079002Z[0m [INFO] PAPER-001.TradingNode: PID: 12532[0m
[1m2026-07-27T19:00:57.148079003Z[0m [36m[INFO] PAPER-001.TradingNode: =================================================================[0m
[1m2026-07-27T19:00:57.148079004Z[0m [36m[INFO] PAPER-001.TradingNode:  VERSIONING[0m
[1m2026-07-27T19:00:57.148079005Z[0m [36m[INFO] PAPER-001.TradingNode: =================================================================[0m
[1m2026-07-27T19:00:57.148087000Z[0m [INFO] PAPER-001.TradingNode: nautilus_trader: 1.229.0[0m
[1m2026-07-27T19:00:57.148090000Z[0m [INFO] PAPER-001.TradingNode: python: 3.12.13[0m
[1m2026-07-27T19:00:57.148091000Z[0m [INFO] PAPER-001.TradingNode: numpy: 2.5.0[0m
[1m2026-07-27T19:00:57.148092000Z[0m [INFO] PAPER-001.TradingNode: pandas: 3.0.4[0m
[1m2026-07-27T19:00:57.148093000Z[0m [INFO] PAPER-001.TradingNode: msgspec: 0.21.1[0m
[1m2026-07-27T19:00:57.148095000Z[0m [INFO] PAPER-001.TradingNode: pyarrow: 24.0.0[0m
[1m2026-07-27T19:00:57.148096000Z[0m [INFO] PAPER-001.TradingNode: pytz: 2026.2[0m
[1m2026-07-27T19:00:57.148097000Z[0m [INFO] PAPER-001.TradingNode: uvloop: 0.22.1[0m
[1m2026-07-27T19:00:57.148097001Z[0m [36m[INFO] PAPER-001.TradingNode: =================================================================[0m
[1m2026-07-27T19:00:57.148103000Z[0m [INFO] PAPER-001.TradingNode: Building system kernel[0m
[1m2026-07-27T19:00:57.148176000Z[0m [INFO] PAPER-001.CacheDatabaseAdapter: READY[0m
[1m2026-07-27T19:00:57.148182000Z[0m [94m[INFO] PAPER-001.CacheDatabaseAdapter: config.database=DatabaseConfig(type=redis, host=127.0.0.1, port=6379, username=None, password=None, ssl=False, connection_timeout=20, response_timeout=20, number_of_retries=3, exponent_base=2, max_delay=1000, factor=2)[0m
[1m2026-07-27T19:00:57.148182001Z[0m [94m[INFO] PAPER-001.CacheDatabaseAdapter: config.encoding='msgpack'[0m
[1m2026-07-27T19:00:57.148183000Z[0m [94m[INFO] PAPER-001.CacheDatabaseAdapter: config.timestamps_as_iso8601=False[0m
[1m2026-07-27T19:00:57.148183001Z[0m [94m[INFO] PAPER-001.CacheDatabaseAdapter: config.buffer_interval_ms=100[0m
[1m2026-07-27T19:00:57.148183002Z[0m [94m[INFO] PAPER-001.CacheDatabaseAdapter: config.flush_on_start=False[0m
[1m2026-07-27T19:00:57.148183003Z[0m [94m[INFO] PAPER-001.CacheDatabaseAdapter: config.use_trader_prefix=True[0m
[1m2026-07-27T19:00:57.148184000Z[0m [94m[INFO] PAPER-001.CacheDatabaseAdapter: config.use_instance_id=False[0m
[1m2026-07-27T19:00:57.149502000Z[0m [94m[INFO] PAPER-001.MessageBus: config.database=None[0m
[1m2026-07-27T19:00:57.149505000Z[0m [94m[INFO] PAPER-001.MessageBus: config.encoding='json'[0m
[1m2026-07-27T19:00:57.149505001Z[0m [94m[INFO] PAPER-001.MessageBus: config.timestamps_as_iso8601=False[0m
[1m2026-07-27T19:00:57.149506000Z[0m [94m[INFO] PAPER-001.MessageBus: config.buffer_interval_ms=None[0m
[1m2026-07-27T19:00:57.149506001Z[0m [94m[INFO] PAPER-001.MessageBus: config.autotrim_mins=None[0m
[1m2026-07-27T19:00:57.149507000Z[0m [94m[INFO] PAPER-001.MessageBus: config.use_trader_prefix=True[0m
[1m2026-07-27T19:00:57.149507001Z[0m [94m[INFO] PAPER-001.MessageBus: config.use_trader_id=True[0m
[1m2026-07-27T19:00:57.149507002Z[0m [94m[INFO] PAPER-001.MessageBus: config.use_instance_id=False[0m
[1m2026-07-27T19:00:57.149508000Z[0m [94m[INFO] PAPER-001.MessageBus: config.streams_prefix='stream'[0m
[1m2026-07-27T19:00:57.149508001Z[0m [94m[INFO] PAPER-001.MessageBus: config.types_filter=None[0m
[1m2026-07-27T19:00:57.149540000Z[0m [INFO] PAPER-001.Cache: READY[0m
[1m2026-07-27T19:00:57.149863000Z[0m [INFO] PAPER-001.DataEngine: READY[0m
[1m2026-07-27T19:00:57.149925000Z[0m [94m[INFO] PAPER-001.DataEngine: config.graceful_shutdown_on_exception=False[0m
[1m2026-07-27T19:00:57.149946000Z[0m [INFO] PAPER-001.RiskEngine: READY[0m
[1m2026-07-27T19:00:57.149965000Z[0m [94m[INFO] PAPER-001.RiskEngine: TradingState is ACTIVE[0m
[1m2026-07-27T19:00:57.150040000Z[0m [INFO] PAPER-001.Throttler-ORDER_SUBMIT_THROTTLER: READY[0m
[1m2026-07-27T19:00:57.150052000Z[0m [94m[INFO] PAPER-001.RiskEngine: Set MAX_ORDER_SUBMIT_RATE: 100/00:00:01[0m
[1m2026-07-27T19:00:57.150063000Z[0m [INFO] PAPER-001.Throttler-ORDER_MODIFY_THROTTLER: READY[0m
[1m2026-07-27T19:00:57.150068000Z[0m [94m[INFO] PAPER-001.RiskEngine: Set MAX_ORDER_MODIFY_RATE: 100/00:00:01[0m
[1m2026-07-27T19:00:57.150084000Z[0m [94m[INFO] PAPER-001.RiskEngine: config.graceful_shutdown_on_exception=False[0m
[1m2026-07-27T19:00:57.150108000Z[0m [INFO] PAPER-001.ExecEngine: READY[0m
[1m2026-07-27T19:00:57.150122000Z[0m [94m[INFO] PAPER-001.ExecEngine: config.snapshot_orders=True[0m
[1m2026-07-27T19:00:57.150123000Z[0m [94m[INFO] PAPER-001.ExecEngine: config.snapshot_positions=True[0m
[1m2026-07-27T19:00:57.150124000Z[0m [94m[INFO] PAPER-001.ExecEngine: config.snapshot_positions_interval_secs=60.0[0m
[1m2026-07-27T19:00:57.150124001Z[0m [94m[INFO] PAPER-001.ExecEngine: config.allow_overfills=False[0m
[1m2026-07-27T19:00:57.150144000Z[0m [94m[INFO] PAPER-001.ExecEngine: config.reconciliation=True[0m
[1m2026-07-27T19:00:57.150145000Z[0m [94m[INFO] PAPER-001.ExecEngine: config.reconciliation_lookback_mins=None[0m
[1m2026-07-27T19:00:57.150146000Z[0m [94m[INFO] PAPER-001.ExecEngine: config.reconciliation_instrument_ids=None[0m
[1m2026-07-27T19:00:57.150146001Z[0m [94m[INFO] PAPER-001.ExecEngine: config.filter_unclaimed_external_orders=False[0m
[1m2026-07-27T19:00:57.150146002Z[0m [94m[INFO] PAPER-001.ExecEngine: config.filter_position_reports=False[0m
[1m2026-07-27T19:00:57.150147000Z[0m [94m[INFO] PAPER-001.ExecEngine: config.filtered_client_order_ids=None[0m
[1m2026-07-27T19:00:57.150147001Z[0m [94m[INFO] PAPER-001.ExecEngine: config.inflight_check_interval_ms=2000[0m
[1m2026-07-27T19:00:57.150147002Z[0m [94m[INFO] PAPER-001.ExecEngine: config.inflight_check_threshold_ms=5000[0m
[1m2026-07-27T19:00:57.150148000Z[0m [94m[INFO] PAPER-001.ExecEngine: config.inflight_check_retries=5[0m
[1m2026-07-27T19:00:57.150148001Z[0m [94m[INFO] PAPER-001.ExecEngine: config.own_books_audit_interval_secs=None[0m
[1m2026-07-27T19:00:57.150148002Z[0m [94m[INFO] PAPER-001.ExecEngine: config.open_check_interval_secs=None[0m
[1m2026-07-27T19:00:57.150148003Z[0m [94m[INFO] PAPER-001.ExecEngine: config.open_check_open_only=True[0m
[1m2026-07-27T19:00:57.150148004Z[0m [94m[INFO] PAPER-001.ExecEngine: config.open_check_lookback_mins=60[0m
[1m2026-07-27T19:00:57.150149000Z[0m [94m[INFO] PAPER-001.ExecEngine: config.open_check_threshold_ms=5000[0m
[1m2026-07-27T19:00:57.150149001Z[0m [94m[INFO] PAPER-001.ExecEngine: config.open_check_missing_retries=5[0m
[1m2026-07-27T19:00:57.150149002Z[0m [94m[INFO] PAPER-001.ExecEngine: config.max_single_order_queries_per_cycle=10[0m
[1m2026-07-27T19:00:57.150149003Z[0m [94m[INFO] PAPER-001.ExecEngine: config.single_order_query_delay_ms=100[0m
[1m2026-07-27T19:00:57.150150000Z[0m [94m[INFO] PAPER-001.ExecEngine: config.position_check_interval_secs=None[0m
[1m2026-07-27T19:00:57.150150001Z[0m [94m[INFO] PAPER-001.ExecEngine: config.position_check_lookback_mins=60[0m
[1m2026-07-27T19:00:57.150150002Z[0m [94m[INFO] PAPER-001.ExecEngine: config.position_check_threshold_ms=5000[0m
[1m2026-07-27T19:00:57.150150003Z[0m [94m[INFO] PAPER-001.ExecEngine: config.position_check_retries=3[0m
[1m2026-07-27T19:00:57.150151000Z[0m [94m[INFO] PAPER-001.ExecEngine: config.reconciliation_startup_delay_secs=10.0[0m
[1m2026-07-27T19:00:57.150151001Z[0m [94m[INFO] PAPER-001.ExecEngine: config.purge_closed_orders_interval_mins=None[0m
[1m2026-07-27T19:00:57.150151002Z[0m [94m[INFO] PAPER-001.ExecEngine: config.purge_closed_orders_buffer_mins=None[0m
[1m2026-07-27T19:00:57.150151003Z[0m [94m[INFO] PAPER-001.ExecEngine: config.purge_closed_positions_interval_mins=None[0m
[1m2026-07-27T19:00:57.150152000Z[0m [94m[INFO] PAPER-001.ExecEngine: config.purge_closed_positions_buffer_mins=None[0m
[1m2026-07-27T19:00:57.150152001Z[0m [94m[INFO] PAPER-001.ExecEngine: config.purge_account_events_interval_mins=None[0m
[1m2026-07-27T19:00:57.150152002Z[0m [94m[INFO] PAPER-001.ExecEngine: config.purge_account_events_lookback_mins=None[0m
[1m2026-07-27T19:00:57.150152003Z[0m [94m[INFO] PAPER-001.ExecEngine: config.purge_from_database=False[0m
[1m2026-07-27T19:00:57.150152004Z[0m [94m[INFO] PAPER-001.ExecEngine: config.graceful_shutdown_on_exception=False[0m
[1m2026-07-27T19:00:57.150334000Z[0m [94m[INFO] PAPER-001.Cache: Cached 1 general object from database[0m
[1m2026-07-27T19:00:57.150533000Z[0m [94m[INFO] PAPER-001.Cache: Cached 4 currencies from database[0m
[1m2026-07-27T19:00:57.150823000Z[0m [94m[INFO] PAPER-001.Cache: Cached 3 instruments from database[0m
[1m2026-07-27T19:00:57.151119000Z[0m [94m[INFO] PAPER-001.Cache: Cached 1 account from database[0m
[1m2026-07-27T19:00:57.151341000Z[0m [INFO] PAPER-001.Cache: Cached 0 orders from database[0m
[1m2026-07-27T19:00:57.151346000Z[0m [INFO] PAPER-001.Cache: Cached 0 order lists from database[0m
[1m2026-07-27T19:00:57.151413000Z[0m [INFO] PAPER-001.Cache: Cached 0 positions from database[0m
[1m2026-07-27T19:00:57.151424000Z[0m [INFO] PAPER-001.Cache: Checking data integrity[0m
[1m2026-07-27T19:00:57.151431000Z[0m [92m[INFO] PAPER-001.Cache: Integrity check passed in 6μs[0m
[1m2026-07-27T19:00:57.151442000Z[0m [INFO] PAPER-001.ExecEngine: Loaded cache in 1ms[0m
[1m2026-07-27T19:00:57.151470000Z[0m [INFO] PAPER-001.OrderEmulator: READY[0m
[1m2026-07-27T19:00:57.151503000Z[0m [INFO] PAPER-001.PAPER-001: READY[0m
[1m2026-07-27T19:00:57.151515000Z[0m [INFO] PAPER-001.TradingNode: Initialized in 3ms[0m
[1m2026-07-27T19:00:57.151522000Z[0m [94m[INFO] PAPER-001.TradingNode: has_cache_backing=True[0m
[1m2026-07-27T19:00:57.151523000Z[0m [94m[INFO] PAPER-001.TradingNode: has_msgbus_backing=False[0m
[1m2026-07-27T19:00:57.151573000Z[0m [INFO] PAPER-001.MLStrategy: READY[0m
[1m2026-07-27T19:00:57.152038000Z[0m [INFO] PAPER-001.ExecEngine: Registered OMS.UNSPECIFIED for Strategy MLStrategy-000[0m
[1m2026-07-27T19:00:57.152040000Z[0m [INFO] PAPER-001.PAPER-001: Registered Strategy MLStrategy-000[0m
[1m2026-07-27T19:00:57.152136000Z[0m [INFO] PAPER-001.Cache: No previous state found for StrategyId('MLStrategy-000')[0m
[1m2026-07-27T19:00:57.152141000Z[0m [INFO] PAPER-001.TradingNode: Building data client for IB[0m
[1m2026-07-27T19:00:57.152157000Z[0m [INFO] PAPER-001.InteractiveBrokersClient-001: READY[0m
[1m2026-07-27T19:00:57.152218000Z[0m [1;33m[WARN] PAPER-001.InteractiveBrokersClient-001: Started when loop is not running[0m
[1m2026-07-27T19:00:57.152265000Z[0m [INFO] PAPER-001.InteractiveBrokersClient-001: Starting InteractiveBrokersClient (1)...[0m
[1m2026-07-27T19:00:57.152275000Z[0m [INFO] PAPER-001.InteractiveBrokersClient-001: Connecting to 127.0.0.1:7497 with client id: 1[0m
[1m2026-07-27T19:00:57.159454000Z[0m [INFO] PAPER-001.InteractiveBrokersClient-001: Connected to Interactive Brokers (v223) at 20260727 12:00:56 PST from 127.0.0.1:7497 with client id: 1[0m
[1m2026-07-27T19:00:57.160391000Z[0m [1;33m[WARN] PAPER-001.InteractiveBrokersClient-001: Market data farm connection is OK:cashfarm (code: 2104, req_id=-1)[0m
[1m2026-07-27T19:00:57.160478000Z[0m [1;33m[WARN] PAPER-001.InteractiveBrokersClient-001: Market data farm connection is OK:uscrypto (code: 2104, req_id=-1)[0m
[1m2026-07-27T19:00:57.160568000Z[0m [INFO] PAPER-001.InteractiveBrokersClient-001: RUNNING[0m
[1m2026-07-27T19:00:57.160586000Z[0m [INFO] PAPER-001.InteractiveBrokersInstrumentProvider: READY[0m
[1m2026-07-27T19:00:57.160627000Z[0m [INFO] PAPER-001.DataClient-IB: READY[0m
[1m2026-07-27T19:00:57.160655000Z[0m [INFO] PAPER-001.DataEngine: Registered IB for default routing[0m
[1m2026-07-27T19:00:57.160661000Z[0m [INFO] PAPER-001.TradingNode: Building execution client for IB[0m
[1m2026-07-27T19:00:57.160689000Z[0m [INFO] PAPER-001.ExecClient-IB: READY[0m
[1m2026-07-27T19:00:57.160702000Z[0m [INFO] PAPER-001.ExecEngine: Registered ExecutionClient-IB for default routing[0m
[1m2026-07-27T19:00:57.160730000Z[0m [1;33m[WARN] PAPER-001.InteractiveBrokersClient-001: Market data farm connection is OK:usfuture (code: 2104, req_id=-1)[0m
[1m2026-07-27T19:00:57.160743000Z[0m [INFO] PAPER-001.TradingNode: STARTING[0m
[1m2026-07-27T19:00:57.160764000Z[0m [INFO] PAPER-001.DataClient-IB: RUNNING[0m
[1m2026-07-27T19:00:57.160776000Z[0m [INFO] PAPER-001.DataEngine: RUNNING[0m
[1m2026-07-27T19:00:57.160787000Z[0m [INFO] PAPER-001.RiskEngine: RUNNING[0m
[1m2026-07-27T19:00:57.160793000Z[0m [INFO] PAPER-001.ExecClient-IB: RUNNING[0m
[1m2026-07-27T19:00:57.160799000Z[0m [INFO] PAPER-001.ExecEngine: Starting position snapshots timer at 60.0 second intervals[0m
[1m2026-07-27T19:00:57.160947000Z[0m [94m[INFO] PAPER-001.ExecEngine: Started reconciliation task[0m
[1m2026-07-27T19:00:57.160951000Z[0m [INFO] PAPER-001.ExecEngine: RUNNING[0m
[1m2026-07-27T19:00:57.160953000Z[0m [INFO] PAPER-001.DataEngine: Connecting all clients...[0m
[1m2026-07-27T19:00:57.160955000Z[0m [INFO] PAPER-001.DataClient-IB: Connecting...[0m
[1m2026-07-27T19:00:57.160960000Z[0m [INFO] PAPER-001.ExecEngine: Connecting all clients...[0m
[1m2026-07-27T19:00:57.160962000Z[0m [INFO] PAPER-001.ExecClient-IB: Connecting...[0m
[1m2026-07-27T19:00:57.160967000Z[0m [94m[INFO] PAPER-001.TradingNode: Awaiting engine connections and initializations (60.0s timeout)...[0m
[1m2026-07-27T19:00:57.161055000Z[0m [94m[INFO] PAPER-001.ExecEngine: Starting continuous reconciliation with intervals: inflight=2000ms, consistency=Nones, position=Nones[0m
[1m2026-07-27T19:00:57.161056000Z[0m [94m[INFO] PAPER-001.ExecEngine: Awaiting startup reconciliation completion before starting continuous checks[0m
[1m2026-07-27T19:00:57.161063000Z[0m [INFO] PAPER-001.InteractiveBrokersClient-001: Setting Market DataType to REALTIME[0m
[1m2026-07-27T19:00:57.161122000Z[0m [INFO] PAPER-001.InteractiveBrokersInstrumentProvider: Initializing instruments...[0m
[1m2026-07-27T19:00:57.161136000Z[0m [INFO] PAPER-001.InteractiveBrokersInstrumentProvider: Loading instruments: SOL/USD.ZEROHASH, ETH/USD.ZEROHASH, BTC/USD.ZEROHASH...[0m
[1m2026-07-27T19:00:57.161411000Z[0m [INFO] PAPER-001.InteractiveBrokersInstrumentProvider: Adding instrument=CryptoPerpetual(id=SOL/USD.ZEROHASH, raw_symbol=SOL.USD, asset_class=CRYPTOCURRENCY, instrument_class=SWAP, quote_currency=USD, is_inverse=True, price_precision=2, price_increment=0.01, size_precision=8, size_increment=0.00000001, multiplier=1, lot_size=1, margin_init=0, margin_maint=0, maker_fee=0, taker_fee=0, info={'contract': {'secType': 'CRYPTO', 'conId': 766135595, 'exchange': 'ZEROHASH', 'primaryExchange': '', 'symbol': 'SOL', 'localSymbol': 'SOL.USD', 'currency': 'USD', 'tradingClass': 'SOL', 'lastTradeDateOrContractMonth': '', 'lastTradeDate': '', 'multiplier': '', 'strike': 1.7976931348623157e+308, 'right': '', 'includeExpired': False, 'secIdType': '', 'secId': '', 'description': '', 'issuerId': '', 'comboLegsDescrip': '', 'comboLegs': [], 'deltaNeutralContract': None, 'build_futures_chain': None, 'build_options_chain': None, 'options_chain_exchange': None, 'min_expiry_days': None, 'max_expiry_days': None}, 'marketName': 'SOL', 'minTick': 0.01, 'orderTypes': 'AD,ADJUST,ALERT,BASKET,BENCHPX,CASHQTY,COND,DAY,DEACT,DEACTDIS,DEACTEOD,GAT,GTC,GTD,GTT,IOC,LMT,MKT,NMIN,NONALGO,WHATIF', 'validExchanges': 'ZEROHASH', 'priceMagnifier': 1, 'underConId': 0, 'longName': 'Solana cryptocurrency', 'contractMonth': '', 'industry': '', 'category': '', 'subcategory': '', 'timeZoneId': 'US/Eastern', 'tradingHours': '20260726:0300-20260727:1600;20260727:1601-20260728:1600;20260728:1601-20260729:1600;20260729:1601-20260730:1600;20260730:1601-20260731:1600', 'liquidHours': '20260726:0300-20260727:1600;20260727:1601-20260728:1600;20260728:1601-20260729:1600;20260729:1601-20260730:1600;20260730:1601-20260731:1600', 'evRule': '', 'evMultiplier': 0, 'mdSizeMultiplier': 1, 'aggGroup': 0, 'underSymbol': '', 'underSecType': '', 'marketRuleIds': '2836', 'secIdList': [], 'realExpirationDate': '', 'lastTradeTime': '', 'stockType': '', 'minSize': '1E-8', 'sizeIncrement': '1E-8', 'suggestedSizeIncrement': '1E-8', 'minAlgoSize': '0', 'lastPricePrecision': '170141183460469231731687303715884105727', 'lastSizePrecision': '170141183460469231731687303715884105727', 'cusip': '', 'ratings': '', 'descAppend': '', 'bondType': '', 'couponType': '', 'callable': False, 'putable': False, 'coupon': 0, 'convertible': False, 'maturity': '', 'issueDate': '', 'nextOptionDate': '', 'nextOptionType': '', 'nextOptionPartial': False, 'notes': '', 'fundName': '', 'fundFamily': '', 'fundType': '', 'fundFrontLoad': '', 'fundBackLoad': '', 'fundBackLoadTimeInterval': '', 'fundManagementFee': '', 'fundClosed': False, 'fundClosedForNewInvestors': False, 'fundClosedForNewMoney': False, 'fundNotifyAmount': '', 'fundMinimumInitialPurchase': '', 'fundSubsequentMinimumPurchase': '', 'fundBlueSkyStates': '', 'fundBlueSkyTerritories': '', 'fundDistributionPolicyIndicator': ['None', 'None'], 'fundAssetType': ['None', 'None'], 'ineligibilityReasonList': None, 'eventContract1': '', 'eventContractDescription1': '', 'eventContractDescription2': ''}) from InteractiveBrokersInstrumentProvider[0m
[1m2026-07-27T19:00:57.161561000Z[0m [INFO] PAPER-001.InteractiveBrokersInstrumentProvider: Adding instrument=CryptoPerpetual(id=ETH/USD.ZEROHASH, raw_symbol=ETH.USD, asset_class=CRYPTOCURRENCY, instrument_class=SWAP, quote_currency=USD, is_inverse=True, price_precision=2, price_increment=0.05, size_precision=8, size_increment=0.00000001, multiplier=1, lot_size=1, margin_init=0, margin_maint=0, maker_fee=0, taker_fee=0, info={'contract': {'secType': 'CRYPTO', 'conId': 541686654, 'exchange': 'ZEROHASH', 'primaryExchange': '', 'symbol': 'ETH', 'localSymbol': 'ETH.USD', 'currency': 'USD', 'tradingClass': 'ETH', 'lastTradeDateOrContractMonth': '', 'lastTradeDate': '', 'multiplier': '', 'strike': 1.7976931348623157e+308, 'right': '', 'includeExpired': False, 'secIdType': '', 'secId': '', 'description': '', 'issuerId': '', 'comboLegsDescrip': '', 'comboLegs': [], 'deltaNeutralContract': None, 'build_futures_chain': None, 'build_options_chain': None, 'options_chain_exchange': None, 'min_expiry_days': None, 'max_expiry_days': None}, 'marketName': 'ETH', 'minTick': 0.05, 'orderTypes': 'AD,ADJUST,ALERT,BASKET,BENCHPX,CASHQTY,COND,DAY,DEACT,DEACTDIS,DEACTEOD,GAT,GTC,GTD,GTT,IOC,LMT,MKT,NMIN,NONALGO,WHATIF', 'validExchanges': 'ZEROHASH', 'priceMagnifier': 1, 'underConId': 0, 'longName': 'Ethereum cryptocurrency', 'contractMonth': '', 'industry': '', 'category': '', 'subcategory': '', 'timeZoneId': 'US/Eastern', 'tradingHours': '20260726:0300-20260727:1600;20260727:1601-20260728:1600;20260728:1601-20260729:1600;20260729:1601-20260730:1600;20260730:1601-20260731:1600', 'liquidHours': '20260726:0300-20260727:1600;20260727:1601-20260728:1600;20260728:1601-20260729:1600;20260729:1601-20260730:1600;20260730:1601-20260731:1600', 'evRule': '', 'evMultiplier': 0, 'mdSizeMultiplier': 1, 'aggGroup': 0, 'underSymbol': '', 'underSecType': '', 'marketRuleIds': '2823', 'secIdList': [], 'realExpirationDate': '', 'lastTradeTime': '', 'stockType': '', 'minSize': '1E-8', 'sizeIncrement': '1E-8', 'suggestedSizeIncrement': '1E-8', 'minAlgoSize': '0', 'lastPricePrecision': '170141183460469231731687303715884105727', 'lastSizePrecision': '170141183460469231731687303715884105727', 'cusip': '', 'ratings': '', 'descAppend': '', 'bondType': '', 'couponType': '', 'callable': False, 'putable': False, 'coupon': 0, 'convertible': False, 'maturity': '', 'issueDate': '', 'nextOptionDate': '', 'nextOptionType': '', 'nextOptionPartial': False, 'notes': '', 'fundName': '', 'fundFamily': '', 'fundType': '', 'fundFrontLoad': '', 'fundBackLoad': '', 'fundBackLoadTimeInterval': '', 'fundManagementFee': '', 'fundClosed': False, 'fundClosedForNewInvestors': False, 'fundClosedForNewMoney': False, 'fundNotifyAmount': '', 'fundMinimumInitialPurchase': '', 'fundSubsequentMinimumPurchase': '', 'fundBlueSkyStates': '', 'fundBlueSkyTerritories': '', 'fundDistributionPolicyIndicator': ['None', 'None'], 'fundAssetType': ['None', 'None'], 'ineligibilityReasonList': None, 'eventContract1': '', 'eventContractDescription1': '', 'eventContractDescription2': ''}) from InteractiveBrokersInstrumentProvider[0m
[1m2026-07-27T19:00:57.161678000Z[0m [INFO] PAPER-001.InteractiveBrokersInstrumentProvider: Adding instrument=CryptoPerpetual(id=BTC/USD.ZEROHASH, raw_symbol=BTC.USD, asset_class=CRYPTOCURRENCY, instrument_class=SWAP, quote_currency=USD, is_inverse=True, price_precision=2, price_increment=0.25, size_precision=8, size_increment=0.00000001, multiplier=1, lot_size=1, margin_init=0, margin_maint=0, maker_fee=0, taker_fee=0, info={'contract': {'secType': 'CRYPTO', 'conId': 541686651, 'exchange': 'ZEROHASH', 'primaryExchange': '', 'symbol': 'BTC', 'localSymbol': 'BTC.USD', 'currency': 'USD', 'tradingClass': 'BTC', 'lastTradeDateOrContractMonth': '', 'lastTradeDate': '', 'multiplier': '', 'strike': 1.7976931348623157e+308, 'right': '', 'includeExpired': False, 'secIdType': '', 'secId': '', 'description': '', 'issuerId': '', 'comboLegsDescrip': '', 'comboLegs': [], 'deltaNeutralContract': None, 'build_futures_chain': None, 'build_options_chain': None, 'options_chain_exchange': None, 'min_expiry_days': None, 'max_expiry_days': None}, 'marketName': 'BTC', 'minTick': 0.25, 'orderTypes': 'AD,ADJUST,ALERT,BASKET,BENCHPX,CASHQTY,COND,DAY,DEACT,DEACTDIS,DEACTEOD,GAT,GTC,GTD,GTT,IOC,LMT,MKT,NMIN,NONALGO,WHATIF', 'validExchanges': 'ZEROHASH', 'priceMagnifier': 1, 'underConId': 0, 'longName': 'Bitcoin cryptocurrency', 'contractMonth': '', 'industry': '', 'category': '', 'subcategory': '', 'timeZoneId': 'US/Eastern', 'tradingHours': '20260726:0300-20260727:1600;20260727:1601-20260728:1600;20260728:1601-20260729:1600;20260729:1601-20260730:1600;20260730:1601-20260731:1600', 'liquidHours': '20260726:0300-20260727:1600;20260727:1601-20260728:1600;20260728:1601-20260729:1600;20260729:1601-20260730:1600;20260730:1601-20260731:1600', 'evRule': '', 'evMultiplier': 0, 'mdSizeMultiplier': 1, 'aggGroup': 0, 'underSymbol': '', 'underSecType': '', 'marketRuleIds': '2806', 'secIdList': [], 'realExpirationDate': '', 'lastTradeTime': '', 'stockType': '', 'minSize': '1E-8', 'sizeIncrement': '1E-8', 'suggestedSizeIncrement': '1E-8', 'minAlgoSize': '0', 'lastPricePrecision': '170141183460469231731687303715884105727', 'lastSizePrecision': '170141183460469231731687303715884105727', 'cusip': '', 'ratings': '', 'descAppend': '', 'bondType': '', 'couponType': '', 'callable': False, 'putable': False, 'coupon': 0, 'convertible': False, 'maturity': '', 'issueDate': '', 'nextOptionDate': '', 'nextOptionType': '', 'nextOptionPartial': False, 'notes': '', 'fundName': '', 'fundFamily': '', 'fundType': '', 'fundFrontLoad': '', 'fundBackLoad': '', 'fundBackLoadTimeInterval': '', 'fundManagementFee': '', 'fundClosed': False, 'fundClosedForNewInvestors': False, 'fundClosedForNewMoney': False, 'fundNotifyAmount': '', 'fundMinimumInitialPurchase': '', 'fundSubsequentMinimumPurchase': '', 'fundBlueSkyStates': '', 'fundBlueSkyTerritories': '', 'fundDistributionPolicyIndicator': ['None', 'None'], 'fundAssetType': ['None', 'None'], 'ineligibilityReasonList': None, 'eventContract1': '', 'eventContractDescription1': '', 'eventContractDescription2': ''}) from InteractiveBrokersInstrumentProvider[0m
[1m2026-07-27T19:00:57.161683000Z[0m [INFO] PAPER-001.InteractiveBrokersInstrumentProvider: Loaded 3 instruments[0m
[1m2026-07-27T19:00:57.161684000Z[0m [INFO] PAPER-001.InteractiveBrokersInstrumentProvider: Initialized instruments[0m
[1m2026-07-27T19:00:57.161721000Z[0m [1;33m[WARN] PAPER-001.InteractiveBrokersClient-001: Market data farm connection is OK:usopt.nj (code: 2104, req_id=-1)[0m
[1m2026-07-27T19:00:57.161742000Z[0m [92m[INFO] PAPER-001.DataClient-IB: Connected[0m
[1m2026-07-27T19:00:57.161959000Z[0m [1;33m[WARN] PAPER-001.InteractiveBrokersClient-001: Market data farm connection is OK:usfarm.nj (code: 2104, req_id=-1)[0m
[1m2026-07-27T19:00:57.162040000Z[0m [1;33m[WARN] PAPER-001.InteractiveBrokersClient-001: Market data farm connection is OK:usfarm (code: 2104, req_id=-1)[0m
[1m2026-07-27T19:00:57.162179000Z[0m [1;33m[WARN] PAPER-001.InteractiveBrokersClient-001: HMDS data farm connection is OK:euhmds (code: 2106, req_id=-1)[0m
[1m2026-07-27T19:00:57.162240000Z[0m [1;33m[WARN] PAPER-001.InteractiveBrokersClient-001: HMDS data farm connection is OK:fundfarm (code: 2106, req_id=-1)[0m
[1m2026-07-27T19:00:57.162298000Z[0m [1;33m[WARN] PAPER-001.InteractiveBrokersClient-001: HMDS data farm connection is OK:ushmds (code: 2106, req_id=-1)[0m
[1m2026-07-27T19:00:57.162332000Z[0m [1;33m[WARN] PAPER-001.InteractiveBrokersClient-001: Sec-def data farm connection is OK:secdefil (code: 2158, req_id=-1)[0m
[1m2026-07-27T19:00:57.211692000Z[0m [92m[INFO] PAPER-001.ExecClient-IB: Account `DUR143045` found in the connected TWS/Gateway[0m
[1m2026-07-27T19:00:57.299047000Z[0m [94m[INFO] PAPER-001.TradingNode: Awaiting execution state reconciliation (30.0s timeout)...[0m
[1m2026-07-27T19:00:57.299067000Z[0m [92m[INFO] PAPER-001.ExecClient-IB: Connected[0m
[1m2026-07-27T19:00:57.299081000Z[0m [INFO] PAPER-001.ExecClient-IB: Generating ExecutionMassStatus...[0m
[1m2026-07-27T19:00:57.328772000Z[0m [INFO] PAPER-001.Portfolio: Updated AccountState(account_id=IB-DUR143045, account_type=MARGIN, base_currency=None, is_reported=True, balances=[AccountBalance(total=1_002_150.50 USD, locked=1_978.34 USD, free=1_000_172.16 USD)], margins=[MarginBalance(initial=0.00 USD, maintenance=0.00 USD, instrument_id=None)], event_id=53ce46a1-7407-4473-8ef8-830902523dce)[0m
[1m2026-07-27T19:00:57.399533000Z[0m [INFO] PAPER-001.ExecClient-IB: Generated 0 FillReports[0m
[1m2026-07-27T19:00:57.499652000Z[0m [94m[INFO] PAPER-001.ExecEngine: Reconciling ExecutionMassStatus for None[0m
[1m2026-07-27T19:00:57.499661000Z[0m [94m[INFO] PAPER-001.ExecEngine: Attempting to adjust fills for 0 instruments[0m
[1m2026-07-27T19:00:57.499701000Z[0m [94m[INFO] PAPER-001.ExecEngine: Updating adjusted fills for 0 instruments[0m
[1m2026-07-27T19:00:57.499703000Z[0m [94m[INFO] PAPER-001.ExecEngine: Final order_reports contains 0 orders, fill_reports contains 0 fills across all instruments[0m
[1m2026-07-27T19:00:57.499741000Z[0m [92m[INFO] PAPER-001.ExecEngine: Reconciliation for IB succeeded[0m
[1m2026-07-27T19:00:57.499746000Z[0m [92m[INFO] PAPER-001.TradingNode: Execution state reconciled[0m
[1m2026-07-27T19:00:57.499758000Z[0m [INFO] PAPER-001.OrderEmulator: No emulated orders to reactivate[0m
[1m2026-07-27T19:00:57.499767000Z[0m [INFO] PAPER-001.OrderEmulator: RUNNING[0m
[1m2026-07-27T19:00:57.499778000Z[0m [INFO] PAPER-001.Portfolio: Initialized 0 open orders[0m
[1m2026-07-27T19:00:57.499780000Z[0m [INFO] PAPER-001.Portfolio: Initialized 0 open positions[0m
[1m2026-07-27T19:00:57.499784000Z[0m [94m[INFO] PAPER-001.TradingNode: Awaiting portfolio initialization (10.0s timeout)...[0m
[1m2026-07-27T19:00:57.499836000Z[0m [92m[INFO] PAPER-001.ExecEngine: Startup reconciliation completed[0m
[1m2026-07-27T19:00:57.499838000Z[0m [94m[INFO] PAPER-001.ExecEngine: Applying post-reconciliation startup delay (10.0s)[0m
[1m2026-07-27T19:00:57.499850000Z[0m [92m[INFO] PAPER-001.TradingNode: Portfolio initialized[0m
[1m2026-07-27T19:00:57.499858000Z[0m [94m[INFO] PAPER-001.MLStrategy: self.config.oms_type=None[0m
[1m2026-07-27T19:00:57.499860000Z[0m [94m[INFO] PAPER-001.MLStrategy: self.config.external_order_claims=None[0m
[1m2026-07-27T19:00:57.499860001Z[0m [94m[INFO] PAPER-001.MLStrategy: self.config.manage_gtd_expiry=False[0m
[1m2026-07-27T19:00:57.499866000Z[0m [94m[INFO] PAPER-001.MLStrategy: Set ClientOrderIdGenerator client_order_id count to 0[0m
[1m2026-07-27T19:00:57.499867000Z[0m [94m[INFO] PAPER-001.MLStrategy: Set ClientOrderIdGenerator order_list_id count to 0[0m
[1m2026-07-27T19:00:57.500058000Z[0m [INFO] PAPER-001.MLStrategy: [REQ]--> RequestBars(bar_type=BTC/USD.ZEROHASH-1-DAY-MID-EXTERNAL, start=2025-06-22 19:00:57.499993+00:00, end=2026-07-27 19:00:57.500005+00:00, limit=0, client_id=None, venue=ZEROHASH, data_type=Bar, params={'update_catalog': False, 'join_request': False})[0m
[1m2026-07-27T19:00:57.500083000Z[0m [INFO] PAPER-001.MLStrategy: [CMD]--> SubscribeBars(bar_type=BTC/USD.ZEROHASH-1-DAY-MID-EXTERNAL, client_id=None, venue=ZEROHASH)[0m
[1m2026-07-27T19:00:57.500087000Z[0m [INFO] PAPER-001.MLStrategy: Subscribed BTC/USD.ZEROHASH-1-DAY-MID-EXTERNAL[0m
[1m2026-07-27T19:00:57.500130000Z[0m [INFO] PAPER-001.MLStrategy: [REQ]--> RequestBars(bar_type=ETH/USD.ZEROHASH-1-DAY-MID-EXTERNAL, start=2025-06-22 19:00:57.500112+00:00, end=2026-07-27 19:00:57.500118+00:00, limit=0, client_id=None, venue=ZEROHASH, data_type=Bar, params={'update_catalog': False, 'join_request': False})[0m
[1m2026-07-27T19:00:57.500140000Z[0m [INFO] PAPER-001.MLStrategy: [CMD]--> SubscribeBars(bar_type=ETH/USD.ZEROHASH-1-DAY-MID-EXTERNAL, client_id=None, venue=ZEROHASH)[0m
[1m2026-07-27T19:00:57.500142000Z[0m [INFO] PAPER-001.MLStrategy: Subscribed ETH/USD.ZEROHASH-1-DAY-MID-EXTERNAL[0m
[1m2026-07-27T19:00:57.500170000Z[0m [INFO] PAPER-001.MLStrategy: [REQ]--> RequestBars(bar_type=SOL/USD.ZEROHASH-1-DAY-MID-EXTERNAL, start=2025-06-22 19:00:57.500156+00:00, end=2026-07-27 19:00:57.500160+00:00, limit=0, client_id=None, venue=ZEROHASH, data_type=Bar, params={'update_catalog': False, 'join_request': False})[0m
[1m2026-07-27T19:00:57.500178000Z[0m [INFO] PAPER-001.MLStrategy: [CMD]--> SubscribeBars(bar_type=SOL/USD.ZEROHASH-1-DAY-MID-EXTERNAL, client_id=None, venue=ZEROHASH)[0m
[1m2026-07-27T19:00:57.500179000Z[0m [INFO] PAPER-001.MLStrategy: Subscribed SOL/USD.ZEROHASH-1-DAY-MID-EXTERNAL[0m
[1m2026-07-27T19:00:57.500205000Z[0m [INFO] PAPER-001.MLStrategy: RUNNING[0m
[1m2026-07-27T19:00:57.500210000Z[0m [INFO] PAPER-001.PAPER-001: RUNNING[0m
[1m2026-07-27T19:00:57.500214000Z[0m [INFO] PAPER-001.TradingNode: RUNNING[0m
[1m2026-07-27T19:00:57.506637000Z[0m [94m[INFO] PAPER-001.DataClient-IB: Request BTC/USD.ZEROHASH-1-DAY-MID-EXTERNAL bars from 2025-06-22T19:00:57.499993000Z to 2026-07-27T19:00:57.500005000Z[0m
[1m2026-07-27T19:00:57.506692000Z[0m [94m[INFO] PAPER-001.DataClient-IB: Request ETH/USD.ZEROHASH-1-DAY-MID-EXTERNAL bars from 2025-06-22T19:00:57.500112000Z to 2026-07-27T19:00:57.500118000Z[0m
[1m2026-07-27T19:00:57.506717000Z[0m [94m[INFO] PAPER-001.DataClient-IB: Request SOL/USD.ZEROHASH-1-DAY-MID-EXTERNAL bars from 2025-06-22T19:00:57.500156000Z to 2026-07-27T19:00:57.500160000Z[0m
[1m2026-07-27T19:00:57.506839000Z[0m [INFO] PAPER-001.DataClient-IB: BTC/USD.ZEROHASH: Requesting historical bars: BTC/USD.ZEROHASH-1-DAY-MID-EXTERNAL ending on '2026-07-27 19:00:57.500005+00:00' with duration '1 Y'[0m
[1m2026-07-27T19:00:57.507025000Z[0m [INFO] PAPER-001.DataClient-IB: ETH/USD.ZEROHASH: Requesting historical bars: ETH/USD.ZEROHASH-1-DAY-MID-EXTERNAL ending on '2026-07-27 19:00:57.500118+00:00' with duration '1 Y'[0m
[1m2026-07-27T19:00:57.507086000Z[0m [INFO] PAPER-001.DataClient-IB: SOL/USD.ZEROHASH: Requesting historical bars: SOL/USD.ZEROHASH-1-DAY-MID-EXTERNAL ending on '2026-07-27 19:00:57.500160+00:00' with duration '1 Y'[0m
[1m2026-07-27T19:00:57.507170000Z[0m [INFO] PAPER-001.InteractiveBrokersClient-001: Creating and registering a new Subscription instance for BTC/USD.ZEROHASH-1-DAY-MID-EXTERNAL[0m
[1m2026-07-27T19:00:57.507213000Z[0m [INFO] PAPER-001.InteractiveBrokersClient-001: Creating and registering a new Subscription instance for ETH/USD.ZEROHASH-1-DAY-MID-EXTERNAL[0m
[1m2026-07-27T19:00:57.507246000Z[0m [INFO] PAPER-001.InteractiveBrokersClient-001: Creating and registering a new Subscription instance for SOL/USD.ZEROHASH-1-DAY-MID-EXTERNAL[0m
[1m2026-07-27T19:00:57.507277000Z[0m [94m[INFO] PAPER-001.DataClient-IB: Subscribed BTC/USD.ZEROHASH-1-DAY-MID-EXTERNAL bars[0m
[1m2026-07-27T19:00:57.507280000Z[0m [94m[INFO] PAPER-001.DataClient-IB: Subscribed ETH/USD.ZEROHASH-1-DAY-MID-EXTERNAL bars[0m
[1m2026-07-27T19:00:57.507281000Z[0m [94m[INFO] PAPER-001.DataClient-IB: Subscribed SOL/USD.ZEROHASH-1-DAY-MID-EXTERNAL bars[0m
[1m2026-07-27T19:00:57.800969000Z[0m [INFO] PAPER-001.DataClient-IB: BTC/USD.ZEROHASH: Number of bars retrieved in batch: 261[0m
[1m2026-07-27T19:00:57.800978000Z[0m [INFO] PAPER-001.DataClient-IB: Total number of bars in data: 261[0m
[1m2026-07-27T19:00:57.802215000Z[0m [INFO] PAPER-001.MLStrategy: Received <Bar[260]> data for BTC/USD.ZEROHASH-1-DAY-MID-EXTERNAL[0m
[1m2026-07-27T19:00:57.858751000Z[0m [INFO] PAPER-001.DataClient-IB: ETH/USD.ZEROHASH: Number of bars retrieved in batch: 261[0m
[1m2026-07-27T19:00:57.858759000Z[0m [INFO] PAPER-001.DataClient-IB: Total number of bars in data: 261[0m
[1m2026-07-27T19:00:57.859901000Z[0m [INFO] PAPER-001.MLStrategy: Received <Bar[260]> data for ETH/USD.ZEROHASH-1-DAY-MID-EXTERNAL[0m
[1m2026-07-27T19:00:57.979932000Z[0m [INFO] PAPER-001.DataClient-IB: SOL/USD.ZEROHASH: Number of bars retrieved in batch: 261[0m
[1m2026-07-27T19:00:57.979940000Z[0m [INFO] PAPER-001.DataClient-IB: Total number of bars in data: 261[0m
[1m2026-07-27T19:00:57.981070000Z[0m [INFO] PAPER-001.MLStrategy: Received <Bar[260]> data for SOL/USD.ZEROHASH-1-DAY-MID-EXTERNAL[0m
[1m2026-07-27T19:03:03.990180000Z[0m [INFO] PAPER-001.Portfolio: Updated AccountState(account_id=IB-DUR143045, account_type=MARGIN, base_currency=None, is_reported=True, balances=[AccountBalance(total=1_002_150.50 USD, locked=1_978.34 USD, free=1_000_172.16 USD)], margins=[MarginBalance(initial=0.00 USD, maintenance=0.00 USD, instrument_id=None)], event_id=a3ad0eef-e32a-41f3-8b2e-50d1b724a4c0)[0m
[1m2026-07-27T19:05:41.409849000Z[0m [1;33m[WARN] PAPER-001.TradingNode: Received SIGINT, shutting down[0m
[1m2026-07-27T19:05:41.409910000Z[0m [INFO] PAPER-001.TradingNode: STOPPING[0m
[1m2026-07-27T19:05:41.410235000Z[0m [INFO] PAPER-001.MLStrategy: [CMD]--> UnsubscribeBars(bar_type=BTC/USD.ZEROHASH-1-DAY-MID-EXTERNAL, client_id=None, venue=ZEROHASH)[0m
[1m2026-07-27T19:05:41.410256000Z[0m [INFO] PAPER-001.MLStrategy: Unsubscribed from BTC/USD.ZEROHASH-1-DAY-MID-EXTERNAL bar data[0m
[1m2026-07-27T19:05:41.410284000Z[0m [INFO] PAPER-001.MLStrategy: [CMD]--> UnsubscribeBars(bar_type=ETH/USD.ZEROHASH-1-DAY-MID-EXTERNAL, client_id=None, venue=ZEROHASH)[0m
[1m2026-07-27T19:05:41.410288000Z[0m [INFO] PAPER-001.MLStrategy: Unsubscribed from ETH/USD.ZEROHASH-1-DAY-MID-EXTERNAL bar data[0m
[1m2026-07-27T19:05:41.410308000Z[0m [INFO] PAPER-001.MLStrategy: [CMD]--> UnsubscribeBars(bar_type=SOL/USD.ZEROHASH-1-DAY-MID-EXTERNAL, client_id=None, venue=ZEROHASH)[0m
[1m2026-07-27T19:05:41.410313000Z[0m [INFO] PAPER-001.MLStrategy: Unsubscribed from SOL/USD.ZEROHASH-1-DAY-MID-EXTERNAL bar data[0m
[1m2026-07-27T19:05:41.410319000Z[0m [INFO] PAPER-001.MLStrategy: Canceling executor tasks[0m
[1m2026-07-27T19:05:41.410401000Z[0m [INFO] PAPER-001.MLStrategy: STOPPED[0m
[1m2026-07-27T19:05:41.410418000Z[0m [INFO] PAPER-001.PAPER-001: STOPPED[0m
[1m2026-07-27T19:05:41.410446000Z[0m [94m[INFO] PAPER-001.TradingNode: Awaiting post stop (10.0s timeout)...[0m
[1m2026-07-27T19:05:41.411431000Z[0m [94m[INFO] PAPER-001.DataClient-IB: Unsubscribed BTC/USD.ZEROHASH-1-DAY-MID-EXTERNAL bars[0m
[1m2026-07-27T19:05:41.411442000Z[0m [94m[INFO] PAPER-001.DataClient-IB: Unsubscribed ETH/USD.ZEROHASH-1-DAY-MID-EXTERNAL bars[0m
[1m2026-07-27T19:05:41.411446000Z[0m [94m[INFO] PAPER-001.DataClient-IB: Unsubscribed SOL/USD.ZEROHASH-1-DAY-MID-EXTERNAL bars[0m
[1m2026-07-27T19:05:41.412632000Z[0m [1;31m[ERROR] PAPER-001.InteractiveBrokersClient-001: Historical Market Data Service error message:API historical data query cancelled: 10008 (code: 162, req_id=10008)[0m
[1m2026-07-27T19:05:41.412672000Z[0m [1;33m[WARN] PAPER-001.InteractiveBrokersClient-001: Unhandled error: 162 for req_id 10008[0m
[1m2026-07-27T19:05:41.512249000Z[0m [1;31m[ERROR] PAPER-001.InteractiveBrokersClient-001: Historical Market Data Service error message:API historical data query cancelled: 10009 (code: 162, req_id=10009)[0m
[1m2026-07-27T19:05:41.512337000Z[0m [1;33m[WARN] PAPER-001.InteractiveBrokersClient-001: Unhandled error: 162 for req_id 10009[0m
[1m2026-07-27T19:05:41.612214000Z[0m [1;31m[ERROR] PAPER-001.InteractiveBrokersClient-001: Historical Market Data Service error message:API historical data query cancelled: 10010 (code: 162, req_id=10010)[0m
[1m2026-07-27T19:05:41.612297000Z[0m [1;33m[WARN] PAPER-001.InteractiveBrokersClient-001: Unhandled error: 162 for req_id 10010[0m
[1m2026-07-27T19:05:51.412599000Z[0m [94m[INFO] PAPER-001.MLStrategy: Saved state: ['ml_strategy.json'][0m
[1m2026-07-27T19:05:51.412754000Z[0m [INFO] PAPER-001.DataClient-IB: STOPPED[0m
[1m2026-07-27T19:05:51.412776000Z[0m [INFO] PAPER-001.ExecClient-IB: STOPPED[0m
[1m2026-07-27T19:05:51.412789000Z[0m [INFO] PAPER-001.DataEngine: Disconnecting all clients...[0m
[1m2026-07-27T19:05:51.412795000Z[0m [INFO] PAPER-001.DataClient-IB: Disconnecting...[0m
[1m2026-07-27T19:05:51.412818000Z[0m [INFO] PAPER-001.ExecEngine: Disconnecting all clients...[0m
[1m2026-07-27T19:05:51.412823000Z[0m [INFO] PAPER-001.ExecClient-IB: Disconnecting...[0m
[1m2026-07-27T19:05:51.412839000Z[0m [94m[INFO] PAPER-001.TradingNode: Awaiting engine disconnections (10.0s timeout)...[0m
[1m2026-07-27T19:05:51.412999000Z[0m [INFO] PAPER-001.InteractiveBrokersClient-001: STOPPED[0m
[1m2026-07-27T19:05:51.413035000Z[0m [92m[INFO] PAPER-001.DataClient-IB: Disconnected[0m
[1m2026-07-27T19:05:51.413057000Z[0m [92m[INFO] PAPER-001.ExecClient-IB: Disconnected[0m
[1m2026-07-27T19:05:51.413176000Z[0m [INFO] PAPER-001.DataEngine: STOPPED[0m
[1m2026-07-27T19:05:51.413220000Z[0m [INFO] PAPER-001.RiskEngine: STOPPED[0m
[1m2026-07-27T19:05:51.413243000Z[0m [INFO] PAPER-001.ExecEngine: Canceling position snapshots timer[0m
[1m2026-07-27T19:05:51.413348000Z[0m [INFO] PAPER-001.ExecEngine: STOPPED[0m
[1m2026-07-27T19:05:51.413384000Z[0m [INFO] PAPER-001.OrderEmulator: STOPPED[0m
[1m2026-07-27T19:05:51.413404000Z[0m [INFO] PAPER-001.TradingNode: STOPPED[0m
[1m2026-07-27T19:05:51.413437000Z[0m [INFO] PAPER-001.InteractiveBrokersClient-001: Stopping InteractiveBrokersClient (1)...[0m
[1m2026-07-27T19:05:51.413871000Z[0m [INFO] PAPER-001.InteractiveBrokersClient-001: All tasks canceled successfully.[0m
[1m2026-07-27T19:05:51.414394000Z[0m [INFO] PAPER-001.DataClient-IB: DISPOSED[0m
[1m2026-07-27T19:05:51.414411000Z[0m [INFO] PAPER-001.DataEngine: DISPOSED[0m
[1m2026-07-27T19:05:51.414426000Z[0m [INFO] PAPER-001.RiskEngine: DISPOSED[0m
[1m2026-07-27T19:05:51.414447000Z[0m [INFO] PAPER-001.ExecClient-IB: DISPOSED[0m
[1m2026-07-27T19:05:51.414462000Z[0m [INFO] PAPER-001.ExecEngine: DISPOSED[0m
[1m2026-07-27T19:05:51.414493000Z[0m [INFO] PAPER-001.OrderEmulator: DISPOSED[0m
[1m2026-07-27T19:05:51.414522000Z[0m [INFO] PAPER-001.PAPER-001: Cleared actors[0m
[1m2026-07-27T19:05:51.414545000Z[0m [INFO] PAPER-001.MLStrategy: DISPOSED[0m
[1m2026-07-27T19:05:51.414564000Z[0m [INFO] PAPER-001.PAPER-001: Cleared trading strategies[0m
[1m2026-07-27T19:05:51.414569000Z[0m [INFO] PAPER-001.PAPER-001: Cleared execution algorithms[0m
[1m2026-07-27T19:05:51.414579000Z[0m [INFO] PAPER-001.PAPER-001: DISPOSED[0m
[1m2026-07-27T19:05:51.414702000Z[0m [INFO] PAPER-001.Cache: Reset[0m
[1m2026-07-27T19:05:51.415234000Z[0m [INFO] PAPER-001.CacheDatabaseAdapter: Closed cache database adapter[0m
[1m2026-07-27T19:05:51.415301000Z[0m [INFO] PAPER-001.MessageBus: Closed message bus[0m
[1m2026-07-27T19:05:51.415308000Z[0m [INFO] PAPER-001.TradingNode: Shutting down executor[0m
[1m2026-07-27T19:05:51.624030000Z[0m [INFO] PAPER-001.TradingNode: Closing event loop[0m
Task was destroyed but it is pending!
task: <Task pending name='_stop_async' coro=<InteractiveBrokersClient._stop_async() running at /Users/lindawang/Documents/Workspace/quant/.quant312/lib/python3.12/site-packages/nautilus_trader/adapters/interactive_brokers/client/client.py:391> wait_for=<_GatheringFuture finished result=[None, None, None]> cb=[InteractiveBrokersClient._on_task_completed(None, None)()]>
[1m2026-07-27T19:05:51.625018000Z[0m [INFO] PAPER-001.TradingNode: loop.is_running=False[0m
[1m2026-07-27T19:05:51.625028000Z[0m [INFO] PAPER-001.TradingNode: loop.is_closed=True[0m
[1m2026-07-27T19:05:51.625030000Z[0m [INFO] PAPER-001.TradingNode: DISPOSED[0m
Task was destroyed but it is pending!
task: <Task pending name='Task-1745' coro=<InteractiveBrokersClientMarketDataMixin._schedule_bar_completion_timeout.<locals>.completion_handler() done, defined at /Users/lindawang/Documents/Workspace/quant/.quant312/lib/python3.12/site-packages/nautilus_trader/adapters/interactive_brokers/client/market_data.py:1311> wait_for=<Future pending cb=[Task.task_wakeup()]>>
Task was destroyed but it is pending!
task: <Task pending name='Task-1747' coro=<InteractiveBrokersClientMarketDataMixin._schedule_bar_completion_timeout.<locals>.completion_handler() done, defined at /Users/lindawang/Documents/Workspace/quant/.quant312/lib/python3.12/site-packages/nautilus_trader/adapters/interactive_brokers/client/market_data.py:1311> wait_for=<Future pending cb=[Task.task_wakeup()]>>
Task was destroyed but it is pending!
task: <Task pending name='Task-1755' coro=<InteractiveBrokersClientMarketDataMixin._schedule_bar_completion_timeout.<locals>.completion_handler() done, defined at /Users/lindawang/Documents/Workspace/quant/.quant312/lib/python3.12/site-packages/nautilus_trader/adapters/interactive_brokers/client/market_data.py:1311> wait_for=<Future pending cb=[Task.task_wakeup()]>>
Task was destroyed but it is pending!
task: <Task pending name='Task-1757' coro=<InteractiveBrokersClientMarketDataMixin._schedule_bar_completion_timeout.<locals>.completion_handler() done, defined at /Users/lindawang/Documents/Workspace/quant/.quant312/lib/python3.12/site-packages/nautilus_trader/adapters/interactive_brokers/client/market_data.py:1311> wait_for=<Future pending cb=[Task.task_wakeup()]>>
Task was destroyed but it is pending!
task: <Task pending name='Task-1759' coro=<InteractiveBrokersClientMarketDataMixin._schedule_bar_completion_timeout.<locals>.completion_handler() done, defined at /Users/lindawang/Documents/Workspace/quant/.quant312/lib/python3.12/site-packages/nautilus_trader/adapters/interactive_brokers/client/market_data.py:1311> wait_for=<Future pending cb=[Task.task_wakeup()]>>
Task was destroyed but it is pending!
task: <Task pending name='Task-1767' coro=<InteractiveBrokersClientMarketDataMixin._schedule_bar_completion_timeout.<locals>.completion_handler() done, defined at /Users/lindawang/Documents/Workspace/quant/.quant312/lib/python3.12/site-packages/nautilus_trader/adapters/interactive_brokers/client/market_data.py:1311> wait_for=<Future pending cb=[Task.task_wakeup()]>>
Task was destroyed but it is pending!
task: <Task pending name='Task-1769' coro=<InteractiveBrokersClientMarketDataMixin._schedule_bar_completion_timeout.<locals>.completion_handler() done, defined at /Users/lindawang/Documents/Workspace/quant/.quant312/lib/python3.12/site-packages/nautilus_trader/adapters/interactive_brokers/client/market_data.py:1311> wait_for=<Future pending cb=[Task.task_wakeup()]>>
Task was destroyed but it is pending!
task: <Task pending name='Task-1771' coro=<InteractiveBrokersClientMarketDataMixin._schedule_bar_completion_timeout.<locals>.completion_handler() done, defined at /Users/lindawang/Documents/Workspace/quant/.quant312/lib/python3.12/site-packages/nautilus_trader/adapters/interactive_brokers/client/market_data.py:1311> wait_for=<Future pending cb=[Task.task_wakeup()]>>
Task was destroyed but it is pending!
task: <Task pending name='Task-1779' coro=<InteractiveBrokersClientMarketDataMixin._schedule_bar_completion_timeout.<locals>.completion_handler() done, defined at /Users/lindawang/Documents/Workspace/quant/.quant312/lib/python3.12/site-packages/nautilus_trader/adapters/interactive_brokers/client/market_data.py:1311> wait_for=<Future pending cb=[Task.task_wakeup()]>>
Task was destroyed but it is pending!
task: <Task pending name='Task-1781' coro=<InteractiveBrokersClientMarketDataMixin._schedule_bar_completion_timeout.<locals>.completion_handler() done, defined at /Users/lindawang/Documents/Workspace/quant/.quant312/lib/python3.12/site-packages/nautilus_trader/adapters/interactive_brokers/client/market_data.py:1311> wait_for=<Future pending cb=[Task.task_wakeup()]>>
Task was destroyed but it is pending!
task: <Task pending name='Task-1783' coro=<InteractiveBrokersClientMarketDataMixin._schedule_bar_completion_timeout.<locals>.completion_handler() done, defined at /Users/lindawang/Documents/Workspace/quant/.quant312/lib/python3.12/site-packages/nautilus_trader/adapters/interactive_brokers/client/market_data.py:1311> wait_for=<Future pending cb=[Task.task_wakeup()]>>
Task was destroyed but it is pending!
task: <Task pending name='Task-1791' coro=<InteractiveBrokersClientMarketDataMixin._schedule_bar_completion_timeout.<locals>.completion_handler() done, defined at /Users/lindawang/Documents/Workspace/quant/.quant312/lib/python3.12/site-packages/nautilus_trader/adapters/interactive_brokers/client/market_data.py:1311> wait_for=<Future pending cb=[Task.task_wakeup()]>>
Task was destroyed but it is pending!
task: <Task pending name='Task-1793' coro=<InteractiveBrokersClientMarketDataMixin._schedule_bar_completion_timeout.<locals>.completion_handler() done, defined at /Users/lindawang/Documents/Workspace/quant/.quant312/lib/python3.12/site-packages/nautilus_trader/adapters/interactive_brokers/client/market_data.py:1311> wait_for=<Future pending cb=[Task.task_wakeup()]>>
Task was destroyed but it is pending!
task: <Task pending name='Task-1795' coro=<InteractiveBrokersClientMarketDataMixin._schedule_bar_completion_timeout.<locals>.completion_handler() done, defined at /Users/lindawang/Documents/Workspace/quant/.quant312/lib/python3.12/site-packages/nautilus_trader/adapters/interactive_brokers/client/market_data.py:1311> wait_for=<Future pending cb=[Task.task_wakeup()]>>
Task was destroyed but it is pending!
task: <Task pending name='Task-1803' coro=<InteractiveBrokersClientMarketDataMixin._schedule_bar_completion_timeout.<locals>.completion_handler() done, defined at /Users/lindawang/Documents/Workspace/quant/.quant312/lib/python3.12/site-packages/nautilus_trader/adapters/interactive_brokers/client/market_data.py:1311> wait_for=<Future pending cb=[Task.task_wakeup()]>>
Task was destroyed but it is pending!
task: <Task pending name='Task-1805' coro=<InteractiveBrokersClientMarketDataMixin._schedule_bar_completion_timeout.<locals>.completion_handler() done, defined at /Users/lindawang/Documents/Workspace/quant/.quant312/lib/python3.12/site-packages/nautilus_trader/adapters/interactive_brokers/client/market_data.py:1311> wait_for=<Future pending cb=[Task.task_wakeup()]>>
Task was destroyed but it is pending!
task: <Task pending name='Task-1807' coro=<InteractiveBrokersClientMarketDataMixin._schedule_bar_completion_timeout.<locals>.completion_handler() done, defined at /Users/lindawang/Documents/Workspace/quant/.quant312/lib/python3.12/site-packages/nautilus_trader/adapters/interactive_brokers/client/market_data.py:1311> wait_for=<Future pending cb=[Task.task_wakeup()]>>
Task was destroyed but it is pending!
task: <Task pending name='Task-1815' coro=<InteractiveBrokersClientMarketDataMixin._schedule_bar_completion_timeout.<locals>.completion_handler() done, defined at /Users/lindawang/Documents/Workspace/quant/.quant312/lib/python3.12/site-packages/nautilus_trader/adapters/interactive_brokers/client/market_data.py:1311> wait_for=<Future pending cb=[Task.task_wakeup()]>>
Task was destroyed but it is pending!
task: <Task pending name='Task-1817' coro=<InteractiveBrokersClientMarketDataMixin._schedule_bar_completion_timeout.<locals>.completion_handler() done, defined at /Users/lindawang/Documents/Workspace/quant/.quant312/lib/python3.12/site-packages/nautilus_trader/adapters/interactive_brokers/client/market_data.py:1311> wait_for=<Future pending cb=[Task.task_wakeup()]>>
Task was destroyed but it is pending!
task: <Task pending name='Task-1819' coro=<InteractiveBrokersClientMarketDataMixin._schedule_bar_completion_timeout.<locals>.completion_handler() done, defined at /Users/lindawang/Documents/Workspace/quant/.quant312/lib/python3.12/site-packages/nautilus_trader/adapters/interactive_brokers/client/market_data.py:1311> wait_for=<Future pending cb=[Task.task_wakeup()]>>
Task was destroyed but it is pending!
task: <Task pending name='Task-1827' coro=<InteractiveBrokersClientMarketDataMixin._schedule_bar_completion_timeout.<locals>.completion_handler() done, defined at /Users/lindawang/Documents/Workspace/quant/.quant312/lib/python3.12/site-packages/nautilus_trader/adapters/interactive_brokers/client/market_data.py:1311> wait_for=<Future pending cb=[Task.task_wakeup()]>>
Task was destroyed but it is pending!
task: <Task pending name='Task-1829' coro=<InteractiveBrokersClientMarketDataMixin._schedule_bar_completion_timeout.<locals>.completion_handler() done, defined at /Users/lindawang/Documents/Workspace/quant/.quant312/lib/python3.12/site-packages/nautilus_trader/adapters/interactive_brokers/client/market_data.py:1311> wait_for=<Future pending cb=[Task.task_wakeup()]>>
Task was destroyed but it is pending!
task: <Task pending name='Task-1831' coro=<InteractiveBrokersClientMarketDataMixin._schedule_bar_completion_timeout.<locals>.completion_handler() done, defined at /Users/lindawang/Documents/Workspace/quant/.quant312/lib/python3.12/site-packages/nautilus_trader/adapters/interactive_brokers/client/market_data.py:1311> wait_for=<Future pending cb=[Task.task_wakeup()]>>
Task was destroyed but it is pending!
task: <Task pending name='Task-1839' coro=<InteractiveBrokersClientMarketDataMixin._schedule_bar_completion_timeout.<locals>.completion_handler() done, defined at /Users/lindawang/Documents/Workspace/quant/.quant312/lib/python3.12/site-packages/nautilus_trader/adapters/interactive_brokers/client/market_data.py:1311> wait_for=<Future pending cb=[Task.task_wakeup()]>>
Task was destroyed but it is pending!
task: <Task pending name='Task-1841' coro=<InteractiveBrokersClientMarketDataMixin._schedule_bar_completion_timeout.<locals>.completion_handler() done, defined at /Users/lindawang/Documents/Workspace/quant/.quant312/lib/python3.12/site-packages/nautilus_trader/adapters/interactive_brokers/client/market_data.py:1311> wait_for=<Future pending cb=[Task.task_wakeup()]>>
Task was destroyed but it is pending!
task: <Task pending name='Task-1843' coro=<InteractiveBrokersClientMarketDataMixin._schedule_bar_completion_timeout.<locals>.completion_handler() done, defined at /Users/lindawang/Documents/Workspace/quant/.quant312/lib/python3.12/site-packages/nautilus_trader/adapters/interactive_brokers/client/market_data.py:1311> wait_for=<Future pending cb=[Task.task_wakeup()]>>
Task was destroyed but it is pending!
task: <Task pending name='Task-1502' coro=<InteractiveBrokersClientMarketDataMixin._schedule_bar_completion_timeout.<locals>.completion_handler() running at /Users/lindawang/Documents/Workspace/quant/.quant312/lib/python3.12/site-packages/nautilus_trader/adapters/interactive_brokers/client/market_data.py:1313> wait_for=<Future pending cb=[Task.task_wakeup()]>>
Task was destroyed but it is pending!
task: <Task pending name='Task-1504' coro=<InteractiveBrokersClientMarketDataMixin._schedule_bar_completion_timeout.<locals>.completion_handler() running at /Users/lindawang/Documents/Workspace/quant/.quant312/lib/python3.12/site-packages/nautilus_trader/adapters/interactive_brokers/client/market_data.py:1313> wait_for=<Future pending cb=[Task.task_wakeup()]>>
Task was destroyed but it is pending!
task: <Task pending name='Task-1506' coro=<InteractiveBrokersClientMarketDataMixin._schedule_bar_completion_timeout.<locals>.completion_handler() running at /Users/lindawang/Documents/Workspace/quant/.quant312/lib/python3.12/site-packages/nautilus_trader/adapters/interactive_brokers/client/market_data.py:1313> wait_for=<Future pending cb=[Task.task_wakeup()]>>
Task was destroyed but it is pending!
task: <Task pending name='Task-1514' coro=<InteractiveBrokersClientMarketDataMixin._schedule_bar_completion_timeout.<locals>.completion_handler() running at /Users/lindawang/Documents/Workspace/quant/.quant312/lib/python3.12/site-packages/nautilus_trader/adapters/interactive_brokers/client/market_data.py:1313> wait_for=<Future pending cb=[Task.task_wakeup()]>>
Task was destroyed but it is pending!
task: <Task pending name='Task-1516' coro=<InteractiveBrokersClientMarketDataMixin._schedule_bar_completion_timeout.<locals>.completion_handler() running at /Users/lindawang/Documents/Workspace/quant/.quant312/lib/python3.12/site-packages/nautilus_trader/adapters/interactive_brokers/client/market_data.py:1313> wait_for=<Future pending cb=[Task.task_wakeup()]>>
Task was destroyed but it is pending!
task: <Task pending name='Task-1518' coro=<InteractiveBrokersClientMarketDataMixin._schedule_bar_completion_timeout.<locals>.completion_handler() running at /Users/lindawang/Documents/Workspace/quant/.quant312/lib/python3.12/site-packages/nautilus_trader/adapters/interactive_brokers/client/market_data.py:1313> wait_for=<Future pending cb=[Task.task_wakeup()]>>
Task was destroyed but it is pending!
task: <Task pending name='Task-1526' coro=<InteractiveBrokersClientMarketDataMixin._schedule_bar_completion_timeout.<locals>.completion_handler() running at /Users/lindawang/Documents/Workspace/quant/.quant312/lib/python3.12/site-packages/nautilus_trader/adapters/interactive_brokers/client/market_data.py:1313> wait_for=<Future pending cb=[Task.task_wakeup()]>>
Task was destroyed but it is pending!
task: <Task pending name='Task-1528' coro=<InteractiveBrokersClientMarketDataMixin._schedule_bar_completion_timeout.<locals>.completion_handler() running at /Users/lindawang/Documents/Workspace/quant/.quant312/lib/python3.12/site-packages/nautilus_trader/adapters/interactive_brokers/client/market_data.py:1313> wait_for=<Future pending cb=[Task.task_wakeup()]>>
Task was destroyed but it is pending!
task: <Task pending name='Task-1530' coro=<InteractiveBrokersClientMarketDataMixin._schedule_bar_completion_timeout.<locals>.completion_handler() running at /Users/lindawang/Documents/Workspace/quant/.quant312/lib/python3.12/site-packages/nautilus_trader/adapters/interactive_brokers/client/market_data.py:1313> wait_for=<Future pending cb=[Task.task_wakeup()]>>
Task was destroyed but it is pending!
task: <Task pending name='Task-1538' coro=<InteractiveBrokersClientMarketDataMixin._schedule_bar_completion_timeout.<locals>.completion_handler() running at /Users/lindawang/Documents/Workspace/quant/.quant312/lib/python3.12/site-packages/nautilus_trader/adapters/interactive_brokers/client/market_data.py:1313> wait_for=<Future pending cb=[Task.task_wakeup()]>>
Task was destroyed but it is pending!
task: <Task pending name='Task-1540' coro=<InteractiveBrokersClientMarketDataMixin._schedule_bar_completion_timeout.<locals>.completion_handler() running at /Users/lindawang/Documents/Workspace/quant/.quant312/lib/python3.12/site-packages/nautilus_trader/adapters/interactive_brokers/client/market_data.py:1313> wait_for=<Future pending cb=[Task.task_wakeup()]>>
Task was destroyed but it is pending!
task: <Task pending name='Task-1542' coro=<InteractiveBrokersClientMarketDataMixin._schedule_bar_completion_timeout.<locals>.completion_handler() running at /Users/lindawang/Documents/Workspace/quant/.quant312/lib/python3.12/site-packages/nautilus_trader/adapters/interactive_brokers/client/market_data.py:1313> wait_for=<Future pending cb=[Task.task_wakeup()]>>
Task was destroyed but it is pending!
task: <Task pending name='Task-1550' coro=<InteractiveBrokersClientMarketDataMixin._schedule_bar_completion_timeout.<locals>.completion_handler() running at /Users/lindawang/Documents/Workspace/quant/.quant312/lib/python3.12/site-packages/nautilus_trader/adapters/interactive_brokers/client/market_data.py:1313> wait_for=<Future pending cb=[Task.task_wakeup()]>>
Task was destroyed but it is pending!
task: <Task pending name='Task-1552' coro=<InteractiveBrokersClientMarketDataMixin._schedule_bar_completion_timeout.<locals>.completion_handler() running at /Users/lindawang/Documents/Workspace/quant/.quant312/lib/python3.12/site-packages/nautilus_trader/adapters/interactive_brokers/client/market_data.py:1313> wait_for=<Future pending cb=[Task.task_wakeup()]>>
Task was destroyed but it is pending!
task: <Task pending name='Task-1554' coro=<InteractiveBrokersClientMarketDataMixin._schedule_bar_completion_timeout.<locals>.completion_handler() running at /Users/lindawang/Documents/Workspace/quant/.quant312/lib/python3.12/site-packages/nautilus_trader/adapters/interactive_brokers/client/market_data.py:1313> wait_for=<Future pending cb=[Task.task_wakeup()]>>
Task was destroyed but it is pending!
task: <Task pending name='Task-1562' coro=<InteractiveBrokersClientMarketDataMixin._schedule_bar_completion_timeout.<locals>.completion_handler() running at /Users/lindawang/Documents/Workspace/quant/.quant312/lib/python3.12/site-packages/nautilus_trader/adapters/interactive_brokers/client/market_data.py:1313> wait_for=<Future pending cb=[Task.task_wakeup()]>>
Task was destroyed but it is pending!
task: <Task pending name='Task-1564' coro=<InteractiveBrokersClientMarketDataMixin._schedule_bar_completion_timeout.<locals>.completion_handler() running at /Users/lindawang/Documents/Workspace/quant/.quant312/lib/python3.12/site-packages/nautilus_trader/adapters/interactive_brokers/client/market_data.py:1313> wait_for=<Future pending cb=[Task.task_wakeup()]>>
Task was destroyed but it is pending!
task: <Task pending name='Task-1566' coro=<InteractiveBrokersClientMarketDataMixin._schedule_bar_completion_timeout.<locals>.completion_handler() running at /Users/lindawang/Documents/Workspace/quant/.quant312/lib/python3.12/site-packages/nautilus_trader/adapters/interactive_brokers/client/market_data.py:1313> wait_for=<Future pending cb=[Task.task_wakeup()]>>
Task was destroyed but it is pending!
task: <Task pending name='Task-1574' coro=<InteractiveBrokersClientMarketDataMixin._schedule_bar_completion_timeout.<locals>.completion_handler() running at /Users/lindawang/Documents/Workspace/quant/.quant312/lib/python3.12/site-packages/nautilus_trader/adapters/interactive_brokers/client/market_data.py:1313> wait_for=<Future pending cb=[Task.task_wakeup()]>>
Task was destroyed but it is pending!
task: <Task pending name='Task-1576' coro=<InteractiveBrokersClientMarketDataMixin._schedule_bar_completion_timeout.<locals>.completion_handler() running at /Users/lindawang/Documents/Workspace/quant/.quant312/lib/python3.12/site-packages/nautilus_trader/adapters/interactive_brokers/client/market_data.py:1313> wait_for=<Future pending cb=[Task.task_wakeup()]>>
Task was destroyed but it is pending!
task: <Task pending name='Task-1578' coro=<InteractiveBrokersClientMarketDataMixin._schedule_bar_completion_timeout.<locals>.completion_handler() running at /Users/lindawang/Documents/Workspace/quant/.quant312/lib/python3.12/site-packages/nautilus_trader/adapters/interactive_brokers/client/market_data.py:1313> wait_for=<Future pending cb=[Task.task_wakeup()]>>
Task was destroyed but it is pending!
task: <Task pending name='Task-1586' coro=<InteractiveBrokersClientMarketDataMixin._schedule_bar_completion_timeout.<locals>.completion_handler() running at /Users/lindawang/Documents/Workspace/quant/.quant312/lib/python3.12/site-packages/nautilus_trader/adapters/interactive_brokers/client/market_data.py:1313> wait_for=<Future pending cb=[Task.task_wakeup()]>>
Task was destroyed but it is pending!
task: <Task pending name='Task-1588' coro=<InteractiveBrokersClientMarketDataMixin._schedule_bar_completion_timeout.<locals>.completion_handler() running at /Users/lindawang/Documents/Workspace/quant/.quant312/lib/python3.12/site-packages/nautilus_trader/adapters/interactive_brokers/client/market_data.py:1313> wait_for=<Future pending cb=[Task.task_wakeup()]>>
Task was destroyed but it is pending!
task: <Task pending name='Task-1590' coro=<InteractiveBrokersClientMarketDataMixin._schedule_bar_completion_timeout.<locals>.completion_handler() running at /Users/lindawang/Documents/Workspace/quant/.quant312/lib/python3.12/site-packages/nautilus_trader/adapters/interactive_brokers/client/market_data.py:1313> wait_for=<Future pending cb=[Task.task_wakeup()]>>
Task was destroyed but it is pending!
task: <Task pending name='Task-1598' coro=<InteractiveBrokersClientMarketDataMixin._schedule_bar_completion_timeout.<locals>.completion_handler() running at /Users/lindawang/Documents/Workspace/quant/.quant312/lib/python3.12/site-packages/nautilus_trader/adapters/interactive_brokers/client/market_data.py:1313> wait_for=<Future pending cb=[Task.task_wakeup()]>>
Task was destroyed but it is pending!
task: <Task pending name='Task-1600' coro=<InteractiveBrokersClientMarketDataMixin._schedule_bar_completion_timeout.<locals>.completion_handler() running at /Users/lindawang/Documents/Workspace/quant/.quant312/lib/python3.12/site-packages/nautilus_trader/adapters/interactive_brokers/client/market_data.py:1313> wait_for=<Future pending cb=[Task.task_wakeup()]>>
Task was destroyed but it is pending!
task: <Task pending name='Task-1602' coro=<InteractiveBrokersClientMarketDataMixin._schedule_bar_completion_timeout.<locals>.completion_handler() running at /Users/lindawang/Documents/Workspace/quant/.quant312/lib/python3.12/site-packages/nautilus_trader/adapters/interactive_brokers/client/market_data.py:1313> wait_for=<Future pending cb=[Task.task_wakeup()]>>
Task was destroyed but it is pending!
task: <Task pending name='Task-1610' coro=<InteractiveBrokersClientMarketDataMixin._schedule_bar_completion_timeout.<locals>.completion_handler() running at /Users/lindawang/Documents/Workspace/quant/.quant312/lib/python3.12/site-packages/nautilus_trader/adapters/interactive_brokers/client/market_data.py:1313> wait_for=<Future pending cb=[Task.task_wakeup()]>>
Task was destroyed but it is pending!
task: <Task pending name='Task-1612' coro=<InteractiveBrokersClientMarketDataMixin._schedule_bar_completion_timeout.<locals>.completion_handler() running at /Users/lindawang/Documents/Workspace/quant/.quant312/lib/python3.12/site-packages/nautilus_trader/adapters/interactive_brokers/client/market_data.py:1313> wait_for=<Future pending cb=[Task.task_wakeup()]>>
Task was destroyed but it is pending!
task: <Task pending name='Task-1614' coro=<InteractiveBrokersClientMarketDataMixin._schedule_bar_completion_timeout.<locals>.completion_handler() running at /Users/lindawang/Documents/Workspace/quant/.quant312/lib/python3.12/site-packages/nautilus_trader/adapters/interactive_brokers/client/market_data.py:1313> wait_for=<Future pending cb=[Task.task_wakeup()]>>
Task was destroyed but it is pending!
task: <Task pending name='Task-1622' coro=<InteractiveBrokersClientMarketDataMixin._schedule_bar_completion_timeout.<locals>.completion_handler() running at /Users/lindawang/Documents/Workspace/quant/.quant312/lib/python3.12/site-packages/nautilus_trader/adapters/interactive_brokers/client/market_data.py:1313> wait_for=<Future pending cb=[Task.task_wakeup()]>>
Task was destroyed but it is pending!
task: <Task pending name='Task-1624' coro=<InteractiveBrokersClientMarketDataMixin._schedule_bar_completion_timeout.<locals>.completion_handler() running at /Users/lindawang/Documents/Workspace/quant/.quant312/lib/python3.12/site-packages/nautilus_trader/adapters/interactive_brokers/client/market_data.py:1313> wait_for=<Future pending cb=[Task.task_wakeup()]>>
Task was destroyed but it is pending!
task: <Task pending name='Task-1626' coro=<InteractiveBrokersClientMarketDataMixin._schedule_bar_completion_timeout.<locals>.completion_handler() running at /Users/lindawang/Documents/Workspace/quant/.quant312/lib/python3.12/site-packages/nautilus_trader/adapters/interactive_brokers/client/market_data.py:1313> wait_for=<Future pending cb=[Task.task_wakeup()]>>
Task was destroyed but it is pending!
task: <Task pending name='Task-1634' coro=<InteractiveBrokersClientMarketDataMixin._schedule_bar_completion_timeout.<locals>.completion_handler() running at /Users/lindawang/Documents/Workspace/quant/.quant312/lib/python3.12/site-packages/nautilus_trader/adapters/interactive_brokers/client/market_data.py:1313> wait_for=<Future pending cb=[Task.task_wakeup()]>>
Task was destroyed but it is pending!
task: <Task pending name='Task-1636' coro=<InteractiveBrokersClientMarketDataMixin._schedule_bar_completion_timeout.<locals>.completion_handler() running at /Users/lindawang/Documents/Workspace/quant/.quant312/lib/python3.12/site-packages/nautilus_trader/adapters/interactive_brokers/client/market_data.py:1313> wait_for=<Future pending cb=[Task.task_wakeup()]>>
Task was destroyed but it is pending!
task: <Task pending name='Task-1638' coro=<InteractiveBrokersClientMarketDataMixin._schedule_bar_completion_timeout.<locals>.completion_handler() running at /Users/lindawang/Documents/Workspace/quant/.quant312/lib/python3.12/site-packages/nautilus_trader/adapters/interactive_brokers/client/market_data.py:1313> wait_for=<Future pending cb=[Task.task_wakeup()]>>
Task was destroyed but it is pending!
task: <Task pending name='Task-1646' coro=<InteractiveBrokersClientMarketDataMixin._schedule_bar_completion_timeout.<locals>.completion_handler() running at /Users/lindawang/Documents/Workspace/quant/.quant312/lib/python3.12/site-packages/nautilus_trader/adapters/interactive_brokers/client/market_data.py:1313> wait_for=<Future pending cb=[Task.task_wakeup()]>>
Task was destroyed but it is pending!
task: <Task pending name='Task-1648' coro=<InteractiveBrokersClientMarketDataMixin._schedule_bar_completion_timeout.<locals>.completion_handler() running at /Users/lindawang/Documents/Workspace/quant/.quant312/lib/python3.12/site-packages/nautilus_trader/adapters/interactive_brokers/client/market_data.py:1313> wait_for=<Future pending cb=[Task.task_wakeup()]>>
Task was destroyed but it is pending!
task: <Task pending name='Task-1650' coro=<InteractiveBrokersClientMarketDataMixin._schedule_bar_completion_timeout.<locals>.completion_handler() running at /Users/lindawang/Documents/Workspace/quant/.quant312/lib/python3.12/site-packages/nautilus_trader/adapters/interactive_brokers/client/market_data.py:1313> wait_for=<Future pending cb=[Task.task_wakeup()]>>
Task was destroyed but it is pending!
task: <Task pending name='Task-1659' coro=<InteractiveBrokersClientMarketDataMixin._schedule_bar_completion_timeout.<locals>.completion_handler() running at /Users/lindawang/Documents/Workspace/quant/.quant312/lib/python3.12/site-packages/nautilus_trader/adapters/interactive_brokers/client/market_data.py:1313> wait_for=<Future pending cb=[Task.task_wakeup()]>>
Task was destroyed but it is pending!
task: <Task pending name='Task-1661' coro=<InteractiveBrokersClientMarketDataMixin._schedule_bar_completion_timeout.<locals>.completion_handler() running at /Users/lindawang/Documents/Workspace/quant/.quant312/lib/python3.12/site-packages/nautilus_trader/adapters/interactive_brokers/client/market_data.py:1313> wait_for=<Future pending cb=[Task.task_wakeup()]>>
Task was destroyed but it is pending!
task: <Task pending name='Task-1663' coro=<InteractiveBrokersClientMarketDataMixin._schedule_bar_completion_timeout.<locals>.completion_handler() running at /Users/lindawang/Documents/Workspace/quant/.quant312/lib/python3.12/site-packages/nautilus_trader/adapters/interactive_brokers/client/market_data.py:1313> wait_for=<Future pending cb=[Task.task_wakeup()]>>
Task was destroyed but it is pending!
task: <Task pending name='Task-1671' coro=<InteractiveBrokersClientMarketDataMixin._schedule_bar_completion_timeout.<locals>.completion_handler() running at /Users/lindawang/Documents/Workspace/quant/.quant312/lib/python3.12/site-packages/nautilus_trader/adapters/interactive_brokers/client/market_data.py:1313> wait_for=<Future pending cb=[Task.task_wakeup()]>>
Task was destroyed but it is pending!
task: <Task pending name='Task-1673' coro=<InteractiveBrokersClientMarketDataMixin._schedule_bar_completion_timeout.<locals>.completion_handler() running at /Users/lindawang/Documents/Workspace/quant/.quant312/lib/python3.12/site-packages/nautilus_trader/adapters/interactive_brokers/client/market_data.py:1313> wait_for=<Future pending cb=[Task.task_wakeup()]>>
Task was destroyed but it is pending!
task: <Task pending name='Task-1675' coro=<InteractiveBrokersClientMarketDataMixin._schedule_bar_completion_timeout.<locals>.completion_handler() running at /Users/lindawang/Documents/Workspace/quant/.quant312/lib/python3.12/site-packages/nautilus_trader/adapters/interactive_brokers/client/market_data.py:1313> wait_for=<Future pending cb=[Task.task_wakeup()]>>
Task was destroyed but it is pending!
task: <Task pending name='Task-1683' coro=<InteractiveBrokersClientMarketDataMixin._schedule_bar_completion_timeout.<locals>.completion_handler() running at /Users/lindawang/Documents/Workspace/quant/.quant312/lib/python3.12/site-packages/nautilus_trader/adapters/interactive_brokers/client/market_data.py:1313> wait_for=<Future pending cb=[Task.task_wakeup()]>>
Task was destroyed but it is pending!
task: <Task pending name='Task-1685' coro=<InteractiveBrokersClientMarketDataMixin._schedule_bar_completion_timeout.<locals>.completion_handler() running at /Users/lindawang/Documents/Workspace/quant/.quant312/lib/python3.12/site-packages/nautilus_trader/adapters/interactive_brokers/client/market_data.py:1313> wait_for=<Future pending cb=[Task.task_wakeup()]>>
Task was destroyed but it is pending!
task: <Task pending name='Task-1687' coro=<InteractiveBrokersClientMarketDataMixin._schedule_bar_completion_timeout.<locals>.completion_handler() running at /Users/lindawang/Documents/Workspace/quant/.quant312/lib/python3.12/site-packages/nautilus_trader/adapters/interactive_brokers/client/market_data.py:1313> wait_for=<Future pending cb=[Task.task_wakeup()]>>
Task was destroyed but it is pending!
task: <Task pending name='Task-1695' coro=<InteractiveBrokersClientMarketDataMixin._schedule_bar_completion_timeout.<locals>.completion_handler() running at /Users/lindawang/Documents/Workspace/quant/.quant312/lib/python3.12/site-packages/nautilus_trader/adapters/interactive_brokers/client/market_data.py:1313> wait_for=<Future pending cb=[Task.task_wakeup()]>>
Task was destroyed but it is pending!
task: <Task pending name='Task-1697' coro=<InteractiveBrokersClientMarketDataMixin._schedule_bar_completion_timeout.<locals>.completion_handler() running at /Users/lindawang/Documents/Workspace/quant/.quant312/lib/python3.12/site-packages/nautilus_trader/adapters/interactive_brokers/client/market_data.py:1313> wait_for=<Future pending cb=[Task.task_wakeup()]>>
Task was destroyed but it is pending!
task: <Task pending name='Task-1699' coro=<InteractiveBrokersClientMarketDataMixin._schedule_bar_completion_timeout.<locals>.completion_handler() running at /Users/lindawang/Documents/Workspace/quant/.quant312/lib/python3.12/site-packages/nautilus_trader/adapters/interactive_brokers/client/market_data.py:1313> wait_for=<Future pending cb=[Task.task_wakeup()]>>
Task was destroyed but it is pending!
task: <Task pending name='Task-1707' coro=<InteractiveBrokersClientMarketDataMixin._schedule_bar_completion_timeout.<locals>.completion_handler() running at /Users/lindawang/Documents/Workspace/quant/.quant312/lib/python3.12/site-packages/nautilus_trader/adapters/interactive_brokers/client/market_data.py:1313> wait_for=<Future pending cb=[Task.task_wakeup()]>>
Task was destroyed but it is pending!
task: <Task pending name='Task-1709' coro=<InteractiveBrokersClientMarketDataMixin._schedule_bar_completion_timeout.<locals>.completion_handler() running at /Users/lindawang/Documents/Workspace/quant/.quant312/lib/python3.12/site-packages/nautilus_trader/adapters/interactive_brokers/client/market_data.py:1313> wait_for=<Future pending cb=[Task.task_wakeup()]>>
Task was destroyed but it is pending!
task: <Task pending name='Task-1711' coro=<InteractiveBrokersClientMarketDataMixin._schedule_bar_completion_timeout.<locals>.completion_handler() running at /Users/lindawang/Documents/Workspace/quant/.quant312/lib/python3.12/site-packages/nautilus_trader/adapters/interactive_brokers/client/market_data.py:1313> wait_for=<Future pending cb=[Task.task_wakeup()]>>
Task was destroyed but it is pending!
task: <Task pending name='Task-1719' coro=<InteractiveBrokersClientMarketDataMixin._schedule_bar_completion_timeout.<locals>.completion_handler() running at /Users/lindawang/Documents/Workspace/quant/.quant312/lib/python3.12/site-packages/nautilus_trader/adapters/interactive_brokers/client/market_data.py:1313> wait_for=<Future pending cb=[Task.task_wakeup()]>>
Task was destroyed but it is pending!
task: <Task pending name='Task-1721' coro=<InteractiveBrokersClientMarketDataMixin._schedule_bar_completion_timeout.<locals>.completion_handler() running at /Users/lindawang/Documents/Workspace/quant/.quant312/lib/python3.12/site-packages/nautilus_trader/adapters/interactive_brokers/client/market_data.py:1313> wait_for=<Future pending cb=[Task.task_wakeup()]>>
Task was destroyed but it is pending!
task: <Task pending name='Task-1723' coro=<InteractiveBrokersClientMarketDataMixin._schedule_bar_completion_timeout.<locals>.completion_handler() running at /Users/lindawang/Documents/Workspace/quant/.quant312/lib/python3.12/site-packages/nautilus_trader/adapters/interactive_brokers/client/market_data.py:1313> wait_for=<Future pending cb=[Task.task_wakeup()]>>
Task was destroyed but it is pending!
task: <Task pending name='Task-1731' coro=<InteractiveBrokersClientMarketDataMixin._schedule_bar_completion_timeout.<locals>.completion_handler() running at /Users/lindawang/Documents/Workspace/quant/.quant312/lib/python3.12/site-packages/nautilus_trader/adapters/interactive_brokers/client/market_data.py:1313> wait_for=<Future pending cb=[Task.task_wakeup()]>>
Task was destroyed but it is pending!
task: <Task pending name='Task-1733' coro=<InteractiveBrokersClientMarketDataMixin._schedule_bar_completion_timeout.<locals>.completion_handler() running at /Users/lindawang/Documents/Workspace/quant/.quant312/lib/python3.12/site-packages/nautilus_trader/adapters/interactive_brokers/client/market_data.py:1313> wait_for=<Future pending cb=[Task.task_wakeup()]>>
Task was destroyed but it is pending!
task: <Task pending name='Task-1735' coro=<InteractiveBrokersClientMarketDataMixin._schedule_bar_completion_timeout.<locals>.completion_handler() running at /Users/lindawang/Documents/Workspace/quant/.quant312/lib/python3.12/site-packages/nautilus_trader/adapters/interactive_brokers/client/market_data.py:1313> wait_for=<Future pending cb=[Task.task_wakeup()]>>
Task was destroyed but it is pending!
task: <Task pending name='Task-1743' coro=<InteractiveBrokersClientMarketDataMixin._schedule_bar_completion_timeout.<locals>.completion_handler() running at /Users/lindawang/Documents/Workspace/quant/.quant312/lib/python3.12/site-packages/nautilus_trader/adapters/interactive_brokers/client/market_data.py:1313> wait_for=<Future pending cb=[Task.task_wakeup()]>>
