[1m2026-07-27T19:43:22.085123000Z[0m [36m[INFO] PAPER-EQUITY-001.TradingNode: =================================================================[0m
[1m2026-07-27T19:43:22.085131000Z[0m [36m[INFO] PAPER-EQUITY-001.TradingNode:  NAUTILUS TRADER - Automated Algorithmic Trading Platform[0m
[1m2026-07-27T19:43:22.085132000Z[0m [36m[INFO] PAPER-EQUITY-001.TradingNode:  by Nautech Systems Pty Ltd.[0m
[1m2026-07-27T19:43:22.085132001Z[0m [36m[INFO] PAPER-EQUITY-001.TradingNode:  Copyright (C) 2015-2026. All rights reserved.[0m
[1m2026-07-27T19:43:22.085132002Z[0m [36m[INFO] PAPER-EQUITY-001.TradingNode: =================================================================[0m
[1m2026-07-27T19:43:22.085132003Z[0m [INFO] PAPER-EQUITY-001.TradingNode: [0m
[1m2026-07-27T19:43:22.085132004Z[0m [INFO] PAPER-EQUITY-001.TradingNode: ⠀⠀⠀⠀⠀⠀⠀⠀⠀⠀⠀⠀⠀⣠⣴⣶⡟⠀⠀⠀⠀⠀⠀⠀⠀⠀⠀⠀⠀⠀⠀[0m
[1m2026-07-27T19:43:22.085132005Z[0m [INFO] PAPER-EQUITY-001.TradingNode: ⠀⠀⠀⠀⠀⠀⠀⠀⠀⠀⠀⣰⣾⣿⣿⣿⠀⢸⣿⣿⣿⣿⣶⣶⣤⣀⠀⠀⠀⠀⠀[0m
[1m2026-07-27T19:43:22.085133000Z[0m [INFO] PAPER-EQUITY-001.TradingNode: ⠀⠀⠀⠀⠀⠀⢀⣴⡇⢀⣾⣿⣿⣿⣿⣿⠀⣾⣿⣿⣿⣿⣿⣿⣿⠿⠓⠀⠀⠀⠀[0m
[1m2026-07-27T19:43:22.085133001Z[0m [INFO] PAPER-EQUITY-001.TradingNode: ⠀⠀⠀⠀⠀⣰⣿⣿⡀⢸⣿⣿⣿⣿⣿⣿⠀⣿⣿⣿⣿⣿⣿⠟⠁⣠⣄⠀⠀⠀⠀[0m
[1m2026-07-27T19:43:22.085133002Z[0m [INFO] PAPER-EQUITY-001.TradingNode: ⠀⠀⠀⠀⢠⣿⣿⣿⣇⠀⢿⣿⣿⣿⣿⣿⠀⢻⣿⣿⣿⡿⢃⣠⣾⣿⣿⣧⡀⠀⠀[0m
[1m2026-07-27T19:43:22.085133003Z[0m [INFO] PAPER-EQUITY-001.TradingNode: ⠀⠀⠀⠠⣾⣿⣿⣿⣿⣿⣧⠈⠋⢀⣴⣧⠀⣿⡏⢠⡀⢸⣿⣿⣿⣿⣿⣿⣿⡇⠀[0m
[1m2026-07-27T19:43:22.085133004Z[0m [INFO] PAPER-EQUITY-001.TradingNode: ⠀⠀⠀⣀⠙⢿⣿⣿⣿⣿⣿⠇⢠⣿⣿⣿⡄⠹⠃⠼⠃⠈⠉⠛⠛⠛⠛⠛⠻⠇⠀[0m
[1m2026-07-27T19:43:22.085133005Z[0m [INFO] PAPER-EQUITY-001.TradingNode: ⠀⠀⢸⡟⢠⣤⠉⠛⠿⢿⣿⠀⢸⣿⡿⠋⣠⣤⣄⠀⣾⣿⣿⣶⣶⣶⣦⡄⠀⠀⠀[0m
[1m2026-07-27T19:43:22.085133006Z[0m [INFO] PAPER-EQUITY-001.TradingNode: ⠀⠀⠸⠀⣾⠏⣸⣷⠂⣠⣤⠀⠘⢁⣴⣾⣿⣿⣿⡆⠘⣿⣿⣿⣿⣿⣿⠀⠀⠀⠀[0m
[1m2026-07-27T19:43:22.085134000Z[0m [INFO] PAPER-EQUITY-001.TradingNode: ⠀⠀⠀⠀⠛⠀⣿⡟⠀⢻⣿⡄⠸⣿⣿⣿⣿⣿⣿⣿⡀⠘⣿⣿⣿⣿⠟⠀⠀⠀⠀[0m
[1m2026-07-27T19:43:22.085134001Z[0m [INFO] PAPER-EQUITY-001.TradingNode: ⠀⠀⠀⠀⠀⠀⣿⠇⠀⠀⢻⡿⠀⠈⠻⣿⣿⣿⣿⣿⡇⠀⢹⣿⠿⠋⠀⠀⠀⠀⠀[0m
[1m2026-07-27T19:43:22.085134002Z[0m [INFO] PAPER-EQUITY-001.TradingNode: ⠀⠀⠀⠀⠀⠀⠋⠀⠀⠀⡘⠁⠀⠀⠀⠀⠀⠀⠀⠀⠀⠀⠈⠁⠀⠀⠀⠀⠀⠀⠀[0m
[1m2026-07-27T19:43:22.085134003Z[0m [INFO] PAPER-EQUITY-001.TradingNode: [0m
[1m2026-07-27T19:43:22.085134004Z[0m [36m[INFO] PAPER-EQUITY-001.TradingNode: =================================================================[0m
[1m2026-07-27T19:43:22.085134005Z[0m [36m[INFO] PAPER-EQUITY-001.TradingNode:  SYSTEM SPECIFICATION[0m
[1m2026-07-27T19:43:22.085134006Z[0m [36m[INFO] PAPER-EQUITY-001.TradingNode: =================================================================[0m
[1m2026-07-27T19:43:22.085134007Z[0m [INFO] PAPER-EQUITY-001.TradingNode: CPU architecture: Apple M4[0m
[1m2026-07-27T19:43:22.085135000Z[0m [INFO] PAPER-EQUITY-001.TradingNode: CPU(s): 10 @ 4464 MHz[0m
[1m2026-07-27T19:43:22.085135001Z[0m [INFO] PAPER-EQUITY-001.TradingNode: OS: kernel-25.5.0 macOS 26.5.2 Tahoe[0m
[1m2026-07-27T19:43:22.085145000Z[0m [36m[INFO] PAPER-EQUITY-001.TradingNode: =================================================================[0m
[1m2026-07-27T19:43:22.085145001Z[0m [36m[INFO] PAPER-EQUITY-001.TradingNode:  MEMORY USAGE[0m
[1m2026-07-27T19:43:22.085145002Z[0m [36m[INFO] PAPER-EQUITY-001.TradingNode: =================================================================[0m
[1m2026-07-27T19:43:22.085148000Z[0m [INFO] PAPER-EQUITY-001.TradingNode: RAM-Total: 32.00 GiB[0m
[1m2026-07-27T19:43:22.085149000Z[0m [INFO] PAPER-EQUITY-001.TradingNode: RAM-Used: 22.61 GiB (70.65%)[0m
[1m2026-07-27T19:43:22.085149001Z[0m [INFO] PAPER-EQUITY-001.TradingNode: RAM-Avail: 9.39 GiB (29.35%)[0m
[1m2026-07-27T19:43:22.085150000Z[0m [INFO] PAPER-EQUITY-001.TradingNode: Swap: disabled[0m
[1m2026-07-27T19:43:22.085153000Z[0m [36m[INFO] PAPER-EQUITY-001.TradingNode: =================================================================[0m
[1m2026-07-27T19:43:22.085153001Z[0m [36m[INFO] PAPER-EQUITY-001.TradingNode:  IDENTIFIERS[0m
[1m2026-07-27T19:43:22.085153002Z[0m [36m[INFO] PAPER-EQUITY-001.TradingNode: =================================================================[0m
[1m2026-07-27T19:43:22.085153003Z[0m [INFO] PAPER-EQUITY-001.TradingNode: trader_id: PAPER-EQUITY-001[0m
[1m2026-07-27T19:43:22.085153004Z[0m [INFO] PAPER-EQUITY-001.TradingNode: machine_id: Mac.lan[0m
[1m2026-07-27T19:43:22.085154000Z[0m [INFO] PAPER-EQUITY-001.TradingNode: instance_id: 9be4ed38-2490-4d7e-865c-e6793a3d6042[0m
[1m2026-07-27T19:43:22.085155000Z[0m [INFO] PAPER-EQUITY-001.TradingNode: PID: 14688[0m
[1m2026-07-27T19:43:22.085155001Z[0m [36m[INFO] PAPER-EQUITY-001.TradingNode: =================================================================[0m
[1m2026-07-27T19:43:22.085155002Z[0m [36m[INFO] PAPER-EQUITY-001.TradingNode:  VERSIONING[0m
[1m2026-07-27T19:43:22.085155003Z[0m [36m[INFO] PAPER-EQUITY-001.TradingNode: =================================================================[0m
[1m2026-07-27T19:43:22.085165000Z[0m [INFO] PAPER-EQUITY-001.TradingNode: nautilus_trader: 1.229.0[0m
[1m2026-07-27T19:43:22.085168000Z[0m [INFO] PAPER-EQUITY-001.TradingNode: python: 3.12.13[0m
[1m2026-07-27T19:43:22.085169000Z[0m [INFO] PAPER-EQUITY-001.TradingNode: numpy: 2.5.0[0m
[1m2026-07-27T19:43:22.085171000Z[0m [INFO] PAPER-EQUITY-001.TradingNode: pandas: 3.0.4[0m
[1m2026-07-27T19:43:22.085172000Z[0m [INFO] PAPER-EQUITY-001.TradingNode: msgspec: 0.21.1[0m
[1m2026-07-27T19:43:22.085174000Z[0m [INFO] PAPER-EQUITY-001.TradingNode: pyarrow: 24.0.0[0m
[1m2026-07-27T19:43:22.085175000Z[0m [INFO] PAPER-EQUITY-001.TradingNode: pytz: 2026.2[0m
[1m2026-07-27T19:43:22.085176000Z[0m [INFO] PAPER-EQUITY-001.TradingNode: uvloop: 0.22.1[0m
[1m2026-07-27T19:43:22.085176001Z[0m [36m[INFO] PAPER-EQUITY-001.TradingNode: =================================================================[0m
[1m2026-07-27T19:43:22.085184000Z[0m [INFO] PAPER-EQUITY-001.TradingNode: Building system kernel[0m
[1m2026-07-27T19:43:22.085259000Z[0m [INFO] PAPER-EQUITY-001.CacheDatabaseAdapter: READY[0m
[1m2026-07-27T19:43:22.085264000Z[0m [94m[INFO] PAPER-EQUITY-001.CacheDatabaseAdapter: config.database=DatabaseConfig(type=redis, host=127.0.0.1, port=6379, username=None, password=None, ssl=False, connection_timeout=20, response_timeout=20, number_of_retries=3, exponent_base=2, max_delay=1000, factor=2)[0m
[1m2026-07-27T19:43:22.085264001Z[0m [94m[INFO] PAPER-EQUITY-001.CacheDatabaseAdapter: config.encoding='msgpack'[0m
[1m2026-07-27T19:43:22.085264002Z[0m [94m[INFO] PAPER-EQUITY-001.CacheDatabaseAdapter: config.timestamps_as_iso8601=False[0m
[1m2026-07-27T19:43:22.085265000Z[0m [94m[INFO] PAPER-EQUITY-001.CacheDatabaseAdapter: config.buffer_interval_ms=100[0m
[1m2026-07-27T19:43:22.085265001Z[0m [94m[INFO] PAPER-EQUITY-001.CacheDatabaseAdapter: config.flush_on_start=False[0m
[1m2026-07-27T19:43:22.085265002Z[0m [94m[INFO] PAPER-EQUITY-001.CacheDatabaseAdapter: config.use_trader_prefix=True[0m
[1m2026-07-27T19:43:22.085265003Z[0m [94m[INFO] PAPER-EQUITY-001.CacheDatabaseAdapter: config.use_instance_id=False[0m
[1m2026-07-27T19:43:22.086711000Z[0m [94m[INFO] PAPER-EQUITY-001.MessageBus: config.database=None[0m
[1m2026-07-27T19:43:22.086714000Z[0m [94m[INFO] PAPER-EQUITY-001.MessageBus: config.encoding='json'[0m
[1m2026-07-27T19:43:22.086714001Z[0m [94m[INFO] PAPER-EQUITY-001.MessageBus: config.timestamps_as_iso8601=False[0m
[1m2026-07-27T19:43:22.086715000Z[0m [94m[INFO] PAPER-EQUITY-001.MessageBus: config.buffer_interval_ms=None[0m
[1m2026-07-27T19:43:22.086715001Z[0m [94m[INFO] PAPER-EQUITY-001.MessageBus: config.autotrim_mins=None[0m
[1m2026-07-27T19:43:22.086716000Z[0m [94m[INFO] PAPER-EQUITY-001.MessageBus: config.use_trader_prefix=True[0m
[1m2026-07-27T19:43:22.086716001Z[0m [94m[INFO] PAPER-EQUITY-001.MessageBus: config.use_trader_id=True[0m
[1m2026-07-27T19:43:22.086716002Z[0m [94m[INFO] PAPER-EQUITY-001.MessageBus: config.use_instance_id=False[0m
[1m2026-07-27T19:43:22.086717000Z[0m [94m[INFO] PAPER-EQUITY-001.MessageBus: config.streams_prefix='stream'[0m
[1m2026-07-27T19:43:22.086717001Z[0m [94m[INFO] PAPER-EQUITY-001.MessageBus: config.types_filter=None[0m
[1m2026-07-27T19:43:22.086752000Z[0m [INFO] PAPER-EQUITY-001.Cache: READY[0m
[1m2026-07-27T19:43:22.087075000Z[0m [INFO] PAPER-EQUITY-001.DataEngine: READY[0m
[1m2026-07-27T19:43:22.087132000Z[0m [94m[INFO] PAPER-EQUITY-001.DataEngine: config.graceful_shutdown_on_exception=False[0m
[1m2026-07-27T19:43:22.087157000Z[0m [INFO] PAPER-EQUITY-001.RiskEngine: READY[0m
[1m2026-07-27T19:43:22.087178000Z[0m [94m[INFO] PAPER-EQUITY-001.RiskEngine: TradingState is ACTIVE[0m
[1m2026-07-27T19:43:22.087261000Z[0m [INFO] PAPER-EQUITY-001.Throttler-ORDER_SUBMIT_THROTTLER: READY[0m
[1m2026-07-27T19:43:22.087274000Z[0m [94m[INFO] PAPER-EQUITY-001.RiskEngine: Set MAX_ORDER_SUBMIT_RATE: 100/00:00:01[0m
[1m2026-07-27T19:43:22.087289000Z[0m [INFO] PAPER-EQUITY-001.Throttler-ORDER_MODIFY_THROTTLER: READY[0m
[1m2026-07-27T19:43:22.087293000Z[0m [94m[INFO] PAPER-EQUITY-001.RiskEngine: Set MAX_ORDER_MODIFY_RATE: 100/00:00:01[0m
[1m2026-07-27T19:43:22.087307000Z[0m [94m[INFO] PAPER-EQUITY-001.RiskEngine: config.graceful_shutdown_on_exception=False[0m
[1m2026-07-27T19:43:22.087336000Z[0m [INFO] PAPER-EQUITY-001.ExecEngine: READY[0m
[1m2026-07-27T19:43:22.087351000Z[0m [94m[INFO] PAPER-EQUITY-001.ExecEngine: config.snapshot_orders=True[0m
[1m2026-07-27T19:43:22.087352000Z[0m [94m[INFO] PAPER-EQUITY-001.ExecEngine: config.snapshot_positions=True[0m
[1m2026-07-27T19:43:22.087353000Z[0m [94m[INFO] PAPER-EQUITY-001.ExecEngine: config.snapshot_positions_interval_secs=60.0[0m
[1m2026-07-27T19:43:22.087354000Z[0m [94m[INFO] PAPER-EQUITY-001.ExecEngine: config.allow_overfills=False[0m
[1m2026-07-27T19:43:22.087375000Z[0m [94m[INFO] PAPER-EQUITY-001.ExecEngine: config.reconciliation=True[0m
[1m2026-07-27T19:43:22.087376000Z[0m [94m[INFO] PAPER-EQUITY-001.ExecEngine: config.reconciliation_lookback_mins=None[0m
[1m2026-07-27T19:43:22.087376001Z[0m [94m[INFO] PAPER-EQUITY-001.ExecEngine: config.reconciliation_instrument_ids=None[0m
[1m2026-07-27T19:43:22.087377000Z[0m [94m[INFO] PAPER-EQUITY-001.ExecEngine: config.filter_unclaimed_external_orders=False[0m
[1m2026-07-27T19:43:22.087377001Z[0m [94m[INFO] PAPER-EQUITY-001.ExecEngine: config.filter_position_reports=False[0m
[1m2026-07-27T19:43:22.087378000Z[0m [94m[INFO] PAPER-EQUITY-001.ExecEngine: config.filtered_client_order_ids=None[0m
[1m2026-07-27T19:43:22.087378001Z[0m [94m[INFO] PAPER-EQUITY-001.ExecEngine: config.inflight_check_interval_ms=2000[0m
[1m2026-07-27T19:43:22.087378002Z[0m [94m[INFO] PAPER-EQUITY-001.ExecEngine: config.inflight_check_threshold_ms=5000[0m
[1m2026-07-27T19:43:22.087379000Z[0m [94m[INFO] PAPER-EQUITY-001.ExecEngine: config.inflight_check_retries=5[0m
[1m2026-07-27T19:43:22.087379001Z[0m [94m[INFO] PAPER-EQUITY-001.ExecEngine: config.own_books_audit_interval_secs=None[0m
[1m2026-07-27T19:43:22.087380000Z[0m [94m[INFO] PAPER-EQUITY-001.ExecEngine: config.open_check_interval_secs=None[0m
[1m2026-07-27T19:43:22.087380001Z[0m [94m[INFO] PAPER-EQUITY-001.ExecEngine: config.open_check_open_only=True[0m
[1m2026-07-27T19:43:22.087380002Z[0m [94m[INFO] PAPER-EQUITY-001.ExecEngine: config.open_check_lookback_mins=60[0m
[1m2026-07-27T19:43:22.087381000Z[0m [94m[INFO] PAPER-EQUITY-001.ExecEngine: config.open_check_threshold_ms=5000[0m
[1m2026-07-27T19:43:22.087381001Z[0m [94m[INFO] PAPER-EQUITY-001.ExecEngine: config.open_check_missing_retries=5[0m
[1m2026-07-27T19:43:22.087381002Z[0m [94m[INFO] PAPER-EQUITY-001.ExecEngine: config.max_single_order_queries_per_cycle=10[0m
[1m2026-07-27T19:43:22.087382000Z[0m [94m[INFO] PAPER-EQUITY-001.ExecEngine: config.single_order_query_delay_ms=100[0m
[1m2026-07-27T19:43:22.087382001Z[0m [94m[INFO] PAPER-EQUITY-001.ExecEngine: config.position_check_interval_secs=None[0m
[1m2026-07-27T19:43:22.087382002Z[0m [94m[INFO] PAPER-EQUITY-001.ExecEngine: config.position_check_lookback_mins=60[0m
[1m2026-07-27T19:43:22.087382003Z[0m [94m[INFO] PAPER-EQUITY-001.ExecEngine: config.position_check_threshold_ms=5000[0m
[1m2026-07-27T19:43:22.087383000Z[0m [94m[INFO] PAPER-EQUITY-001.ExecEngine: config.position_check_retries=3[0m
[1m2026-07-27T19:43:22.087383001Z[0m [94m[INFO] PAPER-EQUITY-001.ExecEngine: config.reconciliation_startup_delay_secs=10.0[0m
[1m2026-07-27T19:43:22.087384000Z[0m [94m[INFO] PAPER-EQUITY-001.ExecEngine: config.purge_closed_orders_interval_mins=None[0m
[1m2026-07-27T19:43:22.087384001Z[0m [94m[INFO] PAPER-EQUITY-001.ExecEngine: config.purge_closed_orders_buffer_mins=None[0m
[1m2026-07-27T19:43:22.087384002Z[0m [94m[INFO] PAPER-EQUITY-001.ExecEngine: config.purge_closed_positions_interval_mins=None[0m
[1m2026-07-27T19:43:22.087384003Z[0m [94m[INFO] PAPER-EQUITY-001.ExecEngine: config.purge_closed_positions_buffer_mins=None[0m
[1m2026-07-27T19:43:22.087385000Z[0m [94m[INFO] PAPER-EQUITY-001.ExecEngine: config.purge_account_events_interval_mins=None[0m
[1m2026-07-27T19:43:22.087385001Z[0m [94m[INFO] PAPER-EQUITY-001.ExecEngine: config.purge_account_events_lookback_mins=None[0m
[1m2026-07-27T19:43:22.087386000Z[0m [94m[INFO] PAPER-EQUITY-001.ExecEngine: config.purge_from_database=False[0m
[1m2026-07-27T19:43:22.087386001Z[0m [94m[INFO] PAPER-EQUITY-001.ExecEngine: config.graceful_shutdown_on_exception=False[0m
[1m2026-07-27T19:43:22.087587000Z[0m [94m[INFO] PAPER-EQUITY-001.Cache: Cached 1 general object from database[0m
[1m2026-07-27T19:43:22.087773000Z[0m [94m[INFO] PAPER-EQUITY-001.Cache: Cached 1 currency from database[0m
[1m2026-07-27T19:43:22.088020000Z[0m [94m[INFO] PAPER-EQUITY-001.Cache: Cached 1 instrument from database[0m
[1m2026-07-27T19:43:22.088331000Z[0m [94m[INFO] PAPER-EQUITY-001.Cache: Cached 1 account from database[0m
[1m2026-07-27T19:43:22.088532000Z[0m [INFO] PAPER-EQUITY-001.Cache: Cached 0 orders from database[0m
[1m2026-07-27T19:43:22.088537000Z[0m [INFO] PAPER-EQUITY-001.Cache: Cached 0 order lists from database[0m
[1m2026-07-27T19:43:22.088606000Z[0m [INFO] PAPER-EQUITY-001.Cache: Cached 0 positions from database[0m
[1m2026-07-27T19:43:22.088618000Z[0m [INFO] PAPER-EQUITY-001.Cache: Checking data integrity[0m
[1m2026-07-27T19:43:22.088626000Z[0m [92m[INFO] PAPER-EQUITY-001.Cache: Integrity check passed in 6μs[0m
[1m2026-07-27T19:43:22.088636000Z[0m [INFO] PAPER-EQUITY-001.ExecEngine: Loaded cache in 1ms[0m
[1m2026-07-27T19:43:22.088666000Z[0m [INFO] PAPER-EQUITY-001.OrderEmulator: READY[0m
[1m2026-07-27T19:43:22.088699000Z[0m [INFO] PAPER-EQUITY-001.PAPER-EQUITY-001: READY[0m
[1m2026-07-27T19:43:22.088712000Z[0m [INFO] PAPER-EQUITY-001.TradingNode: Initialized in 3ms[0m
[1m2026-07-27T19:43:22.088720000Z[0m [94m[INFO] PAPER-EQUITY-001.TradingNode: has_cache_backing=True[0m
[1m2026-07-27T19:43:22.088720001Z[0m [94m[INFO] PAPER-EQUITY-001.TradingNode: has_msgbus_backing=False[0m
[1m2026-07-27T19:43:22.088772000Z[0m [INFO] PAPER-EQUITY-001.MLStrategy: READY[0m
[1m2026-07-27T19:43:22.088849000Z[0m [INFO] PAPER-EQUITY-001.ExecEngine: Registered OMS.UNSPECIFIED for Strategy MLStrategy-000[0m
[1m2026-07-27T19:43:22.088851000Z[0m [INFO] PAPER-EQUITY-001.PAPER-EQUITY-001: Registered Strategy MLStrategy-000[0m
[1m2026-07-27T19:43:22.088991000Z[0m [94m[INFO] PAPER-EQUITY-001.MLStrategy: Loaded state ['ml_strategy.json'][0m
[1m2026-07-27T19:43:22.088995000Z[0m [INFO] PAPER-EQUITY-001.TradingNode: Building data client for IB[0m
[1m2026-07-27T19:43:22.089011000Z[0m [INFO] PAPER-EQUITY-001.InteractiveBrokersClient-001: READY[0m
[1m2026-07-27T19:43:22.089070000Z[0m [1;33m[WARN] PAPER-EQUITY-001.InteractiveBrokersClient-001: Started when loop is not running[0m
[1m2026-07-27T19:43:22.089119000Z[0m [INFO] PAPER-EQUITY-001.InteractiveBrokersClient-001: Starting InteractiveBrokersClient (1)...[0m
[1m2026-07-27T19:43:22.089130000Z[0m [INFO] PAPER-EQUITY-001.InteractiveBrokersClient-001: Connecting to 127.0.0.1:7497 with client id: 1[0m
[1m2026-07-27T19:43:22.098678000Z[0m [INFO] PAPER-EQUITY-001.InteractiveBrokersClient-001: Connected to Interactive Brokers (v223) at 20260727 12:43:21 PST from 127.0.0.1:7497 with client id: 1[0m
[1m2026-07-27T19:43:22.099674000Z[0m [1;33m[WARN] PAPER-EQUITY-001.InteractiveBrokersClient-001: Market data farm connection is OK:cashfarm (code: 2104, req_id=-1)[0m
[1m2026-07-27T19:43:22.099761000Z[0m [1;33m[WARN] PAPER-EQUITY-001.InteractiveBrokersClient-001: Market data farm connection is OK:uscrypto (code: 2104, req_id=-1)[0m
[1m2026-07-27T19:43:22.099844000Z[0m [INFO] PAPER-EQUITY-001.InteractiveBrokersClient-001: RUNNING[0m
[1m2026-07-27T19:43:22.099866000Z[0m [INFO] PAPER-EQUITY-001.InteractiveBrokersInstrumentProvider: READY[0m
[1m2026-07-27T19:43:22.099921000Z[0m [INFO] PAPER-EQUITY-001.DataClient-IB: READY[0m
[1m2026-07-27T19:43:22.099945000Z[0m [INFO] PAPER-EQUITY-001.DataEngine: Registered IB for default routing[0m
[1m2026-07-27T19:43:22.099950000Z[0m [INFO] PAPER-EQUITY-001.TradingNode: Building execution client for IB[0m
[1m2026-07-27T19:43:22.099996000Z[0m [INFO] PAPER-EQUITY-001.ExecClient-IB: READY[0m
[1m2026-07-27T19:43:22.100011000Z[0m [INFO] PAPER-EQUITY-001.ExecEngine: Registered ExecutionClient-IB for default routing[0m
[1m2026-07-27T19:43:22.100041000Z[0m [1;33m[WARN] PAPER-EQUITY-001.InteractiveBrokersClient-001: Market data farm connection is OK:usfuture (code: 2104, req_id=-1)[0m
[1m2026-07-27T19:43:22.100057000Z[0m [INFO] PAPER-EQUITY-001.TradingNode: STARTING[0m
[1m2026-07-27T19:43:22.100081000Z[0m [INFO] PAPER-EQUITY-001.DataClient-IB: RUNNING[0m
[1m2026-07-27T19:43:22.100094000Z[0m [INFO] PAPER-EQUITY-001.DataEngine: RUNNING[0m
[1m2026-07-27T19:43:22.100106000Z[0m [INFO] PAPER-EQUITY-001.RiskEngine: RUNNING[0m
[1m2026-07-27T19:43:22.100113000Z[0m [INFO] PAPER-EQUITY-001.ExecClient-IB: RUNNING[0m
[1m2026-07-27T19:43:22.100120000Z[0m [INFO] PAPER-EQUITY-001.ExecEngine: Starting position snapshots timer at 60.0 second intervals[0m
[1m2026-07-27T19:43:22.100261000Z[0m [94m[INFO] PAPER-EQUITY-001.ExecEngine: Started reconciliation task[0m
[1m2026-07-27T19:43:22.100264000Z[0m [INFO] PAPER-EQUITY-001.ExecEngine: RUNNING[0m
[1m2026-07-27T19:43:22.100267000Z[0m [INFO] PAPER-EQUITY-001.DataEngine: Connecting all clients...[0m
[1m2026-07-27T19:43:22.100269000Z[0m [INFO] PAPER-EQUITY-001.DataClient-IB: Connecting...[0m
[1m2026-07-27T19:43:22.100274000Z[0m [INFO] PAPER-EQUITY-001.ExecEngine: Connecting all clients...[0m
[1m2026-07-27T19:43:22.100275000Z[0m [INFO] PAPER-EQUITY-001.ExecClient-IB: Connecting...[0m
[1m2026-07-27T19:43:22.100281000Z[0m [94m[INFO] PAPER-EQUITY-001.TradingNode: Awaiting engine connections and initializations (60.0s timeout)...[0m
[1m2026-07-27T19:43:22.100366000Z[0m [94m[INFO] PAPER-EQUITY-001.ExecEngine: Starting continuous reconciliation with intervals: inflight=2000ms, consistency=Nones, position=Nones[0m
[1m2026-07-27T19:43:22.100368000Z[0m [94m[INFO] PAPER-EQUITY-001.ExecEngine: Awaiting startup reconciliation completion before starting continuous checks[0m
[1m2026-07-27T19:43:22.100375000Z[0m [INFO] PAPER-EQUITY-001.InteractiveBrokersClient-001: Setting Market DataType to REALTIME[0m
[1m2026-07-27T19:43:22.100434000Z[0m [1;33m[WARN] PAPER-EQUITY-001.InteractiveBrokersInstrumentProvider: No loading configured: ensure either `load_all=True` or there are `load_ids`[0m
[1m2026-07-27T19:43:22.100531000Z[0m [1;33m[WARN] PAPER-EQUITY-001.InteractiveBrokersClient-001: Market data farm connection is OK:usopt.nj (code: 2104, req_id=-1)[0m
[1m2026-07-27T19:43:22.100607000Z[0m [1;33m[WARN] PAPER-EQUITY-001.InteractiveBrokersClient-001: Market data farm connection is OK:usfarm.nj (code: 2104, req_id=-1)[0m
[1m2026-07-27T19:43:22.100706000Z[0m [1;33m[WARN] PAPER-EQUITY-001.InteractiveBrokersClient-001: Market data farm connection is OK:usfarm (code: 2104, req_id=-1)[0m
[1m2026-07-27T19:43:22.100769000Z[0m [1;33m[WARN] PAPER-EQUITY-001.InteractiveBrokersClient-001: HMDS data farm connection is OK:euhmds (code: 2106, req_id=-1)[0m
[1m2026-07-27T19:43:22.100853000Z[0m [1;33m[WARN] PAPER-EQUITY-001.InteractiveBrokersClient-001: HMDS data farm connection is OK:fundfarm (code: 2106, req_id=-1)[0m
[1m2026-07-27T19:43:22.100929000Z[0m [1;33m[WARN] PAPER-EQUITY-001.InteractiveBrokersClient-001: HMDS data farm connection is OK:ushmds (code: 2106, req_id=-1)[0m
[1m2026-07-27T19:43:22.100996000Z[0m [1;33m[WARN] PAPER-EQUITY-001.InteractiveBrokersClient-001: Sec-def data farm connection is OK:secdefil (code: 2158, req_id=-1)[0m
[1m2026-07-27T19:43:22.150178000Z[0m [1;33m[WARN] PAPER-EQUITY-001.InteractiveBrokersInstrumentProvider: No loading configured: ensure either `load_all=True` or there are `load_ids`[0m
[1m2026-07-27T19:43:22.240482000Z[0m [INFO] PAPER-EQUITY-001.InteractiveBrokersInstrumentProvider: Contract qualified for SPY.ARCA with ConId=756733[0m
[1m2026-07-27T19:43:22.240793000Z[0m [INFO] PAPER-EQUITY-001.InteractiveBrokersInstrumentProvider: Adding instrument=Equity(id=SPY.SMART, raw_symbol=SPY, asset_class=EQUITY, instrument_class=SPOT, quote_currency=USD, is_inverse=False, price_precision=2, price_increment=0.01, size_precision=0, size_increment=1, multiplier=1, lot_size=100, margin_init=0, margin_maint=0, maker_fee=0, taker_fee=0, info={'contract': {'secType': 'STK', 'conId': 756733, 'exchange': 'SMART', 'primaryExchange': 'ARCA', 'symbol': 'SPY', 'localSymbol': 'SPY', 'currency': 'USD', 'tradingClass': 'SPY', 'lastTradeDateOrContractMonth': '', 'lastTradeDate': '', 'multiplier': '', 'strike': 1.7976931348623157e+308, 'right': '', 'includeExpired': False, 'secIdType': '', 'secId': '', 'description': '', 'issuerId': '', 'comboLegsDescrip': '', 'comboLegs': [], 'deltaNeutralContract': None, 'build_futures_chain': None, 'build_options_chain': None, 'options_chain_exchange': None, 'min_expiry_days': None, 'max_expiry_days': None}, 'marketName': 'SPY', 'minTick': 0.01, 'orderTypes': 'ACTIVETIM,AD,ADDONT,ADJUST,ALERT,ALGO,ALLOC,AON,AVGCOST,BASKET,BENCHPX,CASHQTY,COND,CONDORDER,DARKONLY,DARKPOLL,DAY,DEACT,DEACTDIS,DEACTEOD,DIS,DUR,GAT,GTC,GTD,GTT,HID,IBKRATS,ICE,IOC,LIT,LMT,LOC,MIDPX,MIT,MKT,MOC,MTL,NGCOMB,NODARK,NONALGO,OCA,OPG,OPGREROUT,PEGBENCH,PEGMID,POSTATS,POSTONLY,PREOPGRTH,PRICECHK,REL,REL2MID,RELPCTOFS,RTH,SCALE,SCALEODD,SCALERST,SIZECHK,SNAPMID,SNAPMKT,SNAPREL,STP,STPLMT,SWEEP,TRAIL,TRAILLIT,TRAILLMT,TRAILMIT,WHATIF', 'validExchanges': 'SMART,AMEX,NYSE,CBOE,PHLX,ISE,CHX,ARCA,NASDAQ,DRCTEDGE,BEX,BATS,EDGEA,BYX,IEX,EDGX,FOXRIVER,PEARL,NYSENAT,LTSE,MEMX,IBEOS,OVERNIGHT,TPLUS0,PSX,T24X,TXSE', 'priceMagnifier': 1, 'underConId': 0, 'longName': 'SS SPDR S&P 500 ETF TRUST-US', 'contractMonth': '', 'industry': '', 'category': '', 'subcategory': '', 'timeZoneId': 'US/Eastern', 'tradingHours': '20260727:0400-20260727:2000;20260728:0400-20260728:2000;20260729:0400-20260729:2000;20260730:0400-20260730:2000;20260731:0400-20260731:2000', 'liquidHours': '20260727:0930-20260727:1600;20260728:0930-20260728:1600;20260729:0930-20260729:1600;20260730:0930-20260730:1600;20260731:0930-20260731:1600', 'evRule': '', 'evMultiplier': 0, 'mdSizeMultiplier': 1, 'aggGroup': 1, 'underSymbol': '', 'underSecType': '', 'marketRuleIds': '4563,4563,4563,4563,4563,4563,4563,4563,4563,4563,4563,4563,4563,4563,4563,4563,4563,4563,4563,4563,4563,4563,4563,4563,4563,4563,4563', 'secIdList': {'ISIN': 'US78462F1030'}, 'realExpirationDate': '', 'lastTradeTime': '', 'stockType': 'ETF', 'minSize': '0.0001', 'sizeIncrement': '0.0001', 'suggestedSizeIncrement': '40', 'minAlgoSize': '0', 'lastPricePrecision': '0.000001', 'lastSizePrecision': '0.000001', 'cusip': '', 'ratings': '', 'descAppend': '', 'bondType': '', 'couponType': '', 'callable': False, 'putable': False, 'coupon': 0, 'convertible': False, 'maturity': '', 'issueDate': '', 'nextOptionDate': '', 'nextOptionType': '', 'nextOptionPartial': False, 'notes': '', 'fundName': '', 'fundFamily': '', 'fundType': '', 'fundFrontLoad': '', 'fundBackLoad': '', 'fundBackLoadTimeInterval': '', 'fundManagementFee': '', 'fundClosed': False, 'fundClosedForNewInvestors': False, 'fundClosedForNewMoney': False, 'fundNotifyAmount': '', 'fundMinimumInitialPurchase': '', 'fundSubsequentMinimumPurchase': '', 'fundBlueSkyStates': '', 'fundBlueSkyTerritories': '', 'fundDistributionPolicyIndicator': ('None', 'None'), 'fundAssetType': ('None', 'None'), 'ineligibilityReasonList': None, 'eventContract1': '', 'eventContractDescription1': '', 'eventContractDescription2': ''}) from InteractiveBrokersInstrumentProvider[0m
[1m2026-07-27T19:43:22.240822000Z[0m [INFO] PAPER-EQUITY-001.InteractiveBrokersInstrumentProvider: Contract qualified for SPY.ARCA with ConId=756733[0m
[1m2026-07-27T19:43:22.240992000Z[0m [INFO] PAPER-EQUITY-001.InteractiveBrokersInstrumentProvider: Adding instrument=Equity(id=SPY.SMART, raw_symbol=SPY, asset_class=EQUITY, instrument_class=SPOT, quote_currency=USD, is_inverse=False, price_precision=2, price_increment=0.01, size_precision=0, size_increment=1, multiplier=1, lot_size=100, margin_init=0, margin_maint=0, maker_fee=0, taker_fee=0, info={'contract': {'secType': 'STK', 'conId': 756733, 'exchange': 'SMART', 'primaryExchange': 'ARCA', 'symbol': 'SPY', 'localSymbol': 'SPY', 'currency': 'USD', 'tradingClass': 'SPY', 'lastTradeDateOrContractMonth': '', 'lastTradeDate': '', 'multiplier': '', 'strike': 1.7976931348623157e+308, 'right': '', 'includeExpired': False, 'secIdType': '', 'secId': '', 'description': '', 'issuerId': '', 'comboLegsDescrip': '', 'comboLegs': [], 'deltaNeutralContract': None, 'build_futures_chain': None, 'build_options_chain': None, 'options_chain_exchange': None, 'min_expiry_days': None, 'max_expiry_days': None}, 'marketName': 'SPY', 'minTick': 0.01, 'orderTypes': 'ACTIVETIM,AD,ADDONT,ADJUST,ALERT,ALGO,ALLOC,AON,AVGCOST,BASKET,BENCHPX,CASHQTY,COND,CONDORDER,DARKONLY,DARKPOLL,DAY,DEACT,DEACTDIS,DEACTEOD,DIS,DUR,GAT,GTC,GTD,GTT,HID,IBKRATS,ICE,IOC,LIT,LMT,LOC,MIDPX,MIT,MKT,MOC,MTL,NGCOMB,NODARK,NONALGO,OCA,OPG,OPGREROUT,PEGBENCH,PEGMID,POSTATS,POSTONLY,PREOPGRTH,PRICECHK,REL,REL2MID,RELPCTOFS,RTH,SCALE,SCALEODD,SCALERST,SIZECHK,SNAPMID,SNAPMKT,SNAPREL,STP,STPLMT,SWEEP,TRAIL,TRAILLIT,TRAILLMT,TRAILMIT,WHATIF', 'validExchanges': 'SMART,AMEX,NYSE,CBOE,PHLX,ISE,CHX,ARCA,NASDAQ,DRCTEDGE,BEX,BATS,EDGEA,BYX,IEX,EDGX,FOXRIVER,PEARL,NYSENAT,LTSE,MEMX,IBEOS,OVERNIGHT,TPLUS0,PSX,T24X,TXSE', 'priceMagnifier': 1, 'underConId': 0, 'longName': 'SS SPDR S&P 500 ETF TRUST-US', 'contractMonth': '', 'industry': '', 'category': '', 'subcategory': '', 'timeZoneId': 'US/Eastern', 'tradingHours': '20260727:0400-20260727:2000;20260728:0400-20260728:2000;20260729:0400-20260729:2000;20260730:0400-20260730:2000;20260731:0400-20260731:2000', 'liquidHours': '20260727:0930-20260727:1600;20260728:0930-20260728:1600;20260729:0930-20260729:1600;20260730:0930-20260730:1600;20260731:0930-20260731:1600', 'evRule': '', 'evMultiplier': 0, 'mdSizeMultiplier': 1, 'aggGroup': 1, 'underSymbol': '', 'underSecType': '', 'marketRuleIds': '4563,4563,4563,4563,4563,4563,4563,4563,4563,4563,4563,4563,4563,4563,4563,4563,4563,4563,4563,4563,4563,4563,4563,4563,4563,4563,4563', 'secIdList': {'ISIN': 'US78462F1030'}, 'realExpirationDate': '', 'lastTradeTime': '', 'stockType': 'ETF', 'minSize': '0.0001', 'sizeIncrement': '0.0001', 'suggestedSizeIncrement': '40', 'minAlgoSize': '0', 'lastPricePrecision': '0.000001', 'lastSizePrecision': '0.000001', 'cusip': '', 'ratings': '', 'descAppend': '', 'bondType': '', 'couponType': '', 'callable': False, 'putable': False, 'coupon': 0, 'convertible': False, 'maturity': '', 'issueDate': '', 'nextOptionDate': '', 'nextOptionType': '', 'nextOptionPartial': False, 'notes': '', 'fundName': '', 'fundFamily': '', 'fundType': '', 'fundFrontLoad': '', 'fundBackLoad': '', 'fundBackLoadTimeInterval': '', 'fundManagementFee': '', 'fundClosed': False, 'fundClosedForNewInvestors': False, 'fundClosedForNewMoney': False, 'fundNotifyAmount': '', 'fundMinimumInitialPurchase': '', 'fundSubsequentMinimumPurchase': '', 'fundBlueSkyStates': '', 'fundBlueSkyTerritories': '', 'fundDistributionPolicyIndicator': ('None', 'None'), 'fundAssetType': ('None', 'None'), 'ineligibilityReasonList': None, 'eventContract1': '', 'eventContractDescription1': '', 'eventContractDescription2': ''}) from InteractiveBrokersInstrumentProvider[0m
[1m2026-07-27T19:43:22.241003000Z[0m [92m[INFO] PAPER-EQUITY-001.ExecClient-IB: Account `DUR143045` found in the connected TWS/Gateway[0m
[1m2026-07-27T19:43:22.241065000Z[0m [92m[INFO] PAPER-EQUITY-001.DataClient-IB: Connected[0m
[1m2026-07-27T19:43:22.320400000Z[0m [INFO] PAPER-EQUITY-001.Portfolio: Updated AccountState(account_id=IB-DUR143045, account_type=MARGIN, base_currency=None, is_reported=True, balances=[AccountBalance(total=1_002_150.50 USD, locked=1_978.34 USD, free=1_000_172.16 USD)], margins=[MarginBalance(initial=0.00 USD, maintenance=0.00 USD, instrument_id=None)], event_id=3c41f6c7-ba2b-499f-bd29-7a89d1600204)[0m
[1m2026-07-27T19:43:22.320551000Z[0m [94m[INFO] PAPER-EQUITY-001.TradingNode: Awaiting execution state reconciliation (30.0s timeout)...[0m
[1m2026-07-27T19:43:22.320568000Z[0m [92m[INFO] PAPER-EQUITY-001.ExecClient-IB: Connected[0m
[1m2026-07-27T19:43:22.320584000Z[0m [INFO] PAPER-EQUITY-001.ExecClient-IB: Generating ExecutionMassStatus...[0m
[1m2026-07-27T19:43:22.420604000Z[0m [INFO] PAPER-EQUITY-001.ExecClient-IB: Generated 0 FillReports[0m
[1m2026-07-27T19:43:22.520878000Z[0m [94m[INFO] PAPER-EQUITY-001.ExecEngine: Reconciling ExecutionMassStatus for None[0m
[1m2026-07-27T19:43:22.520893000Z[0m [94m[INFO] PAPER-EQUITY-001.ExecEngine: Attempting to adjust fills for 0 instruments[0m
[1m2026-07-27T19:43:22.520957000Z[0m [94m[INFO] PAPER-EQUITY-001.ExecEngine: Updating adjusted fills for 0 instruments[0m
[1m2026-07-27T19:43:22.520961000Z[0m [94m[INFO] PAPER-EQUITY-001.ExecEngine: Final order_reports contains 0 orders, fill_reports contains 0 fills across all instruments[0m
[1m2026-07-27T19:43:22.521032000Z[0m [92m[INFO] PAPER-EQUITY-001.ExecEngine: Reconciliation for IB succeeded[0m
[1m2026-07-27T19:43:22.521045000Z[0m [92m[INFO] PAPER-EQUITY-001.TradingNode: Execution state reconciled[0m
[1m2026-07-27T19:43:22.521066000Z[0m [INFO] PAPER-EQUITY-001.OrderEmulator: No emulated orders to reactivate[0m
[1m2026-07-27T19:43:22.521088000Z[0m [INFO] PAPER-EQUITY-001.OrderEmulator: RUNNING[0m
[1m2026-07-27T19:43:22.521113000Z[0m [INFO] PAPER-EQUITY-001.Portfolio: Initialized 0 open orders[0m
[1m2026-07-27T19:43:22.521119000Z[0m [INFO] PAPER-EQUITY-001.Portfolio: Initialized 0 open positions[0m
[1m2026-07-27T19:43:22.521127000Z[0m [94m[INFO] PAPER-EQUITY-001.TradingNode: Awaiting portfolio initialization (10.0s timeout)...[0m
[1m2026-07-27T19:43:22.521251000Z[0m [92m[INFO] PAPER-EQUITY-001.ExecEngine: Startup reconciliation completed[0m
[1m2026-07-27T19:43:22.521258000Z[0m [94m[INFO] PAPER-EQUITY-001.ExecEngine: Applying post-reconciliation startup delay (10.0s)[0m
[1m2026-07-27T19:43:22.521294000Z[0m [92m[INFO] PAPER-EQUITY-001.TradingNode: Portfolio initialized[0m
[1m2026-07-27T19:43:22.521339000Z[0m [94m[INFO] PAPER-EQUITY-001.MLStrategy: self.config.oms_type=None[0m
[1m2026-07-27T19:43:22.521346000Z[0m [94m[INFO] PAPER-EQUITY-001.MLStrategy: self.config.external_order_claims=None[0m
[1m2026-07-27T19:43:22.521349000Z[0m [94m[INFO] PAPER-EQUITY-001.MLStrategy: self.config.manage_gtd_expiry=False[0m
[1m2026-07-27T19:43:22.521366000Z[0m [94m[INFO] PAPER-EQUITY-001.MLStrategy: Set ClientOrderIdGenerator client_order_id count to 0[0m
[1m2026-07-27T19:43:22.521368000Z[0m [94m[INFO] PAPER-EQUITY-001.MLStrategy: Set ClientOrderIdGenerator order_list_id count to 0[0m
[1m2026-07-27T19:43:22.522161000Z[0m [INFO] PAPER-EQUITY-001.MLStrategy: [CMD]--> SubscribeBars(bar_type=SPY.SMART-1-DAY-LAST-EXTERNAL, client_id=None, venue=SMART)[0m
[1m2026-07-27T19:43:22.522188000Z[0m [INFO] PAPER-EQUITY-001.MLStrategy: Subscribed SPY.SMART-1-DAY-LAST-EXTERNAL[0m
[1m2026-07-27T19:43:22.522199000Z[0m [1;33m[WARN] PAPER-EQUITY-001.MLStrategy: Ignoring legacy risk snapshot without an allocated-equity baseline[0m
[1m2026-07-27T19:43:22.522342000Z[0m [INFO] PAPER-EQUITY-001.MLStrategy: RUNNING[0m
[1m2026-07-27T19:43:22.522363000Z[0m [INFO] PAPER-EQUITY-001.PAPER-EQUITY-001: RUNNING[0m
[1m2026-07-27T19:43:22.522376000Z[0m [INFO] PAPER-EQUITY-001.TradingNode: RUNNING[0m
[1m2026-07-27T19:43:22.522800000Z[0m [INFO] PAPER-EQUITY-001.InteractiveBrokersClient-001: Creating and registering a new Subscription instance for SPY.SMART-1-DAY-LAST-EXTERNAL[0m
[1m2026-07-27T19:43:22.523155000Z[0m [94m[INFO] PAPER-EQUITY-001.DataClient-IB: Subscribed SPY.SMART-1-DAY-LAST-EXTERNAL bars[0m
[1m2026-07-27T19:45:04.000795000Z[0m [INFO] PAPER-EQUITY-001.Portfolio: Updated AccountState(account_id=IB-DUR143045, account_type=MARGIN, base_currency=None, is_reported=True, balances=[AccountBalance(total=1_002_150.50 USD, locked=1_978.34 USD, free=1_000_172.16 USD)], margins=[MarginBalance(initial=0.00 USD, maintenance=0.00 USD, instrument_id=None)], event_id=a32f63ac-f0bd-42c5-b706-7b58d0be6cf3)[0m
