[1m2026-07-27T19:23:55.716878000Z[0m [36m[INFO] PAPER-EQUITY-001.TradingNode: =================================================================[0m
[1m2026-07-27T19:23:55.716886000Z[0m [36m[INFO] PAPER-EQUITY-001.TradingNode:  NAUTILUS TRADER - Automated Algorithmic Trading Platform[0m
[1m2026-07-27T19:23:55.716887000Z[0m [36m[INFO] PAPER-EQUITY-001.TradingNode:  by Nautech Systems Pty Ltd.[0m
[1m2026-07-27T19:23:55.716887001Z[0m [36m[INFO] PAPER-EQUITY-001.TradingNode:  Copyright (C) 2015-2026. All rights reserved.[0m
[1m2026-07-27T19:23:55.716887002Z[0m [36m[INFO] PAPER-EQUITY-001.TradingNode: =================================================================[0m
[1m2026-07-27T19:23:55.716887003Z[0m [INFO] PAPER-EQUITY-001.TradingNode: [0m
[1m2026-07-27T19:23:55.716887004Z[0m [INFO] PAPER-EQUITY-001.TradingNode: ⠀⠀⠀⠀⠀⠀⠀⠀⠀⠀⠀⠀⠀⣠⣴⣶⡟⠀⠀⠀⠀⠀⠀⠀⠀⠀⠀⠀⠀⠀⠀[0m
[1m2026-07-27T19:23:55.716887005Z[0m [INFO] PAPER-EQUITY-001.TradingNode: ⠀⠀⠀⠀⠀⠀⠀⠀⠀⠀⠀⣰⣾⣿⣿⣿⠀⢸⣿⣿⣿⣿⣶⣶⣤⣀⠀⠀⠀⠀⠀[0m
[1m2026-07-27T19:23:55.716887006Z[0m [INFO] PAPER-EQUITY-001.TradingNode: ⠀⠀⠀⠀⠀⠀⢀⣴⡇⢀⣾⣿⣿⣿⣿⣿⠀⣾⣿⣿⣿⣿⣿⣿⣿⠿⠓⠀⠀⠀⠀[0m
[1m2026-07-27T19:23:55.716888000Z[0m [INFO] PAPER-EQUITY-001.TradingNode: ⠀⠀⠀⠀⠀⣰⣿⣿⡀⢸⣿⣿⣿⣿⣿⣿⠀⣿⣿⣿⣿⣿⣿⠟⠁⣠⣄⠀⠀⠀⠀[0m
[1m2026-07-27T19:23:55.716888001Z[0m [INFO] PAPER-EQUITY-001.TradingNode: ⠀⠀⠀⠀⢠⣿⣿⣿⣇⠀⢿⣿⣿⣿⣿⣿⠀⢻⣿⣿⣿⡿⢃⣠⣾⣿⣿⣧⡀⠀⠀[0m
[1m2026-07-27T19:23:55.716888002Z[0m [INFO] PAPER-EQUITY-001.TradingNode: ⠀⠀⠀⠠⣾⣿⣿⣿⣿⣿⣧⠈⠋⢀⣴⣧⠀⣿⡏⢠⡀⢸⣿⣿⣿⣿⣿⣿⣿⡇⠀[0m
[1m2026-07-27T19:23:55.716888003Z[0m [INFO] PAPER-EQUITY-001.TradingNode: ⠀⠀⠀⣀⠙⢿⣿⣿⣿⣿⣿⠇⢠⣿⣿⣿⡄⠹⠃⠼⠃⠈⠉⠛⠛⠛⠛⠛⠻⠇⠀[0m
[1m2026-07-27T19:23:55.716888004Z[0m [INFO] PAPER-EQUITY-001.TradingNode: ⠀⠀⢸⡟⢠⣤⠉⠛⠿⢿⣿⠀⢸⣿⡿⠋⣠⣤⣄⠀⣾⣿⣿⣶⣶⣶⣦⡄⠀⠀⠀[0m
[1m2026-07-27T19:23:55.716888005Z[0m [INFO] PAPER-EQUITY-001.TradingNode: ⠀⠀⠸⠀⣾⠏⣸⣷⠂⣠⣤⠀⠘⢁⣴⣾⣿⣿⣿⡆⠘⣿⣿⣿⣿⣿⣿⠀⠀⠀⠀[0m
[1m2026-07-27T19:23:55.716888006Z[0m [INFO] PAPER-EQUITY-001.TradingNode: ⠀⠀⠀⠀⠛⠀⣿⡟⠀⢻⣿⡄⠸⣿⣿⣿⣿⣿⣿⣿⡀⠘⣿⣿⣿⣿⠟⠀⠀⠀⠀[0m
[1m2026-07-27T19:23:55.716888007Z[0m [INFO] PAPER-EQUITY-001.TradingNode: ⠀⠀⠀⠀⠀⠀⣿⠇⠀⠀⢻⡿⠀⠈⠻⣿⣿⣿⣿⣿⡇⠀⢹⣿⠿⠋⠀⠀⠀⠀⠀[0m
[1m2026-07-27T19:23:55.716888008Z[0m [INFO] PAPER-EQUITY-001.TradingNode: ⠀⠀⠀⠀⠀⠀⠋⠀⠀⠀⡘⠁⠀⠀⠀⠀⠀⠀⠀⠀⠀⠀⠈⠁⠀⠀⠀⠀⠀⠀⠀[0m
[1m2026-07-27T19:23:55.716888009Z[0m [INFO] PAPER-EQUITY-001.TradingNode: [0m
[1m2026-07-27T19:23:55.716888010Z[0m [36m[INFO] PAPER-EQUITY-001.TradingNode: =================================================================[0m
[1m2026-07-27T19:23:55.716888011Z[0m [36m[INFO] PAPER-EQUITY-001.TradingNode:  SYSTEM SPECIFICATION[0m
[1m2026-07-27T19:23:55.716889000Z[0m [36m[INFO] PAPER-EQUITY-001.TradingNode: =================================================================[0m
[1m2026-07-27T19:23:55.716889001Z[0m [INFO] PAPER-EQUITY-001.TradingNode: CPU architecture: Apple M4[0m
[1m2026-07-27T19:23:55.716889002Z[0m [INFO] PAPER-EQUITY-001.TradingNode: CPU(s): 10 @ 4464 MHz[0m
[1m2026-07-27T19:23:55.716890000Z[0m [INFO] PAPER-EQUITY-001.TradingNode: OS: kernel-25.5.0 macOS 26.5.2 Tahoe[0m
[1m2026-07-27T19:23:55.716898000Z[0m [36m[INFO] PAPER-EQUITY-001.TradingNode: =================================================================[0m
[1m2026-07-27T19:23:55.716899000Z[0m [36m[INFO] PAPER-EQUITY-001.TradingNode:  MEMORY USAGE[0m
[1m2026-07-27T19:23:55.716899001Z[0m [36m[INFO] PAPER-EQUITY-001.TradingNode: =================================================================[0m
[1m2026-07-27T19:23:55.716901000Z[0m [INFO] PAPER-EQUITY-001.TradingNode: RAM-Total: 32.00 GiB[0m
[1m2026-07-27T19:23:55.716902000Z[0m [INFO] PAPER-EQUITY-001.TradingNode: RAM-Used: 23.16 GiB (72.36%)[0m
[1m2026-07-27T19:23:55.716903000Z[0m [INFO] PAPER-EQUITY-001.TradingNode: RAM-Avail: 8.84 GiB (27.64%)[0m
[1m2026-07-27T19:23:55.716903001Z[0m [INFO] PAPER-EQUITY-001.TradingNode: Swap: disabled[0m
[1m2026-07-27T19:23:55.716906000Z[0m [36m[INFO] PAPER-EQUITY-001.TradingNode: =================================================================[0m
[1m2026-07-27T19:23:55.716907000Z[0m [36m[INFO] PAPER-EQUITY-001.TradingNode:  IDENTIFIERS[0m
[1m2026-07-27T19:23:55.716907001Z[0m [36m[INFO] PAPER-EQUITY-001.TradingNode: =================================================================[0m
[1m2026-07-27T19:23:55.716907002Z[0m [INFO] PAPER-EQUITY-001.TradingNode: trader_id: PAPER-EQUITY-001[0m
[1m2026-07-27T19:23:55.716907003Z[0m [INFO] PAPER-EQUITY-001.TradingNode: machine_id: Mac.lan[0m
[1m2026-07-27T19:23:55.716907004Z[0m [INFO] PAPER-EQUITY-001.TradingNode: instance_id: 8cfed245-eed7-4dea-b618-82ebcc1f3834[0m
[1m2026-07-27T19:23:55.716908000Z[0m [INFO] PAPER-EQUITY-001.TradingNode: PID: 13705[0m
[1m2026-07-27T19:23:55.716908001Z[0m [36m[INFO] PAPER-EQUITY-001.TradingNode: =================================================================[0m
[1m2026-07-27T19:23:55.716908002Z[0m [36m[INFO] PAPER-EQUITY-001.TradingNode:  VERSIONING[0m
[1m2026-07-27T19:23:55.716908003Z[0m [36m[INFO] PAPER-EQUITY-001.TradingNode: =================================================================[0m
[1m2026-07-27T19:23:55.716916000Z[0m [INFO] PAPER-EQUITY-001.TradingNode: nautilus_trader: 1.229.0[0m
[1m2026-07-27T19:23:55.716919000Z[0m [INFO] PAPER-EQUITY-001.TradingNode: python: 3.12.13[0m
[1m2026-07-27T19:23:55.716920000Z[0m [INFO] PAPER-EQUITY-001.TradingNode: numpy: 2.5.0[0m
[1m2026-07-27T19:23:55.716922000Z[0m [INFO] PAPER-EQUITY-001.TradingNode: pandas: 3.0.4[0m
[1m2026-07-27T19:23:55.716923000Z[0m [INFO] PAPER-EQUITY-001.TradingNode: msgspec: 0.21.1[0m
[1m2026-07-27T19:23:55.716924000Z[0m [INFO] PAPER-EQUITY-001.TradingNode: pyarrow: 24.0.0[0m
[1m2026-07-27T19:23:55.716925000Z[0m [INFO] PAPER-EQUITY-001.TradingNode: pytz: 2026.2[0m
[1m2026-07-27T19:23:55.716926000Z[0m [INFO] PAPER-EQUITY-001.TradingNode: uvloop: 0.22.1[0m
[1m2026-07-27T19:23:55.716926001Z[0m [36m[INFO] PAPER-EQUITY-001.TradingNode: =================================================================[0m
[1m2026-07-27T19:23:55.716932000Z[0m [INFO] PAPER-EQUITY-001.TradingNode: Building system kernel[0m
[1m2026-07-27T19:23:55.717003000Z[0m [INFO] PAPER-EQUITY-001.CacheDatabaseAdapter: READY[0m
[1m2026-07-27T19:23:55.717007000Z[0m [94m[INFO] PAPER-EQUITY-001.CacheDatabaseAdapter: config.database=DatabaseConfig(type=redis, host=127.0.0.1, port=6379, username=None, password=None, ssl=False, connection_timeout=20, response_timeout=20, number_of_retries=3, exponent_base=2, max_delay=1000, factor=2)[0m
[1m2026-07-27T19:23:55.717008000Z[0m [94m[INFO] PAPER-EQUITY-001.CacheDatabaseAdapter: config.encoding='msgpack'[0m
[1m2026-07-27T19:23:55.717008001Z[0m [94m[INFO] PAPER-EQUITY-001.CacheDatabaseAdapter: config.timestamps_as_iso8601=False[0m
[1m2026-07-27T19:23:55.717008002Z[0m [94m[INFO] PAPER-EQUITY-001.CacheDatabaseAdapter: config.buffer_interval_ms=100[0m
[1m2026-07-27T19:23:55.717008003Z[0m [94m[INFO] PAPER-EQUITY-001.CacheDatabaseAdapter: config.flush_on_start=False[0m
[1m2026-07-27T19:23:55.717009000Z[0m [94m[INFO] PAPER-EQUITY-001.CacheDatabaseAdapter: config.use_trader_prefix=True[0m
[1m2026-07-27T19:23:55.717009001Z[0m [94m[INFO] PAPER-EQUITY-001.CacheDatabaseAdapter: config.use_instance_id=False[0m
[1m2026-07-27T19:23:55.718413000Z[0m [94m[INFO] PAPER-EQUITY-001.MessageBus: config.database=None[0m
[1m2026-07-27T19:23:55.718415000Z[0m [94m[INFO] PAPER-EQUITY-001.MessageBus: config.encoding='json'[0m
[1m2026-07-27T19:23:55.718416000Z[0m [94m[INFO] PAPER-EQUITY-001.MessageBus: config.timestamps_as_iso8601=False[0m
[1m2026-07-27T19:23:55.718417000Z[0m [94m[INFO] PAPER-EQUITY-001.MessageBus: config.buffer_interval_ms=None[0m
[1m2026-07-27T19:23:55.718417001Z[0m [94m[INFO] PAPER-EQUITY-001.MessageBus: config.autotrim_mins=None[0m
[1m2026-07-27T19:23:55.718418000Z[0m [94m[INFO] PAPER-EQUITY-001.MessageBus: config.use_trader_prefix=True[0m
[1m2026-07-27T19:23:55.718418001Z[0m [94m[INFO] PAPER-EQUITY-001.MessageBus: config.use_trader_id=True[0m
[1m2026-07-27T19:23:55.718418002Z[0m [94m[INFO] PAPER-EQUITY-001.MessageBus: config.use_instance_id=False[0m
[1m2026-07-27T19:23:55.718419000Z[0m [94m[INFO] PAPER-EQUITY-001.MessageBus: config.streams_prefix='stream'[0m
[1m2026-07-27T19:23:55.718419001Z[0m [94m[INFO] PAPER-EQUITY-001.MessageBus: config.types_filter=None[0m
[1m2026-07-27T19:23:55.718452000Z[0m [INFO] PAPER-EQUITY-001.Cache: READY[0m
[1m2026-07-27T19:23:55.718772000Z[0m [INFO] PAPER-EQUITY-001.DataEngine: READY[0m
[1m2026-07-27T19:23:55.718833000Z[0m [94m[INFO] PAPER-EQUITY-001.DataEngine: config.graceful_shutdown_on_exception=False[0m
[1m2026-07-27T19:23:55.718856000Z[0m [INFO] PAPER-EQUITY-001.RiskEngine: READY[0m
[1m2026-07-27T19:23:55.718876000Z[0m [94m[INFO] PAPER-EQUITY-001.RiskEngine: TradingState is ACTIVE[0m
[1m2026-07-27T19:23:55.718957000Z[0m [INFO] PAPER-EQUITY-001.Throttler-ORDER_SUBMIT_THROTTLER: READY[0m
[1m2026-07-27T19:23:55.718969000Z[0m [94m[INFO] PAPER-EQUITY-001.RiskEngine: Set MAX_ORDER_SUBMIT_RATE: 100/00:00:01[0m
[1m2026-07-27T19:23:55.718981000Z[0m [INFO] PAPER-EQUITY-001.Throttler-ORDER_MODIFY_THROTTLER: READY[0m
[1m2026-07-27T19:23:55.718985000Z[0m [94m[INFO] PAPER-EQUITY-001.RiskEngine: Set MAX_ORDER_MODIFY_RATE: 100/00:00:01[0m
[1m2026-07-27T19:23:55.718999000Z[0m [94m[INFO] PAPER-EQUITY-001.RiskEngine: config.graceful_shutdown_on_exception=False[0m
[1m2026-07-27T19:23:55.719035000Z[0m [INFO] PAPER-EQUITY-001.ExecEngine: READY[0m
[1m2026-07-27T19:23:55.719051000Z[0m [94m[INFO] PAPER-EQUITY-001.ExecEngine: config.snapshot_orders=True[0m
[1m2026-07-27T19:23:55.719052000Z[0m [94m[INFO] PAPER-EQUITY-001.ExecEngine: config.snapshot_positions=True[0m
[1m2026-07-27T19:23:55.719053000Z[0m [94m[INFO] PAPER-EQUITY-001.ExecEngine: config.snapshot_positions_interval_secs=60.0[0m
[1m2026-07-27T19:23:55.719053001Z[0m [94m[INFO] PAPER-EQUITY-001.ExecEngine: config.allow_overfills=False[0m
[1m2026-07-27T19:23:55.719074000Z[0m [94m[INFO] PAPER-EQUITY-001.ExecEngine: config.reconciliation=True[0m
[1m2026-07-27T19:23:55.719075000Z[0m [94m[INFO] PAPER-EQUITY-001.ExecEngine: config.reconciliation_lookback_mins=None[0m
[1m2026-07-27T19:23:55.719076000Z[0m [94m[INFO] PAPER-EQUITY-001.ExecEngine: config.reconciliation_instrument_ids=None[0m
[1m2026-07-27T19:23:55.719076001Z[0m [94m[INFO] PAPER-EQUITY-001.ExecEngine: config.filter_unclaimed_external_orders=False[0m
[1m2026-07-27T19:23:55.719076002Z[0m [94m[INFO] PAPER-EQUITY-001.ExecEngine: config.filter_position_reports=False[0m
[1m2026-07-27T19:23:55.719076003Z[0m [94m[INFO] PAPER-EQUITY-001.ExecEngine: config.filtered_client_order_ids=None[0m
[1m2026-07-27T19:23:55.719077000Z[0m [94m[INFO] PAPER-EQUITY-001.ExecEngine: config.inflight_check_interval_ms=2000[0m
[1m2026-07-27T19:23:55.719077001Z[0m [94m[INFO] PAPER-EQUITY-001.ExecEngine: config.inflight_check_threshold_ms=5000[0m
[1m2026-07-27T19:23:55.719078000Z[0m [94m[INFO] PAPER-EQUITY-001.ExecEngine: config.inflight_check_retries=5[0m
[1m2026-07-27T19:23:55.719078001Z[0m [94m[INFO] PAPER-EQUITY-001.ExecEngine: config.own_books_audit_interval_secs=None[0m
[1m2026-07-27T19:23:55.719078002Z[0m [94m[INFO] PAPER-EQUITY-001.ExecEngine: config.open_check_interval_secs=None[0m
[1m2026-07-27T19:23:55.719079000Z[0m [94m[INFO] PAPER-EQUITY-001.ExecEngine: config.open_check_open_only=True[0m
[1m2026-07-27T19:23:55.719079001Z[0m [94m[INFO] PAPER-EQUITY-001.ExecEngine: config.open_check_lookback_mins=60[0m
[1m2026-07-27T19:23:55.719079002Z[0m [94m[INFO] PAPER-EQUITY-001.ExecEngine: config.open_check_threshold_ms=5000[0m
[1m2026-07-27T19:23:55.719080000Z[0m [94m[INFO] PAPER-EQUITY-001.ExecEngine: config.open_check_missing_retries=5[0m
[1m2026-07-27T19:23:55.719080001Z[0m [94m[INFO] PAPER-EQUITY-001.ExecEngine: config.max_single_order_queries_per_cycle=10[0m
[1m2026-07-27T19:23:55.719080002Z[0m [94m[INFO] PAPER-EQUITY-001.ExecEngine: config.single_order_query_delay_ms=100[0m
[1m2026-07-27T19:23:55.719080003Z[0m [94m[INFO] PAPER-EQUITY-001.ExecEngine: config.position_check_interval_secs=None[0m
[1m2026-07-27T19:23:55.719081000Z[0m [94m[INFO] PAPER-EQUITY-001.ExecEngine: config.position_check_lookback_mins=60[0m
[1m2026-07-27T19:23:55.719081001Z[0m [94m[INFO] PAPER-EQUITY-001.ExecEngine: config.position_check_threshold_ms=5000[0m
[1m2026-07-27T19:23:55.719081002Z[0m [94m[INFO] PAPER-EQUITY-001.ExecEngine: config.position_check_retries=3[0m
[1m2026-07-27T19:23:55.719082000Z[0m [94m[INFO] PAPER-EQUITY-001.ExecEngine: config.reconciliation_startup_delay_secs=10.0[0m
[1m2026-07-27T19:23:55.719082001Z[0m [94m[INFO] PAPER-EQUITY-001.ExecEngine: config.purge_closed_orders_interval_mins=None[0m
[1m2026-07-27T19:23:55.719082002Z[0m [94m[INFO] PAPER-EQUITY-001.ExecEngine: config.purge_closed_orders_buffer_mins=None[0m
[1m2026-07-27T19:23:55.719082003Z[0m [94m[INFO] PAPER-EQUITY-001.ExecEngine: config.purge_closed_positions_interval_mins=None[0m
[1m2026-07-27T19:23:55.719083000Z[0m [94m[INFO] PAPER-EQUITY-001.ExecEngine: config.purge_closed_positions_buffer_mins=None[0m
[1m2026-07-27T19:23:55.719083001Z[0m [94m[INFO] PAPER-EQUITY-001.ExecEngine: config.purge_account_events_interval_mins=None[0m
[1m2026-07-27T19:23:55.719083002Z[0m [94m[INFO] PAPER-EQUITY-001.ExecEngine: config.purge_account_events_lookback_mins=None[0m
[1m2026-07-27T19:23:55.719083003Z[0m [94m[INFO] PAPER-EQUITY-001.ExecEngine: config.purge_from_database=False[0m
[1m2026-07-27T19:23:55.719084000Z[0m [94m[INFO] PAPER-EQUITY-001.ExecEngine: config.graceful_shutdown_on_exception=False[0m
[1m2026-07-27T19:23:55.719444000Z[0m [94m[INFO] PAPER-EQUITY-001.Cache: Cached 1 general object from database[0m
[1m2026-07-27T19:23:55.719762000Z[0m [94m[INFO] PAPER-EQUITY-001.Cache: Cached 1 currency from database[0m
[1m2026-07-27T19:23:55.720101000Z[0m [94m[INFO] PAPER-EQUITY-001.Cache: Cached 1 instrument from database[0m
[1m2026-07-27T19:23:55.720471000Z[0m [94m[INFO] PAPER-EQUITY-001.Cache: Cached 1 account from database[0m
[1m2026-07-27T19:23:55.720839000Z[0m [INFO] PAPER-EQUITY-001.Cache: Cached 0 orders from database[0m
[1m2026-07-27T19:23:55.720843000Z[0m [INFO] PAPER-EQUITY-001.Cache: Cached 0 order lists from database[0m
[1m2026-07-27T19:23:55.720956000Z[0m [INFO] PAPER-EQUITY-001.Cache: Cached 0 positions from database[0m
[1m2026-07-27T19:23:55.720966000Z[0m [INFO] PAPER-EQUITY-001.Cache: Checking data integrity[0m
[1m2026-07-27T19:23:55.720974000Z[0m [92m[INFO] PAPER-EQUITY-001.Cache: Integrity check passed in 7μs[0m
[1m2026-07-27T19:23:55.720986000Z[0m [INFO] PAPER-EQUITY-001.ExecEngine: Loaded cache in 1ms[0m
[1m2026-07-27T19:23:55.721014000Z[0m [INFO] PAPER-EQUITY-001.OrderEmulator: READY[0m
[1m2026-07-27T19:23:55.721046000Z[0m [INFO] PAPER-EQUITY-001.PAPER-EQUITY-001: READY[0m
[1m2026-07-27T19:23:55.721058000Z[0m [INFO] PAPER-EQUITY-001.TradingNode: Initialized in 4ms[0m
[1m2026-07-27T19:23:55.721065000Z[0m [94m[INFO] PAPER-EQUITY-001.TradingNode: has_cache_backing=True[0m
[1m2026-07-27T19:23:55.721067000Z[0m [94m[INFO] PAPER-EQUITY-001.TradingNode: has_msgbus_backing=False[0m
[1m2026-07-27T19:23:55.721123000Z[0m [INFO] PAPER-EQUITY-001.MLStrategy: READY[0m
[1m2026-07-27T19:23:55.721150000Z[0m [INFO] PAPER-EQUITY-001.ExecEngine: Registered OMS.UNSPECIFIED for Strategy MLStrategy-000[0m
[1m2026-07-27T19:23:55.721153000Z[0m [INFO] PAPER-EQUITY-001.PAPER-EQUITY-001: Registered Strategy MLStrategy-000[0m
[1m2026-07-27T19:23:55.721339000Z[0m [94m[INFO] PAPER-EQUITY-001.MLStrategy: Loaded state ['ml_strategy.json'][0m
[1m2026-07-27T19:23:55.721343000Z[0m [INFO] PAPER-EQUITY-001.TradingNode: Building data client for IB[0m
[1m2026-07-27T19:23:55.721360000Z[0m [INFO] PAPER-EQUITY-001.InteractiveBrokersClient-001: READY[0m
[1m2026-07-27T19:23:55.721486000Z[0m [1;33m[WARN] PAPER-EQUITY-001.InteractiveBrokersClient-001: Started when loop is not running[0m
[1m2026-07-27T19:23:55.721544000Z[0m [INFO] PAPER-EQUITY-001.InteractiveBrokersClient-001: Starting InteractiveBrokersClient (1)...[0m
[1m2026-07-27T19:23:55.721555000Z[0m [INFO] PAPER-EQUITY-001.InteractiveBrokersClient-001: Connecting to 127.0.0.1:7497 with client id: 1[0m
[1m2026-07-27T19:23:55.728685000Z[0m [INFO] PAPER-EQUITY-001.InteractiveBrokersClient-001: Connected to Interactive Brokers (v223) at 20260727 12:23:55 PST from 127.0.0.1:7497 with client id: 1[0m
[1m2026-07-27T19:23:55.729550000Z[0m [1;33m[WARN] PAPER-EQUITY-001.InteractiveBrokersClient-001: Market data farm connection is OK:cashfarm (code: 2104, req_id=-1)[0m
[1m2026-07-27T19:23:55.729640000Z[0m [1;33m[WARN] PAPER-EQUITY-001.InteractiveBrokersClient-001: Market data farm connection is OK:uscrypto (code: 2104, req_id=-1)[0m
[1m2026-07-27T19:23:55.729729000Z[0m [INFO] PAPER-EQUITY-001.InteractiveBrokersClient-001: RUNNING[0m
[1m2026-07-27T19:23:55.729753000Z[0m [INFO] PAPER-EQUITY-001.InteractiveBrokersInstrumentProvider: READY[0m
[1m2026-07-27T19:23:55.729815000Z[0m [INFO] PAPER-EQUITY-001.DataClient-IB: READY[0m
[1m2026-07-27T19:23:55.729839000Z[0m [INFO] PAPER-EQUITY-001.DataEngine: Registered IB for default routing[0m
[1m2026-07-27T19:23:55.729845000Z[0m [INFO] PAPER-EQUITY-001.TradingNode: Building execution client for IB[0m
[1m2026-07-27T19:23:55.729890000Z[0m [INFO] PAPER-EQUITY-001.ExecClient-IB: READY[0m
[1m2026-07-27T19:23:55.729907000Z[0m [INFO] PAPER-EQUITY-001.ExecEngine: Registered ExecutionClient-IB for default routing[0m
[1m2026-07-27T19:23:55.729934000Z[0m [1;33m[WARN] PAPER-EQUITY-001.InteractiveBrokersClient-001: Market data farm connection is OK:usfuture (code: 2104, req_id=-1)[0m
[1m2026-07-27T19:23:55.729948000Z[0m [INFO] PAPER-EQUITY-001.TradingNode: STARTING[0m
[1m2026-07-27T19:23:55.729969000Z[0m [INFO] PAPER-EQUITY-001.DataClient-IB: RUNNING[0m
[1m2026-07-27T19:23:55.729979000Z[0m [INFO] PAPER-EQUITY-001.DataEngine: RUNNING[0m
[1m2026-07-27T19:23:55.729990000Z[0m [INFO] PAPER-EQUITY-001.RiskEngine: RUNNING[0m
[1m2026-07-27T19:23:55.729995000Z[0m [INFO] PAPER-EQUITY-001.ExecClient-IB: RUNNING[0m
[1m2026-07-27T19:23:55.730000000Z[0m [INFO] PAPER-EQUITY-001.ExecEngine: Starting position snapshots timer at 60.0 second intervals[0m
[1m2026-07-27T19:23:55.730130000Z[0m [94m[INFO] PAPER-EQUITY-001.ExecEngine: Started reconciliation task[0m
[1m2026-07-27T19:23:55.730134000Z[0m [INFO] PAPER-EQUITY-001.ExecEngine: RUNNING[0m
[1m2026-07-27T19:23:55.730137000Z[0m [INFO] PAPER-EQUITY-001.DataEngine: Connecting all clients...[0m
[1m2026-07-27T19:23:55.730138000Z[0m [INFO] PAPER-EQUITY-001.DataClient-IB: Connecting...[0m
[1m2026-07-27T19:23:55.730144000Z[0m [INFO] PAPER-EQUITY-001.ExecEngine: Connecting all clients...[0m
[1m2026-07-27T19:23:55.730145000Z[0m [INFO] PAPER-EQUITY-001.ExecClient-IB: Connecting...[0m
[1m2026-07-27T19:23:55.730150000Z[0m [94m[INFO] PAPER-EQUITY-001.TradingNode: Awaiting engine connections and initializations (60.0s timeout)...[0m
[1m2026-07-27T19:23:55.730231000Z[0m [94m[INFO] PAPER-EQUITY-001.ExecEngine: Starting continuous reconciliation with intervals: inflight=2000ms, consistency=Nones, position=Nones[0m
[1m2026-07-27T19:23:55.730232000Z[0m [94m[INFO] PAPER-EQUITY-001.ExecEngine: Awaiting startup reconciliation completion before starting continuous checks[0m
[1m2026-07-27T19:23:55.730237000Z[0m [INFO] PAPER-EQUITY-001.InteractiveBrokersClient-001: Setting Market DataType to REALTIME[0m
[1m2026-07-27T19:23:55.730285000Z[0m [1;33m[WARN] PAPER-EQUITY-001.InteractiveBrokersInstrumentProvider: No loading configured: ensure either `load_all=True` or there are `load_ids`[0m
[1m2026-07-27T19:23:55.730369000Z[0m [1;33m[WARN] PAPER-EQUITY-001.InteractiveBrokersClient-001: Market data farm connection is OK:usopt.nj (code: 2104, req_id=-1)[0m
[1m2026-07-27T19:23:55.730446000Z[0m [1;33m[WARN] PAPER-EQUITY-001.InteractiveBrokersClient-001: Market data farm connection is OK:usfarm.nj (code: 2104, req_id=-1)[0m
[1m2026-07-27T19:23:55.730522000Z[0m [1;33m[WARN] PAPER-EQUITY-001.InteractiveBrokersClient-001: Market data farm connection is OK:usfarm (code: 2104, req_id=-1)[0m
[1m2026-07-27T19:23:55.730591000Z[0m [1;33m[WARN] PAPER-EQUITY-001.InteractiveBrokersClient-001: HMDS data farm connection is OK:euhmds (code: 2106, req_id=-1)[0m
[1m2026-07-27T19:23:55.730649000Z[0m [1;33m[WARN] PAPER-EQUITY-001.InteractiveBrokersClient-001: HMDS data farm connection is OK:fundfarm (code: 2106, req_id=-1)[0m
[1m2026-07-27T19:23:55.730710000Z[0m [1;33m[WARN] PAPER-EQUITY-001.InteractiveBrokersClient-001: HMDS data farm connection is OK:ushmds (code: 2106, req_id=-1)[0m
[1m2026-07-27T19:23:55.730798000Z[0m [1;33m[WARN] PAPER-EQUITY-001.InteractiveBrokersClient-001: Sec-def data farm connection is OK:secdefil (code: 2158, req_id=-1)[0m
[1m2026-07-27T19:23:55.779678000Z[0m [1;33m[WARN] PAPER-EQUITY-001.InteractiveBrokersInstrumentProvider: No loading configured: ensure either `load_all=True` or there are `load_ids`[0m
[1m2026-07-27T19:23:55.865131000Z[0m [INFO] PAPER-EQUITY-001.InteractiveBrokersInstrumentProvider: Contract qualified for SPY.ARCA with ConId=756733[0m
[1m2026-07-27T19:23:55.865430000Z[0m [INFO] PAPER-EQUITY-001.InteractiveBrokersInstrumentProvider: Adding instrument=Equity(id=SPY.SMART, raw_symbol=SPY, asset_class=EQUITY, instrument_class=SPOT, quote_currency=USD, is_inverse=False, price_precision=2, price_increment=0.01, size_precision=0, size_increment=1, multiplier=1, lot_size=100, margin_init=0, margin_maint=0, maker_fee=0, taker_fee=0, info={'contract': {'secType': 'STK', 'conId': 756733, 'exchange': 'SMART', 'primaryExchange': 'ARCA', 'symbol': 'SPY', 'localSymbol': 'SPY', 'currency': 'USD', 'tradingClass': 'SPY', 'lastTradeDateOrContractMonth': '', 'lastTradeDate': '', 'multiplier': '', 'strike': 1.7976931348623157e+308, 'right': '', 'includeExpired': False, 'secIdType': '', 'secId': '', 'description': '', 'issuerId': '', 'comboLegsDescrip': '', 'comboLegs': [], 'deltaNeutralContract': None, 'build_futures_chain': None, 'build_options_chain': None, 'options_chain_exchange': None, 'min_expiry_days': None, 'max_expiry_days': None}, 'marketName': 'SPY', 'minTick': 0.01, 'orderTypes': 'ACTIVETIM,AD,ADDONT,ADJUST,ALERT,ALGO,ALLOC,AON,AVGCOST,BASKET,BENCHPX,CASHQTY,COND,CONDORDER,DARKONLY,DARKPOLL,DAY,DEACT,DEACTDIS,DEACTEOD,DIS,DUR,GAT,GTC,GTD,GTT,HID,IBKRATS,ICE,IOC,LIT,LMT,LOC,MIDPX,MIT,MKT,MOC,MTL,NGCOMB,NODARK,NONALGO,OCA,OPG,OPGREROUT,PEGBENCH,PEGMID,POSTATS,POSTONLY,PREOPGRTH,PRICECHK,REL,REL2MID,RELPCTOFS,RTH,SCALE,SCALEODD,SCALERST,SIZECHK,SNAPMID,SNAPMKT,SNAPREL,STP,STPLMT,SWEEP,TRAIL,TRAILLIT,TRAILLMT,TRAILMIT,WHATIF', 'validExchanges': 'SMART,AMEX,NYSE,CBOE,PHLX,ISE,CHX,ARCA,NASDAQ,DRCTEDGE,BEX,BATS,EDGEA,BYX,IEX,EDGX,FOXRIVER,PEARL,NYSENAT,LTSE,MEMX,IBEOS,OVERNIGHT,TPLUS0,PSX,T24X,TXSE', 'priceMagnifier': 1, 'underConId': 0, 'longName': 'SS SPDR S&P 500 ETF TRUST-US', 'contractMonth': '', 'industry': '', 'category': '', 'subcategory': '', 'timeZoneId': 'US/Eastern', 'tradingHours': '20260727:0400-20260727:2000;20260728:0400-20260728:2000;20260729:0400-20260729:2000;20260730:0400-20260730:2000;20260731:0400-20260731:2000', 'liquidHours': '20260727:0930-20260727:1600;20260728:0930-20260728:1600;20260729:0930-20260729:1600;20260730:0930-20260730:1600;20260731:0930-20260731:1600', 'evRule': '', 'evMultiplier': 0, 'mdSizeMultiplier': 1, 'aggGroup': 1, 'underSymbol': '', 'underSecType': '', 'marketRuleIds': '4563,4563,4563,4563,4563,4563,4563,4563,4563,4563,4563,4563,4563,4563,4563,4563,4563,4563,4563,4563,4563,4563,4563,4563,4563,4563,4563', 'secIdList': {'ISIN': 'US78462F1030'}, 'realExpirationDate': '', 'lastTradeTime': '', 'stockType': 'ETF', 'minSize': '0.0001', 'sizeIncrement': '0.0001', 'suggestedSizeIncrement': '40', 'minAlgoSize': '0', 'lastPricePrecision': '0.000001', 'lastSizePrecision': '0.000001', 'cusip': '', 'ratings': '', 'descAppend': '', 'bondType': '', 'couponType': '', 'callable': False, 'putable': False, 'coupon': 0, 'convertible': False, 'maturity': '', 'issueDate': '', 'nextOptionDate': '', 'nextOptionType': '', 'nextOptionPartial': False, 'notes': '', 'fundName': '', 'fundFamily': '', 'fundType': '', 'fundFrontLoad': '', 'fundBackLoad': '', 'fundBackLoadTimeInterval': '', 'fundManagementFee': '', 'fundClosed': False, 'fundClosedForNewInvestors': False, 'fundClosedForNewMoney': False, 'fundNotifyAmount': '', 'fundMinimumInitialPurchase': '', 'fundSubsequentMinimumPurchase': '', 'fundBlueSkyStates': '', 'fundBlueSkyTerritories': '', 'fundDistributionPolicyIndicator': ('None', 'None'), 'fundAssetType': ('None', 'None'), 'ineligibilityReasonList': None, 'eventContract1': '', 'eventContractDescription1': '', 'eventContractDescription2': ''}) from InteractiveBrokersInstrumentProvider[0m
[1m2026-07-27T19:23:55.865460000Z[0m [INFO] PAPER-EQUITY-001.InteractiveBrokersInstrumentProvider: Contract qualified for SPY.ARCA with ConId=756733[0m
[1m2026-07-27T19:23:55.865628000Z[0m [INFO] PAPER-EQUITY-001.InteractiveBrokersInstrumentProvider: Adding instrument=Equity(id=SPY.SMART, raw_symbol=SPY, asset_class=EQUITY, instrument_class=SPOT, quote_currency=USD, is_inverse=False, price_precision=2, price_increment=0.01, size_precision=0, size_increment=1, multiplier=1, lot_size=100, margin_init=0, margin_maint=0, maker_fee=0, taker_fee=0, info={'contract': {'secType': 'STK', 'conId': 756733, 'exchange': 'SMART', 'primaryExchange': 'ARCA', 'symbol': 'SPY', 'localSymbol': 'SPY', 'currency': 'USD', 'tradingClass': 'SPY', 'lastTradeDateOrContractMonth': '', 'lastTradeDate': '', 'multiplier': '', 'strike': 1.7976931348623157e+308, 'right': '', 'includeExpired': False, 'secIdType': '', 'secId': '', 'description': '', 'issuerId': '', 'comboLegsDescrip': '', 'comboLegs': [], 'deltaNeutralContract': None, 'build_futures_chain': None, 'build_options_chain': None, 'options_chain_exchange': None, 'min_expiry_days': None, 'max_expiry_days': None}, 'marketName': 'SPY', 'minTick': 0.01, 'orderTypes': 'ACTIVETIM,AD,ADDONT,ADJUST,ALERT,ALGO,ALLOC,AON,AVGCOST,BASKET,BENCHPX,CASHQTY,COND,CONDORDER,DARKONLY,DARKPOLL,DAY,DEACT,DEACTDIS,DEACTEOD,DIS,DUR,GAT,GTC,GTD,GTT,HID,IBKRATS,ICE,IOC,LIT,LMT,LOC,MIDPX,MIT,MKT,MOC,MTL,NGCOMB,NODARK,NONALGO,OCA,OPG,OPGREROUT,PEGBENCH,PEGMID,POSTATS,POSTONLY,PREOPGRTH,PRICECHK,REL,REL2MID,RELPCTOFS,RTH,SCALE,SCALEODD,SCALERST,SIZECHK,SNAPMID,SNAPMKT,SNAPREL,STP,STPLMT,SWEEP,TRAIL,TRAILLIT,TRAILLMT,TRAILMIT,WHATIF', 'validExchanges': 'SMART,AMEX,NYSE,CBOE,PHLX,ISE,CHX,ARCA,NASDAQ,DRCTEDGE,BEX,BATS,EDGEA,BYX,IEX,EDGX,FOXRIVER,PEARL,NYSENAT,LTSE,MEMX,IBEOS,OVERNIGHT,TPLUS0,PSX,T24X,TXSE', 'priceMagnifier': 1, 'underConId': 0, 'longName': 'SS SPDR S&P 500 ETF TRUST-US', 'contractMonth': '', 'industry': '', 'category': '', 'subcategory': '', 'timeZoneId': 'US/Eastern', 'tradingHours': '20260727:0400-20260727:2000;20260728:0400-20260728:2000;20260729:0400-20260729:2000;20260730:0400-20260730:2000;20260731:0400-20260731:2000', 'liquidHours': '20260727:0930-20260727:1600;20260728:0930-20260728:1600;20260729:0930-20260729:1600;20260730:0930-20260730:1600;20260731:0930-20260731:1600', 'evRule': '', 'evMultiplier': 0, 'mdSizeMultiplier': 1, 'aggGroup': 1, 'underSymbol': '', 'underSecType': '', 'marketRuleIds': '4563,4563,4563,4563,4563,4563,4563,4563,4563,4563,4563,4563,4563,4563,4563,4563,4563,4563,4563,4563,4563,4563,4563,4563,4563,4563,4563', 'secIdList': {'ISIN': 'US78462F1030'}, 'realExpirationDate': '', 'lastTradeTime': '', 'stockType': 'ETF', 'minSize': '0.0001', 'sizeIncrement': '0.0001', 'suggestedSizeIncrement': '40', 'minAlgoSize': '0', 'lastPricePrecision': '0.000001', 'lastSizePrecision': '0.000001', 'cusip': '', 'ratings': '', 'descAppend': '', 'bondType': '', 'couponType': '', 'callable': False, 'putable': False, 'coupon': 0, 'convertible': False, 'maturity': '', 'issueDate': '', 'nextOptionDate': '', 'nextOptionType': '', 'nextOptionPartial': False, 'notes': '', 'fundName': '', 'fundFamily': '', 'fundType': '', 'fundFrontLoad': '', 'fundBackLoad': '', 'fundBackLoadTimeInterval': '', 'fundManagementFee': '', 'fundClosed': False, 'fundClosedForNewInvestors': False, 'fundClosedForNewMoney': False, 'fundNotifyAmount': '', 'fundMinimumInitialPurchase': '', 'fundSubsequentMinimumPurchase': '', 'fundBlueSkyStates': '', 'fundBlueSkyTerritories': '', 'fundDistributionPolicyIndicator': ('None', 'None'), 'fundAssetType': ('None', 'None'), 'ineligibilityReasonList': None, 'eventContract1': '', 'eventContractDescription1': '', 'eventContractDescription2': ''}) from InteractiveBrokersInstrumentProvider[0m
[1m2026-07-27T19:23:55.865639000Z[0m [92m[INFO] PAPER-EQUITY-001.ExecClient-IB: Account `DUR143045` found in the connected TWS/Gateway[0m
[1m2026-07-27T19:23:55.865711000Z[0m [92m[INFO] PAPER-EQUITY-001.DataClient-IB: Connected[0m
[1m2026-07-27T19:23:55.950172000Z[0m [INFO] PAPER-EQUITY-001.Portfolio: Updated AccountState(account_id=IB-DUR143045, account_type=MARGIN, base_currency=None, is_reported=True, balances=[AccountBalance(total=1_002_150.50 USD, locked=1_978.34 USD, free=1_000_172.16 USD)], margins=[MarginBalance(initial=0.00 USD, maintenance=0.00 USD, instrument_id=None)], event_id=bf624a4f-b6c4-4e9b-8556-924e7e865d7b)[0m
[1m2026-07-27T19:23:55.950336000Z[0m [94m[INFO] PAPER-EQUITY-001.TradingNode: Awaiting execution state reconciliation (30.0s timeout)...[0m
[1m2026-07-27T19:23:55.950352000Z[0m [92m[INFO] PAPER-EQUITY-001.ExecClient-IB: Connected[0m
[1m2026-07-27T19:23:55.950367000Z[0m [INFO] PAPER-EQUITY-001.ExecClient-IB: Generating ExecutionMassStatus...[0m
[1m2026-07-27T19:23:55.952229000Z[0m [INFO] PAPER-EQUITY-001.ExecClient-IB: Generated 0 FillReports[0m
[1m2026-07-27T19:23:56.051581000Z[0m [94m[INFO] PAPER-EQUITY-001.ExecEngine: Reconciling ExecutionMassStatus for None[0m
[1m2026-07-27T19:23:56.051587000Z[0m [94m[INFO] PAPER-EQUITY-001.ExecEngine: Attempting to adjust fills for 0 instruments[0m
[1m2026-07-27T19:23:56.051624000Z[0m [94m[INFO] PAPER-EQUITY-001.ExecEngine: Updating adjusted fills for 0 instruments[0m
[1m2026-07-27T19:23:56.051626000Z[0m [94m[INFO] PAPER-EQUITY-001.ExecEngine: Final order_reports contains 0 orders, fill_reports contains 0 fills across all instruments[0m
[1m2026-07-27T19:23:56.051664000Z[0m [92m[INFO] PAPER-EQUITY-001.ExecEngine: Reconciliation for IB succeeded[0m
[1m2026-07-27T19:23:56.051669000Z[0m [92m[INFO] PAPER-EQUITY-001.TradingNode: Execution state reconciled[0m
[1m2026-07-27T19:23:56.051680000Z[0m [INFO] PAPER-EQUITY-001.OrderEmulator: No emulated orders to reactivate[0m
[1m2026-07-27T19:23:56.051687000Z[0m [INFO] PAPER-EQUITY-001.OrderEmulator: RUNNING[0m
[1m2026-07-27T19:23:56.051697000Z[0m [INFO] PAPER-EQUITY-001.Portfolio: Initialized 0 open orders[0m
[1m2026-07-27T19:23:56.051699000Z[0m [INFO] PAPER-EQUITY-001.Portfolio: Initialized 0 open positions[0m
[1m2026-07-27T19:23:56.051703000Z[0m [94m[INFO] PAPER-EQUITY-001.TradingNode: Awaiting portfolio initialization (10.0s timeout)...[0m
[1m2026-07-27T19:23:56.051757000Z[0m [92m[INFO] PAPER-EQUITY-001.ExecEngine: Startup reconciliation completed[0m
[1m2026-07-27T19:23:56.051760000Z[0m [94m[INFO] PAPER-EQUITY-001.ExecEngine: Applying post-reconciliation startup delay (10.0s)[0m
[1m2026-07-27T19:23:56.051775000Z[0m [92m[INFO] PAPER-EQUITY-001.TradingNode: Portfolio initialized[0m
[1m2026-07-27T19:23:56.051786000Z[0m [94m[INFO] PAPER-EQUITY-001.MLStrategy: self.config.oms_type=None[0m
[1m2026-07-27T19:23:56.051787000Z[0m [94m[INFO] PAPER-EQUITY-001.MLStrategy: self.config.external_order_claims=None[0m
[1m2026-07-27T19:23:56.051788000Z[0m [94m[INFO] PAPER-EQUITY-001.MLStrategy: self.config.manage_gtd_expiry=False[0m
[1m2026-07-27T19:23:56.051794000Z[0m [94m[INFO] PAPER-EQUITY-001.MLStrategy: Set ClientOrderIdGenerator client_order_id count to 0[0m
[1m2026-07-27T19:23:56.051795000Z[0m [94m[INFO] PAPER-EQUITY-001.MLStrategy: Set ClientOrderIdGenerator order_list_id count to 0[0m
[1m2026-07-27T19:23:56.052020000Z[0m [INFO] PAPER-EQUITY-001.MLStrategy: [CMD]--> SubscribeBars(bar_type=SPY.SMART-1-DAY-LAST-EXTERNAL, client_id=None, venue=SMART)[0m
[1m2026-07-27T19:23:56.052030000Z[0m [INFO] PAPER-EQUITY-001.MLStrategy: Subscribed SPY.SMART-1-DAY-LAST-EXTERNAL[0m
[1m2026-07-27T19:23:56.052034000Z[0m [1;33m[WARN] PAPER-EQUITY-001.MLStrategy: Ignoring legacy risk snapshot without an allocated-equity baseline[0m
[1m2026-07-27T19:23:56.052079000Z[0m [INFO] PAPER-EQUITY-001.MLStrategy: RUNNING[0m
[1m2026-07-27T19:23:56.052085000Z[0m [INFO] PAPER-EQUITY-001.PAPER-EQUITY-001: RUNNING[0m
[1m2026-07-27T19:23:56.052089000Z[0m [INFO] PAPER-EQUITY-001.TradingNode: RUNNING[0m
[1m2026-07-27T19:23:56.052239000Z[0m [INFO] PAPER-EQUITY-001.InteractiveBrokersClient-001: Creating and registering a new Subscription instance for SPY.SMART-1-DAY-LAST-EXTERNAL[0m
[1m2026-07-27T19:23:56.052334000Z[0m [94m[INFO] PAPER-EQUITY-001.DataClient-IB: Subscribed SPY.SMART-1-DAY-LAST-EXTERNAL bars[0m
[1m2026-07-27T19:24:03.989357000Z[0m [INFO] PAPER-EQUITY-001.Portfolio: Updated AccountState(account_id=IB-DUR143045, account_type=MARGIN, base_currency=None, is_reported=True, balances=[AccountBalance(total=1_002_150.50 USD, locked=1_978.34 USD, free=1_000_172.16 USD)], margins=[MarginBalance(initial=0.00 USD, maintenance=0.00 USD, instrument_id=None)], event_id=d54d5089-47fb-4757-b70a-cbcb402e5b3e)[0m
[1m2026-07-27T19:24:36.372262000Z[0m [1;33m[WARN] PAPER-EQUITY-001.TradingNode: Received SIGINT, shutting down[0m
[1m2026-07-27T19:24:36.372532000Z[0m [INFO] PAPER-EQUITY-001.TradingNode: STOPPING[0m
[1m2026-07-27T19:24:36.373359000Z[0m [INFO] PAPER-EQUITY-001.MLStrategy: [CMD]--> UnsubscribeBars(bar_type=SPY.SMART-1-DAY-LAST-EXTERNAL, client_id=None, venue=SMART)[0m
[1m2026-07-27T19:24:36.373398000Z[0m [INFO] PAPER-EQUITY-001.MLStrategy: Unsubscribed from SPY.SMART-1-DAY-LAST-EXTERNAL bar data[0m
[1m2026-07-27T19:24:36.373409000Z[0m [INFO] PAPER-EQUITY-001.MLStrategy: Canceling executor tasks[0m
[1m2026-07-27T19:24:36.373492000Z[0m [INFO] PAPER-EQUITY-001.MLStrategy: STOPPED[0m
[1m2026-07-27T19:24:36.373510000Z[0m [INFO] PAPER-EQUITY-001.PAPER-EQUITY-001: STOPPED[0m
[1m2026-07-27T19:24:36.373553000Z[0m [94m[INFO] PAPER-EQUITY-001.TradingNode: Awaiting post stop (10.0s timeout)...[0m
[1m2026-07-27T19:24:36.374448000Z[0m [94m[INFO] PAPER-EQUITY-001.DataClient-IB: Unsubscribed SPY.SMART-1-DAY-LAST-EXTERNAL bars[0m
[1m2026-07-27T19:24:36.376597000Z[0m [1;31m[ERROR] PAPER-EQUITY-001.InteractiveBrokersClient-001: Historical Market Data Service error message:API historical data query cancelled: 10006 (code: 162, req_id=10006)[0m
[1m2026-07-27T19:24:36.376654000Z[0m [1;33m[WARN] PAPER-EQUITY-001.InteractiveBrokersClient-001: Unhandled error: 162 for req_id 10006[0m
[1m2026-07-27T19:24:46.374508000Z[0m [94m[INFO] PAPER-EQUITY-001.MLStrategy: Saved state: ['ml_strategy.json'][0m
[1m2026-07-27T19:24:46.374738000Z[0m [INFO] PAPER-EQUITY-001.DataClient-IB: STOPPED[0m
[1m2026-07-27T19:24:46.374785000Z[0m [INFO] PAPER-EQUITY-001.ExecClient-IB: STOPPED[0m
[1m2026-07-27T19:24:46.374808000Z[0m [INFO] PAPER-EQUITY-001.DataEngine: Disconnecting all clients...[0m
[1m2026-07-27T19:24:46.374818000Z[0m [INFO] PAPER-EQUITY-001.DataClient-IB: Disconnecting...[0m
[1m2026-07-27T19:24:46.374855000Z[0m [INFO] PAPER-EQUITY-001.ExecEngine: Disconnecting all clients...[0m
[1m2026-07-27T19:24:46.374863000Z[0m [INFO] PAPER-EQUITY-001.ExecClient-IB: Disconnecting...[0m
[1m2026-07-27T19:24:46.374896000Z[0m [94m[INFO] PAPER-EQUITY-001.TradingNode: Awaiting engine disconnections (10.0s timeout)...[0m
[1m2026-07-27T19:24:46.375284000Z[0m [INFO] PAPER-EQUITY-001.InteractiveBrokersClient-001: STOPPED[0m
[1m2026-07-27T19:24:46.375360000Z[0m [92m[INFO] PAPER-EQUITY-001.DataClient-IB: Disconnected[0m
[1m2026-07-27T19:24:46.375416000Z[0m [92m[INFO] PAPER-EQUITY-001.ExecClient-IB: Disconnected[0m
[1m2026-07-27T19:24:46.375649000Z[0m [INFO] PAPER-EQUITY-001.DataEngine: STOPPED[0m
[1m2026-07-27T19:24:46.375726000Z[0m [INFO] PAPER-EQUITY-001.RiskEngine: STOPPED[0m
[1m2026-07-27T19:24:46.375763000Z[0m [INFO] PAPER-EQUITY-001.ExecEngine: Canceling position snapshots timer[0m
[1m2026-07-27T19:24:46.375867000Z[0m [INFO] PAPER-EQUITY-001.ExecEngine: STOPPED[0m
[1m2026-07-27T19:24:46.375923000Z[0m [INFO] PAPER-EQUITY-001.OrderEmulator: STOPPED[0m
[1m2026-07-27T19:24:46.375946000Z[0m [INFO] PAPER-EQUITY-001.TradingNode: STOPPED[0m
[1m2026-07-27T19:24:46.375980000Z[0m [INFO] PAPER-EQUITY-001.InteractiveBrokersClient-001: Stopping InteractiveBrokersClient (1)...[0m
[1m2026-07-27T19:24:46.376479000Z[0m [INFO] PAPER-EQUITY-001.InteractiveBrokersClient-001: All tasks canceled successfully.[0m
[1m2026-07-27T19:24:46.377050000Z[0m [INFO] PAPER-EQUITY-001.DataClient-IB: DISPOSED[0m
[1m2026-07-27T19:24:46.377065000Z[0m [INFO] PAPER-EQUITY-001.DataEngine: DISPOSED[0m
[1m2026-07-27T19:24:46.377079000Z[0m [INFO] PAPER-EQUITY-001.RiskEngine: DISPOSED[0m
[1m2026-07-27T19:24:46.377101000Z[0m [INFO] PAPER-EQUITY-001.ExecClient-IB: DISPOSED[0m
[1m2026-07-27T19:24:46.377113000Z[0m [INFO] PAPER-EQUITY-001.ExecEngine: DISPOSED[0m
[1m2026-07-27T19:24:46.377157000Z[0m [INFO] PAPER-EQUITY-001.OrderEmulator: DISPOSED[0m
[1m2026-07-27T19:24:46.377176000Z[0m [INFO] PAPER-EQUITY-001.PAPER-EQUITY-001: Cleared actors[0m
[1m2026-07-27T19:24:46.377191000Z[0m [INFO] PAPER-EQUITY-001.MLStrategy: DISPOSED[0m
[1m2026-07-27T19:24:46.377210000Z[0m [INFO] PAPER-EQUITY-001.PAPER-EQUITY-001: Cleared trading strategies[0m
[1m2026-07-27T19:24:46.377213000Z[0m [INFO] PAPER-EQUITY-001.PAPER-EQUITY-001: Cleared execution algorithms[0m
[1m2026-07-27T19:24:46.377225000Z[0m [INFO] PAPER-EQUITY-001.PAPER-EQUITY-001: DISPOSED[0m
[1m2026-07-27T19:24:46.377274000Z[0m [INFO] PAPER-EQUITY-001.Cache: Reset[0m
[1m2026-07-27T19:24:46.378171000Z[0m [INFO] PAPER-EQUITY-001.CacheDatabaseAdapter: Closed cache database adapter[0m
[1m2026-07-27T19:24:46.378241000Z[0m [INFO] PAPER-EQUITY-001.MessageBus: Closed message bus[0m
[1m2026-07-27T19:24:46.378250000Z[0m [INFO] PAPER-EQUITY-001.TradingNode: Shutting down executor[0m
[1m2026-07-27T19:24:46.390747000Z[0m [INFO] PAPER-EQUITY-001.TradingNode: Closing event loop[0m
Task was destroyed but it is pending!
task: <Task pending name='_stop_async' coro=<InteractiveBrokersClient._stop_async() running at /Users/lindawang/Documents/Workspace/quant/.quant312/lib/python3.12/site-packages/nautilus_trader/adapters/interactive_brokers/client/client.py:391> wait_for=<_GatheringFuture finished result=[None]> cb=[InteractiveBrokersClient._on_task_completed(None, None)()]>
[1m2026-07-27T19:24:46.391563000Z[0m [INFO] PAPER-EQUITY-001.TradingNode: loop.is_running=False[0m
[1m2026-07-27T19:24:46.391575000Z[0m [INFO] PAPER-EQUITY-001.TradingNode: loop.is_closed=True[0m
[1m2026-07-27T19:24:46.391577000Z[0m [INFO] PAPER-EQUITY-001.TradingNode: DISPOSED[0m
