[1m2026-07-28T01:56:39.352238000Z[0m [36m[INFO] PAPER-CRYPTO-001.TradingNode: =================================================================[0m
[1m2026-07-28T01:56:39.352251000Z[0m [36m[INFO] PAPER-CRYPTO-001.TradingNode:  NAUTILUS TRADER - Automated Algorithmic Trading Platform[0m
[1m2026-07-28T01:56:39.352251001Z[0m [36m[INFO] PAPER-CRYPTO-001.TradingNode:  by Nautech Systems Pty Ltd.[0m
[1m2026-07-28T01:56:39.352251002Z[0m [36m[INFO] PAPER-CRYPTO-001.TradingNode:  Copyright (C) 2015-2026. All rights reserved.[0m
[1m2026-07-28T01:56:39.352251003Z[0m [36m[INFO] PAPER-CRYPTO-001.TradingNode: =================================================================[0m
[1m2026-07-28T01:56:39.352251004Z[0m [INFO] PAPER-CRYPTO-001.TradingNode: [0m
[1m2026-07-28T01:56:39.352251005Z[0m [INFO] PAPER-CRYPTO-001.TradingNode: ⠀⠀⠀⠀⠀⠀⠀⠀⠀⠀⠀⠀⠀⣠⣴⣶⡟⠀⠀⠀⠀⠀⠀⠀⠀⠀⠀⠀⠀⠀⠀[0m
[1m2026-07-28T01:56:39.352252000Z[0m [INFO] PAPER-CRYPTO-001.TradingNode: ⠀⠀⠀⠀⠀⠀⠀⠀⠀⠀⠀⣰⣾⣿⣿⣿⠀⢸⣿⣿⣿⣿⣶⣶⣤⣀⠀⠀⠀⠀⠀[0m
[1m2026-07-28T01:56:39.352252001Z[0m [INFO] PAPER-CRYPTO-001.TradingNode: ⠀⠀⠀⠀⠀⠀⢀⣴⡇⢀⣾⣿⣿⣿⣿⣿⠀⣾⣿⣿⣿⣿⣿⣿⣿⠿⠓⠀⠀⠀⠀[0m
[1m2026-07-28T01:56:39.352252002Z[0m [INFO] PAPER-CRYPTO-001.TradingNode: ⠀⠀⠀⠀⠀⣰⣿⣿⡀⢸⣿⣿⣿⣿⣿⣿⠀⣿⣿⣿⣿⣿⣿⠟⠁⣠⣄⠀⠀⠀⠀[0m
[1m2026-07-28T01:56:39.352252003Z[0m [INFO] PAPER-CRYPTO-001.TradingNode: ⠀⠀⠀⠀⢠⣿⣿⣿⣇⠀⢿⣿⣿⣿⣿⣿⠀⢻⣿⣿⣿⡿⢃⣠⣾⣿⣿⣧⡀⠀⠀[0m
[1m2026-07-28T01:56:39.352252004Z[0m [INFO] PAPER-CRYPTO-001.TradingNode: ⠀⠀⠀⠠⣾⣿⣿⣿⣿⣿⣧⠈⠋⢀⣴⣧⠀⣿⡏⢠⡀⢸⣿⣿⣿⣿⣿⣿⣿⡇⠀[0m
[1m2026-07-28T01:56:39.352252005Z[0m [INFO] PAPER-CRYPTO-001.TradingNode: ⠀⠀⠀⣀⠙⢿⣿⣿⣿⣿⣿⠇⢠⣿⣿⣿⡄⠹⠃⠼⠃⠈⠉⠛⠛⠛⠛⠛⠻⠇⠀[0m
[1m2026-07-28T01:56:39.352252006Z[0m [INFO] PAPER-CRYPTO-001.TradingNode: ⠀⠀⢸⡟⢠⣤⠉⠛⠿⢿⣿⠀⢸⣿⡿⠋⣠⣤⣄⠀⣾⣿⣿⣶⣶⣶⣦⡄⠀⠀⠀[0m
[1m2026-07-28T01:56:39.352253000Z[0m [INFO] PAPER-CRYPTO-001.TradingNode: ⠀⠀⠸⠀⣾⠏⣸⣷⠂⣠⣤⠀⠘⢁⣴⣾⣿⣿⣿⡆⠘⣿⣿⣿⣿⣿⣿⠀⠀⠀⠀[0m
[1m2026-07-28T01:56:39.352253001Z[0m [INFO] PAPER-CRYPTO-001.TradingNode: ⠀⠀⠀⠀⠛⠀⣿⡟⠀⢻⣿⡄⠸⣿⣿⣿⣿⣿⣿⣿⡀⠘⣿⣿⣿⣿⠟⠀⠀⠀⠀[0m
[1m2026-07-28T01:56:39.352253002Z[0m [INFO] PAPER-CRYPTO-001.TradingNode: ⠀⠀⠀⠀⠀⠀⣿⠇⠀⠀⢻⡿⠀⠈⠻⣿⣿⣿⣿⣿⡇⠀⢹⣿⠿⠋⠀⠀⠀⠀⠀[0m
[1m2026-07-28T01:56:39.352253003Z[0m [INFO] PAPER-CRYPTO-001.TradingNode: ⠀⠀⠀⠀⠀⠀⠋⠀⠀⠀⡘⠁⠀⠀⠀⠀⠀⠀⠀⠀⠀⠀⠈⠁⠀⠀⠀⠀⠀⠀⠀[0m
[1m2026-07-28T01:56:39.352253004Z[0m [INFO] PAPER-CRYPTO-001.TradingNode: [0m
[1m2026-07-28T01:56:39.352253005Z[0m [36m[INFO] PAPER-CRYPTO-001.TradingNode: =================================================================[0m
[1m2026-07-28T01:56:39.352253006Z[0m [36m[INFO] PAPER-CRYPTO-001.TradingNode:  SYSTEM SPECIFICATION[0m
[1m2026-07-28T01:56:39.352253007Z[0m [36m[INFO] PAPER-CRYPTO-001.TradingNode: =================================================================[0m
[1m2026-07-28T01:56:39.352253008Z[0m [INFO] PAPER-CRYPTO-001.TradingNode: CPU architecture: Apple M4[0m
[1m2026-07-28T01:56:39.352254000Z[0m [INFO] PAPER-CRYPTO-001.TradingNode: CPU(s): 10 @ 4464 MHz[0m
[1m2026-07-28T01:56:39.352254001Z[0m [INFO] PAPER-CRYPTO-001.TradingNode: OS: kernel-25.5.0 macOS 26.5.2 Tahoe[0m
[1m2026-07-28T01:56:39.352263000Z[0m [36m[INFO] PAPER-CRYPTO-001.TradingNode: =================================================================[0m
[1m2026-07-28T01:56:39.352264000Z[0m [36m[INFO] PAPER-CRYPTO-001.TradingNode:  MEMORY USAGE[0m
[1m2026-07-28T01:56:39.352264001Z[0m [36m[INFO] PAPER-CRYPTO-001.TradingNode: =================================================================[0m
[1m2026-07-28T01:56:39.352267000Z[0m [INFO] PAPER-CRYPTO-001.TradingNode: RAM-Total: 32.00 GiB[0m
[1m2026-07-28T01:56:39.352268000Z[0m [INFO] PAPER-CRYPTO-001.TradingNode: RAM-Used: 20.09 GiB (62.78%)[0m
[1m2026-07-28T01:56:39.352268001Z[0m [INFO] PAPER-CRYPTO-001.TradingNode: RAM-Avail: 11.91 GiB (37.22%)[0m
[1m2026-07-28T01:56:39.352269000Z[0m [INFO] PAPER-CRYPTO-001.TradingNode: Swap: disabled[0m
[1m2026-07-28T01:56:39.352273000Z[0m [36m[INFO] PAPER-CRYPTO-001.TradingNode: =================================================================[0m
[1m2026-07-28T01:56:39.352273001Z[0m [36m[INFO] PAPER-CRYPTO-001.TradingNode:  IDENTIFIERS[0m
[1m2026-07-28T01:56:39.352273002Z[0m [36m[INFO] PAPER-CRYPTO-001.TradingNode: =================================================================[0m
[1m2026-07-28T01:56:39.352273003Z[0m [INFO] PAPER-CRYPTO-001.TradingNode: trader_id: PAPER-CRYPTO-001[0m
[1m2026-07-28T01:56:39.352274000Z[0m [INFO] PAPER-CRYPTO-001.TradingNode: machine_id: Wynstons-Mac.local[0m
[1m2026-07-28T01:56:39.352274001Z[0m [INFO] PAPER-CRYPTO-001.TradingNode: instance_id: 789537cc-003c-4aef-ac40-9cfce386871e[0m
[1m2026-07-28T01:56:39.352275000Z[0m [INFO] PAPER-CRYPTO-001.TradingNode: PID: 29138[0m
[1m2026-07-28T01:56:39.352275001Z[0m [36m[INFO] PAPER-CRYPTO-001.TradingNode: =================================================================[0m
[1m2026-07-28T01:56:39.352275002Z[0m [36m[INFO] PAPER-CRYPTO-001.TradingNode:  VERSIONING[0m
[1m2026-07-28T01:56:39.352275003Z[0m [36m[INFO] PAPER-CRYPTO-001.TradingNode: =================================================================[0m
[1m2026-07-28T01:56:39.352286000Z[0m [INFO] PAPER-CRYPTO-001.TradingNode: nautilus_trader: 1.229.0[0m
[1m2026-07-28T01:56:39.352291000Z[0m [INFO] PAPER-CRYPTO-001.TradingNode: python: 3.12.13[0m
[1m2026-07-28T01:56:39.352292000Z[0m [INFO] PAPER-CRYPTO-001.TradingNode: numpy: 2.5.0[0m
[1m2026-07-28T01:56:39.352294000Z[0m [INFO] PAPER-CRYPTO-001.TradingNode: pandas: 3.0.4[0m
[1m2026-07-28T01:56:39.352295000Z[0m [INFO] PAPER-CRYPTO-001.TradingNode: msgspec: 0.21.1[0m
[1m2026-07-28T01:56:39.352297000Z[0m [INFO] PAPER-CRYPTO-001.TradingNode: pyarrow: 24.0.0[0m
[1m2026-07-28T01:56:39.352299000Z[0m [INFO] PAPER-CRYPTO-001.TradingNode: pytz: 2026.2[0m
[1m2026-07-28T01:56:39.352299001Z[0m [INFO] PAPER-CRYPTO-001.TradingNode: uvloop: 0.22.1[0m
[1m2026-07-28T01:56:39.352300000Z[0m [36m[INFO] PAPER-CRYPTO-001.TradingNode: =================================================================[0m
[1m2026-07-28T01:56:39.352311000Z[0m [INFO] PAPER-CRYPTO-001.TradingNode: Building system kernel[0m
[1m2026-07-28T01:56:39.352419000Z[0m [INFO] PAPER-CRYPTO-001.CacheDatabaseAdapter: READY[0m
[1m2026-07-28T01:56:39.352425000Z[0m [94m[INFO] PAPER-CRYPTO-001.CacheDatabaseAdapter: config.database=DatabaseConfig(type=redis, host=127.0.0.1, port=6379, username=None, password=None, ssl=False, connection_timeout=20, response_timeout=20, number_of_retries=3, exponent_base=2, max_delay=1000, factor=2)[0m
[1m2026-07-28T01:56:39.352426000Z[0m [94m[INFO] PAPER-CRYPTO-001.CacheDatabaseAdapter: config.encoding='msgpack'[0m
[1m2026-07-28T01:56:39.352427000Z[0m [94m[INFO] PAPER-CRYPTO-001.CacheDatabaseAdapter: config.timestamps_as_iso8601=False[0m
[1m2026-07-28T01:56:39.352427001Z[0m [94m[INFO] PAPER-CRYPTO-001.CacheDatabaseAdapter: config.buffer_interval_ms=100[0m
[1m2026-07-28T01:56:39.352427002Z[0m [94m[INFO] PAPER-CRYPTO-001.CacheDatabaseAdapter: config.flush_on_start=False[0m
[1m2026-07-28T01:56:39.352428000Z[0m [94m[INFO] PAPER-CRYPTO-001.CacheDatabaseAdapter: config.use_trader_prefix=True[0m
[1m2026-07-28T01:56:39.352428001Z[0m [94m[INFO] PAPER-CRYPTO-001.CacheDatabaseAdapter: config.use_instance_id=False[0m
[1m2026-07-28T01:56:39.353281000Z[0m [94m[INFO] PAPER-CRYPTO-001.MessageBus: config.database=None[0m
[1m2026-07-28T01:56:39.353287000Z[0m [94m[INFO] PAPER-CRYPTO-001.MessageBus: config.encoding='json'[0m
[1m2026-07-28T01:56:39.353288000Z[0m [94m[INFO] PAPER-CRYPTO-001.MessageBus: config.timestamps_as_iso8601=False[0m
[1m2026-07-28T01:56:39.353289000Z[0m [94m[INFO] PAPER-CRYPTO-001.MessageBus: config.buffer_interval_ms=None[0m
[1m2026-07-28T01:56:39.353290000Z[0m [94m[INFO] PAPER-CRYPTO-001.MessageBus: config.autotrim_mins=None[0m
[1m2026-07-28T01:56:39.353291000Z[0m [94m[INFO] PAPER-CRYPTO-001.MessageBus: config.use_trader_prefix=True[0m
[1m2026-07-28T01:56:39.353292000Z[0m [94m[INFO] PAPER-CRYPTO-001.MessageBus: config.use_trader_id=True[0m
[1m2026-07-28T01:56:39.353292001Z[0m [94m[INFO] PAPER-CRYPTO-001.MessageBus: config.use_instance_id=False[0m
[1m2026-07-28T01:56:39.353293000Z[0m [94m[INFO] PAPER-CRYPTO-001.MessageBus: config.streams_prefix='stream'[0m
[1m2026-07-28T01:56:39.353294000Z[0m [94m[INFO] PAPER-CRYPTO-001.MessageBus: config.types_filter=None[0m
[1m2026-07-28T01:56:39.353356000Z[0m [INFO] PAPER-CRYPTO-001.Cache: READY[0m
[1m2026-07-28T01:56:39.353992000Z[0m [INFO] PAPER-CRYPTO-001.DataEngine: READY[0m
[1m2026-07-28T01:56:39.354167000Z[0m [94m[INFO] PAPER-CRYPTO-001.DataEngine: config.graceful_shutdown_on_exception=False[0m
[1m2026-07-28T01:56:39.354196000Z[0m [INFO] PAPER-CRYPTO-001.RiskEngine: READY[0m
[1m2026-07-28T01:56:39.354219000Z[0m [94m[INFO] PAPER-CRYPTO-001.RiskEngine: TradingState is ACTIVE[0m
[1m2026-07-28T01:56:39.354317000Z[0m [INFO] PAPER-CRYPTO-001.Throttler-ORDER_SUBMIT_THROTTLER: READY[0m
[1m2026-07-28T01:56:39.354333000Z[0m [94m[INFO] PAPER-CRYPTO-001.RiskEngine: Set MAX_ORDER_SUBMIT_RATE: 100/00:00:01[0m
[1m2026-07-28T01:56:39.354346000Z[0m [INFO] PAPER-CRYPTO-001.Throttler-ORDER_MODIFY_THROTTLER: READY[0m
[1m2026-07-28T01:56:39.354353000Z[0m [94m[INFO] PAPER-CRYPTO-001.RiskEngine: Set MAX_ORDER_MODIFY_RATE: 100/00:00:01[0m
[1m2026-07-28T01:56:39.354368000Z[0m [94m[INFO] PAPER-CRYPTO-001.RiskEngine: config.graceful_shutdown_on_exception=False[0m
[1m2026-07-28T01:56:39.354400000Z[0m [INFO] PAPER-CRYPTO-001.ExecEngine: READY[0m
[1m2026-07-28T01:56:39.354417000Z[0m [94m[INFO] PAPER-CRYPTO-001.ExecEngine: config.snapshot_orders=True[0m
[1m2026-07-28T01:56:39.354419000Z[0m [94m[INFO] PAPER-CRYPTO-001.ExecEngine: config.snapshot_positions=True[0m
[1m2026-07-28T01:56:39.354420000Z[0m [94m[INFO] PAPER-CRYPTO-001.ExecEngine: config.snapshot_positions_interval_secs=60.0[0m
[1m2026-07-28T01:56:39.354421000Z[0m [94m[INFO] PAPER-CRYPTO-001.ExecEngine: config.allow_overfills=False[0m
[1m2026-07-28T01:56:39.354444000Z[0m [94m[INFO] PAPER-CRYPTO-001.ExecEngine: config.reconciliation=True[0m
[1m2026-07-28T01:56:39.354447000Z[0m [94m[INFO] PAPER-CRYPTO-001.ExecEngine: config.reconciliation_lookback_mins=None[0m
[1m2026-07-28T01:56:39.354447001Z[0m [94m[INFO] PAPER-CRYPTO-001.ExecEngine: config.reconciliation_instrument_ids=None[0m
[1m2026-07-28T01:56:39.354447002Z[0m [94m[INFO] PAPER-CRYPTO-001.ExecEngine: config.filter_unclaimed_external_orders=False[0m
[1m2026-07-28T01:56:39.354448000Z[0m [94m[INFO] PAPER-CRYPTO-001.ExecEngine: config.filter_position_reports=False[0m
[1m2026-07-28T01:56:39.354448001Z[0m [94m[INFO] PAPER-CRYPTO-001.ExecEngine: config.filtered_client_order_ids=None[0m
[1m2026-07-28T01:56:39.354448002Z[0m [94m[INFO] PAPER-CRYPTO-001.ExecEngine: config.inflight_check_interval_ms=2000[0m
[1m2026-07-28T01:56:39.354449000Z[0m [94m[INFO] PAPER-CRYPTO-001.ExecEngine: config.inflight_check_threshold_ms=5000[0m
[1m2026-07-28T01:56:39.354449001Z[0m [94m[INFO] PAPER-CRYPTO-001.ExecEngine: config.inflight_check_retries=5[0m
[1m2026-07-28T01:56:39.354450000Z[0m [94m[INFO] PAPER-CRYPTO-001.ExecEngine: config.own_books_audit_interval_secs=None[0m
[1m2026-07-28T01:56:39.354450001Z[0m [94m[INFO] PAPER-CRYPTO-001.ExecEngine: config.open_check_interval_secs=None[0m
[1m2026-07-28T01:56:39.354450002Z[0m [94m[INFO] PAPER-CRYPTO-001.ExecEngine: config.open_check_open_only=True[0m
[1m2026-07-28T01:56:39.354451000Z[0m [94m[INFO] PAPER-CRYPTO-001.ExecEngine: config.open_check_lookback_mins=60[0m
[1m2026-07-28T01:56:39.354451001Z[0m [94m[INFO] PAPER-CRYPTO-001.ExecEngine: config.open_check_threshold_ms=5000[0m
[1m2026-07-28T01:56:39.354451002Z[0m [94m[INFO] PAPER-CRYPTO-001.ExecEngine: config.open_check_missing_retries=5[0m
[1m2026-07-28T01:56:39.354451003Z[0m [94m[INFO] PAPER-CRYPTO-001.ExecEngine: config.max_single_order_queries_per_cycle=10[0m
[1m2026-07-28T01:56:39.354452000Z[0m [94m[INFO] PAPER-CRYPTO-001.ExecEngine: config.single_order_query_delay_ms=100[0m
[1m2026-07-28T01:56:39.354452001Z[0m [94m[INFO] PAPER-CRYPTO-001.ExecEngine: config.position_check_interval_secs=None[0m
[1m2026-07-28T01:56:39.354452002Z[0m [94m[INFO] PAPER-CRYPTO-001.ExecEngine: config.position_check_lookback_mins=60[0m
[1m2026-07-28T01:56:39.354452003Z[0m [94m[INFO] PAPER-CRYPTO-001.ExecEngine: config.position_check_threshold_ms=5000[0m
[1m2026-07-28T01:56:39.354453000Z[0m [94m[INFO] PAPER-CRYPTO-001.ExecEngine: config.position_check_retries=3[0m
[1m2026-07-28T01:56:39.354453001Z[0m [94m[INFO] PAPER-CRYPTO-001.ExecEngine: config.reconciliation_startup_delay_secs=10.0[0m
[1m2026-07-28T01:56:39.354453002Z[0m [94m[INFO] PAPER-CRYPTO-001.ExecEngine: config.purge_closed_orders_interval_mins=None[0m
[1m2026-07-28T01:56:39.354454000Z[0m [94m[INFO] PAPER-CRYPTO-001.ExecEngine: config.purge_closed_orders_buffer_mins=None[0m
[1m2026-07-28T01:56:39.354454001Z[0m [94m[INFO] PAPER-CRYPTO-001.ExecEngine: config.purge_closed_positions_interval_mins=None[0m
[1m2026-07-28T01:56:39.354454002Z[0m [94m[INFO] PAPER-CRYPTO-001.ExecEngine: config.purge_closed_positions_buffer_mins=None[0m
[1m2026-07-28T01:56:39.354454003Z[0m [94m[INFO] PAPER-CRYPTO-001.ExecEngine: config.purge_account_events_interval_mins=None[0m
[1m2026-07-28T01:56:39.354454004Z[0m [94m[INFO] PAPER-CRYPTO-001.ExecEngine: config.purge_account_events_lookback_mins=None[0m
[1m2026-07-28T01:56:39.354455000Z[0m [94m[INFO] PAPER-CRYPTO-001.ExecEngine: config.purge_from_database=False[0m
[1m2026-07-28T01:56:39.354455001Z[0m [94m[INFO] PAPER-CRYPTO-001.ExecEngine: config.graceful_shutdown_on_exception=False[0m
[1m2026-07-28T01:56:39.354698000Z[0m [94m[INFO] PAPER-CRYPTO-001.Cache: Cached 1 general object from database[0m
[1m2026-07-28T01:56:39.354896000Z[0m [94m[INFO] PAPER-CRYPTO-001.Cache: Cached 6 currencies from database[0m
[1m2026-07-28T01:56:39.355305000Z[0m [94m[INFO] PAPER-CRYPTO-001.Cache: Cached 5 instruments from database[0m
[1m2026-07-28T01:56:39.355563000Z[0m [94m[INFO] PAPER-CRYPTO-001.Cache: Cached 1 account from database[0m
[1m2026-07-28T01:56:39.355709000Z[0m [INFO] PAPER-CRYPTO-001.Cache: Cached 0 orders from database[0m
[1m2026-07-28T01:56:39.355712000Z[0m [INFO] PAPER-CRYPTO-001.Cache: Cached 0 order lists from database[0m
[1m2026-07-28T01:56:39.355764000Z[0m [INFO] PAPER-CRYPTO-001.Cache: Cached 0 positions from database[0m
[1m2026-07-28T01:56:39.355772000Z[0m [INFO] PAPER-CRYPTO-001.Cache: Checking data integrity[0m
[1m2026-07-28T01:56:39.355781000Z[0m [92m[INFO] PAPER-CRYPTO-001.Cache: Integrity check passed in 7μs[0m
[1m2026-07-28T01:56:39.355792000Z[0m [INFO] PAPER-CRYPTO-001.ExecEngine: Loaded cache in 1ms[0m
[1m2026-07-28T01:56:39.355818000Z[0m [INFO] PAPER-CRYPTO-001.OrderEmulator: READY[0m
[1m2026-07-28T01:56:39.355846000Z[0m [INFO] PAPER-CRYPTO-001.PAPER-CRYPTO-001: READY[0m
[1m2026-07-28T01:56:39.355857000Z[0m [INFO] PAPER-CRYPTO-001.TradingNode: Initialized in 3ms[0m
[1m2026-07-28T01:56:39.355865000Z[0m [94m[INFO] PAPER-CRYPTO-001.TradingNode: has_cache_backing=True[0m
[1m2026-07-28T01:56:39.355866000Z[0m [94m[INFO] PAPER-CRYPTO-001.TradingNode: has_msgbus_backing=False[0m
[1m2026-07-28T01:56:39.355923000Z[0m [INFO] PAPER-CRYPTO-001.MLStrategy: READY[0m
[1m2026-07-28T01:56:39.355944000Z[0m [INFO] PAPER-CRYPTO-001.ExecEngine: Registered OMS.UNSPECIFIED for Strategy MLStrategy-000[0m
[1m2026-07-28T01:56:39.355947000Z[0m [INFO] PAPER-CRYPTO-001.PAPER-CRYPTO-001: Registered Strategy MLStrategy-000[0m
[1m2026-07-28T01:56:39.356032000Z[0m [94m[INFO] PAPER-CRYPTO-001.MLStrategy: Loaded state ['ml_strategy.json'][0m
[1m2026-07-28T01:56:39.356036000Z[0m [INFO] PAPER-CRYPTO-001.TradingNode: Building data client for IB[0m
[1m2026-07-28T01:56:39.356054000Z[0m [INFO] PAPER-CRYPTO-001.InteractiveBrokersClient-001: READY[0m
[1m2026-07-28T01:56:39.356132000Z[0m [1;33m[WARN] PAPER-CRYPTO-001.InteractiveBrokersClient-001: Started when loop is not running[0m
[1m2026-07-28T01:56:39.356187000Z[0m [INFO] PAPER-CRYPTO-001.InteractiveBrokersClient-001: Starting InteractiveBrokersClient (1)...[0m
[1m2026-07-28T01:56:39.356198000Z[0m [INFO] PAPER-CRYPTO-001.InteractiveBrokersClient-001: Connecting to 127.0.0.1:4002 with client id: 1[0m
[1m2026-07-28T01:56:39.356532000Z[0m [1;31m[ERROR] PAPER-CRYPTO-001.InteractiveBrokersClient-001: Connection failed[0m
[1m2026-07-28T01:56:39.357333000Z[0m [1;31m[ERROR] PAPER-CRYPTO-001.InteractiveBrokersClient-001: Unhandled exception in client startup
ConnectionError(Failed to connect to Interactive Brokers at 127.0.0.1:4002)
Traceback (most recent call last):
  File "/Users/lindawang/Documents/Workspace/quant/.quant312/lib/python3.12/site-packages/nautilus_trader/adapters/interactive_brokers/client/client.py", line 254, in _start_async
    raise ConnectionError(
[0m
[1m2026-07-28T01:56:39.357348000Z[0m [INFO] PAPER-CRYPTO-001.InteractiveBrokersClient-001: Attempt 2: attempting to reconnect in 8 seconds...[0m
[1m2026-07-28T01:56:47.358489000Z[0m [INFO] PAPER-CRYPTO-001.InteractiveBrokersClient-001: Connecting to 127.0.0.1:4002 with client id: 1[0m
[1m2026-07-28T01:56:47.358901000Z[0m [1;31m[ERROR] PAPER-CRYPTO-001.InteractiveBrokersClient-001: Connection failed[0m
[1m2026-07-28T01:56:47.359045000Z[0m [1;31m[ERROR] PAPER-CRYPTO-001.InteractiveBrokersClient-001: Unhandled exception in client startup
ConnectionError(Failed to connect to Interactive Brokers at 127.0.0.1:4002)
Traceback (most recent call last):
  File "/Users/lindawang/Documents/Workspace/quant/.quant312/lib/python3.12/site-packages/nautilus_trader/adapters/interactive_brokers/client/client.py", line 254, in _start_async
    raise ConnectionError(
[0m
[1m2026-07-28T01:56:47.359064000Z[0m [INFO] PAPER-CRYPTO-001.InteractiveBrokersClient-001: Attempt 3: attempting to reconnect in 13 seconds...[0m
[1m2026-07-28T01:57:00.360210000Z[0m [INFO] PAPER-CRYPTO-001.InteractiveBrokersClient-001: Connecting to 127.0.0.1:4002 with client id: 1[0m
[1m2026-07-28T01:57:00.394947000Z[0m [INFO] PAPER-CRYPTO-001.InteractiveBrokersClient-001: Connected to Interactive Brokers (v223) at 20260727 18:57:00 PST from 127.0.0.1:4002 with client id: 1[0m
[1m2026-07-28T01:57:00.395207000Z[0m [1;31m[ERROR] PAPER-CRYPTO-001.InteractiveBrokersClient-001: Couldn't connect to TWS. Confirm that "Enable ActiveX and Socket Clients"  is enabled and connection port is the same as "Socket Port" on the  TWS "Edit->Global Configuration...->API->Settings" menu. Live Trading ports:  TWS: 7496; IB Gateway: 4001. Simulated Trading ports: TWS: 7497; IB Gateway: 4002. Verify that the maximum API connection threshold (default 32) is not exceeded. (code: 502, req_id=-1)[0m
[1m2026-07-28T01:57:00.395217000Z[0m [1;31m[ERROR] PAPER-CRYPTO-001.InteractiveBrokersClient-001: Couldn't connect to TWS. Confirm that "Enable ActiveX and Socket Clients"  is enabled and connection port is the same as "Socket Port" on the  TWS "Edit->Global Configuration...->API->Settings" menu. Live Trading ports:  TWS: 7496; IB Gateway: 4001. Simulated Trading ports: TWS: 7497; IB Gateway: 4002. Verify that the maximum API connection threshold (default 32) is not exceeded. (code: 502, req_id=-1)[0m
[1m2026-07-28T01:57:00.436435000Z[0m [INFO] PAPER-CRYPTO-001.InteractiveBrokersClient-001: RUNNING[0m
[1m2026-07-28T01:57:00.436500000Z[0m [INFO] PAPER-CRYPTO-001.InteractiveBrokersInstrumentProvider: READY[0m
[1m2026-07-28T01:57:00.436576000Z[0m [INFO] PAPER-CRYPTO-001.DataClient-IB: READY[0m
[1m2026-07-28T01:57:00.436622000Z[0m [INFO] PAPER-CRYPTO-001.DataEngine: Registered IB for default routing[0m
[1m2026-07-28T01:57:00.436635000Z[0m [INFO] PAPER-CRYPTO-001.TradingNode: Building execution client for IB[0m
[1m2026-07-28T01:57:00.436681000Z[0m [INFO] PAPER-CRYPTO-001.ExecClient-IB: READY[0m
[1m2026-07-28T01:57:00.436704000Z[0m [INFO] PAPER-CRYPTO-001.ExecEngine: Registered ExecutionClient-IB for default routing[0m
[1m2026-07-28T01:57:00.436761000Z[0m [INFO] PAPER-CRYPTO-001.TradingNode: STARTING[0m
[1m2026-07-28T01:57:00.436798000Z[0m [INFO] PAPER-CRYPTO-001.DataClient-IB: RUNNING[0m
[1m2026-07-28T01:57:00.436816000Z[0m [INFO] PAPER-CRYPTO-001.DataEngine: RUNNING[0m
[1m2026-07-28T01:57:00.436832000Z[0m [INFO] PAPER-CRYPTO-001.RiskEngine: RUNNING[0m
[1m2026-07-28T01:57:00.436840000Z[0m [INFO] PAPER-CRYPTO-001.ExecClient-IB: RUNNING[0m
[1m2026-07-28T01:57:00.436847000Z[0m [INFO] PAPER-CRYPTO-001.ExecEngine: Starting position snapshots timer at 60.0 second intervals[0m
[1m2026-07-28T01:57:00.437058000Z[0m [94m[INFO] PAPER-CRYPTO-001.ExecEngine: Started reconciliation task[0m
[1m2026-07-28T01:57:00.437062000Z[0m [INFO] PAPER-CRYPTO-001.ExecEngine: RUNNING[0m
[1m2026-07-28T01:57:00.437066000Z[0m [INFO] PAPER-CRYPTO-001.DataEngine: Connecting all clients...[0m
[1m2026-07-28T01:57:00.437071000Z[0m [INFO] PAPER-CRYPTO-001.DataClient-IB: Connecting...[0m
[1m2026-07-28T01:57:00.437079000Z[0m [INFO] PAPER-CRYPTO-001.ExecEngine: Connecting all clients...[0m
[1m2026-07-28T01:57:00.437080000Z[0m [INFO] PAPER-CRYPTO-001.ExecClient-IB: Connecting...[0m
[1m2026-07-28T01:57:00.437092000Z[0m [94m[INFO] PAPER-CRYPTO-001.TradingNode: Awaiting engine connections and initializations (60.0s timeout)...[0m
[1m2026-07-28T01:57:00.437248000Z[0m [94m[INFO] PAPER-CRYPTO-001.ExecEngine: Starting continuous reconciliation with intervals: inflight=2000ms, consistency=Nones, position=Nones[0m
[1m2026-07-28T01:57:00.437254000Z[0m [94m[INFO] PAPER-CRYPTO-001.ExecEngine: Awaiting startup reconciliation completion before starting continuous checks[0m
[1m2026-07-28T01:57:00.437287000Z[0m [INFO] PAPER-CRYPTO-001.InteractiveBrokersClient-001: Setting Market DataType to REALTIME[0m
[1m2026-07-28T01:57:00.437389000Z[0m [INFO] PAPER-CRYPTO-001.InteractiveBrokersInstrumentProvider: Initializing instruments...[0m
[1m2026-07-28T01:57:00.437422000Z[0m [INFO] PAPER-CRYPTO-001.InteractiveBrokersInstrumentProvider: Loading instruments: ETH/USD.ZEROHASH, SOL/USD.ZEROHASH, XRP/USD.ZEROHASH, BTC/USD.ZEROHASH, DOGE/USD.ZEROHASH...[0m
[1m2026-07-28T01:57:00.437878000Z[0m [INFO] PAPER-CRYPTO-001.InteractiveBrokersInstrumentProvider: Adding instrument=CryptoPerpetual(id=ETH/USD.ZEROHASH, raw_symbol=ETH.USD, asset_class=CRYPTOCURRENCY, instrument_class=SWAP, quote_currency=USD, is_inverse=True, price_precision=2, price_increment=0.05, size_precision=8, size_increment=0.00000001, multiplier=1, lot_size=1, margin_init=0, margin_maint=0, maker_fee=0, taker_fee=0, info={'contract': {'secType': 'CRYPTO', 'conId': 541686654, 'exchange': 'ZEROHASH', 'primaryExchange': '', 'symbol': 'ETH', 'localSymbol': 'ETH.USD', 'currency': 'USD', 'tradingClass': 'ETH', 'lastTradeDateOrContractMonth': '', 'lastTradeDate': '', 'multiplier': '', 'strike': 1.7976931348623157e+308, 'right': '', 'includeExpired': False, 'secIdType': '', 'secId': '', 'description': '', 'issuerId': '', 'comboLegsDescrip': '', 'comboLegs': [], 'deltaNeutralContract': None, 'build_futures_chain': None, 'build_options_chain': None, 'options_chain_exchange': None, 'min_expiry_days': None, 'max_expiry_days': None}, 'marketName': 'ETH', 'minTick': 0.05, 'orderTypes': 'AD,ADJUST,ALERT,BASKET,BENCHPX,CASHQTY,COND,DAY,DEACT,DEACTDIS,DEACTEOD,GAT,GTC,GTD,GTT,IOC,LMT,MKT,NMIN,NONALGO,WHATIF', 'validExchanges': 'ZEROHASH', 'priceMagnifier': 1, 'underConId': 0, 'longName': 'Ethereum cryptocurrency', 'contractMonth': '', 'industry': '', 'category': '', 'subcategory': '', 'timeZoneId': 'US/Eastern', 'tradingHours': '20260726:0300-20260727:1600;20260727:1601-20260728:1600;20260728:1601-20260729:1600;20260729:1601-20260730:1600;20260730:1601-20260731:1600', 'liquidHours': '20260726:0300-20260727:1600;20260727:1601-20260728:1600;20260728:1601-20260729:1600;20260729:1601-20260730:1600;20260730:1601-20260731:1600', 'evRule': '', 'evMultiplier': 0, 'mdSizeMultiplier': 1, 'aggGroup': 0, 'underSymbol': '', 'underSecType': '', 'marketRuleIds': '2823', 'secIdList': [], 'realExpirationDate': '', 'lastTradeTime': '', 'stockType': '', 'minSize': '1E-8', 'sizeIncrement': '1E-8', 'suggestedSizeIncrement': '1E-8', 'minAlgoSize': '0', 'lastPricePrecision': '170141183460469231731687303715884105727', 'lastSizePrecision': '170141183460469231731687303715884105727', 'cusip': '', 'ratings': '', 'descAppend': '', 'bondType': '', 'couponType': '', 'callable': False, 'putable': False, 'coupon': 0, 'convertible': False, 'maturity': '', 'issueDate': '', 'nextOptionDate': '', 'nextOptionType': '', 'nextOptionPartial': False, 'notes': '', 'fundName': '', 'fundFamily': '', 'fundType': '', 'fundFrontLoad': '', 'fundBackLoad': '', 'fundBackLoadTimeInterval': '', 'fundManagementFee': '', 'fundClosed': False, 'fundClosedForNewInvestors': False, 'fundClosedForNewMoney': False, 'fundNotifyAmount': '', 'fundMinimumInitialPurchase': '', 'fundSubsequentMinimumPurchase': '', 'fundBlueSkyStates': '', 'fundBlueSkyTerritories': '', 'fundDistributionPolicyIndicator': ['None', 'None'], 'fundAssetType': ['None', 'None'], 'ineligibilityReasonList': None, 'eventContract1': '', 'eventContractDescription1': '', 'eventContractDescription2': ''}) from InteractiveBrokersInstrumentProvider[0m
[1m2026-07-28T01:57:00.438049000Z[0m [INFO] PAPER-CRYPTO-001.InteractiveBrokersInstrumentProvider: Adding instrument=CryptoPerpetual(id=SOL/USD.ZEROHASH, raw_symbol=SOL.USD, asset_class=CRYPTOCURRENCY, instrument_class=SWAP, quote_currency=USD, is_inverse=True, price_precision=2, price_increment=0.01, size_precision=8, size_increment=0.00000001, multiplier=1, lot_size=1, margin_init=0, margin_maint=0, maker_fee=0, taker_fee=0, info={'contract': {'secType': 'CRYPTO', 'conId': 766135595, 'exchange': 'ZEROHASH', 'primaryExchange': '', 'symbol': 'SOL', 'localSymbol': 'SOL.USD', 'currency': 'USD', 'tradingClass': 'SOL', 'lastTradeDateOrContractMonth': '', 'lastTradeDate': '', 'multiplier': '', 'strike': 1.7976931348623157e+308, 'right': '', 'includeExpired': False, 'secIdType': '', 'secId': '', 'description': '', 'issuerId': '', 'comboLegsDescrip': '', 'comboLegs': [], 'deltaNeutralContract': None, 'build_futures_chain': None, 'build_options_chain': None, 'options_chain_exchange': None, 'min_expiry_days': None, 'max_expiry_days': None}, 'marketName': 'SOL', 'minTick': 0.01, 'orderTypes': 'AD,ADJUST,ALERT,BASKET,BENCHPX,CASHQTY,COND,DAY,DEACT,DEACTDIS,DEACTEOD,GAT,GTC,GTD,GTT,IOC,LMT,MKT,NMIN,NONALGO,WHATIF', 'validExchanges': 'ZEROHASH', 'priceMagnifier': 1, 'underConId': 0, 'longName': 'Solana cryptocurrency', 'contractMonth': '', 'industry': '', 'category': '', 'subcategory': '', 'timeZoneId': 'US/Eastern', 'tradingHours': '20260726:0300-20260727:1600;20260727:1601-20260728:1600;20260728:1601-20260729:1600;20260729:1601-20260730:1600;20260730:1601-20260731:1600', 'liquidHours': '20260726:0300-20260727:1600;20260727:1601-20260728:1600;20260728:1601-20260729:1600;20260729:1601-20260730:1600;20260730:1601-20260731:1600', 'evRule': '', 'evMultiplier': 0, 'mdSizeMultiplier': 1, 'aggGroup': 0, 'underSymbol': '', 'underSecType': '', 'marketRuleIds': '2836', 'secIdList': [], 'realExpirationDate': '', 'lastTradeTime': '', 'stockType': '', 'minSize': '1E-8', 'sizeIncrement': '1E-8', 'suggestedSizeIncrement': '1E-8', 'minAlgoSize': '0', 'lastPricePrecision': '170141183460469231731687303715884105727', 'lastSizePrecision': '170141183460469231731687303715884105727', 'cusip': '', 'ratings': '', 'descAppend': '', 'bondType': '', 'couponType': '', 'callable': False, 'putable': False, 'coupon': 0, 'convertible': False, 'maturity': '', 'issueDate': '', 'nextOptionDate': '', 'nextOptionType': '', 'nextOptionPartial': False, 'notes': '', 'fundName': '', 'fundFamily': '', 'fundType': '', 'fundFrontLoad': '', 'fundBackLoad': '', 'fundBackLoadTimeInterval': '', 'fundManagementFee': '', 'fundClosed': False, 'fundClosedForNewInvestors': False, 'fundClosedForNewMoney': False, 'fundNotifyAmount': '', 'fundMinimumInitialPurchase': '', 'fundSubsequentMinimumPurchase': '', 'fundBlueSkyStates': '', 'fundBlueSkyTerritories': '', 'fundDistributionPolicyIndicator': ['None', 'None'], 'fundAssetType': ['None', 'None'], 'ineligibilityReasonList': None, 'eventContract1': '', 'eventContractDescription1': '', 'eventContractDescription2': ''}) from InteractiveBrokersInstrumentProvider[0m
[1m2026-07-28T01:57:00.438397000Z[0m [INFO] PAPER-CRYPTO-001.InteractiveBrokersInstrumentProvider: Adding instrument=CryptoPerpetual(id=XRP/USD.ZEROHASH, raw_symbol=XRP.USD, asset_class=CRYPTOCURRENCY, instrument_class=SWAP, quote_currency=USD, is_inverse=True, price_precision=4, price_increment=0.0001, size_precision=6, size_increment=0.000001, multiplier=1, lot_size=1, margin_init=0, margin_maint=0, maker_fee=0, taker_fee=0, info={'contract': {'secType': 'CRYPTO', 'conId': 766137544, 'exchange': 'ZEROHASH', 'primaryExchange': '', 'symbol': 'XRP', 'localSymbol': 'XRP.USD', 'currency': 'USD', 'tradingClass': 'XRP', 'lastTradeDateOrContractMonth': '', 'lastTradeDate': '', 'multiplier': '', 'strike': 1.7976931348623157e+308, 'right': '', 'includeExpired': False, 'secIdType': '', 'secId': '', 'description': '', 'issuerId': '', 'comboLegsDescrip': '', 'comboLegs': [], 'deltaNeutralContract': None, 'build_futures_chain': None, 'build_options_chain': None, 'options_chain_exchange': None, 'min_expiry_days': None, 'max_expiry_days': None}, 'marketName': 'XRP', 'minTick': 0.0001, 'orderTypes': 'AD,ADJUST,ALERT,BASKET,BENCHPX,CASHQTY,COND,DAY,DEACT,DEACTDIS,DEACTEOD,GAT,GTC,GTD,GTT,IOC,LMT,MKT,NMIN,NONALGO,WHATIF', 'validExchanges': 'ZEROHASH', 'priceMagnifier': 1, 'underConId': 0, 'longName': 'Ripple cryptocurrency', 'contractMonth': '', 'industry': '', 'category': '', 'subcategory': '', 'timeZoneId': 'US/Eastern', 'tradingHours': '20260726:0300-20260727:1600;20260727:1601-20260728:1600;20260728:1601-20260729:1600;20260729:1601-20260730:1600;20260730:1601-20260731:1600', 'liquidHours': '20260726:0300-20260727:1600;20260727:1601-20260728:1600;20260728:1601-20260729:1600;20260729:1601-20260730:1600;20260730:1601-20260731:1600', 'evRule': '', 'evMultiplier': 0, 'mdSizeMultiplier': 1, 'aggGroup': 0, 'underSymbol': '', 'underSecType': '', 'marketRuleIds': '3132', 'secIdList': [], 'realExpirationDate': '', 'lastTradeTime': '', 'stockType': '', 'minSize': '0.000001', 'sizeIncrement': '0.000001', 'suggestedSizeIncrement': '0.000001', 'minAlgoSize': '0', 'lastPricePrecision': '170141183460469231731687303715884105727', 'lastSizePrecision': '170141183460469231731687303715884105727', 'cusip': '', 'ratings': '', 'descAppend': '', 'bondType': '', 'couponType': '', 'callable': False, 'putable': False, 'coupon': 0, 'convertible': False, 'maturity': '', 'issueDate': '', 'nextOptionDate': '', 'nextOptionType': '', 'nextOptionPartial': False, 'notes': '', 'fundName': '', 'fundFamily': '', 'fundType': '', 'fundFrontLoad': '', 'fundBackLoad': '', 'fundBackLoadTimeInterval': '', 'fundManagementFee': '', 'fundClosed': False, 'fundClosedForNewInvestors': False, 'fundClosedForNewMoney': False, 'fundNotifyAmount': '', 'fundMinimumInitialPurchase': '', 'fundSubsequentMinimumPurchase': '', 'fundBlueSkyStates': '', 'fundBlueSkyTerritories': '', 'fundDistributionPolicyIndicator': ['None', 'None'], 'fundAssetType': ['None', 'None'], 'ineligibilityReasonList': None, 'eventContract1': '', 'eventContractDescription1': '', 'eventContractDescription2': ''}) from InteractiveBrokersInstrumentProvider[0m
[1m2026-07-28T01:57:00.438668000Z[0m [INFO] PAPER-CRYPTO-001.InteractiveBrokersInstrumentProvider: Adding instrument=CryptoPerpetual(id=BTC/USD.ZEROHASH, raw_symbol=BTC.USD, asset_class=CRYPTOCURRENCY, instrument_class=SWAP, quote_currency=USD, is_inverse=True, price_precision=2, price_increment=0.25, size_precision=8, size_increment=0.00000001, multiplier=1, lot_size=1, margin_init=0, margin_maint=0, maker_fee=0, taker_fee=0, info={'contract': {'secType': 'CRYPTO', 'conId': 541686651, 'exchange': 'ZEROHASH', 'primaryExchange': '', 'symbol': 'BTC', 'localSymbol': 'BTC.USD', 'currency': 'USD', 'tradingClass': 'BTC', 'lastTradeDateOrContractMonth': '', 'lastTradeDate': '', 'multiplier': '', 'strike': 1.7976931348623157e+308, 'right': '', 'includeExpired': False, 'secIdType': '', 'secId': '', 'description': '', 'issuerId': '', 'comboLegsDescrip': '', 'comboLegs': [], 'deltaNeutralContract': None, 'build_futures_chain': None, 'build_options_chain': None, 'options_chain_exchange': None, 'min_expiry_days': None, 'max_expiry_days': None}, 'marketName': 'BTC', 'minTick': 0.25, 'orderTypes': 'AD,ADJUST,ALERT,BASKET,BENCHPX,CASHQTY,COND,DAY,DEACT,DEACTDIS,DEACTEOD,GAT,GTC,GTD,GTT,IOC,LMT,MKT,NMIN,NONALGO,WHATIF', 'validExchanges': 'ZEROHASH', 'priceMagnifier': 1, 'underConId': 0, 'longName': 'Bitcoin cryptocurrency', 'contractMonth': '', 'industry': '', 'category': '', 'subcategory': '', 'timeZoneId': 'US/Eastern', 'tradingHours': '20260726:0300-20260727:1600;20260727:1601-20260728:1600;20260728:1601-20260729:1600;20260729:1601-20260730:1600;20260730:1601-20260731:1600', 'liquidHours': '20260726:0300-20260727:1600;20260727:1601-20260728:1600;20260728:1601-20260729:1600;20260729:1601-20260730:1600;20260730:1601-20260731:1600', 'evRule': '', 'evMultiplier': 0, 'mdSizeMultiplier': 1, 'aggGroup': 0, 'underSymbol': '', 'underSecType': '', 'marketRuleIds': '2806', 'secIdList': [], 'realExpirationDate': '', 'lastTradeTime': '', 'stockType': '', 'minSize': '1E-8', 'sizeIncrement': '1E-8', 'suggestedSizeIncrement': '1E-8', 'minAlgoSize': '0', 'lastPricePrecision': '170141183460469231731687303715884105727', 'lastSizePrecision': '170141183460469231731687303715884105727', 'cusip': '', 'ratings': '', 'descAppend': '', 'bondType': '', 'couponType': '', 'callable': False, 'putable': False, 'coupon': 0, 'convertible': False, 'maturity': '', 'issueDate': '', 'nextOptionDate': '', 'nextOptionType': '', 'nextOptionPartial': False, 'notes': '', 'fundName': '', 'fundFamily': '', 'fundType': '', 'fundFrontLoad': '', 'fundBackLoad': '', 'fundBackLoadTimeInterval': '', 'fundManagementFee': '', 'fundClosed': False, 'fundClosedForNewInvestors': False, 'fundClosedForNewMoney': False, 'fundNotifyAmount': '', 'fundMinimumInitialPurchase': '', 'fundSubsequentMinimumPurchase': '', 'fundBlueSkyStates': '', 'fundBlueSkyTerritories': '', 'fundDistributionPolicyIndicator': ['None', 'None'], 'fundAssetType': ['None', 'None'], 'ineligibilityReasonList': None, 'eventContract1': '', 'eventContractDescription1': '', 'eventContractDescription2': ''}) from InteractiveBrokersInstrumentProvider[0m
[1m2026-07-28T01:57:00.438827000Z[0m [INFO] PAPER-CRYPTO-001.InteractiveBrokersInstrumentProvider: Adding instrument=CryptoPerpetual(id=DOGE/USD.ZEROHASH, raw_symbol=DOGE.USD, asset_class=CRYPTOCURRENCY, instrument_class=SWAP, quote_currency=USD, is_inverse=True, price_precision=5, price_increment=0.00001, size_precision=1, size_increment=0.1, multiplier=1, lot_size=1, margin_init=0, margin_maint=0, maker_fee=0, taker_fee=0, info={'contract': {'secType': 'CRYPTO', 'conId': 766137549, 'exchange': 'ZEROHASH', 'primaryExchange': '', 'symbol': 'DOGE', 'localSymbol': 'DOGE.USD', 'currency': 'USD', 'tradingClass': 'DOGE', 'lastTradeDateOrContractMonth': '', 'lastTradeDate': '', 'multiplier': '', 'strike': 1.7976931348623157e+308, 'right': '', 'includeExpired': False, 'secIdType': '', 'secId': '', 'description': '', 'issuerId': '', 'comboLegsDescrip': '', 'comboLegs': [], 'deltaNeutralContract': None, 'build_futures_chain': None, 'build_options_chain': None, 'options_chain_exchange': None, 'min_expiry_days': None, 'max_expiry_days': None}, 'marketName': 'DOGE', 'minTick': 1e-05, 'orderTypes': 'AD,ADJUST,ALERT,BASKET,BENCHPX,CASHQTY,COND,DAY,DEACT,DEACTDIS,DEACTEOD,GAT,GTC,GTD,GTT,IOC,LMT,MKT,NMIN,NONALGO,WHATIF', 'validExchanges': 'ZEROHASH', 'priceMagnifier': 1, 'underConId': 0, 'longName': 'Dogecoin cryptocurrency', 'contractMonth': '', 'industry': '', 'category': '', 'subcategory': '', 'timeZoneId': 'US/Eastern', 'tradingHours': '20260726:0300-20260727:1600;20260727:1601-20260728:1600;20260728:1601-20260729:1600;20260729:1601-20260730:1600;20260730:1601-20260731:1600', 'liquidHours': '20260726:0300-20260727:1600;20260727:1601-20260728:1600;20260728:1601-20260729:1600;20260729:1601-20260730:1600;20260730:1601-20260731:1600', 'evRule': '', 'evMultiplier': 0, 'mdSizeMultiplier': 1, 'aggGroup': 0, 'underSymbol': '', 'underSecType': '', 'marketRuleIds': '4192', 'secIdList': [], 'realExpirationDate': '', 'lastTradeTime': '', 'stockType': '', 'minSize': '0.1', 'sizeIncrement': '0.1', 'suggestedSizeIncrement': '0.1', 'minAlgoSize': '0', 'lastPricePrecision': '170141183460469231731687303715884105727', 'lastSizePrecision': '170141183460469231731687303715884105727', 'cusip': '', 'ratings': '', 'descAppend': '', 'bondType': '', 'couponType': '', 'callable': False, 'putable': False, 'coupon': 0, 'convertible': False, 'maturity': '', 'issueDate': '', 'nextOptionDate': '', 'nextOptionType': '', 'nextOptionPartial': False, 'notes': '', 'fundName': '', 'fundFamily': '', 'fundType': '', 'fundFrontLoad': '', 'fundBackLoad': '', 'fundBackLoadTimeInterval': '', 'fundManagementFee': '', 'fundClosed': False, 'fundClosedForNewInvestors': False, 'fundClosedForNewMoney': False, 'fundNotifyAmount': '', 'fundMinimumInitialPurchase': '', 'fundSubsequentMinimumPurchase': '', 'fundBlueSkyStates': '', 'fundBlueSkyTerritories': '', 'fundDistributionPolicyIndicator': ['None', 'None'], 'fundAssetType': ['None', 'None'], 'ineligibilityReasonList': None, 'eventContract1': '', 'eventContractDescription1': '', 'eventContractDescription2': ''}) from InteractiveBrokersInstrumentProvider[0m
[1m2026-07-28T01:57:00.438833000Z[0m [INFO] PAPER-CRYPTO-001.InteractiveBrokersInstrumentProvider: Loaded 5 instruments[0m
[1m2026-07-28T01:57:00.438834000Z[0m [INFO] PAPER-CRYPTO-001.InteractiveBrokersInstrumentProvider: Initialized instruments[0m
[1m2026-07-28T01:57:00.438889000Z[0m [92m[INFO] PAPER-CRYPTO-001.ExecClient-IB: Account `DUR143045` found in the connected TWS/Gateway[0m
[1m2026-07-28T01:57:00.439033000Z[0m [92m[INFO] PAPER-CRYPTO-001.DataClient-IB: Connected[0m
[1m2026-07-28T01:57:00.440219000Z[0m [1;33m[WARN] PAPER-CRYPTO-001.InteractiveBrokersClient-001: Market data farm connection is OK:usfarm (code: 2104, req_id=-1)[0m
[1m2026-07-28T01:57:00.440497000Z[0m [1;33m[WARN] PAPER-CRYPTO-001.InteractiveBrokersClient-001: HMDS data farm connection is OK:ushmds (code: 2106, req_id=-1)[0m
[1m2026-07-28T01:57:00.440733000Z[0m [1;33m[WARN] PAPER-CRYPTO-001.InteractiveBrokersClient-001: Sec-def data farm connection is OK:secdefil (code: 2158, req_id=-1)[0m
[1m2026-07-28T01:57:00.760544000Z[0m [94m[INFO] PAPER-CRYPTO-001.TradingNode: Awaiting execution state reconciliation (30.0s timeout)...[0m
[1m2026-07-28T01:57:00.760599000Z[0m [92m[INFO] PAPER-CRYPTO-001.ExecClient-IB: Connected[0m
[1m2026-07-28T01:57:00.760623000Z[0m [INFO] PAPER-CRYPTO-001.ExecClient-IB: Generating ExecutionMassStatus...[0m
[1m2026-07-28T01:57:00.774398000Z[0m [INFO] PAPER-CRYPTO-001.ExecClient-IB: Generated 0 FillReports[0m
[1m2026-07-28T01:57:00.793768000Z[0m [INFO] PAPER-CRYPTO-001.Portfolio: Updated AccountState(account_id=IB-DUR143045, account_type=MARGIN, base_currency=None, is_reported=True, balances=[AccountBalance(total=1_002_150.50 USD, locked=1_978.34 USD, free=1_000_172.16 USD)], margins=[MarginBalance(initial=0.00 USD, maintenance=0.00 USD, instrument_id=None)], event_id=5987074d-f329-4fa6-be78-64f638f0524f)[0m
[1m2026-07-28T01:57:00.869794000Z[0m [94m[INFO] PAPER-CRYPTO-001.ExecEngine: Reconciling ExecutionMassStatus for None[0m
[1m2026-07-28T01:57:00.869806000Z[0m [94m[INFO] PAPER-CRYPTO-001.ExecEngine: Attempting to adjust fills for 0 instruments[0m
[1m2026-07-28T01:57:00.869855000Z[0m [94m[INFO] PAPER-CRYPTO-001.ExecEngine: Updating adjusted fills for 0 instruments[0m
[1m2026-07-28T01:57:00.869856000Z[0m [94m[INFO] PAPER-CRYPTO-001.ExecEngine: Final order_reports contains 0 orders, fill_reports contains 0 fills across all instruments[0m
[1m2026-07-28T01:57:00.869896000Z[0m [92m[INFO] PAPER-CRYPTO-001.ExecEngine: Reconciliation for IB succeeded[0m
[1m2026-07-28T01:57:00.869902000Z[0m [92m[INFO] PAPER-CRYPTO-001.TradingNode: Execution state reconciled[0m
[1m2026-07-28T01:57:00.869916000Z[0m [INFO] PAPER-CRYPTO-001.OrderEmulator: No emulated orders to reactivate[0m
[1m2026-07-28T01:57:00.869926000Z[0m [INFO] PAPER-CRYPTO-001.OrderEmulator: RUNNING[0m
[1m2026-07-28T01:57:00.869936000Z[0m [INFO] PAPER-CRYPTO-001.Portfolio: Initialized 0 open orders[0m
[1m2026-07-28T01:57:00.869937000Z[0m [INFO] PAPER-CRYPTO-001.Portfolio: Initialized 0 open positions[0m
[1m2026-07-28T01:57:00.869942000Z[0m [94m[INFO] PAPER-CRYPTO-001.TradingNode: Awaiting portfolio initialization (10.0s timeout)...[0m
[1m2026-07-28T01:57:00.869996000Z[0m [92m[INFO] PAPER-CRYPTO-001.ExecEngine: Startup reconciliation completed[0m
[1m2026-07-28T01:57:00.870000000Z[0m [94m[INFO] PAPER-CRYPTO-001.ExecEngine: Applying post-reconciliation startup delay (10.0s)[0m
[1m2026-07-28T01:57:00.870012000Z[0m [92m[INFO] PAPER-CRYPTO-001.TradingNode: Portfolio initialized[0m
[1m2026-07-28T01:57:00.870022000Z[0m [94m[INFO] PAPER-CRYPTO-001.MLStrategy: self.config.oms_type=None[0m
[1m2026-07-28T01:57:00.870023000Z[0m [94m[INFO] PAPER-CRYPTO-001.MLStrategy: self.config.external_order_claims=None[0m
[1m2026-07-28T01:57:00.870023001Z[0m [94m[INFO] PAPER-CRYPTO-001.MLStrategy: self.config.manage_gtd_expiry=False[0m
[1m2026-07-28T01:57:00.870030000Z[0m [94m[INFO] PAPER-CRYPTO-001.MLStrategy: Set ClientOrderIdGenerator client_order_id count to 0[0m
[1m2026-07-28T01:57:00.870030001Z[0m [94m[INFO] PAPER-CRYPTO-001.MLStrategy: Set ClientOrderIdGenerator order_list_id count to 0[0m
[1m2026-07-28T01:57:00.870236000Z[0m [INFO] PAPER-CRYPTO-001.MLStrategy: [CMD]--> SubscribeBars(bar_type=BTC/USD.ZEROHASH-1-DAY-MID-EXTERNAL, client_id=None, venue=ZEROHASH)[0m
[1m2026-07-28T01:57:00.870244000Z[0m [INFO] PAPER-CRYPTO-001.MLStrategy: Subscribed BTC/USD.ZEROHASH-1-DAY-MID-EXTERNAL[0m
[1m2026-07-28T01:57:00.870273000Z[0m [INFO] PAPER-CRYPTO-001.MLStrategy: [CMD]--> SubscribeBars(bar_type=ETH/USD.ZEROHASH-1-DAY-MID-EXTERNAL, client_id=None, venue=ZEROHASH)[0m
[1m2026-07-28T01:57:00.870276000Z[0m [INFO] PAPER-CRYPTO-001.MLStrategy: Subscribed ETH/USD.ZEROHASH-1-DAY-MID-EXTERNAL[0m
[1m2026-07-28T01:57:00.870301000Z[0m [INFO] PAPER-CRYPTO-001.MLStrategy: [CMD]--> SubscribeBars(bar_type=SOL/USD.ZEROHASH-1-DAY-MID-EXTERNAL, client_id=None, venue=ZEROHASH)[0m
[1m2026-07-28T01:57:00.870304000Z[0m [INFO] PAPER-CRYPTO-001.MLStrategy: Subscribed SOL/USD.ZEROHASH-1-DAY-MID-EXTERNAL[0m
[1m2026-07-28T01:57:00.870323000Z[0m [INFO] PAPER-CRYPTO-001.MLStrategy: [CMD]--> SubscribeBars(bar_type=XRP/USD.ZEROHASH-1-DAY-MID-EXTERNAL, client_id=None, venue=ZEROHASH)[0m
[1m2026-07-28T01:57:00.870325000Z[0m [INFO] PAPER-CRYPTO-001.MLStrategy: Subscribed XRP/USD.ZEROHASH-1-DAY-MID-EXTERNAL[0m
[1m2026-07-28T01:57:00.870347000Z[0m [INFO] PAPER-CRYPTO-001.MLStrategy: [CMD]--> SubscribeBars(bar_type=DOGE/USD.ZEROHASH-1-DAY-MID-EXTERNAL, client_id=None, venue=ZEROHASH)[0m
[1m2026-07-28T01:57:00.870349000Z[0m [INFO] PAPER-CRYPTO-001.MLStrategy: Subscribed DOGE/USD.ZEROHASH-1-DAY-MID-EXTERNAL[0m
[1m2026-07-28T01:57:00.870353000Z[0m [1;33m[WARN] PAPER-CRYPTO-001.MLStrategy: Ignoring legacy risk snapshot without an allocated-equity baseline[0m
[1m2026-07-28T01:57:00.870426000Z[0m [INFO] PAPER-CRYPTO-001.MLStrategy: [REQ]--> RequestBars(bar_type=BTC/USD.ZEROHASH-1-DAY-MID-EXTERNAL, start=2025-06-23 01:57:00.870372+00:00, end=2026-07-28 01:57:00.870389+00:00, limit=0, client_id=None, venue=ZEROHASH, data_type=Bar, params={'update_catalog': False, 'join_request': False})[0m
[1m2026-07-28T01:57:00.870448000Z[0m [INFO] PAPER-CRYPTO-001.MLStrategy: [REQ]--> RequestBars(bar_type=ETH/USD.ZEROHASH-1-DAY-MID-EXTERNAL, start=2025-06-23 01:57:00.870431+00:00, end=2026-07-28 01:57:00.870436+00:00, limit=0, client_id=None, venue=ZEROHASH, data_type=Bar, params={'update_catalog': False, 'join_request': False})[0m
[1m2026-07-28T01:57:00.870463000Z[0m [INFO] PAPER-CRYPTO-001.MLStrategy: [REQ]--> RequestBars(bar_type=SOL/USD.ZEROHASH-1-DAY-MID-EXTERNAL, start=2025-06-23 01:57:00.870450+00:00, end=2026-07-28 01:57:00.870454+00:00, limit=0, client_id=None, venue=ZEROHASH, data_type=Bar, params={'update_catalog': False, 'join_request': False})[0m
[1m2026-07-28T01:57:00.870478000Z[0m [INFO] PAPER-CRYPTO-001.MLStrategy: [REQ]--> RequestBars(bar_type=XRP/USD.ZEROHASH-1-DAY-MID-EXTERNAL, start=2025-06-23 01:57:00.870464+00:00, end=2026-07-28 01:57:00.870469+00:00, limit=0, client_id=None, venue=ZEROHASH, data_type=Bar, params={'update_catalog': False, 'join_request': False})[0m
[1m2026-07-28T01:57:00.870495000Z[0m [INFO] PAPER-CRYPTO-001.MLStrategy: [REQ]--> RequestBars(bar_type=DOGE/USD.ZEROHASH-1-DAY-MID-EXTERNAL, start=2025-06-23 01:57:00.870480+00:00, end=2026-07-28 01:57:00.870484+00:00, limit=0, client_id=None, venue=ZEROHASH, data_type=Bar, params={'update_catalog': False, 'join_request': False})[0m
[1m2026-07-28T01:57:00.870531000Z[0m [INFO] PAPER-CRYPTO-001.MLStrategy: RUNNING[0m
[1m2026-07-28T01:57:00.870537000Z[0m [INFO] PAPER-CRYPTO-001.PAPER-CRYPTO-001: RUNNING[0m
[1m2026-07-28T01:57:00.870541000Z[0m [INFO] PAPER-CRYPTO-001.TradingNode: RUNNING[0m
[1m2026-07-28T01:57:00.877247000Z[0m [94m[INFO] PAPER-CRYPTO-001.DataClient-IB: Request BTC/USD.ZEROHASH-1-DAY-MID-EXTERNAL bars from 2025-06-23T01:57:00.870372000Z to 2026-07-28T01:57:00.870389000Z[0m
[1m2026-07-28T01:57:00.877294000Z[0m [94m[INFO] PAPER-CRYPTO-001.DataClient-IB: Request ETH/USD.ZEROHASH-1-DAY-MID-EXTERNAL bars from 2025-06-23T01:57:00.870431000Z to 2026-07-28T01:57:00.870436000Z[0m
[1m2026-07-28T01:57:00.877325000Z[0m [94m[INFO] PAPER-CRYPTO-001.DataClient-IB: Request SOL/USD.ZEROHASH-1-DAY-MID-EXTERNAL bars from 2025-06-23T01:57:00.870450000Z to 2026-07-28T01:57:00.870454000Z[0m
[1m2026-07-28T01:57:00.877344000Z[0m [94m[INFO] PAPER-CRYPTO-001.DataClient-IB: Request XRP/USD.ZEROHASH-1-DAY-MID-EXTERNAL bars from 2025-06-23T01:57:00.870464000Z to 2026-07-28T01:57:00.870469000Z[0m
[1m2026-07-28T01:57:00.877363000Z[0m [94m[INFO] PAPER-CRYPTO-001.DataClient-IB: Request DOGE/USD.ZEROHASH-1-DAY-MID-EXTERNAL bars from 2025-06-23T01:57:00.870480000Z to 2026-07-28T01:57:00.870484000Z[0m
[1m2026-07-28T01:57:00.877439000Z[0m [INFO] PAPER-CRYPTO-001.InteractiveBrokersClient-001: Creating and registering a new Subscription instance for BTC/USD.ZEROHASH-1-DAY-MID-EXTERNAL[0m
[1m2026-07-28T01:57:00.877560000Z[0m [INFO] PAPER-CRYPTO-001.InteractiveBrokersClient-001: Creating and registering a new Subscription instance for ETH/USD.ZEROHASH-1-DAY-MID-EXTERNAL[0m
[1m2026-07-28T01:57:00.877606000Z[0m [INFO] PAPER-CRYPTO-001.InteractiveBrokersClient-001: Creating and registering a new Subscription instance for SOL/USD.ZEROHASH-1-DAY-MID-EXTERNAL[0m
[1m2026-07-28T01:57:00.877639000Z[0m [INFO] PAPER-CRYPTO-001.InteractiveBrokersClient-001: Creating and registering a new Subscription instance for XRP/USD.ZEROHASH-1-DAY-MID-EXTERNAL[0m
[1m2026-07-28T01:57:00.877668000Z[0m [INFO] PAPER-CRYPTO-001.InteractiveBrokersClient-001: Creating and registering a new Subscription instance for DOGE/USD.ZEROHASH-1-DAY-MID-EXTERNAL[0m
[1m2026-07-28T01:57:00.877705000Z[0m [INFO] PAPER-CRYPTO-001.DataClient-IB: BTC/USD.ZEROHASH: Requesting historical bars: BTC/USD.ZEROHASH-1-DAY-MID-EXTERNAL ending on '2026-07-28 01:57:00.870389+00:00' with duration '1 Y'[0m
[1m2026-07-28T01:57:00.877782000Z[0m [INFO] PAPER-CRYPTO-001.DataClient-IB: ETH/USD.ZEROHASH: Requesting historical bars: ETH/USD.ZEROHASH-1-DAY-MID-EXTERNAL ending on '2026-07-28 01:57:00.870436+00:00' with duration '1 Y'[0m
[1m2026-07-28T01:57:00.877829000Z[0m [INFO] PAPER-CRYPTO-001.DataClient-IB: SOL/USD.ZEROHASH: Requesting historical bars: SOL/USD.ZEROHASH-1-DAY-MID-EXTERNAL ending on '2026-07-28 01:57:00.870454+00:00' with duration '1 Y'[0m
[1m2026-07-28T01:57:00.877945000Z[0m [INFO] PAPER-CRYPTO-001.DataClient-IB: XRP/USD.ZEROHASH: Requesting historical bars: XRP/USD.ZEROHASH-1-DAY-MID-EXTERNAL ending on '2026-07-28 01:57:00.870469+00:00' with duration '1 Y'[0m
[1m2026-07-28T01:57:00.877985000Z[0m [INFO] PAPER-CRYPTO-001.DataClient-IB: DOGE/USD.ZEROHASH: Requesting historical bars: DOGE/USD.ZEROHASH-1-DAY-MID-EXTERNAL ending on '2026-07-28 01:57:00.870484+00:00' with duration '1 Y'[0m
[1m2026-07-28T01:57:00.878035000Z[0m [94m[INFO] PAPER-CRYPTO-001.DataClient-IB: Subscribed BTC/USD.ZEROHASH-1-DAY-MID-EXTERNAL bars[0m
[1m2026-07-28T01:57:00.878039000Z[0m [94m[INFO] PAPER-CRYPTO-001.DataClient-IB: Subscribed ETH/USD.ZEROHASH-1-DAY-MID-EXTERNAL bars[0m
[1m2026-07-28T01:57:00.878040000Z[0m [94m[INFO] PAPER-CRYPTO-001.DataClient-IB: Subscribed SOL/USD.ZEROHASH-1-DAY-MID-EXTERNAL bars[0m
[1m2026-07-28T01:57:00.878042000Z[0m [94m[INFO] PAPER-CRYPTO-001.DataClient-IB: Subscribed XRP/USD.ZEROHASH-1-DAY-MID-EXTERNAL bars[0m
[1m2026-07-28T01:57:00.878043000Z[0m [94m[INFO] PAPER-CRYPTO-001.DataClient-IB: Subscribed DOGE/USD.ZEROHASH-1-DAY-MID-EXTERNAL bars[0m
[1m2026-07-28T01:57:01.878867000Z[0m [INFO] PAPER-CRYPTO-001.DataClient-IB: BTC/USD.ZEROHASH: Number of bars retrieved in batch: 261[0m
[1m2026-07-28T01:57:01.878875000Z[0m [INFO] PAPER-CRYPTO-001.DataClient-IB: Total number of bars in data: 261[0m
[1m2026-07-28T01:57:01.879914000Z[0m [INFO] PAPER-CRYPTO-001.MLStrategy: Received <Bar[260]> data for BTC/USD.ZEROHASH-1-DAY-MID-EXTERNAL[0m
[1m2026-07-28T01:57:02.028937000Z[0m [INFO] PAPER-CRYPTO-001.DataClient-IB: ETH/USD.ZEROHASH: Number of bars retrieved in batch: 261[0m
[1m2026-07-28T01:57:02.028945000Z[0m [INFO] PAPER-CRYPTO-001.DataClient-IB: Total number of bars in data: 261[0m
[1m2026-07-28T01:57:02.029987000Z[0m [INFO] PAPER-CRYPTO-001.MLStrategy: Received <Bar[260]> data for ETH/USD.ZEROHASH-1-DAY-MID-EXTERNAL[0m
[1m2026-07-28T01:57:02.091717000Z[0m [INFO] PAPER-CRYPTO-001.DataClient-IB: SOL/USD.ZEROHASH: Number of bars retrieved in batch: 261[0m
[1m2026-07-28T01:57:02.091725000Z[0m [INFO] PAPER-CRYPTO-001.DataClient-IB: Total number of bars in data: 261[0m
[1m2026-07-28T01:57:02.092727000Z[0m [INFO] PAPER-CRYPTO-001.MLStrategy: Received <Bar[260]> data for SOL/USD.ZEROHASH-1-DAY-MID-EXTERNAL[0m
[1m2026-07-28T01:57:02.207561000Z[0m [INFO] PAPER-CRYPTO-001.DataClient-IB: XRP/USD.ZEROHASH: Number of bars retrieved in batch: 261[0m
[1m2026-07-28T01:57:02.207569000Z[0m [INFO] PAPER-CRYPTO-001.DataClient-IB: Total number of bars in data: 261[0m
[1m2026-07-28T01:57:02.208626000Z[0m [INFO] PAPER-CRYPTO-001.MLStrategy: Received <Bar[260]> data for XRP/USD.ZEROHASH-1-DAY-MID-EXTERNAL[0m
[1m2026-07-28T01:57:02.371126000Z[0m [INFO] PAPER-CRYPTO-001.DataClient-IB: DOGE/USD.ZEROHASH: Number of bars retrieved in batch: 261[0m
[1m2026-07-28T01:57:02.371134000Z[0m [INFO] PAPER-CRYPTO-001.DataClient-IB: Total number of bars in data: 261[0m
[1m2026-07-28T01:57:02.372168000Z[0m [INFO] PAPER-CRYPTO-001.MLStrategy: Received <Bar[260]> data for DOGE/USD.ZEROHASH-1-DAY-MID-EXTERNAL[0m
[1m2026-07-28T01:57:04.431966000Z[0m [INFO] PAPER-CRYPTO-001.Portfolio: Updated AccountState(account_id=IB-DUR143045, account_type=MARGIN, base_currency=None, is_reported=True, balances=[AccountBalance(total=1_002_150.50 USD, locked=1_978.34 USD, free=1_000_172.16 USD)], margins=[MarginBalance(initial=0.00 USD, maintenance=0.00 USD, instrument_id=None)], event_id=44bc5737-25c5-4238-88cf-d5f8b8aa5edc)[0m
[1m2026-07-28T01:59:35.447451000Z[0m [1;33m[WARN] PAPER-CRYPTO-001.TradingNode: Received SIGINT, shutting down[0m
[1m2026-07-28T01:59:35.447484000Z[0m [INFO] PAPER-CRYPTO-001.TradingNode: STOPPING[0m
[1m2026-07-28T01:59:35.447622000Z[0m [INFO] PAPER-CRYPTO-001.MLStrategy: [CMD]--> UnsubscribeBars(bar_type=BTC/USD.ZEROHASH-1-DAY-MID-EXTERNAL, client_id=None, venue=ZEROHASH)[0m
[1m2026-07-28T01:59:35.447634000Z[0m [INFO] PAPER-CRYPTO-001.MLStrategy: Unsubscribed from BTC/USD.ZEROHASH-1-DAY-MID-EXTERNAL bar data[0m
[1m2026-07-28T01:59:35.447669000Z[0m [INFO] PAPER-CRYPTO-001.MLStrategy: [CMD]--> UnsubscribeBars(bar_type=ETH/USD.ZEROHASH-1-DAY-MID-EXTERNAL, client_id=None, venue=ZEROHASH)[0m
[1m2026-07-28T01:59:35.447672000Z[0m [INFO] PAPER-CRYPTO-001.MLStrategy: Unsubscribed from ETH/USD.ZEROHASH-1-DAY-MID-EXTERNAL bar data[0m
[1m2026-07-28T01:59:35.447681000Z[0m [INFO] PAPER-CRYPTO-001.MLStrategy: [CMD]--> UnsubscribeBars(bar_type=SOL/USD.ZEROHASH-1-DAY-MID-EXTERNAL, client_id=None, venue=ZEROHASH)[0m
[1m2026-07-28T01:59:35.447682000Z[0m [INFO] PAPER-CRYPTO-001.MLStrategy: Unsubscribed from SOL/USD.ZEROHASH-1-DAY-MID-EXTERNAL bar data[0m
[1m2026-07-28T01:59:35.447689000Z[0m [INFO] PAPER-CRYPTO-001.MLStrategy: [CMD]--> UnsubscribeBars(bar_type=XRP/USD.ZEROHASH-1-DAY-MID-EXTERNAL, client_id=None, venue=ZEROHASH)[0m
[1m2026-07-28T01:59:35.447690000Z[0m [INFO] PAPER-CRYPTO-001.MLStrategy: Unsubscribed from XRP/USD.ZEROHASH-1-DAY-MID-EXTERNAL bar data[0m
[1m2026-07-28T01:59:35.447696000Z[0m [INFO] PAPER-CRYPTO-001.MLStrategy: [CMD]--> UnsubscribeBars(bar_type=DOGE/USD.ZEROHASH-1-DAY-MID-EXTERNAL, client_id=None, venue=ZEROHASH)[0m
[1m2026-07-28T01:59:35.447698000Z[0m [INFO] PAPER-CRYPTO-001.MLStrategy: Unsubscribed from DOGE/USD.ZEROHASH-1-DAY-MID-EXTERNAL bar data[0m
[1m2026-07-28T01:59:35.447702000Z[0m [INFO] PAPER-CRYPTO-001.MLStrategy: Canceling executor tasks[0m
[1m2026-07-28T01:59:35.447739000Z[0m [INFO] PAPER-CRYPTO-001.MLStrategy: STOPPED[0m
[1m2026-07-28T01:59:35.447748000Z[0m [INFO] PAPER-CRYPTO-001.PAPER-CRYPTO-001: STOPPED[0m
[1m2026-07-28T01:59:35.447761000Z[0m [94m[INFO] PAPER-CRYPTO-001.TradingNode: Awaiting post stop (10.0s timeout)...[0m
[1m2026-07-28T01:59:35.448148000Z[0m [94m[INFO] PAPER-CRYPTO-001.DataClient-IB: Unsubscribed BTC/USD.ZEROHASH-1-DAY-MID-EXTERNAL bars[0m
[1m2026-07-28T01:59:35.448151000Z[0m [94m[INFO] PAPER-CRYPTO-001.DataClient-IB: Unsubscribed ETH/USD.ZEROHASH-1-DAY-MID-EXTERNAL bars[0m
[1m2026-07-28T01:59:35.448152000Z[0m [94m[INFO] PAPER-CRYPTO-001.DataClient-IB: Unsubscribed SOL/USD.ZEROHASH-1-DAY-MID-EXTERNAL bars[0m
[1m2026-07-28T01:59:35.448153000Z[0m [94m[INFO] PAPER-CRYPTO-001.DataClient-IB: Unsubscribed XRP/USD.ZEROHASH-1-DAY-MID-EXTERNAL bars[0m
[1m2026-07-28T01:59:35.448154000Z[0m [94m[INFO] PAPER-CRYPTO-001.DataClient-IB: Unsubscribed DOGE/USD.ZEROHASH-1-DAY-MID-EXTERNAL bars[0m
[1m2026-07-28T01:59:35.472133000Z[0m [1;31m[ERROR] PAPER-CRYPTO-001.InteractiveBrokersClient-001: Historical Market Data Service error message:API historical data query cancelled: 10005 (code: 162, req_id=10005)[0m
[1m2026-07-28T01:59:35.472144000Z[0m [1;33m[WARN] PAPER-CRYPTO-001.InteractiveBrokersClient-001: Unhandled error: 162 for req_id 10005[0m
[1m2026-07-28T01:59:35.553772000Z[0m [1;31m[ERROR] PAPER-CRYPTO-001.InteractiveBrokersClient-001: Historical Market Data Service error message:API historical data query cancelled: 10006 (code: 162, req_id=10006)[0m
[1m2026-07-28T01:59:35.553804000Z[0m [1;33m[WARN] PAPER-CRYPTO-001.InteractiveBrokersClient-001: Unhandled error: 162 for req_id 10006[0m
[1m2026-07-28T01:59:35.653603000Z[0m [1;31m[ERROR] PAPER-CRYPTO-001.InteractiveBrokersClient-001: Historical Market Data Service error message:API historical data query cancelled: 10007 (code: 162, req_id=10007)[0m
[1m2026-07-28T01:59:35.653631000Z[0m [1;33m[WARN] PAPER-CRYPTO-001.InteractiveBrokersClient-001: Unhandled error: 162 for req_id 10007[0m
[1m2026-07-28T01:59:35.753635000Z[0m [1;31m[ERROR] PAPER-CRYPTO-001.InteractiveBrokersClient-001: Historical Market Data Service error message:API historical data query cancelled: 10008 (code: 162, req_id=10008)[0m
[1m2026-07-28T01:59:35.753656000Z[0m [1;33m[WARN] PAPER-CRYPTO-001.InteractiveBrokersClient-001: Unhandled error: 162 for req_id 10008[0m
[1m2026-07-28T01:59:35.853981000Z[0m [1;31m[ERROR] PAPER-CRYPTO-001.InteractiveBrokersClient-001: Historical Market Data Service error message:API historical data query cancelled: 10009 (code: 162, req_id=10009)[0m
[1m2026-07-28T01:59:35.854004000Z[0m [1;33m[WARN] PAPER-CRYPTO-001.InteractiveBrokersClient-001: Unhandled error: 162 for req_id 10009[0m
[1m2026-07-28T01:59:45.448542000Z[0m [94m[INFO] PAPER-CRYPTO-001.MLStrategy: Saved state: ['ml_strategy.json'][0m
[1m2026-07-28T01:59:45.448611000Z[0m [INFO] PAPER-CRYPTO-001.DataClient-IB: STOPPED[0m
[1m2026-07-28T01:59:45.448621000Z[0m [INFO] PAPER-CRYPTO-001.ExecClient-IB: STOPPED[0m
[1m2026-07-28T01:59:45.448627000Z[0m [INFO] PAPER-CRYPTO-001.DataEngine: Disconnecting all clients...[0m
[1m2026-07-28T01:59:45.448630000Z[0m [INFO] PAPER-CRYPTO-001.DataClient-IB: Disconnecting...[0m
[1m2026-07-28T01:59:45.448637000Z[0m [INFO] PAPER-CRYPTO-001.ExecEngine: Disconnecting all clients...[0m
[1m2026-07-28T01:59:45.448639000Z[0m [INFO] PAPER-CRYPTO-001.ExecClient-IB: Disconnecting...[0m
[1m2026-07-28T01:59:45.448647000Z[0m [94m[INFO] PAPER-CRYPTO-001.TradingNode: Awaiting engine disconnections (10.0s timeout)...[0m
[1m2026-07-28T01:59:45.448719000Z[0m [INFO] PAPER-CRYPTO-001.InteractiveBrokersClient-001: STOPPED[0m
[1m2026-07-28T01:59:45.448734000Z[0m [92m[INFO] PAPER-CRYPTO-001.DataClient-IB: Disconnected[0m
[1m2026-07-28T01:59:45.448744000Z[0m [92m[INFO] PAPER-CRYPTO-001.ExecClient-IB: Disconnected[0m
[1m2026-07-28T01:59:45.448776000Z[0m [INFO] PAPER-CRYPTO-001.DataEngine: STOPPED[0m
[1m2026-07-28T01:59:45.448788000Z[0m [INFO] PAPER-CRYPTO-001.RiskEngine: STOPPED[0m
[1m2026-07-28T01:59:45.448795000Z[0m [INFO] PAPER-CRYPTO-001.ExecEngine: Canceling position snapshots timer[0m
[1m2026-07-28T01:59:45.448814000Z[0m [INFO] PAPER-CRYPTO-001.ExecEngine: STOPPED[0m
[1m2026-07-28T01:59:45.448825000Z[0m [INFO] PAPER-CRYPTO-001.OrderEmulator: STOPPED[0m
[1m2026-07-28T01:59:45.448830000Z[0m [INFO] PAPER-CRYPTO-001.TradingNode: STOPPED[0m
[1m2026-07-28T01:59:45.448836000Z[0m [INFO] PAPER-CRYPTO-001.InteractiveBrokersClient-001: Stopping InteractiveBrokersClient (1)...[0m
[1m2026-07-28T01:59:45.448955000Z[0m [INFO] PAPER-CRYPTO-001.InteractiveBrokersClient-001: All tasks canceled successfully.[0m
[1m2026-07-28T01:59:45.449098000Z[0m [INFO] PAPER-CRYPTO-001.DataClient-IB: DISPOSED[0m
[1m2026-07-28T01:59:45.449102000Z[0m [INFO] PAPER-CRYPTO-001.DataEngine: DISPOSED[0m
[1m2026-07-28T01:59:45.449105001Z[0m [INFO] PAPER-CRYPTO-001.RiskEngine: DISPOSED[0m
[1m2026-07-28T01:59:45.449109000Z[0m [INFO] PAPER-CRYPTO-001.ExecClient-IB: DISPOSED[0m
[1m2026-07-28T01:59:45.449110001Z[0m [INFO] PAPER-CRYPTO-001.ExecEngine: DISPOSED[0m
[1m2026-07-28T01:59:45.449117000Z[0m [INFO] PAPER-CRYPTO-001.OrderEmulator: DISPOSED[0m
[1m2026-07-28T01:59:45.449124000Z[0m [INFO] PAPER-CRYPTO-001.PAPER-CRYPTO-001: Cleared actors[0m
[1m2026-07-28T01:59:45.449128000Z[0m [INFO] PAPER-CRYPTO-001.MLStrategy: DISPOSED[0m
[1m2026-07-28T01:59:45.449133000Z[0m [INFO] PAPER-CRYPTO-001.PAPER-CRYPTO-001: Cleared trading strategies[0m
[1m2026-07-28T01:59:45.449134000Z[0m [INFO] PAPER-CRYPTO-001.PAPER-CRYPTO-001: Cleared execution algorithms[0m
[1m2026-07-28T01:59:45.449136000Z[0m [INFO] PAPER-CRYPTO-001.PAPER-CRYPTO-001: DISPOSED[0m
[1m2026-07-28T01:59:45.449182000Z[0m [INFO] PAPER-CRYPTO-001.Cache: Reset[0m
[1m2026-07-28T01:59:45.450474000Z[0m [INFO] PAPER-CRYPTO-001.CacheDatabaseAdapter: Closed cache database adapter[0m
[1m2026-07-28T01:59:45.450520000Z[0m [INFO] PAPER-CRYPTO-001.MessageBus: Closed message bus[0m
[1m2026-07-28T01:59:45.450525000Z[0m [INFO] PAPER-CRYPTO-001.TradingNode: Shutting down executor[0m
[1m2026-07-28T01:59:45.866318000Z[0m [INFO] PAPER-CRYPTO-001.TradingNode: Closing event loop[0m
Task was destroyed but it is pending!
task: <Task pending name='_stop_async' coro=<InteractiveBrokersClient._stop_async() running at /Users/lindawang/Documents/Workspace/quant/.quant312/lib/python3.12/site-packages/nautilus_trader/adapters/interactive_brokers/client/client.py:391> wait_for=<_GatheringFuture finished result=[None, None]> cb=[InteractiveBrokersClient._on_task_completed(None, None)()]>
[1m2026-07-28T01:59:45.866522000Z[0m [INFO] PAPER-CRYPTO-001.TradingNode: loop.is_running=False[0m
[1m2026-07-28T01:59:45.866524000Z[0m [INFO] PAPER-CRYPTO-001.TradingNode: loop.is_closed=True[0m
[1m2026-07-28T01:59:45.866525000Z[0m [INFO] PAPER-CRYPTO-001.TradingNode: DISPOSED[0m
Task was destroyed but it is pending!
task: <Task pending name='Task-715' coro=<InteractiveBrokersClientMarketDataMixin._schedule_bar_completion_timeout.<locals>.completion_handler() running at /Users/lindawang/Documents/Workspace/quant/.quant312/lib/python3.12/site-packages/nautilus_trader/adapters/interactive_brokers/client/market_data.py:1313> wait_for=<Future pending cb=[Task.task_wakeup()]>>
Task was destroyed but it is pending!
task: <Task pending name='Task-717' coro=<InteractiveBrokersClientMarketDataMixin._schedule_bar_completion_timeout.<locals>.completion_handler() running at /Users/lindawang/Documents/Workspace/quant/.quant312/lib/python3.12/site-packages/nautilus_trader/adapters/interactive_brokers/client/market_data.py:1313> wait_for=<Future pending cb=[Task.task_wakeup()]>>
Task was destroyed but it is pending!
task: <Task pending name='Task-719' coro=<InteractiveBrokersClientMarketDataMixin._schedule_bar_completion_timeout.<locals>.completion_handler() running at /Users/lindawang/Documents/Workspace/quant/.quant312/lib/python3.12/site-packages/nautilus_trader/adapters/interactive_brokers/client/market_data.py:1313> wait_for=<Future pending cb=[Task.task_wakeup()]>>
Task was destroyed but it is pending!
task: <Task pending name='Task-2201' coro=<InteractiveBrokersClientMarketDataMixin._schedule_bar_completion_timeout.<locals>.completion_handler() running at /Users/lindawang/Documents/Workspace/quant/.quant312/lib/python3.12/site-packages/nautilus_trader/adapters/interactive_brokers/client/market_data.py:1313> wait_for=<Future pending cb=[Task.task_wakeup()]>>
Task was destroyed but it is pending!
task: <Task pending name='Task-2472' coro=<InteractiveBrokersClientMarketDataMixin._schedule_bar_completion_timeout.<locals>.completion_handler() running at /Users/lindawang/Documents/Workspace/quant/.quant312/lib/python3.12/site-packages/nautilus_trader/adapters/interactive_brokers/client/market_data.py:1313> wait_for=<Future pending cb=[Task.task_wakeup()]>>
Task was destroyed but it is pending!
task: <Task pending name='Task-2476' coro=<InteractiveBrokersClientMarketDataMixin._schedule_bar_completion_timeout.<locals>.completion_handler() running at /Users/lindawang/Documents/Workspace/quant/.quant312/lib/python3.12/site-packages/nautilus_trader/adapters/interactive_brokers/client/market_data.py:1313> wait_for=<Future pending cb=[Task.task_wakeup()]>>
Task was destroyed but it is pending!
task: <Task pending name='Task-2478' coro=<InteractiveBrokersClientMarketDataMixin._schedule_bar_completion_timeout.<locals>.completion_handler() running at /Users/lindawang/Documents/Workspace/quant/.quant312/lib/python3.12/site-packages/nautilus_trader/adapters/interactive_brokers/client/market_data.py:1313> wait_for=<Future pending cb=[Task.task_wakeup()]>>
Task was destroyed but it is pending!
task: <Task pending name='Task-2480' coro=<InteractiveBrokersClientMarketDataMixin._schedule_bar_completion_timeout.<locals>.completion_handler() running at /Users/lindawang/Documents/Workspace/quant/.quant312/lib/python3.12/site-packages/nautilus_trader/adapters/interactive_brokers/client/market_data.py:1313> wait_for=<Future pending cb=[Task.task_wakeup()]>>
Task was destroyed but it is pending!
task: <Task pending name='Task-2484' coro=<InteractiveBrokersClientMarketDataMixin._schedule_bar_completion_timeout.<locals>.completion_handler() running at /Users/lindawang/Documents/Workspace/quant/.quant312/lib/python3.12/site-packages/nautilus_trader/adapters/interactive_brokers/client/market_data.py:1313> wait_for=<Future pending cb=[Task.task_wakeup()]>>
Task was destroyed but it is pending!
task: <Task pending name='Task-2486' coro=<InteractiveBrokersClientMarketDataMixin._schedule_bar_completion_timeout.<locals>.completion_handler() running at /Users/lindawang/Documents/Workspace/quant/.quant312/lib/python3.12/site-packages/nautilus_trader/adapters/interactive_brokers/client/market_data.py:1313> wait_for=<Future pending cb=[Task.task_wakeup()]>>
Task was destroyed but it is pending!
task: <Task pending name='Task-2496' coro=<InteractiveBrokersClientMarketDataMixin._schedule_bar_completion_timeout.<locals>.completion_handler() running at /Users/lindawang/Documents/Workspace/quant/.quant312/lib/python3.12/site-packages/nautilus_trader/adapters/interactive_brokers/client/market_data.py:1313> wait_for=<Future pending cb=[Task.task_wakeup()]>>
Task was destroyed but it is pending!
task: <Task pending name='Task-2498' coro=<InteractiveBrokersClientMarketDataMixin._schedule_bar_completion_timeout.<locals>.completion_handler() running at /Users/lindawang/Documents/Workspace/quant/.quant312/lib/python3.12/site-packages/nautilus_trader/adapters/interactive_brokers/client/market_data.py:1313> wait_for=<Future pending cb=[Task.task_wakeup()]>>
Task was destroyed but it is pending!
task: <Task pending name='Task-2500' coro=<InteractiveBrokersClientMarketDataMixin._schedule_bar_completion_timeout.<locals>.completion_handler() running at /Users/lindawang/Documents/Workspace/quant/.quant312/lib/python3.12/site-packages/nautilus_trader/adapters/interactive_brokers/client/market_data.py:1313> wait_for=<Future pending cb=[Task.task_wakeup()]>>
Task was destroyed but it is pending!
task: <Task pending name='Task-2504' coro=<InteractiveBrokersClientMarketDataMixin._schedule_bar_completion_timeout.<locals>.completion_handler() running at /Users/lindawang/Documents/Workspace/quant/.quant312/lib/python3.12/site-packages/nautilus_trader/adapters/interactive_brokers/client/market_data.py:1313> wait_for=<Future pending cb=[Task.task_wakeup()]>>
Task was destroyed but it is pending!
task: <Task pending name='Task-2512' coro=<InteractiveBrokersClientMarketDataMixin._schedule_bar_completion_timeout.<locals>.completion_handler() running at /Users/lindawang/Documents/Workspace/quant/.quant312/lib/python3.12/site-packages/nautilus_trader/adapters/interactive_brokers/client/market_data.py:1313> wait_for=<Future pending cb=[Task.task_wakeup()]>>
Task was destroyed but it is pending!
task: <Task pending name='Task-2516' coro=<InteractiveBrokersClientMarketDataMixin._schedule_bar_completion_timeout.<locals>.completion_handler() running at /Users/lindawang/Documents/Workspace/quant/.quant312/lib/python3.12/site-packages/nautilus_trader/adapters/interactive_brokers/client/market_data.py:1313> wait_for=<Future pending cb=[Task.task_wakeup()]>>
Task was destroyed but it is pending!
task: <Task pending name='Task-2518' coro=<InteractiveBrokersClientMarketDataMixin._schedule_bar_completion_timeout.<locals>.completion_handler() running at /Users/lindawang/Documents/Workspace/quant/.quant312/lib/python3.12/site-packages/nautilus_trader/adapters/interactive_brokers/client/market_data.py:1313> wait_for=<Future pending cb=[Task.task_wakeup()]>>
Task was destroyed but it is pending!
task: <Task pending name='Task-2520' coro=<InteractiveBrokersClientMarketDataMixin._schedule_bar_completion_timeout.<locals>.completion_handler() running at /Users/lindawang/Documents/Workspace/quant/.quant312/lib/python3.12/site-packages/nautilus_trader/adapters/interactive_brokers/client/market_data.py:1313> wait_for=<Future pending cb=[Task.task_wakeup()]>>
Task was destroyed but it is pending!
task: <Task pending name='Task-2522' coro=<InteractiveBrokersClientMarketDataMixin._schedule_bar_completion_timeout.<locals>.completion_handler() running at /Users/lindawang/Documents/Workspace/quant/.quant312/lib/python3.12/site-packages/nautilus_trader/adapters/interactive_brokers/client/market_data.py:1313> wait_for=<Future pending cb=[Task.task_wakeup()]>>
Task was destroyed but it is pending!
task: <Task pending name='Task-2532' coro=<InteractiveBrokersClientMarketDataMixin._schedule_bar_completion_timeout.<locals>.completion_handler() running at /Users/lindawang/Documents/Workspace/quant/.quant312/lib/python3.12/site-packages/nautilus_trader/adapters/interactive_brokers/client/market_data.py:1313> wait_for=<Future pending cb=[Task.task_wakeup()]>>
Task was destroyed but it is pending!
task: <Task pending name='Task-2536' coro=<InteractiveBrokersClientMarketDataMixin._schedule_bar_completion_timeout.<locals>.completion_handler() running at /Users/lindawang/Documents/Workspace/quant/.quant312/lib/python3.12/site-packages/nautilus_trader/adapters/interactive_brokers/client/market_data.py:1313> wait_for=<Future pending cb=[Task.task_wakeup()]>>
Task was destroyed but it is pending!
task: <Task pending name='Task-2538' coro=<InteractiveBrokersClientMarketDataMixin._schedule_bar_completion_timeout.<locals>.completion_handler() running at /Users/lindawang/Documents/Workspace/quant/.quant312/lib/python3.12/site-packages/nautilus_trader/adapters/interactive_brokers/client/market_data.py:1313> wait_for=<Future pending cb=[Task.task_wakeup()]>>
Task was destroyed but it is pending!
task: <Task pending name='Task-2540' coro=<InteractiveBrokersClientMarketDataMixin._schedule_bar_completion_timeout.<locals>.completion_handler() running at /Users/lindawang/Documents/Workspace/quant/.quant312/lib/python3.12/site-packages/nautilus_trader/adapters/interactive_brokers/client/market_data.py:1313> wait_for=<Future pending cb=[Task.task_wakeup()]>>
Task was destroyed but it is pending!
task: <Task pending name='Task-2544' coro=<InteractiveBrokersClientMarketDataMixin._schedule_bar_completion_timeout.<locals>.completion_handler() running at /Users/lindawang/Documents/Workspace/quant/.quant312/lib/python3.12/site-packages/nautilus_trader/adapters/interactive_brokers/client/market_data.py:1313> wait_for=<Future pending cb=[Task.task_wakeup()]>>
Task was destroyed but it is pending!
task: <Task pending name='Task-2554' coro=<InteractiveBrokersClientMarketDataMixin._schedule_bar_completion_timeout.<locals>.completion_handler() running at /Users/lindawang/Documents/Workspace/quant/.quant312/lib/python3.12/site-packages/nautilus_trader/adapters/interactive_brokers/client/market_data.py:1313> wait_for=<Future pending cb=[Task.task_wakeup()]>>
Task was destroyed but it is pending!
task: <Task pending name='Task-2556' coro=<InteractiveBrokersClientMarketDataMixin._schedule_bar_completion_timeout.<locals>.completion_handler() running at /Users/lindawang/Documents/Workspace/quant/.quant312/lib/python3.12/site-packages/nautilus_trader/adapters/interactive_brokers/client/market_data.py:1313> wait_for=<Future pending cb=[Task.task_wakeup()]>>
Task was destroyed but it is pending!
task: <Task pending name='Task-2558' coro=<InteractiveBrokersClientMarketDataMixin._schedule_bar_completion_timeout.<locals>.completion_handler() running at /Users/lindawang/Documents/Workspace/quant/.quant312/lib/python3.12/site-packages/nautilus_trader/adapters/interactive_brokers/client/market_data.py:1313> wait_for=<Future pending cb=[Task.task_wakeup()]>>
Task was destroyed but it is pending!
task: <Task pending name='Task-2560' coro=<InteractiveBrokersClientMarketDataMixin._schedule_bar_completion_timeout.<locals>.completion_handler() running at /Users/lindawang/Documents/Workspace/quant/.quant312/lib/python3.12/site-packages/nautilus_trader/adapters/interactive_brokers/client/market_data.py:1313> wait_for=<Future pending cb=[Task.task_wakeup()]>>
Task was destroyed but it is pending!
task: <Task pending name='Task-2564' coro=<InteractiveBrokersClientMarketDataMixin._schedule_bar_completion_timeout.<locals>.completion_handler() running at /Users/lindawang/Documents/Workspace/quant/.quant312/lib/python3.12/site-packages/nautilus_trader/adapters/interactive_brokers/client/market_data.py:1313> wait_for=<Future pending cb=[Task.task_wakeup()]>>
Task was destroyed but it is pending!
task: <Task pending name='Task-2572' coro=<InteractiveBrokersClientMarketDataMixin._schedule_bar_completion_timeout.<locals>.completion_handler() running at /Users/lindawang/Documents/Workspace/quant/.quant312/lib/python3.12/site-packages/nautilus_trader/adapters/interactive_brokers/client/market_data.py:1313> wait_for=<Future pending cb=[Task.task_wakeup()]>>
Task was destroyed but it is pending!
task: <Task pending name='Task-2576' coro=<InteractiveBrokersClientMarketDataMixin._schedule_bar_completion_timeout.<locals>.completion_handler() running at /Users/lindawang/Documents/Workspace/quant/.quant312/lib/python3.12/site-packages/nautilus_trader/adapters/interactive_brokers/client/market_data.py:1313> wait_for=<Future pending cb=[Task.task_wakeup()]>>
Task was destroyed but it is pending!
task: <Task pending name='Task-2578' coro=<InteractiveBrokersClientMarketDataMixin._schedule_bar_completion_timeout.<locals>.completion_handler() running at /Users/lindawang/Documents/Workspace/quant/.quant312/lib/python3.12/site-packages/nautilus_trader/adapters/interactive_brokers/client/market_data.py:1313> wait_for=<Future pending cb=[Task.task_wakeup()]>>
Task was destroyed but it is pending!
task: <Task pending name='Task-2580' coro=<InteractiveBrokersClientMarketDataMixin._schedule_bar_completion_timeout.<locals>.completion_handler() running at /Users/lindawang/Documents/Workspace/quant/.quant312/lib/python3.12/site-packages/nautilus_trader/adapters/interactive_brokers/client/market_data.py:1313> wait_for=<Future pending cb=[Task.task_wakeup()]>>
Task was destroyed but it is pending!
task: <Task pending name='Task-2582' coro=<InteractiveBrokersClientMarketDataMixin._schedule_bar_completion_timeout.<locals>.completion_handler() running at /Users/lindawang/Documents/Workspace/quant/.quant312/lib/python3.12/site-packages/nautilus_trader/adapters/interactive_brokers/client/market_data.py:1313> wait_for=<Future pending cb=[Task.task_wakeup()]>>
Task was destroyed but it is pending!
task: <Task pending name='Task-2732' coro=<InteractiveBrokersClientMarketDataMixin._schedule_bar_completion_timeout.<locals>.completion_handler() done, defined at /Users/lindawang/Documents/Workspace/quant/.quant312/lib/python3.12/site-packages/nautilus_trader/adapters/interactive_brokers/client/market_data.py:1311> wait_for=<Future pending cb=[Task.task_wakeup()]>>
Task was destroyed but it is pending!
task: <Task pending name='Task-2738' coro=<InteractiveBrokersClientMarketDataMixin._schedule_bar_completion_timeout.<locals>.completion_handler() done, defined at /Users/lindawang/Documents/Workspace/quant/.quant312/lib/python3.12/site-packages/nautilus_trader/adapters/interactive_brokers/client/market_data.py:1311> wait_for=<Future pending cb=[Task.task_wakeup()]>>
Task was destroyed but it is pending!
task: <Task pending name='Task-2740' coro=<InteractiveBrokersClientMarketDataMixin._schedule_bar_completion_timeout.<locals>.completion_handler() done, defined at /Users/lindawang/Documents/Workspace/quant/.quant312/lib/python3.12/site-packages/nautilus_trader/adapters/interactive_brokers/client/market_data.py:1311> wait_for=<Future pending cb=[Task.task_wakeup()]>>
Task was destroyed but it is pending!
task: <Task pending name='Task-2742' coro=<InteractiveBrokersClientMarketDataMixin._schedule_bar_completion_timeout.<locals>.completion_handler() done, defined at /Users/lindawang/Documents/Workspace/quant/.quant312/lib/python3.12/site-packages/nautilus_trader/adapters/interactive_brokers/client/market_data.py:1311> wait_for=<Future pending cb=[Task.task_wakeup()]>>
Task was destroyed but it is pending!
task: <Task pending name='Task-2744' coro=<InteractiveBrokersClientMarketDataMixin._schedule_bar_completion_timeout.<locals>.completion_handler() done, defined at /Users/lindawang/Documents/Workspace/quant/.quant312/lib/python3.12/site-packages/nautilus_trader/adapters/interactive_brokers/client/market_data.py:1311> wait_for=<Future pending cb=[Task.task_wakeup()]>>
Task was destroyed but it is pending!
task: <Task pending name='Task-2746' coro=<InteractiveBrokersClientMarketDataMixin._schedule_bar_completion_timeout.<locals>.completion_handler() done, defined at /Users/lindawang/Documents/Workspace/quant/.quant312/lib/python3.12/site-packages/nautilus_trader/adapters/interactive_brokers/client/market_data.py:1311> wait_for=<Future pending cb=[Task.task_wakeup()]>>
Task was destroyed but it is pending!
task: <Task pending name='Task-2756' coro=<InteractiveBrokersClientMarketDataMixin._schedule_bar_completion_timeout.<locals>.completion_handler() done, defined at /Users/lindawang/Documents/Workspace/quant/.quant312/lib/python3.12/site-packages/nautilus_trader/adapters/interactive_brokers/client/market_data.py:1311> wait_for=<Future pending cb=[Task.task_wakeup()]>>
Task was destroyed but it is pending!
task: <Task pending name='Task-2758' coro=<InteractiveBrokersClientMarketDataMixin._schedule_bar_completion_timeout.<locals>.completion_handler() done, defined at /Users/lindawang/Documents/Workspace/quant/.quant312/lib/python3.12/site-packages/nautilus_trader/adapters/interactive_brokers/client/market_data.py:1311> wait_for=<Future pending cb=[Task.task_wakeup()]>>
Task was destroyed but it is pending!
task: <Task pending name='Task-2760' coro=<InteractiveBrokersClientMarketDataMixin._schedule_bar_completion_timeout.<locals>.completion_handler() done, defined at /Users/lindawang/Documents/Workspace/quant/.quant312/lib/python3.12/site-packages/nautilus_trader/adapters/interactive_brokers/client/market_data.py:1311> wait_for=<Future pending cb=[Task.task_wakeup()]>>
Task was destroyed but it is pending!
task: <Task pending name='Task-2764' coro=<InteractiveBrokersClientMarketDataMixin._schedule_bar_completion_timeout.<locals>.completion_handler() done, defined at /Users/lindawang/Documents/Workspace/quant/.quant312/lib/python3.12/site-packages/nautilus_trader/adapters/interactive_brokers/client/market_data.py:1311> wait_for=<Future pending cb=[Task.task_wakeup()]>>
Task was destroyed but it is pending!
task: <Task pending name='Task-2592' coro=<InteractiveBrokersClientMarketDataMixin._schedule_bar_completion_timeout.<locals>.completion_handler() running at /Users/lindawang/Documents/Workspace/quant/.quant312/lib/python3.12/site-packages/nautilus_trader/adapters/interactive_brokers/client/market_data.py:1313> wait_for=<Future pending cb=[Task.task_wakeup()]>>
Task was destroyed but it is pending!
task: <Task pending name='Task-2596' coro=<InteractiveBrokersClientMarketDataMixin._schedule_bar_completion_timeout.<locals>.completion_handler() running at /Users/lindawang/Documents/Workspace/quant/.quant312/lib/python3.12/site-packages/nautilus_trader/adapters/interactive_brokers/client/market_data.py:1313> wait_for=<Future pending cb=[Task.task_wakeup()]>>
Task was destroyed but it is pending!
task: <Task pending name='Task-2598' coro=<InteractiveBrokersClientMarketDataMixin._schedule_bar_completion_timeout.<locals>.completion_handler() running at /Users/lindawang/Documents/Workspace/quant/.quant312/lib/python3.12/site-packages/nautilus_trader/adapters/interactive_brokers/client/market_data.py:1313> wait_for=<Future pending cb=[Task.task_wakeup()]>>
Task was destroyed but it is pending!
task: <Task pending name='Task-2600' coro=<InteractiveBrokersClientMarketDataMixin._schedule_bar_completion_timeout.<locals>.completion_handler() running at /Users/lindawang/Documents/Workspace/quant/.quant312/lib/python3.12/site-packages/nautilus_trader/adapters/interactive_brokers/client/market_data.py:1313> wait_for=<Future pending cb=[Task.task_wakeup()]>>
Task was destroyed but it is pending!
task: <Task pending name='Task-2604' coro=<InteractiveBrokersClientMarketDataMixin._schedule_bar_completion_timeout.<locals>.completion_handler() running at /Users/lindawang/Documents/Workspace/quant/.quant312/lib/python3.12/site-packages/nautilus_trader/adapters/interactive_brokers/client/market_data.py:1313> wait_for=<Future pending cb=[Task.task_wakeup()]>>
Task was destroyed but it is pending!
task: <Task pending name='Task-2612' coro=<InteractiveBrokersClientMarketDataMixin._schedule_bar_completion_timeout.<locals>.completion_handler() running at /Users/lindawang/Documents/Workspace/quant/.quant312/lib/python3.12/site-packages/nautilus_trader/adapters/interactive_brokers/client/market_data.py:1313> wait_for=<Future pending cb=[Task.task_wakeup()]>>
Task was destroyed but it is pending!
task: <Task pending name='Task-2616' coro=<InteractiveBrokersClientMarketDataMixin._schedule_bar_completion_timeout.<locals>.completion_handler() running at /Users/lindawang/Documents/Workspace/quant/.quant312/lib/python3.12/site-packages/nautilus_trader/adapters/interactive_brokers/client/market_data.py:1313> wait_for=<Future pending cb=[Task.task_wakeup()]>>
Task was destroyed but it is pending!
task: <Task pending name='Task-2618' coro=<InteractiveBrokersClientMarketDataMixin._schedule_bar_completion_timeout.<locals>.completion_handler() running at /Users/lindawang/Documents/Workspace/quant/.quant312/lib/python3.12/site-packages/nautilus_trader/adapters/interactive_brokers/client/market_data.py:1313> wait_for=<Future pending cb=[Task.task_wakeup()]>>
Task was destroyed but it is pending!
task: <Task pending name='Task-2620' coro=<InteractiveBrokersClientMarketDataMixin._schedule_bar_completion_timeout.<locals>.completion_handler() running at /Users/lindawang/Documents/Workspace/quant/.quant312/lib/python3.12/site-packages/nautilus_trader/adapters/interactive_brokers/client/market_data.py:1313> wait_for=<Future pending cb=[Task.task_wakeup()]>>
Task was destroyed but it is pending!
task: <Task pending name='Task-2624' coro=<InteractiveBrokersClientMarketDataMixin._schedule_bar_completion_timeout.<locals>.completion_handler() running at /Users/lindawang/Documents/Workspace/quant/.quant312/lib/python3.12/site-packages/nautilus_trader/adapters/interactive_brokers/client/market_data.py:1313> wait_for=<Future pending cb=[Task.task_wakeup()]>>
Task was destroyed but it is pending!
task: <Task pending name='Task-2632' coro=<InteractiveBrokersClientMarketDataMixin._schedule_bar_completion_timeout.<locals>.completion_handler() running at /Users/lindawang/Documents/Workspace/quant/.quant312/lib/python3.12/site-packages/nautilus_trader/adapters/interactive_brokers/client/market_data.py:1313> wait_for=<Future pending cb=[Task.task_wakeup()]>>
Task was destroyed but it is pending!
task: <Task pending name='Task-2636' coro=<InteractiveBrokersClientMarketDataMixin._schedule_bar_completion_timeout.<locals>.completion_handler() running at /Users/lindawang/Documents/Workspace/quant/.quant312/lib/python3.12/site-packages/nautilus_trader/adapters/interactive_brokers/client/market_data.py:1313> wait_for=<Future pending cb=[Task.task_wakeup()]>>
Task was destroyed but it is pending!
task: <Task pending name='Task-2638' coro=<InteractiveBrokersClientMarketDataMixin._schedule_bar_completion_timeout.<locals>.completion_handler() running at /Users/lindawang/Documents/Workspace/quant/.quant312/lib/python3.12/site-packages/nautilus_trader/adapters/interactive_brokers/client/market_data.py:1313> wait_for=<Future pending cb=[Task.task_wakeup()]>>
Task was destroyed but it is pending!
task: <Task pending name='Task-2642' coro=<InteractiveBrokersClientMarketDataMixin._schedule_bar_completion_timeout.<locals>.completion_handler() running at /Users/lindawang/Documents/Workspace/quant/.quant312/lib/python3.12/site-packages/nautilus_trader/adapters/interactive_brokers/client/market_data.py:1313> wait_for=<Future pending cb=[Task.task_wakeup()]>>
Task was destroyed but it is pending!
task: <Task pending name='Task-2644' coro=<InteractiveBrokersClientMarketDataMixin._schedule_bar_completion_timeout.<locals>.completion_handler() running at /Users/lindawang/Documents/Workspace/quant/.quant312/lib/python3.12/site-packages/nautilus_trader/adapters/interactive_brokers/client/market_data.py:1313> wait_for=<Future pending cb=[Task.task_wakeup()]>>
Task was destroyed but it is pending!
task: <Task pending name='Task-2654' coro=<InteractiveBrokersClientMarketDataMixin._schedule_bar_completion_timeout.<locals>.completion_handler() running at /Users/lindawang/Documents/Workspace/quant/.quant312/lib/python3.12/site-packages/nautilus_trader/adapters/interactive_brokers/client/market_data.py:1313> wait_for=<Future pending cb=[Task.task_wakeup()]>>
Task was destroyed but it is pending!
task: <Task pending name='Task-2656' coro=<InteractiveBrokersClientMarketDataMixin._schedule_bar_completion_timeout.<locals>.completion_handler() running at /Users/lindawang/Documents/Workspace/quant/.quant312/lib/python3.12/site-packages/nautilus_trader/adapters/interactive_brokers/client/market_data.py:1313> wait_for=<Future pending cb=[Task.task_wakeup()]>>
Task was destroyed but it is pending!
task: <Task pending name='Task-2658' coro=<InteractiveBrokersClientMarketDataMixin._schedule_bar_completion_timeout.<locals>.completion_handler() running at /Users/lindawang/Documents/Workspace/quant/.quant312/lib/python3.12/site-packages/nautilus_trader/adapters/interactive_brokers/client/market_data.py:1313> wait_for=<Future pending cb=[Task.task_wakeup()]>>
Task was destroyed but it is pending!
task: <Task pending name='Task-2660' coro=<InteractiveBrokersClientMarketDataMixin._schedule_bar_completion_timeout.<locals>.completion_handler() running at /Users/lindawang/Documents/Workspace/quant/.quant312/lib/python3.12/site-packages/nautilus_trader/adapters/interactive_brokers/client/market_data.py:1313> wait_for=<Future pending cb=[Task.task_wakeup()]>>
Task was destroyed but it is pending!
task: <Task pending name='Task-2662' coro=<InteractiveBrokersClientMarketDataMixin._schedule_bar_completion_timeout.<locals>.completion_handler() running at /Users/lindawang/Documents/Workspace/quant/.quant312/lib/python3.12/site-packages/nautilus_trader/adapters/interactive_brokers/client/market_data.py:1313> wait_for=<Future pending cb=[Task.task_wakeup()]>>
Task was destroyed but it is pending!
task: <Task pending name='Task-2672' coro=<InteractiveBrokersClientMarketDataMixin._schedule_bar_completion_timeout.<locals>.completion_handler() running at /Users/lindawang/Documents/Workspace/quant/.quant312/lib/python3.12/site-packages/nautilus_trader/adapters/interactive_brokers/client/market_data.py:1313> wait_for=<Future pending cb=[Task.task_wakeup()]>>
Task was destroyed but it is pending!
task: <Task pending name='Task-2676' coro=<InteractiveBrokersClientMarketDataMixin._schedule_bar_completion_timeout.<locals>.completion_handler() running at /Users/lindawang/Documents/Workspace/quant/.quant312/lib/python3.12/site-packages/nautilus_trader/adapters/interactive_brokers/client/market_data.py:1313> wait_for=<Future pending cb=[Task.task_wakeup()]>>
Task was destroyed but it is pending!
task: <Task pending name='Task-2678' coro=<InteractiveBrokersClientMarketDataMixin._schedule_bar_completion_timeout.<locals>.completion_handler() running at /Users/lindawang/Documents/Workspace/quant/.quant312/lib/python3.12/site-packages/nautilus_trader/adapters/interactive_brokers/client/market_data.py:1313> wait_for=<Future pending cb=[Task.task_wakeup()]>>
Task was destroyed but it is pending!
task: <Task pending name='Task-2680' coro=<InteractiveBrokersClientMarketDataMixin._schedule_bar_completion_timeout.<locals>.completion_handler() running at /Users/lindawang/Documents/Workspace/quant/.quant312/lib/python3.12/site-packages/nautilus_trader/adapters/interactive_brokers/client/market_data.py:1313> wait_for=<Future pending cb=[Task.task_wakeup()]>>
Task was destroyed but it is pending!
task: <Task pending name='Task-2684' coro=<InteractiveBrokersClientMarketDataMixin._schedule_bar_completion_timeout.<locals>.completion_handler() running at /Users/lindawang/Documents/Workspace/quant/.quant312/lib/python3.12/site-packages/nautilus_trader/adapters/interactive_brokers/client/market_data.py:1313> wait_for=<Future pending cb=[Task.task_wakeup()]>>
Task was destroyed but it is pending!
task: <Task pending name='Task-2694' coro=<InteractiveBrokersClientMarketDataMixin._schedule_bar_completion_timeout.<locals>.completion_handler() running at /Users/lindawang/Documents/Workspace/quant/.quant312/lib/python3.12/site-packages/nautilus_trader/adapters/interactive_brokers/client/market_data.py:1313> wait_for=<Future pending cb=[Task.task_wakeup()]>>
Task was destroyed but it is pending!
task: <Task pending name='Task-2696' coro=<InteractiveBrokersClientMarketDataMixin._schedule_bar_completion_timeout.<locals>.completion_handler() running at /Users/lindawang/Documents/Workspace/quant/.quant312/lib/python3.12/site-packages/nautilus_trader/adapters/interactive_brokers/client/market_data.py:1313> wait_for=<Future pending cb=[Task.task_wakeup()]>>
Task was destroyed but it is pending!
task: <Task pending name='Task-2698' coro=<InteractiveBrokersClientMarketDataMixin._schedule_bar_completion_timeout.<locals>.completion_handler() running at /Users/lindawang/Documents/Workspace/quant/.quant312/lib/python3.12/site-packages/nautilus_trader/adapters/interactive_brokers/client/market_data.py:1313> wait_for=<Future pending cb=[Task.task_wakeup()]>>
Task was destroyed but it is pending!
task: <Task pending name='Task-2700' coro=<InteractiveBrokersClientMarketDataMixin._schedule_bar_completion_timeout.<locals>.completion_handler() running at /Users/lindawang/Documents/Workspace/quant/.quant312/lib/python3.12/site-packages/nautilus_trader/adapters/interactive_brokers/client/market_data.py:1313> wait_for=<Future pending cb=[Task.task_wakeup()]>>
Task was destroyed but it is pending!
task: <Task pending name='Task-2704' coro=<InteractiveBrokersClientMarketDataMixin._schedule_bar_completion_timeout.<locals>.completion_handler() running at /Users/lindawang/Documents/Workspace/quant/.quant312/lib/python3.12/site-packages/nautilus_trader/adapters/interactive_brokers/client/market_data.py:1313> wait_for=<Future pending cb=[Task.task_wakeup()]>>
Task was destroyed but it is pending!
task: <Task pending name='Task-2712' coro=<InteractiveBrokersClientMarketDataMixin._schedule_bar_completion_timeout.<locals>.completion_handler() running at /Users/lindawang/Documents/Workspace/quant/.quant312/lib/python3.12/site-packages/nautilus_trader/adapters/interactive_brokers/client/market_data.py:1313> wait_for=<Future pending cb=[Task.task_wakeup()]>>
Task was destroyed but it is pending!
task: <Task pending name='Task-2716' coro=<InteractiveBrokersClientMarketDataMixin._schedule_bar_completion_timeout.<locals>.completion_handler() running at /Users/lindawang/Documents/Workspace/quant/.quant312/lib/python3.12/site-packages/nautilus_trader/adapters/interactive_brokers/client/market_data.py:1313> wait_for=<Future pending cb=[Task.task_wakeup()]>>
Task was destroyed but it is pending!
task: <Task pending name='Task-2718' coro=<InteractiveBrokersClientMarketDataMixin._schedule_bar_completion_timeout.<locals>.completion_handler() running at /Users/lindawang/Documents/Workspace/quant/.quant312/lib/python3.12/site-packages/nautilus_trader/adapters/interactive_brokers/client/market_data.py:1313> wait_for=<Future pending cb=[Task.task_wakeup()]>>
Task was destroyed but it is pending!
task: <Task pending name='Task-2720' coro=<InteractiveBrokersClientMarketDataMixin._schedule_bar_completion_timeout.<locals>.completion_handler() running at /Users/lindawang/Documents/Workspace/quant/.quant312/lib/python3.12/site-packages/nautilus_trader/adapters/interactive_brokers/client/market_data.py:1313> wait_for=<Future pending cb=[Task.task_wakeup()]>>
Task was destroyed but it is pending!
task: <Task pending name='Task-2724' coro=<InteractiveBrokersClientMarketDataMixin._schedule_bar_completion_timeout.<locals>.completion_handler() running at /Users/lindawang/Documents/Workspace/quant/.quant312/lib/python3.12/site-packages/nautilus_trader/adapters/interactive_brokers/client/market_data.py:1313> wait_for=<Future pending cb=[Task.task_wakeup()]>>
