[1m2026-07-28T02:42:47.794547000Z[0m [36m[INFO] PAPER-CRYPTO-001.TradingNode: =================================================================[0m
[1m2026-07-28T02:42:47.794558000Z[0m [36m[INFO] PAPER-CRYPTO-001.TradingNode:  NAUTILUS TRADER - Automated Algorithmic Trading Platform[0m
[1m2026-07-28T02:42:47.794558001Z[0m [36m[INFO] PAPER-CRYPTO-001.TradingNode:  by Nautech Systems Pty Ltd.[0m
[1m2026-07-28T02:42:47.794558002Z[0m [36m[INFO] PAPER-CRYPTO-001.TradingNode:  Copyright (C) 2015-2026. All rights reserved.[0m
[1m2026-07-28T02:42:47.794559000Z[0m [36m[INFO] PAPER-CRYPTO-001.TradingNode: =================================================================[0m
[1m2026-07-28T02:42:47.794559001Z[0m [INFO] PAPER-CRYPTO-001.TradingNode: [0m
[1m2026-07-28T02:42:47.794559002Z[0m [INFO] PAPER-CRYPTO-001.TradingNode: ⠀⠀⠀⠀⠀⠀⠀⠀⠀⠀⠀⠀⠀⣠⣴⣶⡟⠀⠀⠀⠀⠀⠀⠀⠀⠀⠀⠀⠀⠀⠀[0m
[1m2026-07-28T02:42:47.794559003Z[0m [INFO] PAPER-CRYPTO-001.TradingNode: ⠀⠀⠀⠀⠀⠀⠀⠀⠀⠀⠀⣰⣾⣿⣿⣿⠀⢸⣿⣿⣿⣿⣶⣶⣤⣀⠀⠀⠀⠀⠀[0m
[1m2026-07-28T02:42:47.794559004Z[0m [INFO] PAPER-CRYPTO-001.TradingNode: ⠀⠀⠀⠀⠀⠀⢀⣴⡇⢀⣾⣿⣿⣿⣿⣿⠀⣾⣿⣿⣿⣿⣿⣿⣿⠿⠓⠀⠀⠀⠀[0m
[1m2026-07-28T02:42:47.794559005Z[0m [INFO] PAPER-CRYPTO-001.TradingNode: ⠀⠀⠀⠀⠀⣰⣿⣿⡀⢸⣿⣿⣿⣿⣿⣿⠀⣿⣿⣿⣿⣿⣿⠟⠁⣠⣄⠀⠀⠀⠀[0m
[1m2026-07-28T02:42:47.794560000Z[0m [INFO] PAPER-CRYPTO-001.TradingNode: ⠀⠀⠀⠀⢠⣿⣿⣿⣇⠀⢿⣿⣿⣿⣿⣿⠀⢻⣿⣿⣿⡿⢃⣠⣾⣿⣿⣧⡀⠀⠀[0m
[1m2026-07-28T02:42:47.794560001Z[0m [INFO] PAPER-CRYPTO-001.TradingNode: ⠀⠀⠀⠠⣾⣿⣿⣿⣿⣿⣧⠈⠋⢀⣴⣧⠀⣿⡏⢠⡀⢸⣿⣿⣿⣿⣿⣿⣿⡇⠀[0m
[1m2026-07-28T02:42:47.794560002Z[0m [INFO] PAPER-CRYPTO-001.TradingNode: ⠀⠀⠀⣀⠙⢿⣿⣿⣿⣿⣿⠇⢠⣿⣿⣿⡄⠹⠃⠼⠃⠈⠉⠛⠛⠛⠛⠛⠻⠇⠀[0m
[1m2026-07-28T02:42:47.794560003Z[0m [INFO] PAPER-CRYPTO-001.TradingNode: ⠀⠀⢸⡟⢠⣤⠉⠛⠿⢿⣿⠀⢸⣿⡿⠋⣠⣤⣄⠀⣾⣿⣿⣶⣶⣶⣦⡄⠀⠀⠀[0m
[1m2026-07-28T02:42:47.794560004Z[0m [INFO] PAPER-CRYPTO-001.TradingNode: ⠀⠀⠸⠀⣾⠏⣸⣷⠂⣠⣤⠀⠘⢁⣴⣾⣿⣿⣿⡆⠘⣿⣿⣿⣿⣿⣿⠀⠀⠀⠀[0m
[1m2026-07-28T02:42:47.794560005Z[0m [INFO] PAPER-CRYPTO-001.TradingNode: ⠀⠀⠀⠀⠛⠀⣿⡟⠀⢻⣿⡄⠸⣿⣿⣿⣿⣿⣿⣿⡀⠘⣿⣿⣿⣿⠟⠀⠀⠀⠀[0m
[1m2026-07-28T02:42:47.794560006Z[0m [INFO] PAPER-CRYPTO-001.TradingNode: ⠀⠀⠀⠀⠀⠀⣿⠇⠀⠀⢻⡿⠀⠈⠻⣿⣿⣿⣿⣿⡇⠀⢹⣿⠿⠋⠀⠀⠀⠀⠀[0m
[1m2026-07-28T02:42:47.794560007Z[0m [INFO] PAPER-CRYPTO-001.TradingNode: ⠀⠀⠀⠀⠀⠀⠋⠀⠀⠀⡘⠁⠀⠀⠀⠀⠀⠀⠀⠀⠀⠀⠈⠁⠀⠀⠀⠀⠀⠀⠀[0m
[1m2026-07-28T02:42:47.794560008Z[0m [INFO] PAPER-CRYPTO-001.TradingNode: [0m
[1m2026-07-28T02:42:47.794560009Z[0m [36m[INFO] PAPER-CRYPTO-001.TradingNode: =================================================================[0m
[1m2026-07-28T02:42:47.794560010Z[0m [36m[INFO] PAPER-CRYPTO-001.TradingNode:  SYSTEM SPECIFICATION[0m
[1m2026-07-28T02:42:47.794561000Z[0m [36m[INFO] PAPER-CRYPTO-001.TradingNode: =================================================================[0m
[1m2026-07-28T02:42:47.794561001Z[0m [INFO] PAPER-CRYPTO-001.TradingNode: CPU architecture: Apple M4[0m
[1m2026-07-28T02:42:47.794561002Z[0m [INFO] PAPER-CRYPTO-001.TradingNode: CPU(s): 10 @ 4464 MHz[0m
[1m2026-07-28T02:42:47.794561003Z[0m [INFO] PAPER-CRYPTO-001.TradingNode: OS: kernel-25.5.0 macOS 26.5.2 Tahoe[0m
[1m2026-07-28T02:42:47.794572000Z[0m [36m[INFO] PAPER-CRYPTO-001.TradingNode: =================================================================[0m
[1m2026-07-28T02:42:47.794572001Z[0m [36m[INFO] PAPER-CRYPTO-001.TradingNode:  MEMORY USAGE[0m
[1m2026-07-28T02:42:47.794573000Z[0m [36m[INFO] PAPER-CRYPTO-001.TradingNode: =================================================================[0m
[1m2026-07-28T02:42:47.794576000Z[0m [INFO] PAPER-CRYPTO-001.TradingNode: RAM-Total: 32.00 GiB[0m
[1m2026-07-28T02:42:47.794576001Z[0m [INFO] PAPER-CRYPTO-001.TradingNode: RAM-Used: 19.46 GiB (60.82%)[0m
[1m2026-07-28T02:42:47.794576002Z[0m [INFO] PAPER-CRYPTO-001.TradingNode: RAM-Avail: 12.54 GiB (39.18%)[0m
[1m2026-07-28T02:42:47.794577000Z[0m [INFO] PAPER-CRYPTO-001.TradingNode: Swap: disabled[0m
[1m2026-07-28T02:42:47.794580000Z[0m [36m[INFO] PAPER-CRYPTO-001.TradingNode: =================================================================[0m
[1m2026-07-28T02:42:47.794580001Z[0m [36m[INFO] PAPER-CRYPTO-001.TradingNode:  IDENTIFIERS[0m
[1m2026-07-28T02:42:47.794581000Z[0m [36m[INFO] PAPER-CRYPTO-001.TradingNode: =================================================================[0m
[1m2026-07-28T02:42:47.794581001Z[0m [INFO] PAPER-CRYPTO-001.TradingNode: trader_id: PAPER-CRYPTO-001[0m
[1m2026-07-28T02:42:47.794581002Z[0m [INFO] PAPER-CRYPTO-001.TradingNode: machine_id: Wynstons-Mac.local[0m
[1m2026-07-28T02:42:47.794582000Z[0m [INFO] PAPER-CRYPTO-001.TradingNode: instance_id: 5ed79d41-cc4f-46d7-b0ea-23b445c45787[0m
[1m2026-07-28T02:42:47.794582001Z[0m [INFO] PAPER-CRYPTO-001.TradingNode: PID: 44354[0m
[1m2026-07-28T02:42:47.794582002Z[0m [36m[INFO] PAPER-CRYPTO-001.TradingNode: =================================================================[0m
[1m2026-07-28T02:42:47.794582003Z[0m [36m[INFO] PAPER-CRYPTO-001.TradingNode:  VERSIONING[0m
[1m2026-07-28T02:42:47.794582004Z[0m [36m[INFO] PAPER-CRYPTO-001.TradingNode: =================================================================[0m
[1m2026-07-28T02:42:47.794592000Z[0m [INFO] PAPER-CRYPTO-001.TradingNode: nautilus_trader: 1.229.0[0m
[1m2026-07-28T02:42:47.794595000Z[0m [INFO] PAPER-CRYPTO-001.TradingNode: python: 3.12.13[0m
[1m2026-07-28T02:42:47.794596000Z[0m [INFO] PAPER-CRYPTO-001.TradingNode: numpy: 2.5.0[0m
[1m2026-07-28T02:42:47.794598000Z[0m [INFO] PAPER-CRYPTO-001.TradingNode: pandas: 3.0.4[0m
[1m2026-07-28T02:42:47.794599000Z[0m [INFO] PAPER-CRYPTO-001.TradingNode: msgspec: 0.21.1[0m
[1m2026-07-28T02:42:47.794601000Z[0m [INFO] PAPER-CRYPTO-001.TradingNode: pyarrow: 24.0.0[0m
[1m2026-07-28T02:42:47.794603000Z[0m [INFO] PAPER-CRYPTO-001.TradingNode: pytz: 2026.2[0m
[1m2026-07-28T02:42:47.794604000Z[0m [INFO] PAPER-CRYPTO-001.TradingNode: uvloop: 0.22.1[0m
[1m2026-07-28T02:42:47.794604001Z[0m [36m[INFO] PAPER-CRYPTO-001.TradingNode: =================================================================[0m
[1m2026-07-28T02:42:47.794613000Z[0m [INFO] PAPER-CRYPTO-001.TradingNode: Building system kernel[0m
[1m2026-07-28T02:42:47.794694000Z[0m [INFO] PAPER-CRYPTO-001.CacheDatabaseAdapter: READY[0m
[1m2026-07-28T02:42:47.794700000Z[0m [94m[INFO] PAPER-CRYPTO-001.CacheDatabaseAdapter: config.database=DatabaseConfig(type=redis, host=127.0.0.1, port=6379, username=None, password=None, ssl=False, connection_timeout=20, response_timeout=20, number_of_retries=3, exponent_base=2, max_delay=1000, factor=2)[0m
[1m2026-07-28T02:42:47.794701000Z[0m [94m[INFO] PAPER-CRYPTO-001.CacheDatabaseAdapter: config.encoding='msgpack'[0m
[1m2026-07-28T02:42:47.794701001Z[0m [94m[INFO] PAPER-CRYPTO-001.CacheDatabaseAdapter: config.timestamps_as_iso8601=False[0m
[1m2026-07-28T02:42:47.794701002Z[0m [94m[INFO] PAPER-CRYPTO-001.CacheDatabaseAdapter: config.buffer_interval_ms=100[0m
[1m2026-07-28T02:42:47.794702000Z[0m [94m[INFO] PAPER-CRYPTO-001.CacheDatabaseAdapter: config.flush_on_start=False[0m
[1m2026-07-28T02:42:47.794702001Z[0m [94m[INFO] PAPER-CRYPTO-001.CacheDatabaseAdapter: config.use_trader_prefix=True[0m
[1m2026-07-28T02:42:47.794702002Z[0m [94m[INFO] PAPER-CRYPTO-001.CacheDatabaseAdapter: config.use_instance_id=False[0m
[1m2026-07-28T02:42:47.795405000Z[0m [94m[INFO] PAPER-CRYPTO-001.MessageBus: config.database=None[0m
[1m2026-07-28T02:42:47.795408000Z[0m [94m[INFO] PAPER-CRYPTO-001.MessageBus: config.encoding='json'[0m
[1m2026-07-28T02:42:47.795408001Z[0m [94m[INFO] PAPER-CRYPTO-001.MessageBus: config.timestamps_as_iso8601=False[0m
[1m2026-07-28T02:42:47.795409000Z[0m [94m[INFO] PAPER-CRYPTO-001.MessageBus: config.buffer_interval_ms=None[0m
[1m2026-07-28T02:42:47.795409001Z[0m [94m[INFO] PAPER-CRYPTO-001.MessageBus: config.autotrim_mins=None[0m
[1m2026-07-28T02:42:47.795410000Z[0m [94m[INFO] PAPER-CRYPTO-001.MessageBus: config.use_trader_prefix=True[0m
[1m2026-07-28T02:42:47.795410001Z[0m [94m[INFO] PAPER-CRYPTO-001.MessageBus: config.use_trader_id=True[0m
[1m2026-07-28T02:42:47.795411000Z[0m [94m[INFO] PAPER-CRYPTO-001.MessageBus: config.use_instance_id=False[0m
[1m2026-07-28T02:42:47.795411001Z[0m [94m[INFO] PAPER-CRYPTO-001.MessageBus: config.streams_prefix='stream'[0m
[1m2026-07-28T02:42:47.795411002Z[0m [94m[INFO] PAPER-CRYPTO-001.MessageBus: config.types_filter=None[0m
[1m2026-07-28T02:42:47.795441000Z[0m [INFO] PAPER-CRYPTO-001.Cache: READY[0m
[1m2026-07-28T02:42:47.795768000Z[0m [INFO] PAPER-CRYPTO-001.DataEngine: READY[0m
[1m2026-07-28T02:42:47.795824000Z[0m [94m[INFO] PAPER-CRYPTO-001.DataEngine: config.graceful_shutdown_on_exception=False[0m
[1m2026-07-28T02:42:47.795844000Z[0m [INFO] PAPER-CRYPTO-001.RiskEngine: READY[0m
[1m2026-07-28T02:42:47.795862000Z[0m [94m[INFO] PAPER-CRYPTO-001.RiskEngine: TradingState is ACTIVE[0m
[1m2026-07-28T02:42:47.795935000Z[0m [INFO] PAPER-CRYPTO-001.Throttler-ORDER_SUBMIT_THROTTLER: READY[0m
[1m2026-07-28T02:42:47.795946000Z[0m [94m[INFO] PAPER-CRYPTO-001.RiskEngine: Set MAX_ORDER_SUBMIT_RATE: 100/00:00:01[0m
[1m2026-07-28T02:42:47.795959000Z[0m [INFO] PAPER-CRYPTO-001.Throttler-ORDER_MODIFY_THROTTLER: READY[0m
[1m2026-07-28T02:42:47.795963000Z[0m [94m[INFO] PAPER-CRYPTO-001.RiskEngine: Set MAX_ORDER_MODIFY_RATE: 100/00:00:01[0m
[1m2026-07-28T02:42:47.795976000Z[0m [94m[INFO] PAPER-CRYPTO-001.RiskEngine: config.graceful_shutdown_on_exception=False[0m
[1m2026-07-28T02:42:47.796003000Z[0m [INFO] PAPER-CRYPTO-001.ExecEngine: READY[0m
[1m2026-07-28T02:42:47.796017000Z[0m [94m[INFO] PAPER-CRYPTO-001.ExecEngine: config.snapshot_orders=True[0m
[1m2026-07-28T02:42:47.796018000Z[0m [94m[INFO] PAPER-CRYPTO-001.ExecEngine: config.snapshot_positions=True[0m
[1m2026-07-28T02:42:47.796019000Z[0m [94m[INFO] PAPER-CRYPTO-001.ExecEngine: config.snapshot_positions_interval_secs=60.0[0m
[1m2026-07-28T02:42:47.796019001Z[0m [94m[INFO] PAPER-CRYPTO-001.ExecEngine: config.allow_overfills=False[0m
[1m2026-07-28T02:42:47.796036000Z[0m [94m[INFO] PAPER-CRYPTO-001.ExecEngine: config.reconciliation=True[0m
[1m2026-07-28T02:42:47.796037000Z[0m [94m[INFO] PAPER-CRYPTO-001.ExecEngine: config.reconciliation_lookback_mins=None[0m
[1m2026-07-28T02:42:47.796038000Z[0m [94m[INFO] PAPER-CRYPTO-001.ExecEngine: config.reconciliation_instrument_ids=None[0m
[1m2026-07-28T02:42:47.796038001Z[0m [94m[INFO] PAPER-CRYPTO-001.ExecEngine: config.filter_unclaimed_external_orders=False[0m
[1m2026-07-28T02:42:47.796038002Z[0m [94m[INFO] PAPER-CRYPTO-001.ExecEngine: config.filter_position_reports=False[0m
[1m2026-07-28T02:42:47.796039000Z[0m [94m[INFO] PAPER-CRYPTO-001.ExecEngine: config.filtered_client_order_ids=None[0m
[1m2026-07-28T02:42:47.796039001Z[0m [94m[INFO] PAPER-CRYPTO-001.ExecEngine: config.inflight_check_interval_ms=2000[0m
[1m2026-07-28T02:42:47.796039002Z[0m [94m[INFO] PAPER-CRYPTO-001.ExecEngine: config.inflight_check_threshold_ms=5000[0m
[1m2026-07-28T02:42:47.796040000Z[0m [94m[INFO] PAPER-CRYPTO-001.ExecEngine: config.inflight_check_retries=5[0m
[1m2026-07-28T02:42:47.796040001Z[0m [94m[INFO] PAPER-CRYPTO-001.ExecEngine: config.own_books_audit_interval_secs=None[0m
[1m2026-07-28T02:42:47.796040002Z[0m [94m[INFO] PAPER-CRYPTO-001.ExecEngine: config.open_check_interval_secs=None[0m
[1m2026-07-28T02:42:47.796041000Z[0m [94m[INFO] PAPER-CRYPTO-001.ExecEngine: config.open_check_open_only=True[0m
[1m2026-07-28T02:42:47.796041001Z[0m [94m[INFO] PAPER-CRYPTO-001.ExecEngine: config.open_check_lookback_mins=60[0m
[1m2026-07-28T02:42:47.796041002Z[0m [94m[INFO] PAPER-CRYPTO-001.ExecEngine: config.open_check_threshold_ms=5000[0m
[1m2026-07-28T02:42:47.796041003Z[0m [94m[INFO] PAPER-CRYPTO-001.ExecEngine: config.open_check_missing_retries=5[0m
[1m2026-07-28T02:42:47.796042000Z[0m [94m[INFO] PAPER-CRYPTO-001.ExecEngine: config.max_single_order_queries_per_cycle=10[0m
[1m2026-07-28T02:42:47.796042001Z[0m [94m[INFO] PAPER-CRYPTO-001.ExecEngine: config.single_order_query_delay_ms=100[0m
[1m2026-07-28T02:42:47.796042002Z[0m [94m[INFO] PAPER-CRYPTO-001.ExecEngine: config.position_check_interval_secs=None[0m
[1m2026-07-28T02:42:47.796042003Z[0m [94m[INFO] PAPER-CRYPTO-001.ExecEngine: config.position_check_lookback_mins=60[0m
[1m2026-07-28T02:42:47.796043000Z[0m [94m[INFO] PAPER-CRYPTO-001.ExecEngine: config.position_check_threshold_ms=5000[0m
[1m2026-07-28T02:42:47.796043001Z[0m [94m[INFO] PAPER-CRYPTO-001.ExecEngine: config.position_check_retries=3[0m
[1m2026-07-28T02:42:47.796043002Z[0m [94m[INFO] PAPER-CRYPTO-001.ExecEngine: config.reconciliation_startup_delay_secs=10.0[0m
[1m2026-07-28T02:42:47.796044000Z[0m [94m[INFO] PAPER-CRYPTO-001.ExecEngine: config.purge_closed_orders_interval_mins=None[0m
[1m2026-07-28T02:42:47.796044001Z[0m [94m[INFO] PAPER-CRYPTO-001.ExecEngine: config.purge_closed_orders_buffer_mins=None[0m
[1m2026-07-28T02:42:47.796044002Z[0m [94m[INFO] PAPER-CRYPTO-001.ExecEngine: config.purge_closed_positions_interval_mins=None[0m
[1m2026-07-28T02:42:47.796044003Z[0m [94m[INFO] PAPER-CRYPTO-001.ExecEngine: config.purge_closed_positions_buffer_mins=None[0m
[1m2026-07-28T02:42:47.796045000Z[0m [94m[INFO] PAPER-CRYPTO-001.ExecEngine: config.purge_account_events_interval_mins=None[0m
[1m2026-07-28T02:42:47.796045001Z[0m [94m[INFO] PAPER-CRYPTO-001.ExecEngine: config.purge_account_events_lookback_mins=None[0m
[1m2026-07-28T02:42:47.796045002Z[0m [94m[INFO] PAPER-CRYPTO-001.ExecEngine: config.purge_from_database=False[0m
[1m2026-07-28T02:42:47.796045003Z[0m [94m[INFO] PAPER-CRYPTO-001.ExecEngine: config.graceful_shutdown_on_exception=False[0m
[1m2026-07-28T02:42:47.796333000Z[0m [94m[INFO] PAPER-CRYPTO-001.Cache: Cached 1 general object from database[0m
[1m2026-07-28T02:42:47.796558000Z[0m [94m[INFO] PAPER-CRYPTO-001.Cache: Cached 6 currencies from database[0m
[1m2026-07-28T02:42:47.796984000Z[0m [94m[INFO] PAPER-CRYPTO-001.Cache: Cached 5 instruments from database[0m
[1m2026-07-28T02:42:47.797312000Z[0m [94m[INFO] PAPER-CRYPTO-001.Cache: Cached 1 account from database[0m
[1m2026-07-28T02:42:47.797564000Z[0m [INFO] PAPER-CRYPTO-001.Cache: Cached 0 orders from database[0m
[1m2026-07-28T02:42:47.797568000Z[0m [INFO] PAPER-CRYPTO-001.Cache: Cached 0 order lists from database[0m
[1m2026-07-28T02:42:47.797640000Z[0m [INFO] PAPER-CRYPTO-001.Cache: Cached 0 positions from database[0m
[1m2026-07-28T02:42:47.797649000Z[0m [INFO] PAPER-CRYPTO-001.Cache: Checking data integrity[0m
[1m2026-07-28T02:42:47.797657000Z[0m [92m[INFO] PAPER-CRYPTO-001.Cache: Integrity check passed in 7μs[0m
[1m2026-07-28T02:42:47.797667000Z[0m [INFO] PAPER-CRYPTO-001.ExecEngine: Loaded cache in 1ms[0m
[1m2026-07-28T02:42:47.797694000Z[0m [INFO] PAPER-CRYPTO-001.OrderEmulator: READY[0m
[1m2026-07-28T02:42:47.797724000Z[0m [INFO] PAPER-CRYPTO-001.PAPER-CRYPTO-001: READY[0m
[1m2026-07-28T02:42:47.797737000Z[0m [INFO] PAPER-CRYPTO-001.TradingNode: Initialized in 3ms[0m
[1m2026-07-28T02:42:47.797744000Z[0m [94m[INFO] PAPER-CRYPTO-001.TradingNode: has_cache_backing=True[0m
[1m2026-07-28T02:42:47.797746000Z[0m [94m[INFO] PAPER-CRYPTO-001.TradingNode: has_msgbus_backing=False[0m
[1m2026-07-28T02:42:47.797856000Z[0m [INFO] PAPER-CRYPTO-001.MLStrategy: READY[0m
[1m2026-07-28T02:42:47.797888000Z[0m [INFO] PAPER-CRYPTO-001.ExecEngine: Registered OMS.UNSPECIFIED for Strategy MLStrategy-000[0m
[1m2026-07-28T02:42:47.797891000Z[0m [INFO] PAPER-CRYPTO-001.PAPER-CRYPTO-001: Registered Strategy MLStrategy-000[0m
[1m2026-07-28T02:42:47.798020000Z[0m [94m[INFO] PAPER-CRYPTO-001.MLStrategy: Loaded state ['ml_strategy.json'][0m
[1m2026-07-28T02:42:47.798023000Z[0m [INFO] PAPER-CRYPTO-001.TradingNode: Building data client for IB[0m
[1m2026-07-28T02:42:47.798039000Z[0m [INFO] PAPER-CRYPTO-001.InteractiveBrokersClient-001: READY[0m
[1m2026-07-28T02:42:47.798094000Z[0m [1;33m[WARN] PAPER-CRYPTO-001.InteractiveBrokersClient-001: Started when loop is not running[0m
[1m2026-07-28T02:42:47.798140000Z[0m [INFO] PAPER-CRYPTO-001.InteractiveBrokersClient-001: Starting InteractiveBrokersClient (1)...[0m
[1m2026-07-28T02:42:47.798150000Z[0m [INFO] PAPER-CRYPTO-001.InteractiveBrokersClient-001: Connecting to 127.0.0.1:7497 with client id: 1[0m
[1m2026-07-28T02:42:47.820947000Z[0m [INFO] PAPER-CRYPTO-001.InteractiveBrokersClient-001: Connected to Interactive Brokers (v223) at 20260727 19:42:46 PST from 127.0.0.1:7497 with client id: 1[0m
[1m2026-07-28T02:42:47.860408000Z[0m [INFO] PAPER-CRYPTO-001.InteractiveBrokersClient-001: RUNNING[0m
[1m2026-07-28T02:42:47.860435000Z[0m [INFO] PAPER-CRYPTO-001.InteractiveBrokersInstrumentProvider: READY[0m
[1m2026-07-28T02:42:47.860489000Z[0m [INFO] PAPER-CRYPTO-001.DataClient-IB: READY[0m
[1m2026-07-28T02:42:47.860525000Z[0m [INFO] PAPER-CRYPTO-001.DataEngine: Registered IB for default routing[0m
[1m2026-07-28T02:42:47.860533000Z[0m [INFO] PAPER-CRYPTO-001.TradingNode: Building execution client for IB[0m
[1m2026-07-28T02:42:47.860571000Z[0m [INFO] PAPER-CRYPTO-001.ExecClient-IB: READY[0m
[1m2026-07-28T02:42:47.860587000Z[0m [INFO] PAPER-CRYPTO-001.ExecEngine: Registered ExecutionClient-IB for default routing[0m
[1m2026-07-28T02:42:47.860623000Z[0m [INFO] PAPER-CRYPTO-001.TradingNode: STARTING[0m
[1m2026-07-28T02:42:47.860650000Z[0m [INFO] PAPER-CRYPTO-001.DataClient-IB: RUNNING[0m
[1m2026-07-28T02:42:47.860663000Z[0m [INFO] PAPER-CRYPTO-001.DataEngine: RUNNING[0m
[1m2026-07-28T02:42:47.860677000Z[0m [INFO] PAPER-CRYPTO-001.RiskEngine: RUNNING[0m
[1m2026-07-28T02:42:47.860686000Z[0m [INFO] PAPER-CRYPTO-001.ExecClient-IB: RUNNING[0m
[1m2026-07-28T02:42:47.860692000Z[0m [INFO] PAPER-CRYPTO-001.ExecEngine: Starting position snapshots timer at 60.0 second intervals[0m
[1m2026-07-28T02:42:47.860857000Z[0m [94m[INFO] PAPER-CRYPTO-001.ExecEngine: Started reconciliation task[0m
[1m2026-07-28T02:42:47.860863000Z[0m [INFO] PAPER-CRYPTO-001.ExecEngine: RUNNING[0m
[1m2026-07-28T02:42:47.860866000Z[0m [INFO] PAPER-CRYPTO-001.DataEngine: Connecting all clients...[0m
[1m2026-07-28T02:42:47.860867000Z[0m [INFO] PAPER-CRYPTO-001.DataClient-IB: Connecting...[0m
[1m2026-07-28T02:42:47.860873000Z[0m [INFO] PAPER-CRYPTO-001.ExecEngine: Connecting all clients...[0m
[1m2026-07-28T02:42:47.860874000Z[0m [INFO] PAPER-CRYPTO-001.ExecClient-IB: Connecting...[0m
[1m2026-07-28T02:42:47.860880000Z[0m [94m[INFO] PAPER-CRYPTO-001.TradingNode: Awaiting engine connections and initializations (60.0s timeout)...[0m
[1m2026-07-28T02:42:47.860969000Z[0m [94m[INFO] PAPER-CRYPTO-001.ExecEngine: Starting continuous reconciliation with intervals: inflight=2000ms, consistency=Nones, position=Nones[0m
[1m2026-07-28T02:42:47.860972000Z[0m [94m[INFO] PAPER-CRYPTO-001.ExecEngine: Awaiting startup reconciliation completion before starting continuous checks[0m
[1m2026-07-28T02:42:47.860978000Z[0m [INFO] PAPER-CRYPTO-001.InteractiveBrokersClient-001: Setting Market DataType to REALTIME[0m
[1m2026-07-28T02:42:47.861024000Z[0m [INFO] PAPER-CRYPTO-001.InteractiveBrokersInstrumentProvider: Initializing instruments...[0m
[1m2026-07-28T02:42:47.861039000Z[0m [INFO] PAPER-CRYPTO-001.InteractiveBrokersInstrumentProvider: Loading instruments: DOGE/USD.ZEROHASH, BTC/USD.ZEROHASH, SOL/USD.ZEROHASH, ETH/USD.ZEROHASH, XRP/USD.ZEROHASH...[0m
[1m2026-07-28T02:42:47.861312000Z[0m [INFO] PAPER-CRYPTO-001.InteractiveBrokersInstrumentProvider: Adding instrument=CryptoPerpetual(id=DOGE/USD.ZEROHASH, raw_symbol=DOGE.USD, asset_class=CRYPTOCURRENCY, instrument_class=SWAP, quote_currency=USD, is_inverse=True, price_precision=5, price_increment=0.00001, size_precision=1, size_increment=0.1, multiplier=1, lot_size=1, margin_init=0, margin_maint=0, maker_fee=0, taker_fee=0, info={'contract': {'secType': 'CRYPTO', 'conId': 766137549, 'exchange': 'ZEROHASH', 'primaryExchange': '', 'symbol': 'DOGE', 'localSymbol': 'DOGE.USD', 'currency': 'USD', 'tradingClass': 'DOGE', 'lastTradeDateOrContractMonth': '', 'lastTradeDate': '', 'multiplier': '', 'strike': 1.7976931348623157e+308, 'right': '', 'includeExpired': False, 'secIdType': '', 'secId': '', 'description': '', 'issuerId': '', 'comboLegsDescrip': '', 'comboLegs': [], 'deltaNeutralContract': None, 'build_futures_chain': None, 'build_options_chain': None, 'options_chain_exchange': None, 'min_expiry_days': None, 'max_expiry_days': None}, 'marketName': 'DOGE', 'minTick': 1e-05, 'orderTypes': 'AD,ADJUST,ALERT,BASKET,BENCHPX,CASHQTY,COND,DAY,DEACT,DEACTDIS,DEACTEOD,GAT,GTC,GTD,GTT,IOC,LMT,MKT,NMIN,NONALGO,WHATIF', 'validExchanges': 'ZEROHASH', 'priceMagnifier': 1, 'underConId': 0, 'longName': 'Dogecoin cryptocurrency', 'contractMonth': '', 'industry': '', 'category': '', 'subcategory': '', 'timeZoneId': 'US/Eastern', 'tradingHours': '20260726:0300-20260727:1600;20260727:1601-20260728:1600;20260728:1601-20260729:1600;20260729:1601-20260730:1600;20260730:1601-20260731:1600', 'liquidHours': '20260726:0300-20260727:1600;20260727:1601-20260728:1600;20260728:1601-20260729:1600;20260729:1601-20260730:1600;20260730:1601-20260731:1600', 'evRule': '', 'evMultiplier': 0, 'mdSizeMultiplier': 1, 'aggGroup': 0, 'underSymbol': '', 'underSecType': '', 'marketRuleIds': '4192', 'secIdList': [], 'realExpirationDate': '', 'lastTradeTime': '', 'stockType': '', 'minSize': '0.1', 'sizeIncrement': '0.1', 'suggestedSizeIncrement': '0.1', 'minAlgoSize': '0', 'lastPricePrecision': '170141183460469231731687303715884105727', 'lastSizePrecision': '170141183460469231731687303715884105727', 'cusip': '', 'ratings': '', 'descAppend': '', 'bondType': '', 'couponType': '', 'callable': False, 'putable': False, 'coupon': 0, 'convertible': False, 'maturity': '', 'issueDate': '', 'nextOptionDate': '', 'nextOptionType': '', 'nextOptionPartial': False, 'notes': '', 'fundName': '', 'fundFamily': '', 'fundType': '', 'fundFrontLoad': '', 'fundBackLoad': '', 'fundBackLoadTimeInterval': '', 'fundManagementFee': '', 'fundClosed': False, 'fundClosedForNewInvestors': False, 'fundClosedForNewMoney': False, 'fundNotifyAmount': '', 'fundMinimumInitialPurchase': '', 'fundSubsequentMinimumPurchase': '', 'fundBlueSkyStates': '', 'fundBlueSkyTerritories': '', 'fundDistributionPolicyIndicator': ['None', 'None'], 'fundAssetType': ['None', 'None'], 'ineligibilityReasonList': None, 'eventContract1': '', 'eventContractDescription1': '', 'eventContractDescription2': ''}) from InteractiveBrokersInstrumentProvider[0m
[1m2026-07-28T02:42:47.861471000Z[0m [INFO] PAPER-CRYPTO-001.InteractiveBrokersInstrumentProvider: Adding instrument=CryptoPerpetual(id=BTC/USD.ZEROHASH, raw_symbol=BTC.USD, asset_class=CRYPTOCURRENCY, instrument_class=SWAP, quote_currency=USD, is_inverse=True, price_precision=2, price_increment=0.25, size_precision=8, size_increment=0.00000001, multiplier=1, lot_size=1, margin_init=0, margin_maint=0, maker_fee=0, taker_fee=0, info={'contract': {'secType': 'CRYPTO', 'conId': 541686651, 'exchange': 'ZEROHASH', 'primaryExchange': '', 'symbol': 'BTC', 'localSymbol': 'BTC.USD', 'currency': 'USD', 'tradingClass': 'BTC', 'lastTradeDateOrContractMonth': '', 'lastTradeDate': '', 'multiplier': '', 'strike': 1.7976931348623157e+308, 'right': '', 'includeExpired': False, 'secIdType': '', 'secId': '', 'description': '', 'issuerId': '', 'comboLegsDescrip': '', 'comboLegs': [], 'deltaNeutralContract': None, 'build_futures_chain': None, 'build_options_chain': None, 'options_chain_exchange': None, 'min_expiry_days': None, 'max_expiry_days': None}, 'marketName': 'BTC', 'minTick': 0.25, 'orderTypes': 'AD,ADJUST,ALERT,BASKET,BENCHPX,CASHQTY,COND,DAY,DEACT,DEACTDIS,DEACTEOD,GAT,GTC,GTD,GTT,IOC,LMT,MKT,NMIN,NONALGO,WHATIF', 'validExchanges': 'ZEROHASH', 'priceMagnifier': 1, 'underConId': 0, 'longName': 'Bitcoin cryptocurrency', 'contractMonth': '', 'industry': '', 'category': '', 'subcategory': '', 'timeZoneId': 'US/Eastern', 'tradingHours': '20260726:0300-20260727:1600;20260727:1601-20260728:1600;20260728:1601-20260729:1600;20260729:1601-20260730:1600;20260730:1601-20260731:1600', 'liquidHours': '20260726:0300-20260727:1600;20260727:1601-20260728:1600;20260728:1601-20260729:1600;20260729:1601-20260730:1600;20260730:1601-20260731:1600', 'evRule': '', 'evMultiplier': 0, 'mdSizeMultiplier': 1, 'aggGroup': 0, 'underSymbol': '', 'underSecType': '', 'marketRuleIds': '2806', 'secIdList': [], 'realExpirationDate': '', 'lastTradeTime': '', 'stockType': '', 'minSize': '1E-8', 'sizeIncrement': '1E-8', 'suggestedSizeIncrement': '1E-8', 'minAlgoSize': '0', 'lastPricePrecision': '170141183460469231731687303715884105727', 'lastSizePrecision': '170141183460469231731687303715884105727', 'cusip': '', 'ratings': '', 'descAppend': '', 'bondType': '', 'couponType': '', 'callable': False, 'putable': False, 'coupon': 0, 'convertible': False, 'maturity': '', 'issueDate': '', 'nextOptionDate': '', 'nextOptionType': '', 'nextOptionPartial': False, 'notes': '', 'fundName': '', 'fundFamily': '', 'fundType': '', 'fundFrontLoad': '', 'fundBackLoad': '', 'fundBackLoadTimeInterval': '', 'fundManagementFee': '', 'fundClosed': False, 'fundClosedForNewInvestors': False, 'fundClosedForNewMoney': False, 'fundNotifyAmount': '', 'fundMinimumInitialPurchase': '', 'fundSubsequentMinimumPurchase': '', 'fundBlueSkyStates': '', 'fundBlueSkyTerritories': '', 'fundDistributionPolicyIndicator': ['None', 'None'], 'fundAssetType': ['None', 'None'], 'ineligibilityReasonList': None, 'eventContract1': '', 'eventContractDescription1': '', 'eventContractDescription2': ''}) from InteractiveBrokersInstrumentProvider[0m
[1m2026-07-28T02:42:47.861598000Z[0m [INFO] PAPER-CRYPTO-001.InteractiveBrokersInstrumentProvider: Adding instrument=CryptoPerpetual(id=SOL/USD.ZEROHASH, raw_symbol=SOL.USD, asset_class=CRYPTOCURRENCY, instrument_class=SWAP, quote_currency=USD, is_inverse=True, price_precision=2, price_increment=0.01, size_precision=8, size_increment=0.00000001, multiplier=1, lot_size=1, margin_init=0, margin_maint=0, maker_fee=0, taker_fee=0, info={'contract': {'secType': 'CRYPTO', 'conId': 766135595, 'exchange': 'ZEROHASH', 'primaryExchange': '', 'symbol': 'SOL', 'localSymbol': 'SOL.USD', 'currency': 'USD', 'tradingClass': 'SOL', 'lastTradeDateOrContractMonth': '', 'lastTradeDate': '', 'multiplier': '', 'strike': 1.7976931348623157e+308, 'right': '', 'includeExpired': False, 'secIdType': '', 'secId': '', 'description': '', 'issuerId': '', 'comboLegsDescrip': '', 'comboLegs': [], 'deltaNeutralContract': None, 'build_futures_chain': None, 'build_options_chain': None, 'options_chain_exchange': None, 'min_expiry_days': None, 'max_expiry_days': None}, 'marketName': 'SOL', 'minTick': 0.01, 'orderTypes': 'AD,ADJUST,ALERT,BASKET,BENCHPX,CASHQTY,COND,DAY,DEACT,DEACTDIS,DEACTEOD,GAT,GTC,GTD,GTT,IOC,LMT,MKT,NMIN,NONALGO,WHATIF', 'validExchanges': 'ZEROHASH', 'priceMagnifier': 1, 'underConId': 0, 'longName': 'Solana cryptocurrency', 'contractMonth': '', 'industry': '', 'category': '', 'subcategory': '', 'timeZoneId': 'US/Eastern', 'tradingHours': '20260726:0300-20260727:1600;20260727:1601-20260728:1600;20260728:1601-20260729:1600;20260729:1601-20260730:1600;20260730:1601-20260731:1600', 'liquidHours': '20260726:0300-20260727:1600;20260727:1601-20260728:1600;20260728:1601-20260729:1600;20260729:1601-20260730:1600;20260730:1601-20260731:1600', 'evRule': '', 'evMultiplier': 0, 'mdSizeMultiplier': 1, 'aggGroup': 0, 'underSymbol': '', 'underSecType': '', 'marketRuleIds': '2836', 'secIdList': [], 'realExpirationDate': '', 'lastTradeTime': '', 'stockType': '', 'minSize': '1E-8', 'sizeIncrement': '1E-8', 'suggestedSizeIncrement': '1E-8', 'minAlgoSize': '0', 'lastPricePrecision': '170141183460469231731687303715884105727', 'lastSizePrecision': '170141183460469231731687303715884105727', 'cusip': '', 'ratings': '', 'descAppend': '', 'bondType': '', 'couponType': '', 'callable': False, 'putable': False, 'coupon': 0, 'convertible': False, 'maturity': '', 'issueDate': '', 'nextOptionDate': '', 'nextOptionType': '', 'nextOptionPartial': False, 'notes': '', 'fundName': '', 'fundFamily': '', 'fundType': '', 'fundFrontLoad': '', 'fundBackLoad': '', 'fundBackLoadTimeInterval': '', 'fundManagementFee': '', 'fundClosed': False, 'fundClosedForNewInvestors': False, 'fundClosedForNewMoney': False, 'fundNotifyAmount': '', 'fundMinimumInitialPurchase': '', 'fundSubsequentMinimumPurchase': '', 'fundBlueSkyStates': '', 'fundBlueSkyTerritories': '', 'fundDistributionPolicyIndicator': ['None', 'None'], 'fundAssetType': ['None', 'None'], 'ineligibilityReasonList': None, 'eventContract1': '', 'eventContractDescription1': '', 'eventContractDescription2': ''}) from InteractiveBrokersInstrumentProvider[0m
[1m2026-07-28T02:42:47.861715000Z[0m [INFO] PAPER-CRYPTO-001.InteractiveBrokersInstrumentProvider: Adding instrument=CryptoPerpetual(id=ETH/USD.ZEROHASH, raw_symbol=ETH.USD, asset_class=CRYPTOCURRENCY, instrument_class=SWAP, quote_currency=USD, is_inverse=True, price_precision=2, price_increment=0.05, size_precision=8, size_increment=0.00000001, multiplier=1, lot_size=1, margin_init=0, margin_maint=0, maker_fee=0, taker_fee=0, info={'contract': {'secType': 'CRYPTO', 'conId': 541686654, 'exchange': 'ZEROHASH', 'primaryExchange': '', 'symbol': 'ETH', 'localSymbol': 'ETH.USD', 'currency': 'USD', 'tradingClass': 'ETH', 'lastTradeDateOrContractMonth': '', 'lastTradeDate': '', 'multiplier': '', 'strike': 1.7976931348623157e+308, 'right': '', 'includeExpired': False, 'secIdType': '', 'secId': '', 'description': '', 'issuerId': '', 'comboLegsDescrip': '', 'comboLegs': [], 'deltaNeutralContract': None, 'build_futures_chain': None, 'build_options_chain': None, 'options_chain_exchange': None, 'min_expiry_days': None, 'max_expiry_days': None}, 'marketName': 'ETH', 'minTick': 0.05, 'orderTypes': 'AD,ADJUST,ALERT,BASKET,BENCHPX,CASHQTY,COND,DAY,DEACT,DEACTDIS,DEACTEOD,GAT,GTC,GTD,GTT,IOC,LMT,MKT,NMIN,NONALGO,WHATIF', 'validExchanges': 'ZEROHASH', 'priceMagnifier': 1, 'underConId': 0, 'longName': 'Ethereum cryptocurrency', 'contractMonth': '', 'industry': '', 'category': '', 'subcategory': '', 'timeZoneId': 'US/Eastern', 'tradingHours': '20260726:0300-20260727:1600;20260727:1601-20260728:1600;20260728:1601-20260729:1600;20260729:1601-20260730:1600;20260730:1601-20260731:1600', 'liquidHours': '20260726:0300-20260727:1600;20260727:1601-20260728:1600;20260728:1601-20260729:1600;20260729:1601-20260730:1600;20260730:1601-20260731:1600', 'evRule': '', 'evMultiplier': 0, 'mdSizeMultiplier': 1, 'aggGroup': 0, 'underSymbol': '', 'underSecType': '', 'marketRuleIds': '2823', 'secIdList': [], 'realExpirationDate': '', 'lastTradeTime': '', 'stockType': '', 'minSize': '1E-8', 'sizeIncrement': '1E-8', 'suggestedSizeIncrement': '1E-8', 'minAlgoSize': '0', 'lastPricePrecision': '170141183460469231731687303715884105727', 'lastSizePrecision': '170141183460469231731687303715884105727', 'cusip': '', 'ratings': '', 'descAppend': '', 'bondType': '', 'couponType': '', 'callable': False, 'putable': False, 'coupon': 0, 'convertible': False, 'maturity': '', 'issueDate': '', 'nextOptionDate': '', 'nextOptionType': '', 'nextOptionPartial': False, 'notes': '', 'fundName': '', 'fundFamily': '', 'fundType': '', 'fundFrontLoad': '', 'fundBackLoad': '', 'fundBackLoadTimeInterval': '', 'fundManagementFee': '', 'fundClosed': False, 'fundClosedForNewInvestors': False, 'fundClosedForNewMoney': False, 'fundNotifyAmount': '', 'fundMinimumInitialPurchase': '', 'fundSubsequentMinimumPurchase': '', 'fundBlueSkyStates': '', 'fundBlueSkyTerritories': '', 'fundDistributionPolicyIndicator': ['None', 'None'], 'fundAssetType': ['None', 'None'], 'ineligibilityReasonList': None, 'eventContract1': '', 'eventContractDescription1': '', 'eventContractDescription2': ''}) from InteractiveBrokersInstrumentProvider[0m
[1m2026-07-28T02:42:47.861834000Z[0m [INFO] PAPER-CRYPTO-001.InteractiveBrokersInstrumentProvider: Adding instrument=CryptoPerpetual(id=XRP/USD.ZEROHASH, raw_symbol=XRP.USD, asset_class=CRYPTOCURRENCY, instrument_class=SWAP, quote_currency=USD, is_inverse=True, price_precision=4, price_increment=0.0001, size_precision=6, size_increment=0.000001, multiplier=1, lot_size=1, margin_init=0, margin_maint=0, maker_fee=0, taker_fee=0, info={'contract': {'secType': 'CRYPTO', 'conId': 766137544, 'exchange': 'ZEROHASH', 'primaryExchange': '', 'symbol': 'XRP', 'localSymbol': 'XRP.USD', 'currency': 'USD', 'tradingClass': 'XRP', 'lastTradeDateOrContractMonth': '', 'lastTradeDate': '', 'multiplier': '', 'strike': 1.7976931348623157e+308, 'right': '', 'includeExpired': False, 'secIdType': '', 'secId': '', 'description': '', 'issuerId': '', 'comboLegsDescrip': '', 'comboLegs': [], 'deltaNeutralContract': None, 'build_futures_chain': None, 'build_options_chain': None, 'options_chain_exchange': None, 'min_expiry_days': None, 'max_expiry_days': None}, 'marketName': 'XRP', 'minTick': 0.0001, 'orderTypes': 'AD,ADJUST,ALERT,BASKET,BENCHPX,CASHQTY,COND,DAY,DEACT,DEACTDIS,DEACTEOD,GAT,GTC,GTD,GTT,IOC,LMT,MKT,NMIN,NONALGO,WHATIF', 'validExchanges': 'ZEROHASH', 'priceMagnifier': 1, 'underConId': 0, 'longName': 'Ripple cryptocurrency', 'contractMonth': '', 'industry': '', 'category': '', 'subcategory': '', 'timeZoneId': 'US/Eastern', 'tradingHours': '20260726:0300-20260727:1600;20260727:1601-20260728:1600;20260728:1601-20260729:1600;20260729:1601-20260730:1600;20260730:1601-20260731:1600', 'liquidHours': '20260726:0300-20260727:1600;20260727:1601-20260728:1600;20260728:1601-20260729:1600;20260729:1601-20260730:1600;20260730:1601-20260731:1600', 'evRule': '', 'evMultiplier': 0, 'mdSizeMultiplier': 1, 'aggGroup': 0, 'underSymbol': '', 'underSecType': '', 'marketRuleIds': '3132', 'secIdList': [], 'realExpirationDate': '', 'lastTradeTime': '', 'stockType': '', 'minSize': '0.000001', 'sizeIncrement': '0.000001', 'suggestedSizeIncrement': '0.000001', 'minAlgoSize': '0', 'lastPricePrecision': '170141183460469231731687303715884105727', 'lastSizePrecision': '170141183460469231731687303715884105727', 'cusip': '', 'ratings': '', 'descAppend': '', 'bondType': '', 'couponType': '', 'callable': False, 'putable': False, 'coupon': 0, 'convertible': False, 'maturity': '', 'issueDate': '', 'nextOptionDate': '', 'nextOptionType': '', 'nextOptionPartial': False, 'notes': '', 'fundName': '', 'fundFamily': '', 'fundType': '', 'fundFrontLoad': '', 'fundBackLoad': '', 'fundBackLoadTimeInterval': '', 'fundManagementFee': '', 'fundClosed': False, 'fundClosedForNewInvestors': False, 'fundClosedForNewMoney': False, 'fundNotifyAmount': '', 'fundMinimumInitialPurchase': '', 'fundSubsequentMinimumPurchase': '', 'fundBlueSkyStates': '', 'fundBlueSkyTerritories': '', 'fundDistributionPolicyIndicator': ['None', 'None'], 'fundAssetType': ['None', 'None'], 'ineligibilityReasonList': None, 'eventContract1': '', 'eventContractDescription1': '', 'eventContractDescription2': ''}) from InteractiveBrokersInstrumentProvider[0m
[1m2026-07-28T02:42:47.861840000Z[0m [INFO] PAPER-CRYPTO-001.InteractiveBrokersInstrumentProvider: Loaded 5 instruments[0m
[1m2026-07-28T02:42:47.861840001Z[0m [INFO] PAPER-CRYPTO-001.InteractiveBrokersInstrumentProvider: Initialized instruments[0m
[1m2026-07-28T02:42:47.861865000Z[0m [92m[INFO] PAPER-CRYPTO-001.ExecClient-IB: Account `DUR143045` found in the connected TWS/Gateway[0m
[1m2026-07-28T02:42:47.861935000Z[0m [92m[INFO] PAPER-CRYPTO-001.DataClient-IB: Connected[0m
[1m2026-07-28T02:42:47.864416000Z[0m [1;33m[WARN] PAPER-CRYPTO-001.InteractiveBrokersClient-001: Market data farm connection is OK:uscrypto (code: 2104, req_id=-1)[0m
[1m2026-07-28T02:42:47.864494000Z[0m [1;33m[WARN] PAPER-CRYPTO-001.InteractiveBrokersClient-001: Market data farm connection is OK:usfarm.nj (code: 2104, req_id=-1)[0m
[1m2026-07-28T02:42:47.864819000Z[0m [1;33m[WARN] PAPER-CRYPTO-001.InteractiveBrokersClient-001: Market data farm connection is OK:usfuture (code: 2104, req_id=-1)[0m
[1m2026-07-28T02:42:47.864998000Z[0m [1;33m[WARN] PAPER-CRYPTO-001.InteractiveBrokersClient-001: Market data farm connection is OK:usopt.nj (code: 2104, req_id=-1)[0m
[1m2026-07-28T02:42:47.865135000Z[0m [1;33m[WARN] PAPER-CRYPTO-001.InteractiveBrokersClient-001: Market data farm connection is OK:cashfarm (code: 2104, req_id=-1)[0m
[1m2026-07-28T02:42:47.865280000Z[0m [1;33m[WARN] PAPER-CRYPTO-001.InteractiveBrokersClient-001: Market data farm connection is OK:usfarm (code: 2104, req_id=-1)[0m
[1m2026-07-28T02:42:47.865391000Z[0m [1;33m[WARN] PAPER-CRYPTO-001.InteractiveBrokersClient-001: HMDS data farm connection is OK:ushmds (code: 2106, req_id=-1)[0m
[1m2026-07-28T02:42:47.865476000Z[0m [1;33m[WARN] PAPER-CRYPTO-001.InteractiveBrokersClient-001: Sec-def data farm connection is OK:secdefil (code: 2158, req_id=-1)[0m
[1m2026-07-28T02:42:47.971613000Z[0m [94m[INFO] PAPER-CRYPTO-001.TradingNode: Awaiting execution state reconciliation (30.0s timeout)...[0m
[1m2026-07-28T02:42:47.971662000Z[0m [92m[INFO] PAPER-CRYPTO-001.ExecClient-IB: Connected[0m
[1m2026-07-28T02:42:47.971704000Z[0m [INFO] PAPER-CRYPTO-001.ExecClient-IB: Generating ExecutionMassStatus...[0m
[1m2026-07-28T02:42:47.982495000Z[0m [INFO] PAPER-CRYPTO-001.ExecClient-IB: Generated 0 FillReports[0m
[1m2026-07-28T02:42:47.995864000Z[0m [INFO] PAPER-CRYPTO-001.Portfolio: Updated AccountState(account_id=IB-DUR143045, account_type=MARGIN, base_currency=None, is_reported=True, balances=[AccountBalance(total=1_002_408.77 USD, locked=2_236.61 USD, free=1_000_172.16 USD)], margins=[MarginBalance(initial=0.00 USD, maintenance=0.00 USD, instrument_id=None)], event_id=95a566da-af45-42a1-8c9e-e7a04f8eec09)[0m
[1m2026-07-28T02:42:48.079680000Z[0m [94m[INFO] PAPER-CRYPTO-001.ExecEngine: Reconciling ExecutionMassStatus for None[0m
[1m2026-07-28T02:42:48.079690000Z[0m [94m[INFO] PAPER-CRYPTO-001.ExecEngine: Attempting to adjust fills for 0 instruments[0m
[1m2026-07-28T02:42:48.079745000Z[0m [94m[INFO] PAPER-CRYPTO-001.ExecEngine: Updating adjusted fills for 0 instruments[0m
[1m2026-07-28T02:42:48.079747000Z[0m [94m[INFO] PAPER-CRYPTO-001.ExecEngine: Final order_reports contains 0 orders, fill_reports contains 0 fills across all instruments[0m
[1m2026-07-28T02:42:48.079790000Z[0m [92m[INFO] PAPER-CRYPTO-001.ExecEngine: Reconciliation for IB succeeded[0m
[1m2026-07-28T02:42:48.079798000Z[0m [92m[INFO] PAPER-CRYPTO-001.TradingNode: Execution state reconciled[0m
[1m2026-07-28T02:42:48.079809000Z[0m [INFO] PAPER-CRYPTO-001.OrderEmulator: No emulated orders to reactivate[0m
[1m2026-07-28T02:42:48.079816000Z[0m [INFO] PAPER-CRYPTO-001.OrderEmulator: RUNNING[0m
[1m2026-07-28T02:42:48.079828000Z[0m [INFO] PAPER-CRYPTO-001.Portfolio: Initialized 0 open orders[0m
[1m2026-07-28T02:42:48.079831000Z[0m [INFO] PAPER-CRYPTO-001.Portfolio: Initialized 0 open positions[0m
[1m2026-07-28T02:42:48.079836000Z[0m [94m[INFO] PAPER-CRYPTO-001.TradingNode: Awaiting portfolio initialization (10.0s timeout)...[0m
[1m2026-07-28T02:42:48.079889000Z[0m [92m[INFO] PAPER-CRYPTO-001.ExecEngine: Startup reconciliation completed[0m
[1m2026-07-28T02:42:48.079891000Z[0m [94m[INFO] PAPER-CRYPTO-001.ExecEngine: Applying post-reconciliation startup delay (10.0s)[0m
[1m2026-07-28T02:42:48.079903000Z[0m [92m[INFO] PAPER-CRYPTO-001.TradingNode: Portfolio initialized[0m
[1m2026-07-28T02:42:48.079913000Z[0m [94m[INFO] PAPER-CRYPTO-001.MLStrategy: self.config.oms_type=None[0m
[1m2026-07-28T02:42:48.079914000Z[0m [94m[INFO] PAPER-CRYPTO-001.MLStrategy: self.config.external_order_claims=None[0m
[1m2026-07-28T02:42:48.079915000Z[0m [94m[INFO] PAPER-CRYPTO-001.MLStrategy: self.config.manage_gtd_expiry=False[0m
[1m2026-07-28T02:42:48.079920000Z[0m [94m[INFO] PAPER-CRYPTO-001.MLStrategy: Set ClientOrderIdGenerator client_order_id count to 0[0m
[1m2026-07-28T02:42:48.079921000Z[0m [94m[INFO] PAPER-CRYPTO-001.MLStrategy: Set ClientOrderIdGenerator order_list_id count to 0[0m
[1m2026-07-28T02:42:48.080110000Z[0m [INFO] PAPER-CRYPTO-001.MLStrategy: [CMD]--> SubscribeBars(bar_type=BTC/USD.ZEROHASH-1-DAY-MID-EXTERNAL, client_id=None, venue=ZEROHASH)[0m
[1m2026-07-28T02:42:48.080118000Z[0m [INFO] PAPER-CRYPTO-001.MLStrategy: Subscribed BTC/USD.ZEROHASH-1-DAY-MID-EXTERNAL[0m
[1m2026-07-28T02:42:48.080148000Z[0m [INFO] PAPER-CRYPTO-001.MLStrategy: [CMD]--> SubscribeBars(bar_type=ETH/USD.ZEROHASH-1-DAY-MID-EXTERNAL, client_id=None, venue=ZEROHASH)[0m
[1m2026-07-28T02:42:48.080151000Z[0m [INFO] PAPER-CRYPTO-001.MLStrategy: Subscribed ETH/USD.ZEROHASH-1-DAY-MID-EXTERNAL[0m
[1m2026-07-28T02:42:48.080173000Z[0m [INFO] PAPER-CRYPTO-001.MLStrategy: [CMD]--> SubscribeBars(bar_type=SOL/USD.ZEROHASH-1-DAY-MID-EXTERNAL, client_id=None, venue=ZEROHASH)[0m
[1m2026-07-28T02:42:48.080175000Z[0m [INFO] PAPER-CRYPTO-001.MLStrategy: Subscribed SOL/USD.ZEROHASH-1-DAY-MID-EXTERNAL[0m
[1m2026-07-28T02:42:48.080195000Z[0m [INFO] PAPER-CRYPTO-001.MLStrategy: [CMD]--> SubscribeBars(bar_type=XRP/USD.ZEROHASH-1-DAY-MID-EXTERNAL, client_id=None, venue=ZEROHASH)[0m
[1m2026-07-28T02:42:48.080196000Z[0m [INFO] PAPER-CRYPTO-001.MLStrategy: Subscribed XRP/USD.ZEROHASH-1-DAY-MID-EXTERNAL[0m
[1m2026-07-28T02:42:48.080222000Z[0m [INFO] PAPER-CRYPTO-001.MLStrategy: [CMD]--> SubscribeBars(bar_type=DOGE/USD.ZEROHASH-1-DAY-MID-EXTERNAL, client_id=None, venue=ZEROHASH)[0m
[1m2026-07-28T02:42:48.080224000Z[0m [INFO] PAPER-CRYPTO-001.MLStrategy: Subscribed DOGE/USD.ZEROHASH-1-DAY-MID-EXTERNAL[0m
[1m2026-07-28T02:42:48.080228000Z[0m [1;33m[WARN] PAPER-CRYPTO-001.MLStrategy: Ignoring legacy risk snapshot without an allocated-equity baseline[0m
[1m2026-07-28T02:42:48.080296000Z[0m [INFO] PAPER-CRYPTO-001.MLStrategy: [REQ]--> RequestBars(bar_type=BTC/USD.ZEROHASH-1-DAY-MID-EXTERNAL, start=2025-06-23 02:42:48.080246+00:00, end=2026-07-28 02:42:48.080263+00:00, limit=0, client_id=None, venue=ZEROHASH, data_type=Bar, params={'update_catalog': False, 'join_request': False})[0m
[1m2026-07-28T02:42:48.080322000Z[0m [INFO] PAPER-CRYPTO-001.MLStrategy: [REQ]--> RequestBars(bar_type=ETH/USD.ZEROHASH-1-DAY-MID-EXTERNAL, start=2025-06-23 02:42:48.080301+00:00, end=2026-07-28 02:42:48.080308+00:00, limit=0, client_id=None, venue=ZEROHASH, data_type=Bar, params={'update_catalog': False, 'join_request': False})[0m
[1m2026-07-28T02:42:48.080343000Z[0m [INFO] PAPER-CRYPTO-001.MLStrategy: [REQ]--> RequestBars(bar_type=SOL/USD.ZEROHASH-1-DAY-MID-EXTERNAL, start=2025-06-23 02:42:48.080325+00:00, end=2026-07-28 02:42:48.080331+00:00, limit=0, client_id=None, venue=ZEROHASH, data_type=Bar, params={'update_catalog': False, 'join_request': False})[0m
[1m2026-07-28T02:42:48.080361000Z[0m [INFO] PAPER-CRYPTO-001.MLStrategy: [REQ]--> RequestBars(bar_type=XRP/USD.ZEROHASH-1-DAY-MID-EXTERNAL, start=2025-06-23 02:42:48.080346+00:00, end=2026-07-28 02:42:48.080351+00:00, limit=0, client_id=None, venue=ZEROHASH, data_type=Bar, params={'update_catalog': False, 'join_request': False})[0m
[1m2026-07-28T02:42:48.080379000Z[0m [INFO] PAPER-CRYPTO-001.MLStrategy: [REQ]--> RequestBars(bar_type=DOGE/USD.ZEROHASH-1-DAY-MID-EXTERNAL, start=2025-06-23 02:42:48.080363+00:00, end=2026-07-28 02:42:48.080367+00:00, limit=0, client_id=None, venue=ZEROHASH, data_type=Bar, params={'update_catalog': False, 'join_request': False})[0m
[1m2026-07-28T02:42:48.080414000Z[0m [INFO] PAPER-CRYPTO-001.MLStrategy: RUNNING[0m
[1m2026-07-28T02:42:48.080419000Z[0m [INFO] PAPER-CRYPTO-001.PAPER-CRYPTO-001: RUNNING[0m
[1m2026-07-28T02:42:48.080423000Z[0m [INFO] PAPER-CRYPTO-001.TradingNode: RUNNING[0m
[1m2026-07-28T02:42:48.087237000Z[0m [94m[INFO] PAPER-CRYPTO-001.DataClient-IB: Request BTC/USD.ZEROHASH-1-DAY-MID-EXTERNAL bars from 2025-06-23T02:42:48.080246000Z to 2026-07-28T02:42:48.080263000Z[0m
[1m2026-07-28T02:42:48.087297000Z[0m [94m[INFO] PAPER-CRYPTO-001.DataClient-IB: Request ETH/USD.ZEROHASH-1-DAY-MID-EXTERNAL bars from 2025-06-23T02:42:48.080301000Z to 2026-07-28T02:42:48.080308000Z[0m
[1m2026-07-28T02:42:48.087321000Z[0m [94m[INFO] PAPER-CRYPTO-001.DataClient-IB: Request SOL/USD.ZEROHASH-1-DAY-MID-EXTERNAL bars from 2025-06-23T02:42:48.080325000Z to 2026-07-28T02:42:48.080331000Z[0m
[1m2026-07-28T02:42:48.087341000Z[0m [94m[INFO] PAPER-CRYPTO-001.DataClient-IB: Request XRP/USD.ZEROHASH-1-DAY-MID-EXTERNAL bars from 2025-06-23T02:42:48.080346000Z to 2026-07-28T02:42:48.080351000Z[0m
[1m2026-07-28T02:42:48.087359000Z[0m [94m[INFO] PAPER-CRYPTO-001.DataClient-IB: Request DOGE/USD.ZEROHASH-1-DAY-MID-EXTERNAL bars from 2025-06-23T02:42:48.080363000Z to 2026-07-28T02:42:48.080367000Z[0m
[1m2026-07-28T02:42:48.087446000Z[0m [INFO] PAPER-CRYPTO-001.InteractiveBrokersClient-001: Creating and registering a new Subscription instance for BTC/USD.ZEROHASH-1-DAY-MID-EXTERNAL[0m
[1m2026-07-28T02:42:48.087591000Z[0m [INFO] PAPER-CRYPTO-001.InteractiveBrokersClient-001: Creating and registering a new Subscription instance for ETH/USD.ZEROHASH-1-DAY-MID-EXTERNAL[0m
[1m2026-07-28T02:42:48.087641000Z[0m [INFO] PAPER-CRYPTO-001.InteractiveBrokersClient-001: Creating and registering a new Subscription instance for SOL/USD.ZEROHASH-1-DAY-MID-EXTERNAL[0m
[1m2026-07-28T02:42:48.087675000Z[0m [INFO] PAPER-CRYPTO-001.InteractiveBrokersClient-001: Creating and registering a new Subscription instance for XRP/USD.ZEROHASH-1-DAY-MID-EXTERNAL[0m
[1m2026-07-28T02:42:48.087705000Z[0m [INFO] PAPER-CRYPTO-001.InteractiveBrokersClient-001: Creating and registering a new Subscription instance for DOGE/USD.ZEROHASH-1-DAY-MID-EXTERNAL[0m
[1m2026-07-28T02:42:48.087837000Z[0m [INFO] PAPER-CRYPTO-001.DataClient-IB: BTC/USD.ZEROHASH: Requesting historical bars: BTC/USD.ZEROHASH-1-DAY-MID-EXTERNAL ending on '2026-07-28 02:42:48.080263+00:00' with duration '1 Y'[0m
[1m2026-07-28T02:42:48.087945000Z[0m [INFO] PAPER-CRYPTO-001.DataClient-IB: ETH/USD.ZEROHASH: Requesting historical bars: ETH/USD.ZEROHASH-1-DAY-MID-EXTERNAL ending on '2026-07-28 02:42:48.080308+00:00' with duration '1 Y'[0m
[1m2026-07-28T02:42:48.087998000Z[0m [INFO] PAPER-CRYPTO-001.DataClient-IB: SOL/USD.ZEROHASH: Requesting historical bars: SOL/USD.ZEROHASH-1-DAY-MID-EXTERNAL ending on '2026-07-28 02:42:48.080331+00:00' with duration '1 Y'[0m
[1m2026-07-28T02:42:48.088038000Z[0m [INFO] PAPER-CRYPTO-001.DataClient-IB: XRP/USD.ZEROHASH: Requesting historical bars: XRP/USD.ZEROHASH-1-DAY-MID-EXTERNAL ending on '2026-07-28 02:42:48.080351+00:00' with duration '1 Y'[0m
[1m2026-07-28T02:42:48.088075000Z[0m [INFO] PAPER-CRYPTO-001.DataClient-IB: DOGE/USD.ZEROHASH: Requesting historical bars: DOGE/USD.ZEROHASH-1-DAY-MID-EXTERNAL ending on '2026-07-28 02:42:48.080367+00:00' with duration '1 Y'[0m
[1m2026-07-28T02:42:48.088120000Z[0m [94m[INFO] PAPER-CRYPTO-001.DataClient-IB: Subscribed BTC/USD.ZEROHASH-1-DAY-MID-EXTERNAL bars[0m
[1m2026-07-28T02:42:48.088125000Z[0m [94m[INFO] PAPER-CRYPTO-001.DataClient-IB: Subscribed ETH/USD.ZEROHASH-1-DAY-MID-EXTERNAL bars[0m
[1m2026-07-28T02:42:48.088127000Z[0m [94m[INFO] PAPER-CRYPTO-001.DataClient-IB: Subscribed SOL/USD.ZEROHASH-1-DAY-MID-EXTERNAL bars[0m
[1m2026-07-28T02:42:48.088128000Z[0m [94m[INFO] PAPER-CRYPTO-001.DataClient-IB: Subscribed XRP/USD.ZEROHASH-1-DAY-MID-EXTERNAL bars[0m
[1m2026-07-28T02:42:48.088129000Z[0m [94m[INFO] PAPER-CRYPTO-001.DataClient-IB: Subscribed DOGE/USD.ZEROHASH-1-DAY-MID-EXTERNAL bars[0m
[1m2026-07-28T02:42:48.873208000Z[0m [INFO] PAPER-CRYPTO-001.DataClient-IB: BTC/USD.ZEROHASH: Number of bars retrieved in batch: 261[0m
[1m2026-07-28T02:42:48.873217000Z[0m [INFO] PAPER-CRYPTO-001.DataClient-IB: Total number of bars in data: 261[0m
[1m2026-07-28T02:42:48.874315000Z[0m [INFO] PAPER-CRYPTO-001.MLStrategy: Received <Bar[260]> data for BTC/USD.ZEROHASH-1-DAY-MID-EXTERNAL[0m
[1m2026-07-28T02:42:49.043128000Z[0m [INFO] PAPER-CRYPTO-001.DataClient-IB: ETH/USD.ZEROHASH: Number of bars retrieved in batch: 261[0m
[1m2026-07-28T02:42:49.043136000Z[0m [INFO] PAPER-CRYPTO-001.DataClient-IB: Total number of bars in data: 261[0m
[1m2026-07-28T02:42:49.044186000Z[0m [INFO] PAPER-CRYPTO-001.MLStrategy: Received <Bar[260]> data for ETH/USD.ZEROHASH-1-DAY-MID-EXTERNAL[0m
[1m2026-07-28T02:42:49.154471000Z[0m [INFO] PAPER-CRYPTO-001.DataClient-IB: SOL/USD.ZEROHASH: Number of bars retrieved in batch: 261[0m
[1m2026-07-28T02:42:49.154482000Z[0m [INFO] PAPER-CRYPTO-001.DataClient-IB: Total number of bars in data: 261[0m
[1m2026-07-28T02:42:49.155539000Z[0m [INFO] PAPER-CRYPTO-001.MLStrategy: Received <Bar[260]> data for SOL/USD.ZEROHASH-1-DAY-MID-EXTERNAL[0m
[1m2026-07-28T02:42:49.212195000Z[0m [INFO] PAPER-CRYPTO-001.DataClient-IB: XRP/USD.ZEROHASH: Number of bars retrieved in batch: 261[0m
[1m2026-07-28T02:42:49.212203000Z[0m [INFO] PAPER-CRYPTO-001.DataClient-IB: Total number of bars in data: 261[0m
[1m2026-07-28T02:42:49.213298000Z[0m [INFO] PAPER-CRYPTO-001.MLStrategy: Received <Bar[260]> data for XRP/USD.ZEROHASH-1-DAY-MID-EXTERNAL[0m
[1m2026-07-28T02:42:49.251282000Z[0m [INFO] PAPER-CRYPTO-001.DataClient-IB: DOGE/USD.ZEROHASH: Number of bars retrieved in batch: 261[0m
[1m2026-07-28T02:42:49.251291000Z[0m [INFO] PAPER-CRYPTO-001.DataClient-IB: Total number of bars in data: 261[0m
[1m2026-07-28T02:42:49.252443000Z[0m [INFO] PAPER-CRYPTO-001.MLStrategy: Received <Bar[260]> data for DOGE/USD.ZEROHASH-1-DAY-MID-EXTERNAL[0m
[1m2026-07-28T02:42:52.878197000Z[0m [1;31m[ERROR] PAPER-CRYPTO-001.InteractiveBrokersClient-001: Connection watchdog detects connection lost[0m
[1m2026-07-28T02:42:52.878230000Z[0m [INFO] PAPER-CRYPTO-001.InteractiveBrokersClient-001: Degrading InteractiveBrokersClient (1)...[0m
[1m2026-07-28T02:42:57.879441000Z[0m [INFO] PAPER-CRYPTO-001.InteractiveBrokersClient-001: Resetting InteractiveBrokersClient (1)...[0m
[1m2026-07-28T02:42:57.879448000Z[0m [INFO] PAPER-CRYPTO-001.InteractiveBrokersClient-001: Stopping InteractiveBrokersClient (1)...[0m
[1m2026-07-28T02:42:57.879563000Z[0m [INFO] PAPER-CRYPTO-001.InteractiveBrokersClient-001: All tasks canceled successfully.[0m
[1m2026-07-28T02:42:57.879626000Z[0m [INFO] PAPER-CRYPTO-001.InteractiveBrokersClient-001: Starting InteractiveBrokersClient (1)...[0m
[1m2026-07-28T02:42:57.879655000Z[0m [INFO] PAPER-CRYPTO-001.InteractiveBrokersClient-001: Connecting to 127.0.0.1:7497 with client id: 1[0m
[1m2026-07-28T02:42:57.880068000Z[0m [1;31m[ERROR] PAPER-CRYPTO-001.InteractiveBrokersClient-001: Connection failed[0m
[1m2026-07-28T02:42:57.882031000Z[0m [1;31m[ERROR] PAPER-CRYPTO-001.InteractiveBrokersClient-001: Unhandled exception in client startup
ConnectionError(Failed to connect to Interactive Brokers at 127.0.0.1:7497)
Traceback (most recent call last):
  File "/Users/lindawang/Documents/Workspace/quant/.quant312/lib/python3.12/site-packages/nautilus_trader/adapters/interactive_brokers/client/client.py", line 254, in _start_async
    raise ConnectionError(
[0m
[1m2026-07-28T02:42:57.882058000Z[0m [INFO] PAPER-CRYPTO-001.InteractiveBrokersClient-001: Attempt 2: attempting to reconnect in 5 seconds...[0m
[1m2026-07-28T02:43:02.882324000Z[0m [INFO] PAPER-CRYPTO-001.InteractiveBrokersClient-001: Connecting to 127.0.0.1:7497 with client id: 1[0m
[1m2026-07-28T02:43:02.882687000Z[0m [1;31m[ERROR] PAPER-CRYPTO-001.InteractiveBrokersClient-001: Connection failed[0m
[1m2026-07-28T02:43:02.882805000Z[0m [1;31m[ERROR] PAPER-CRYPTO-001.InteractiveBrokersClient-001: Unhandled exception in client startup
ConnectionError(Failed to connect to Interactive Brokers at 127.0.0.1:7497)
Traceback (most recent call last):
  File "/Users/lindawang/Documents/Workspace/quant/.quant312/lib/python3.12/site-packages/nautilus_trader/adapters/interactive_brokers/client/client.py", line 254, in _start_async
    raise ConnectionError(
[0m
[1m2026-07-28T02:43:02.882834000Z[0m [INFO] PAPER-CRYPTO-001.InteractiveBrokersClient-001: Attempt 3: attempting to reconnect in 10 seconds...[0m
[1m2026-07-28T02:43:12.883604000Z[0m [INFO] PAPER-CRYPTO-001.InteractiveBrokersClient-001: Connecting to 127.0.0.1:7497 with client id: 1[0m
[1m2026-07-28T02:43:12.884667000Z[0m [1;31m[ERROR] PAPER-CRYPTO-001.InteractiveBrokersClient-001: Connection failed[0m
[1m2026-07-28T02:43:12.885085000Z[0m [1;31m[ERROR] PAPER-CRYPTO-001.InteractiveBrokersClient-001: Unhandled exception in client startup
ConnectionError(Failed to connect to Interactive Brokers at 127.0.0.1:7497)
Traceback (most recent call last):
  File "/Users/lindawang/Documents/Workspace/quant/.quant312/lib/python3.12/site-packages/nautilus_trader/adapters/interactive_brokers/client/client.py", line 254, in _start_async
    raise ConnectionError(
[0m
[1m2026-07-28T02:43:12.885153000Z[0m [INFO] PAPER-CRYPTO-001.InteractiveBrokersClient-001: Attempt 4: attempting to reconnect in 20 seconds...[0m
[1m2026-07-28T02:43:32.886046000Z[0m [INFO] PAPER-CRYPTO-001.InteractiveBrokersClient-001: Connecting to 127.0.0.1:7497 with client id: 1[0m
[1m2026-07-28T02:43:32.886444000Z[0m [1;31m[ERROR] PAPER-CRYPTO-001.InteractiveBrokersClient-001: Connection failed[0m
[1m2026-07-28T02:43:32.886575000Z[0m [1;31m[ERROR] PAPER-CRYPTO-001.InteractiveBrokersClient-001: Unhandled exception in client startup
ConnectionError(Failed to connect to Interactive Brokers at 127.0.0.1:7497)
Traceback (most recent call last):
  File "/Users/lindawang/Documents/Workspace/quant/.quant312/lib/python3.12/site-packages/nautilus_trader/adapters/interactive_brokers/client/client.py", line 254, in _start_async
    raise ConnectionError(
[0m
[1m2026-07-28T02:43:32.886605000Z[0m [INFO] PAPER-CRYPTO-001.InteractiveBrokersClient-001: Attempt 5: attempting to reconnect in 40 seconds...[0m
[1m2026-07-28T02:43:36.313803000Z[0m [1;33m[WARN] PAPER-CRYPTO-001.TradingNode: Received SIGINT, shutting down[0m
[1m2026-07-28T02:43:36.313837000Z[0m [INFO] PAPER-CRYPTO-001.TradingNode: STOPPING[0m
[1m2026-07-28T02:43:36.313966000Z[0m [INFO] PAPER-CRYPTO-001.MLStrategy: [CMD]--> UnsubscribeBars(bar_type=BTC/USD.ZEROHASH-1-DAY-MID-EXTERNAL, client_id=None, venue=ZEROHASH)[0m
[1m2026-07-28T02:43:36.313979000Z[0m [INFO] PAPER-CRYPTO-001.MLStrategy: Unsubscribed from BTC/USD.ZEROHASH-1-DAY-MID-EXTERNAL bar data[0m
[1m2026-07-28T02:43:36.313993000Z[0m [INFO] PAPER-CRYPTO-001.MLStrategy: [CMD]--> UnsubscribeBars(bar_type=ETH/USD.ZEROHASH-1-DAY-MID-EXTERNAL, client_id=None, venue=ZEROHASH)[0m
[1m2026-07-28T02:43:36.313996000Z[0m [INFO] PAPER-CRYPTO-001.MLStrategy: Unsubscribed from ETH/USD.ZEROHASH-1-DAY-MID-EXTERNAL bar data[0m
[1m2026-07-28T02:43:36.314005000Z[0m [INFO] PAPER-CRYPTO-001.MLStrategy: [CMD]--> UnsubscribeBars(bar_type=SOL/USD.ZEROHASH-1-DAY-MID-EXTERNAL, client_id=None, venue=ZEROHASH)[0m
[1m2026-07-28T02:43:36.314007000Z[0m [INFO] PAPER-CRYPTO-001.MLStrategy: Unsubscribed from SOL/USD.ZEROHASH-1-DAY-MID-EXTERNAL bar data[0m
[1m2026-07-28T02:43:36.314015000Z[0m [INFO] PAPER-CRYPTO-001.MLStrategy: [CMD]--> UnsubscribeBars(bar_type=XRP/USD.ZEROHASH-1-DAY-MID-EXTERNAL, client_id=None, venue=ZEROHASH)[0m
[1m2026-07-28T02:43:36.314018000Z[0m [INFO] PAPER-CRYPTO-001.MLStrategy: Unsubscribed from XRP/USD.ZEROHASH-1-DAY-MID-EXTERNAL bar data[0m
[1m2026-07-28T02:43:36.314027000Z[0m [INFO] PAPER-CRYPTO-001.MLStrategy: [CMD]--> UnsubscribeBars(bar_type=DOGE/USD.ZEROHASH-1-DAY-MID-EXTERNAL, client_id=None, venue=ZEROHASH)[0m
[1m2026-07-28T02:43:36.314028000Z[0m [INFO] PAPER-CRYPTO-001.MLStrategy: Unsubscribed from DOGE/USD.ZEROHASH-1-DAY-MID-EXTERNAL bar data[0m
[1m2026-07-28T02:43:36.314030000Z[0m [INFO] PAPER-CRYPTO-001.MLStrategy: Canceling executor tasks[0m
[1m2026-07-28T02:43:36.314059000Z[0m [INFO] PAPER-CRYPTO-001.MLStrategy: STOPPED[0m
[1m2026-07-28T02:43:36.314066000Z[0m [INFO] PAPER-CRYPTO-001.PAPER-CRYPTO-001: STOPPED[0m
[1m2026-07-28T02:43:36.314077000Z[0m [94m[INFO] PAPER-CRYPTO-001.TradingNode: Awaiting post stop (10.0s timeout)...[0m
[1m2026-07-28T02:43:36.314329000Z[0m [1;31m[ERROR] PAPER-CRYPTO-001.DataClient-IB: Error running 'unsubscribe: bars BTC/USD.ZEROHASH-1-DAY-MID-EXTERNAL'
TypeError('<=' not supported between instances of 'int' and 'NoneType')
[0m
[1m2026-07-28T02:43:36.314339000Z[0m [1;31m[ERROR] PAPER-CRYPTO-001.DataClient-IB: Error running 'unsubscribe: bars ETH/USD.ZEROHASH-1-DAY-MID-EXTERNAL'
TypeError('<=' not supported between instances of 'int' and 'NoneType')
[0m
[1m2026-07-28T02:43:36.314344000Z[0m [1;31m[ERROR] PAPER-CRYPTO-001.DataClient-IB: Error running 'unsubscribe: bars SOL/USD.ZEROHASH-1-DAY-MID-EXTERNAL'
TypeError('<=' not supported between instances of 'int' and 'NoneType')
[0m
[1m2026-07-28T02:43:36.314350000Z[0m [1;31m[ERROR] PAPER-CRYPTO-001.DataClient-IB: Error running 'unsubscribe: bars XRP/USD.ZEROHASH-1-DAY-MID-EXTERNAL'
TypeError('<=' not supported between instances of 'int' and 'NoneType')
[0m
[1m2026-07-28T02:43:36.314355000Z[0m [1;31m[ERROR] PAPER-CRYPTO-001.DataClient-IB: Error running 'unsubscribe: bars DOGE/USD.ZEROHASH-1-DAY-MID-EXTERNAL'
TypeError('<=' not supported between instances of 'int' and 'NoneType')
[0m
[1m2026-07-28T02:43:46.315023000Z[0m [94m[INFO] PAPER-CRYPTO-001.MLStrategy: Saved state: ['ml_strategy.json'][0m
[1m2026-07-28T02:43:46.315083000Z[0m [INFO] PAPER-CRYPTO-001.DataClient-IB: STOPPED[0m
[1m2026-07-28T02:43:46.315096000Z[0m [INFO] PAPER-CRYPTO-001.ExecClient-IB: STOPPED[0m
[1m2026-07-28T02:43:46.315102000Z[0m [INFO] PAPER-CRYPTO-001.DataEngine: Disconnecting all clients...[0m
[1m2026-07-28T02:43:46.315105000Z[0m [INFO] PAPER-CRYPTO-001.DataClient-IB: Disconnecting...[0m
[1m2026-07-28T02:43:46.315112000Z[0m [INFO] PAPER-CRYPTO-001.ExecEngine: Disconnecting all clients...[0m
[1m2026-07-28T02:43:46.315114000Z[0m [INFO] PAPER-CRYPTO-001.ExecClient-IB: Disconnecting...[0m
[1m2026-07-28T02:43:46.315121000Z[0m [94m[INFO] PAPER-CRYPTO-001.TradingNode: Awaiting engine disconnections (10.0s timeout)...[0m
[1m2026-07-28T02:43:46.315196000Z[0m [INFO] PAPER-CRYPTO-001.InteractiveBrokersClient-001: STOPPED[0m
[1m2026-07-28T02:43:46.315212000Z[0m [92m[INFO] PAPER-CRYPTO-001.DataClient-IB: Disconnected[0m
[1m2026-07-28T02:43:46.315226000Z[0m [92m[INFO] PAPER-CRYPTO-001.ExecClient-IB: Disconnected[0m
[1m2026-07-28T02:43:46.315259000Z[0m [INFO] PAPER-CRYPTO-001.DataEngine: STOPPED[0m
[1m2026-07-28T02:43:46.315273000Z[0m [INFO] PAPER-CRYPTO-001.RiskEngine: STOPPED[0m
[1m2026-07-28T02:43:46.315280000Z[0m [INFO] PAPER-CRYPTO-001.ExecEngine: Canceling position snapshots timer[0m
[1m2026-07-28T02:43:46.315300000Z[0m [INFO] PAPER-CRYPTO-001.ExecEngine: STOPPED[0m
[1m2026-07-28T02:43:46.315309000Z[0m [INFO] PAPER-CRYPTO-001.OrderEmulator: STOPPED[0m
[1m2026-07-28T02:43:46.315314000Z[0m [INFO] PAPER-CRYPTO-001.TradingNode: STOPPED[0m
[1m2026-07-28T02:43:46.315320000Z[0m [INFO] PAPER-CRYPTO-001.InteractiveBrokersClient-001: Stopping InteractiveBrokersClient (1)...[0m
[1m2026-07-28T02:43:46.315335000Z[0m [INFO] PAPER-CRYPTO-001.InteractiveBrokersClient-001: All tasks canceled successfully.[0m
[1m2026-07-28T02:43:46.315566000Z[0m [INFO] PAPER-CRYPTO-001.DataClient-IB: DISPOSED[0m
[1m2026-07-28T02:43:46.315570000Z[0m [INFO] PAPER-CRYPTO-001.DataEngine: DISPOSED[0m
[1m2026-07-28T02:43:46.315573000Z[0m [INFO] PAPER-CRYPTO-001.RiskEngine: DISPOSED[0m
[1m2026-07-28T02:43:46.315577000Z[0m [INFO] PAPER-CRYPTO-001.ExecClient-IB: DISPOSED[0m
[1m2026-07-28T02:43:46.315579000Z[0m [INFO] PAPER-CRYPTO-001.ExecEngine: DISPOSED[0m
[1m2026-07-28T02:43:46.315586000Z[0m [INFO] PAPER-CRYPTO-001.OrderEmulator: DISPOSED[0m
[1m2026-07-28T02:43:46.315594000Z[0m [INFO] PAPER-CRYPTO-001.PAPER-CRYPTO-001: Cleared actors[0m
[1m2026-07-28T02:43:46.315598000Z[0m [INFO] PAPER-CRYPTO-001.MLStrategy: DISPOSED[0m
[1m2026-07-28T02:43:46.315603000Z[0m [INFO] PAPER-CRYPTO-001.PAPER-CRYPTO-001: Cleared trading strategies[0m
[1m2026-07-28T02:43:46.315606000Z[0m [INFO] PAPER-CRYPTO-001.PAPER-CRYPTO-001: Cleared execution algorithms[0m
[1m2026-07-28T02:43:46.315609000Z[0m [INFO] PAPER-CRYPTO-001.PAPER-CRYPTO-001: DISPOSED[0m
[1m2026-07-28T02:43:46.315657000Z[0m [INFO] PAPER-CRYPTO-001.Cache: Reset[0m
[1m2026-07-28T02:43:46.316018000Z[0m [INFO] PAPER-CRYPTO-001.CacheDatabaseAdapter: Closed cache database adapter[0m
[1m2026-07-28T02:43:46.316041000Z[0m [INFO] PAPER-CRYPTO-001.MessageBus: Closed message bus[0m
[1m2026-07-28T02:43:46.316044000Z[0m [INFO] PAPER-CRYPTO-001.TradingNode: Shutting down executor[0m
[1m2026-07-28T02:43:46.316244000Z[0m [INFO] PAPER-CRYPTO-001.TradingNode: Closing event loop[0m
[1m2026-07-28T02:43:46.316280000Z[0m [INFO] PAPER-CRYPTO-001.TradingNode: loop.is_running=False[0m
[1m2026-07-28T02:43:46.316281000Z[0m [INFO] PAPER-CRYPTO-001.TradingNode: loop.is_closed=True[0m
[1m2026-07-28T02:43:46.316281001Z[0m [INFO] PAPER-CRYPTO-001.TradingNode: DISPOSED[0m
Task was destroyed but it is pending!
task: <Task pending name='Task-718' coro=<InteractiveBrokersClientMarketDataMixin._schedule_bar_completion_timeout.<locals>.completion_handler() running at /Users/lindawang/Documents/Workspace/quant/.quant312/lib/python3.12/site-packages/nautilus_trader/adapters/interactive_brokers/client/market_data.py:1313> wait_for=<Future pending cb=[Task.task_wakeup()]>>
Task was destroyed but it is pending!
task: <Task pending name='Task-720' coro=<InteractiveBrokersClientMarketDataMixin._schedule_bar_completion_timeout.<locals>.completion_handler() running at /Users/lindawang/Documents/Workspace/quant/.quant312/lib/python3.12/site-packages/nautilus_trader/adapters/interactive_brokers/client/market_data.py:1313> wait_for=<Future pending cb=[Task.task_wakeup()]>>
Task was destroyed but it is pending!
task: <Task pending name='Task-722' coro=<InteractiveBrokersClientMarketDataMixin._schedule_bar_completion_timeout.<locals>.completion_handler() running at /Users/lindawang/Documents/Workspace/quant/.quant312/lib/python3.12/site-packages/nautilus_trader/adapters/interactive_brokers/client/market_data.py:1313> wait_for=<Future pending cb=[Task.task_wakeup()]>>
Task was destroyed but it is pending!
task: <Task pending name='Task-1418' coro=<InteractiveBrokersClientMarketDataMixin._schedule_bar_completion_timeout.<locals>.completion_handler() running at /Users/lindawang/Documents/Workspace/quant/.quant312/lib/python3.12/site-packages/nautilus_trader/adapters/interactive_brokers/client/market_data.py:1313> wait_for=<Future pending cb=[Task.task_wakeup()]>>
Task was destroyed but it is pending!
task: <Task pending name='Task-1420' coro=<InteractiveBrokersClientMarketDataMixin._schedule_bar_completion_timeout.<locals>.completion_handler() running at /Users/lindawang/Documents/Workspace/quant/.quant312/lib/python3.12/site-packages/nautilus_trader/adapters/interactive_brokers/client/market_data.py:1313> wait_for=<Future pending cb=[Task.task_wakeup()]>>
Task was destroyed but it is pending!
task: <Task pending name='_reset_async' coro=<InteractiveBrokersClient._reset.<locals>._reset_async() done, defined at /Users/lindawang/Documents/Workspace/quant/.quant312/lib/python3.12/site-packages/nautilus_trader/adapters/interactive_brokers/client/client.py:405> wait_for=<Future pending cb=[Task.task_wakeup()]> cb=[InteractiveBrokersClient._on_task_completed(None, None)()]>
