[1m2026-07-27T19:24:51.198891000Z[0m [36m[INFO] PAPER-EQUITY-001.TradingNode: =================================================================[0m
[1m2026-07-27T19:24:51.198900000Z[0m [36m[INFO] PAPER-EQUITY-001.TradingNode:  NAUTILUS TRADER - Automated Algorithmic Trading Platform[0m
[1m2026-07-27T19:24:51.198900001Z[0m [36m[INFO] PAPER-EQUITY-001.TradingNode:  by Nautech Systems Pty Ltd.[0m
[1m2026-07-27T19:24:51.198900002Z[0m [36m[INFO] PAPER-EQUITY-001.TradingNode:  Copyright (C) 2015-2026. All rights reserved.[0m
[1m2026-07-27T19:24:51.198900003Z[0m [36m[INFO] PAPER-EQUITY-001.TradingNode: =================================================================[0m
[1m2026-07-27T19:24:51.198900004Z[0m [INFO] PAPER-EQUITY-001.TradingNode: [0m
[1m2026-07-27T19:24:51.198901000Z[0m [INFO] PAPER-EQUITY-001.TradingNode: ⠀⠀⠀⠀⠀⠀⠀⠀⠀⠀⠀⠀⠀⣠⣴⣶⡟⠀⠀⠀⠀⠀⠀⠀⠀⠀⠀⠀⠀⠀⠀[0m
[1m2026-07-27T19:24:51.198901001Z[0m [INFO] PAPER-EQUITY-001.TradingNode: ⠀⠀⠀⠀⠀⠀⠀⠀⠀⠀⠀⣰⣾⣿⣿⣿⠀⢸⣿⣿⣿⣿⣶⣶⣤⣀⠀⠀⠀⠀⠀[0m
[1m2026-07-27T19:24:51.198901002Z[0m [INFO] PAPER-EQUITY-001.TradingNode: ⠀⠀⠀⠀⠀⠀⢀⣴⡇⢀⣾⣿⣿⣿⣿⣿⠀⣾⣿⣿⣿⣿⣿⣿⣿⠿⠓⠀⠀⠀⠀[0m
[1m2026-07-27T19:24:51.198901003Z[0m [INFO] PAPER-EQUITY-001.TradingNode: ⠀⠀⠀⠀⠀⣰⣿⣿⡀⢸⣿⣿⣿⣿⣿⣿⠀⣿⣿⣿⣿⣿⣿⠟⠁⣠⣄⠀⠀⠀⠀[0m
[1m2026-07-27T19:24:51.198901004Z[0m [INFO] PAPER-EQUITY-001.TradingNode: ⠀⠀⠀⠀⢠⣿⣿⣿⣇⠀⢿⣿⣿⣿⣿⣿⠀⢻⣿⣿⣿⡿⢃⣠⣾⣿⣿⣧⡀⠀⠀[0m
[1m2026-07-27T19:24:51.198901005Z[0m [INFO] PAPER-EQUITY-001.TradingNode: ⠀⠀⠀⠠⣾⣿⣿⣿⣿⣿⣧⠈⠋⢀⣴⣧⠀⣿⡏⢠⡀⢸⣿⣿⣿⣿⣿⣿⣿⡇⠀[0m
[1m2026-07-27T19:24:51.198901006Z[0m [INFO] PAPER-EQUITY-001.TradingNode: ⠀⠀⠀⣀⠙⢿⣿⣿⣿⣿⣿⠇⢠⣿⣿⣿⡄⠹⠃⠼⠃⠈⠉⠛⠛⠛⠛⠛⠻⠇⠀[0m
[1m2026-07-27T19:24:51.198901007Z[0m [INFO] PAPER-EQUITY-001.TradingNode: ⠀⠀⢸⡟⢠⣤⠉⠛⠿⢿⣿⠀⢸⣿⡿⠋⣠⣤⣄⠀⣾⣿⣿⣶⣶⣶⣦⡄⠀⠀⠀[0m
[1m2026-07-27T19:24:51.198901008Z[0m [INFO] PAPER-EQUITY-001.TradingNode: ⠀⠀⠸⠀⣾⠏⣸⣷⠂⣠⣤⠀⠘⢁⣴⣾⣿⣿⣿⡆⠘⣿⣿⣿⣿⣿⣿⠀⠀⠀⠀[0m
[1m2026-07-27T19:24:51.198902000Z[0m [INFO] PAPER-EQUITY-001.TradingNode: ⠀⠀⠀⠀⠛⠀⣿⡟⠀⢻⣿⡄⠸⣿⣿⣿⣿⣿⣿⣿⡀⠘⣿⣿⣿⣿⠟⠀⠀⠀⠀[0m
[1m2026-07-27T19:24:51.198902001Z[0m [INFO] PAPER-EQUITY-001.TradingNode: ⠀⠀⠀⠀⠀⠀⣿⠇⠀⠀⢻⡿⠀⠈⠻⣿⣿⣿⣿⣿⡇⠀⢹⣿⠿⠋⠀⠀⠀⠀⠀[0m
[1m2026-07-27T19:24:51.198902002Z[0m [INFO] PAPER-EQUITY-001.TradingNode: ⠀⠀⠀⠀⠀⠀⠋⠀⠀⠀⡘⠁⠀⠀⠀⠀⠀⠀⠀⠀⠀⠀⠈⠁⠀⠀⠀⠀⠀⠀⠀[0m
[1m2026-07-27T19:24:51.198902003Z[0m [INFO] PAPER-EQUITY-001.TradingNode: [0m
[1m2026-07-27T19:24:51.198902004Z[0m [36m[INFO] PAPER-EQUITY-001.TradingNode: =================================================================[0m
[1m2026-07-27T19:24:51.198902005Z[0m [36m[INFO] PAPER-EQUITY-001.TradingNode:  SYSTEM SPECIFICATION[0m
[1m2026-07-27T19:24:51.198902006Z[0m [36m[INFO] PAPER-EQUITY-001.TradingNode: =================================================================[0m
[1m2026-07-27T19:24:51.198902007Z[0m [INFO] PAPER-EQUITY-001.TradingNode: CPU architecture: Apple M4[0m
[1m2026-07-27T19:24:51.198902008Z[0m [INFO] PAPER-EQUITY-001.TradingNode: CPU(s): 10 @ 4464 MHz[0m
[1m2026-07-27T19:24:51.198903000Z[0m [INFO] PAPER-EQUITY-001.TradingNode: OS: kernel-25.5.0 macOS 26.5.2 Tahoe[0m
[1m2026-07-27T19:24:51.198910000Z[0m [36m[INFO] PAPER-EQUITY-001.TradingNode: =================================================================[0m
[1m2026-07-27T19:24:51.198910001Z[0m [36m[INFO] PAPER-EQUITY-001.TradingNode:  MEMORY USAGE[0m
[1m2026-07-27T19:24:51.198910002Z[0m [36m[INFO] PAPER-EQUITY-001.TradingNode: =================================================================[0m
[1m2026-07-27T19:24:51.198913000Z[0m [INFO] PAPER-EQUITY-001.TradingNode: RAM-Total: 32.00 GiB[0m
[1m2026-07-27T19:24:51.198913001Z[0m [INFO] PAPER-EQUITY-001.TradingNode: RAM-Used: 23.01 GiB (71.89%)[0m
[1m2026-07-27T19:24:51.198913002Z[0m [INFO] PAPER-EQUITY-001.TradingNode: RAM-Avail: 8.99 GiB (28.11%)[0m
[1m2026-07-27T19:24:51.198914000Z[0m [INFO] PAPER-EQUITY-001.TradingNode: Swap: disabled[0m
[1m2026-07-27T19:24:51.198917000Z[0m [36m[INFO] PAPER-EQUITY-001.TradingNode: =================================================================[0m
[1m2026-07-27T19:24:51.198917001Z[0m [36m[INFO] PAPER-EQUITY-001.TradingNode:  IDENTIFIERS[0m
[1m2026-07-27T19:24:51.198917002Z[0m [36m[INFO] PAPER-EQUITY-001.TradingNode: =================================================================[0m
[1m2026-07-27T19:24:51.198917003Z[0m [INFO] PAPER-EQUITY-001.TradingNode: trader_id: PAPER-EQUITY-001[0m
[1m2026-07-27T19:24:51.198917004Z[0m [INFO] PAPER-EQUITY-001.TradingNode: machine_id: Mac.lan[0m
[1m2026-07-27T19:24:51.198918000Z[0m [INFO] PAPER-EQUITY-001.TradingNode: instance_id: 37d86161-ca0c-4ac6-9f68-62b63637e64f[0m
[1m2026-07-27T19:24:51.198918001Z[0m [INFO] PAPER-EQUITY-001.TradingNode: PID: 13799[0m
[1m2026-07-27T19:24:51.198918002Z[0m [36m[INFO] PAPER-EQUITY-001.TradingNode: =================================================================[0m
[1m2026-07-27T19:24:51.198918003Z[0m [36m[INFO] PAPER-EQUITY-001.TradingNode:  VERSIONING[0m
[1m2026-07-27T19:24:51.198918004Z[0m [36m[INFO] PAPER-EQUITY-001.TradingNode: =================================================================[0m
[1m2026-07-27T19:24:51.198926000Z[0m [INFO] PAPER-EQUITY-001.TradingNode: nautilus_trader: 1.229.0[0m
[1m2026-07-27T19:24:51.198929000Z[0m [INFO] PAPER-EQUITY-001.TradingNode: python: 3.12.13[0m
[1m2026-07-27T19:24:51.198930000Z[0m [INFO] PAPER-EQUITY-001.TradingNode: numpy: 2.5.0[0m
[1m2026-07-27T19:24:51.198932000Z[0m [INFO] PAPER-EQUITY-001.TradingNode: pandas: 3.0.4[0m
[1m2026-07-27T19:24:51.198933000Z[0m [INFO] PAPER-EQUITY-001.TradingNode: msgspec: 0.21.1[0m
[1m2026-07-27T19:24:51.198934000Z[0m [INFO] PAPER-EQUITY-001.TradingNode: pyarrow: 24.0.0[0m
[1m2026-07-27T19:24:51.198935000Z[0m [INFO] PAPER-EQUITY-001.TradingNode: pytz: 2026.2[0m
[1m2026-07-27T19:24:51.198936000Z[0m [INFO] PAPER-EQUITY-001.TradingNode: uvloop: 0.22.1[0m
[1m2026-07-27T19:24:51.198936001Z[0m [36m[INFO] PAPER-EQUITY-001.TradingNode: =================================================================[0m
[1m2026-07-27T19:24:51.198942000Z[0m [INFO] PAPER-EQUITY-001.TradingNode: Building system kernel[0m
[1m2026-07-27T19:24:51.199014000Z[0m [INFO] PAPER-EQUITY-001.CacheDatabaseAdapter: READY[0m
[1m2026-07-27T19:24:51.199019000Z[0m [94m[INFO] PAPER-EQUITY-001.CacheDatabaseAdapter: config.database=DatabaseConfig(type=redis, host=127.0.0.1, port=6379, username=None, password=None, ssl=False, connection_timeout=20, response_timeout=20, number_of_retries=3, exponent_base=2, max_delay=1000, factor=2)[0m
[1m2026-07-27T19:24:51.199020000Z[0m [94m[INFO] PAPER-EQUITY-001.CacheDatabaseAdapter: config.encoding='msgpack'[0m
[1m2026-07-27T19:24:51.199020001Z[0m [94m[INFO] PAPER-EQUITY-001.CacheDatabaseAdapter: config.timestamps_as_iso8601=False[0m
[1m2026-07-27T19:24:51.199020002Z[0m [94m[INFO] PAPER-EQUITY-001.CacheDatabaseAdapter: config.buffer_interval_ms=100[0m
[1m2026-07-27T19:24:51.199020003Z[0m [94m[INFO] PAPER-EQUITY-001.CacheDatabaseAdapter: config.flush_on_start=False[0m
[1m2026-07-27T19:24:51.199021000Z[0m [94m[INFO] PAPER-EQUITY-001.CacheDatabaseAdapter: config.use_trader_prefix=True[0m
[1m2026-07-27T19:24:51.199021001Z[0m [94m[INFO] PAPER-EQUITY-001.CacheDatabaseAdapter: config.use_instance_id=False[0m
[1m2026-07-27T19:24:51.200495000Z[0m [94m[INFO] PAPER-EQUITY-001.MessageBus: config.database=None[0m
[1m2026-07-27T19:24:51.200497000Z[0m [94m[INFO] PAPER-EQUITY-001.MessageBus: config.encoding='json'[0m
[1m2026-07-27T19:24:51.200497001Z[0m [94m[INFO] PAPER-EQUITY-001.MessageBus: config.timestamps_as_iso8601=False[0m
[1m2026-07-27T19:24:51.200498000Z[0m [94m[INFO] PAPER-EQUITY-001.MessageBus: config.buffer_interval_ms=None[0m
[1m2026-07-27T19:24:51.200498001Z[0m [94m[INFO] PAPER-EQUITY-001.MessageBus: config.autotrim_mins=None[0m
[1m2026-07-27T19:24:51.200499000Z[0m [94m[INFO] PAPER-EQUITY-001.MessageBus: config.use_trader_prefix=True[0m
[1m2026-07-27T19:24:51.200499001Z[0m [94m[INFO] PAPER-EQUITY-001.MessageBus: config.use_trader_id=True[0m
[1m2026-07-27T19:24:51.200499002Z[0m [94m[INFO] PAPER-EQUITY-001.MessageBus: config.use_instance_id=False[0m
[1m2026-07-27T19:24:51.200499003Z[0m [94m[INFO] PAPER-EQUITY-001.MessageBus: config.streams_prefix='stream'[0m
[1m2026-07-27T19:24:51.200500000Z[0m [94m[INFO] PAPER-EQUITY-001.MessageBus: config.types_filter=None[0m
[1m2026-07-27T19:24:51.200526000Z[0m [INFO] PAPER-EQUITY-001.Cache: READY[0m
[1m2026-07-27T19:24:51.200842000Z[0m [INFO] PAPER-EQUITY-001.DataEngine: READY[0m
[1m2026-07-27T19:24:51.200895000Z[0m [94m[INFO] PAPER-EQUITY-001.DataEngine: config.graceful_shutdown_on_exception=False[0m
[1m2026-07-27T19:24:51.200915000Z[0m [INFO] PAPER-EQUITY-001.RiskEngine: READY[0m
[1m2026-07-27T19:24:51.200930000Z[0m [94m[INFO] PAPER-EQUITY-001.RiskEngine: TradingState is ACTIVE[0m
[1m2026-07-27T19:24:51.201004000Z[0m [INFO] PAPER-EQUITY-001.Throttler-ORDER_SUBMIT_THROTTLER: READY[0m
[1m2026-07-27T19:24:51.201015000Z[0m [94m[INFO] PAPER-EQUITY-001.RiskEngine: Set MAX_ORDER_SUBMIT_RATE: 100/00:00:01[0m
[1m2026-07-27T19:24:51.201028000Z[0m [INFO] PAPER-EQUITY-001.Throttler-ORDER_MODIFY_THROTTLER: READY[0m
[1m2026-07-27T19:24:51.201033000Z[0m [94m[INFO] PAPER-EQUITY-001.RiskEngine: Set MAX_ORDER_MODIFY_RATE: 100/00:00:01[0m
[1m2026-07-27T19:24:51.201050000Z[0m [94m[INFO] PAPER-EQUITY-001.RiskEngine: config.graceful_shutdown_on_exception=False[0m
[1m2026-07-27T19:24:51.201076000Z[0m [INFO] PAPER-EQUITY-001.ExecEngine: READY[0m
[1m2026-07-27T19:24:51.201090000Z[0m [94m[INFO] PAPER-EQUITY-001.ExecEngine: config.snapshot_orders=True[0m
[1m2026-07-27T19:24:51.201091000Z[0m [94m[INFO] PAPER-EQUITY-001.ExecEngine: config.snapshot_positions=True[0m
[1m2026-07-27T19:24:51.201092000Z[0m [94m[INFO] PAPER-EQUITY-001.ExecEngine: config.snapshot_positions_interval_secs=60.0[0m
[1m2026-07-27T19:24:51.201092001Z[0m [94m[INFO] PAPER-EQUITY-001.ExecEngine: config.allow_overfills=False[0m
[1m2026-07-27T19:24:51.201110000Z[0m [94m[INFO] PAPER-EQUITY-001.ExecEngine: config.reconciliation=True[0m
[1m2026-07-27T19:24:51.201112000Z[0m [94m[INFO] PAPER-EQUITY-001.ExecEngine: config.reconciliation_lookback_mins=None[0m
[1m2026-07-27T19:24:51.201112001Z[0m [94m[INFO] PAPER-EQUITY-001.ExecEngine: config.reconciliation_instrument_ids=None[0m
[1m2026-07-27T19:24:51.201112002Z[0m [94m[INFO] PAPER-EQUITY-001.ExecEngine: config.filter_unclaimed_external_orders=False[0m
[1m2026-07-27T19:24:51.201113000Z[0m [94m[INFO] PAPER-EQUITY-001.ExecEngine: config.filter_position_reports=False[0m
[1m2026-07-27T19:24:51.201113001Z[0m [94m[INFO] PAPER-EQUITY-001.ExecEngine: config.filtered_client_order_ids=None[0m
[1m2026-07-27T19:24:51.201113002Z[0m [94m[INFO] PAPER-EQUITY-001.ExecEngine: config.inflight_check_interval_ms=2000[0m
[1m2026-07-27T19:24:51.201114000Z[0m [94m[INFO] PAPER-EQUITY-001.ExecEngine: config.inflight_check_threshold_ms=5000[0m
[1m2026-07-27T19:24:51.201114001Z[0m [94m[INFO] PAPER-EQUITY-001.ExecEngine: config.inflight_check_retries=5[0m
[1m2026-07-27T19:24:51.201114002Z[0m [94m[INFO] PAPER-EQUITY-001.ExecEngine: config.own_books_audit_interval_secs=None[0m
[1m2026-07-27T19:24:51.201115000Z[0m [94m[INFO] PAPER-EQUITY-001.ExecEngine: config.open_check_interval_secs=None[0m
[1m2026-07-27T19:24:51.201115001Z[0m [94m[INFO] PAPER-EQUITY-001.ExecEngine: config.open_check_open_only=True[0m
[1m2026-07-27T19:24:51.201115002Z[0m [94m[INFO] PAPER-EQUITY-001.ExecEngine: config.open_check_lookback_mins=60[0m
[1m2026-07-27T19:24:51.201115003Z[0m [94m[INFO] PAPER-EQUITY-001.ExecEngine: config.open_check_threshold_ms=5000[0m
[1m2026-07-27T19:24:51.201116000Z[0m [94m[INFO] PAPER-EQUITY-001.ExecEngine: config.open_check_missing_retries=5[0m
[1m2026-07-27T19:24:51.201116001Z[0m [94m[INFO] PAPER-EQUITY-001.ExecEngine: config.max_single_order_queries_per_cycle=10[0m
[1m2026-07-27T19:24:51.201116002Z[0m [94m[INFO] PAPER-EQUITY-001.ExecEngine: config.single_order_query_delay_ms=100[0m
[1m2026-07-27T19:24:51.201116003Z[0m [94m[INFO] PAPER-EQUITY-001.ExecEngine: config.position_check_interval_secs=None[0m
[1m2026-07-27T19:24:51.201117000Z[0m [94m[INFO] PAPER-EQUITY-001.ExecEngine: config.position_check_lookback_mins=60[0m
[1m2026-07-27T19:24:51.201117001Z[0m [94m[INFO] PAPER-EQUITY-001.ExecEngine: config.position_check_threshold_ms=5000[0m
[1m2026-07-27T19:24:51.201117002Z[0m [94m[INFO] PAPER-EQUITY-001.ExecEngine: config.position_check_retries=3[0m
[1m2026-07-27T19:24:51.201118000Z[0m [94m[INFO] PAPER-EQUITY-001.ExecEngine: config.reconciliation_startup_delay_secs=10.0[0m
[1m2026-07-27T19:24:51.201118001Z[0m [94m[INFO] PAPER-EQUITY-001.ExecEngine: config.purge_closed_orders_interval_mins=None[0m
[1m2026-07-27T19:24:51.201118002Z[0m [94m[INFO] PAPER-EQUITY-001.ExecEngine: config.purge_closed_orders_buffer_mins=None[0m
[1m2026-07-27T19:24:51.201119000Z[0m [94m[INFO] PAPER-EQUITY-001.ExecEngine: config.purge_closed_positions_interval_mins=None[0m
[1m2026-07-27T19:24:51.201119001Z[0m [94m[INFO] PAPER-EQUITY-001.ExecEngine: config.purge_closed_positions_buffer_mins=None[0m
[1m2026-07-27T19:24:51.201119002Z[0m [94m[INFO] PAPER-EQUITY-001.ExecEngine: config.purge_account_events_interval_mins=None[0m
[1m2026-07-27T19:24:51.201119003Z[0m [94m[INFO] PAPER-EQUITY-001.ExecEngine: config.purge_account_events_lookback_mins=None[0m
[1m2026-07-27T19:24:51.201119004Z[0m [94m[INFO] PAPER-EQUITY-001.ExecEngine: config.purge_from_database=False[0m
[1m2026-07-27T19:24:51.201120000Z[0m [94m[INFO] PAPER-EQUITY-001.ExecEngine: config.graceful_shutdown_on_exception=False[0m
[1m2026-07-27T19:24:51.201296000Z[0m [94m[INFO] PAPER-EQUITY-001.Cache: Cached 1 general object from database[0m
[1m2026-07-27T19:24:51.201467000Z[0m [94m[INFO] PAPER-EQUITY-001.Cache: Cached 1 currency from database[0m
[1m2026-07-27T19:24:51.201704000Z[0m [94m[INFO] PAPER-EQUITY-001.Cache: Cached 1 instrument from database[0m
[1m2026-07-27T19:24:51.201999000Z[0m [94m[INFO] PAPER-EQUITY-001.Cache: Cached 1 account from database[0m
[1m2026-07-27T19:24:51.202224000Z[0m [INFO] PAPER-EQUITY-001.Cache: Cached 0 orders from database[0m
[1m2026-07-27T19:24:51.202227000Z[0m [INFO] PAPER-EQUITY-001.Cache: Cached 0 order lists from database[0m
[1m2026-07-27T19:24:51.202307000Z[0m [INFO] PAPER-EQUITY-001.Cache: Cached 0 positions from database[0m
[1m2026-07-27T19:24:51.202314000Z[0m [INFO] PAPER-EQUITY-001.Cache: Checking data integrity[0m
[1m2026-07-27T19:24:51.202323000Z[0m [92m[INFO] PAPER-EQUITY-001.Cache: Integrity check passed in 6μs[0m
[1m2026-07-27T19:24:51.202333000Z[0m [INFO] PAPER-EQUITY-001.ExecEngine: Loaded cache in 1ms[0m
[1m2026-07-27T19:24:51.202358000Z[0m [INFO] PAPER-EQUITY-001.OrderEmulator: READY[0m
[1m2026-07-27T19:24:51.202386000Z[0m [INFO] PAPER-EQUITY-001.PAPER-EQUITY-001: READY[0m
[1m2026-07-27T19:24:51.202398000Z[0m [INFO] PAPER-EQUITY-001.TradingNode: Initialized in 3ms[0m
[1m2026-07-27T19:24:51.202405000Z[0m [94m[INFO] PAPER-EQUITY-001.TradingNode: has_cache_backing=True[0m
[1m2026-07-27T19:24:51.202406000Z[0m [94m[INFO] PAPER-EQUITY-001.TradingNode: has_msgbus_backing=False[0m
[1m2026-07-27T19:24:51.202456000Z[0m [INFO] PAPER-EQUITY-001.MLStrategy: READY[0m
[1m2026-07-27T19:24:51.202479000Z[0m [INFO] PAPER-EQUITY-001.ExecEngine: Registered OMS.UNSPECIFIED for Strategy MLStrategy-000[0m
[1m2026-07-27T19:24:51.202481000Z[0m [INFO] PAPER-EQUITY-001.PAPER-EQUITY-001: Registered Strategy MLStrategy-000[0m
[1m2026-07-27T19:24:51.202668000Z[0m [94m[INFO] PAPER-EQUITY-001.MLStrategy: Loaded state ['ml_strategy.json'][0m
[1m2026-07-27T19:24:51.202671000Z[0m [INFO] PAPER-EQUITY-001.TradingNode: Building data client for IB[0m
[1m2026-07-27T19:24:51.202686000Z[0m [INFO] PAPER-EQUITY-001.InteractiveBrokersClient-001: READY[0m
[1m2026-07-27T19:24:51.202743000Z[0m [1;33m[WARN] PAPER-EQUITY-001.InteractiveBrokersClient-001: Started when loop is not running[0m
[1m2026-07-27T19:24:51.202788000Z[0m [INFO] PAPER-EQUITY-001.InteractiveBrokersClient-001: Starting InteractiveBrokersClient (1)...[0m
[1m2026-07-27T19:24:51.202799000Z[0m [INFO] PAPER-EQUITY-001.InteractiveBrokersClient-001: Connecting to 127.0.0.1:7497 with client id: 1[0m
[1m2026-07-27T19:24:51.210938000Z[0m [INFO] PAPER-EQUITY-001.InteractiveBrokersClient-001: Connected to Interactive Brokers (v223) at 20260727 12:24:51 PST from 127.0.0.1:7497 with client id: 1[0m
[1m2026-07-27T19:24:51.212461000Z[0m [1;33m[WARN] PAPER-EQUITY-001.InteractiveBrokersClient-001: Market data farm connection is OK:cashfarm (code: 2104, req_id=-1)[0m
[1m2026-07-27T19:24:51.212567000Z[0m [INFO] PAPER-EQUITY-001.InteractiveBrokersClient-001: RUNNING[0m
[1m2026-07-27T19:24:51.212591000Z[0m [INFO] PAPER-EQUITY-001.InteractiveBrokersInstrumentProvider: READY[0m
[1m2026-07-27T19:24:51.212652000Z[0m [INFO] PAPER-EQUITY-001.DataClient-IB: READY[0m
[1m2026-07-27T19:24:51.212677000Z[0m [INFO] PAPER-EQUITY-001.DataEngine: Registered IB for default routing[0m
[1m2026-07-27T19:24:51.212683000Z[0m [INFO] PAPER-EQUITY-001.TradingNode: Building execution client for IB[0m
[1m2026-07-27T19:24:51.212728000Z[0m [INFO] PAPER-EQUITY-001.ExecClient-IB: READY[0m
[1m2026-07-27T19:24:51.212742000Z[0m [INFO] PAPER-EQUITY-001.ExecEngine: Registered ExecutionClient-IB for default routing[0m
[1m2026-07-27T19:24:51.212773000Z[0m [1;33m[WARN] PAPER-EQUITY-001.InteractiveBrokersClient-001: Market data farm connection is OK:uscrypto (code: 2104, req_id=-1)[0m
[1m2026-07-27T19:24:51.212787000Z[0m [INFO] PAPER-EQUITY-001.TradingNode: STARTING[0m
[1m2026-07-27T19:24:51.212808000Z[0m [INFO] PAPER-EQUITY-001.DataClient-IB: RUNNING[0m
[1m2026-07-27T19:24:51.212818000Z[0m [INFO] PAPER-EQUITY-001.DataEngine: RUNNING[0m
[1m2026-07-27T19:24:51.212828000Z[0m [INFO] PAPER-EQUITY-001.RiskEngine: RUNNING[0m
[1m2026-07-27T19:24:51.212834000Z[0m [INFO] PAPER-EQUITY-001.ExecClient-IB: RUNNING[0m
[1m2026-07-27T19:24:51.212839000Z[0m [INFO] PAPER-EQUITY-001.ExecEngine: Starting position snapshots timer at 60.0 second intervals[0m
[1m2026-07-27T19:24:51.212961000Z[0m [94m[INFO] PAPER-EQUITY-001.ExecEngine: Started reconciliation task[0m
[1m2026-07-27T19:24:51.212968000Z[0m [INFO] PAPER-EQUITY-001.ExecEngine: RUNNING[0m
[1m2026-07-27T19:24:51.212971000Z[0m [INFO] PAPER-EQUITY-001.DataEngine: Connecting all clients...[0m
[1m2026-07-27T19:24:51.212972000Z[0m [INFO] PAPER-EQUITY-001.DataClient-IB: Connecting...[0m
[1m2026-07-27T19:24:51.212978000Z[0m [INFO] PAPER-EQUITY-001.ExecEngine: Connecting all clients...[0m
[1m2026-07-27T19:24:51.212979000Z[0m [INFO] PAPER-EQUITY-001.ExecClient-IB: Connecting...[0m
[1m2026-07-27T19:24:51.212985000Z[0m [94m[INFO] PAPER-EQUITY-001.TradingNode: Awaiting engine connections and initializations (60.0s timeout)...[0m
[1m2026-07-27T19:24:51.213065000Z[0m [94m[INFO] PAPER-EQUITY-001.ExecEngine: Starting continuous reconciliation with intervals: inflight=2000ms, consistency=Nones, position=Nones[0m
[1m2026-07-27T19:24:51.213066000Z[0m [94m[INFO] PAPER-EQUITY-001.ExecEngine: Awaiting startup reconciliation completion before starting continuous checks[0m
[1m2026-07-27T19:24:51.213071000Z[0m [INFO] PAPER-EQUITY-001.InteractiveBrokersClient-001: Setting Market DataType to REALTIME[0m
[1m2026-07-27T19:24:51.213127000Z[0m [1;33m[WARN] PAPER-EQUITY-001.InteractiveBrokersInstrumentProvider: No loading configured: ensure either `load_all=True` or there are `load_ids`[0m
[1m2026-07-27T19:24:51.213196000Z[0m [1;33m[WARN] PAPER-EQUITY-001.InteractiveBrokersInstrumentProvider: No loading configured: ensure either `load_all=True` or there are `load_ids`[0m
[1m2026-07-27T19:24:51.213220000Z[0m [1;33m[WARN] PAPER-EQUITY-001.InteractiveBrokersClient-001: Market data farm connection is OK:usfuture (code: 2104, req_id=-1)[0m
[1m2026-07-27T19:24:51.213311000Z[0m [1;33m[WARN] PAPER-EQUITY-001.InteractiveBrokersClient-001: Market data farm connection is OK:usopt.nj (code: 2104, req_id=-1)[0m
[1m2026-07-27T19:24:51.213394000Z[0m [1;33m[WARN] PAPER-EQUITY-001.InteractiveBrokersClient-001: Market data farm connection is OK:usfarm.nj (code: 2104, req_id=-1)[0m
[1m2026-07-27T19:24:51.213470000Z[0m [1;33m[WARN] PAPER-EQUITY-001.InteractiveBrokersClient-001: Market data farm connection is OK:usfarm (code: 2104, req_id=-1)[0m
[1m2026-07-27T19:24:51.213546000Z[0m [1;33m[WARN] PAPER-EQUITY-001.InteractiveBrokersClient-001: HMDS data farm connection is OK:euhmds (code: 2106, req_id=-1)[0m
[1m2026-07-27T19:24:51.213606000Z[0m [1;33m[WARN] PAPER-EQUITY-001.InteractiveBrokersClient-001: HMDS data farm connection is OK:fundfarm (code: 2106, req_id=-1)[0m
[1m2026-07-27T19:24:51.213669000Z[0m [1;33m[WARN] PAPER-EQUITY-001.InteractiveBrokersClient-001: HMDS data farm connection is OK:ushmds (code: 2106, req_id=-1)[0m
[1m2026-07-27T19:24:51.213713000Z[0m [1;33m[WARN] PAPER-EQUITY-001.InteractiveBrokersClient-001: Sec-def data farm connection is OK:secdefil (code: 2158, req_id=-1)[0m
[1m2026-07-27T19:24:51.347733000Z[0m [INFO] PAPER-EQUITY-001.InteractiveBrokersInstrumentProvider: Contract qualified for SPY.ARCA with ConId=756733[0m
[1m2026-07-27T19:24:51.348045000Z[0m [INFO] PAPER-EQUITY-001.InteractiveBrokersInstrumentProvider: Adding instrument=Equity(id=SPY.SMART, raw_symbol=SPY, asset_class=EQUITY, instrument_class=SPOT, quote_currency=USD, is_inverse=False, price_precision=2, price_increment=0.01, size_precision=0, size_increment=1, multiplier=1, lot_size=100, margin_init=0, margin_maint=0, maker_fee=0, taker_fee=0, info={'contract': {'secType': 'STK', 'conId': 756733, 'exchange': 'SMART', 'primaryExchange': 'ARCA', 'symbol': 'SPY', 'localSymbol': 'SPY', 'currency': 'USD', 'tradingClass': 'SPY', 'lastTradeDateOrContractMonth': '', 'lastTradeDate': '', 'multiplier': '', 'strike': 1.7976931348623157e+308, 'right': '', 'includeExpired': False, 'secIdType': '', 'secId': '', 'description': '', 'issuerId': '', 'comboLegsDescrip': '', 'comboLegs': [], 'deltaNeutralContract': None, 'build_futures_chain': None, 'build_options_chain': None, 'options_chain_exchange': None, 'min_expiry_days': None, 'max_expiry_days': None}, 'marketName': 'SPY', 'minTick': 0.01, 'orderTypes': 'ACTIVETIM,AD,ADDONT,ADJUST,ALERT,ALGO,ALLOC,AON,AVGCOST,BASKET,BENCHPX,CASHQTY,COND,CONDORDER,DARKONLY,DARKPOLL,DAY,DEACT,DEACTDIS,DEACTEOD,DIS,DUR,GAT,GTC,GTD,GTT,HID,IBKRATS,ICE,IOC,LIT,LMT,LOC,MIDPX,MIT,MKT,MOC,MTL,NGCOMB,NODARK,NONALGO,OCA,OPG,OPGREROUT,PEGBENCH,PEGMID,POSTATS,POSTONLY,PREOPGRTH,PRICECHK,REL,REL2MID,RELPCTOFS,RTH,SCALE,SCALEODD,SCALERST,SIZECHK,SNAPMID,SNAPMKT,SNAPREL,STP,STPLMT,SWEEP,TRAIL,TRAILLIT,TRAILLMT,TRAILMIT,WHATIF', 'validExchanges': 'SMART,AMEX,NYSE,CBOE,PHLX,ISE,CHX,ARCA,NASDAQ,DRCTEDGE,BEX,BATS,EDGEA,BYX,IEX,EDGX,FOXRIVER,PEARL,NYSENAT,LTSE,MEMX,IBEOS,OVERNIGHT,TPLUS0,PSX,T24X,TXSE', 'priceMagnifier': 1, 'underConId': 0, 'longName': 'SS SPDR S&P 500 ETF TRUST-US', 'contractMonth': '', 'industry': '', 'category': '', 'subcategory': '', 'timeZoneId': 'US/Eastern', 'tradingHours': '20260727:0400-20260727:2000;20260728:0400-20260728:2000;20260729:0400-20260729:2000;20260730:0400-20260730:2000;20260731:0400-20260731:2000', 'liquidHours': '20260727:0930-20260727:1600;20260728:0930-20260728:1600;20260729:0930-20260729:1600;20260730:0930-20260730:1600;20260731:0930-20260731:1600', 'evRule': '', 'evMultiplier': 0, 'mdSizeMultiplier': 1, 'aggGroup': 1, 'underSymbol': '', 'underSecType': '', 'marketRuleIds': '4563,4563,4563,4563,4563,4563,4563,4563,4563,4563,4563,4563,4563,4563,4563,4563,4563,4563,4563,4563,4563,4563,4563,4563,4563,4563,4563', 'secIdList': {'ISIN': 'US78462F1030'}, 'realExpirationDate': '', 'lastTradeTime': '', 'stockType': 'ETF', 'minSize': '0.0001', 'sizeIncrement': '0.0001', 'suggestedSizeIncrement': '40', 'minAlgoSize': '0', 'lastPricePrecision': '0.000001', 'lastSizePrecision': '0.000001', 'cusip': '', 'ratings': '', 'descAppend': '', 'bondType': '', 'couponType': '', 'callable': False, 'putable': False, 'coupon': 0, 'convertible': False, 'maturity': '', 'issueDate': '', 'nextOptionDate': '', 'nextOptionType': '', 'nextOptionPartial': False, 'notes': '', 'fundName': '', 'fundFamily': '', 'fundType': '', 'fundFrontLoad': '', 'fundBackLoad': '', 'fundBackLoadTimeInterval': '', 'fundManagementFee': '', 'fundClosed': False, 'fundClosedForNewInvestors': False, 'fundClosedForNewMoney': False, 'fundNotifyAmount': '', 'fundMinimumInitialPurchase': '', 'fundSubsequentMinimumPurchase': '', 'fundBlueSkyStates': '', 'fundBlueSkyTerritories': '', 'fundDistributionPolicyIndicator': ('None', 'None'), 'fundAssetType': ('None', 'None'), 'ineligibilityReasonList': None, 'eventContract1': '', 'eventContractDescription1': '', 'eventContractDescription2': ''}) from InteractiveBrokersInstrumentProvider[0m
[1m2026-07-27T19:24:51.348074000Z[0m [INFO] PAPER-EQUITY-001.InteractiveBrokersInstrumentProvider: Contract qualified for SPY.ARCA with ConId=756733[0m
[1m2026-07-27T19:24:51.348252000Z[0m [INFO] PAPER-EQUITY-001.InteractiveBrokersInstrumentProvider: Adding instrument=Equity(id=SPY.SMART, raw_symbol=SPY, asset_class=EQUITY, instrument_class=SPOT, quote_currency=USD, is_inverse=False, price_precision=2, price_increment=0.01, size_precision=0, size_increment=1, multiplier=1, lot_size=100, margin_init=0, margin_maint=0, maker_fee=0, taker_fee=0, info={'contract': {'secType': 'STK', 'conId': 756733, 'exchange': 'SMART', 'primaryExchange': 'ARCA', 'symbol': 'SPY', 'localSymbol': 'SPY', 'currency': 'USD', 'tradingClass': 'SPY', 'lastTradeDateOrContractMonth': '', 'lastTradeDate': '', 'multiplier': '', 'strike': 1.7976931348623157e+308, 'right': '', 'includeExpired': False, 'secIdType': '', 'secId': '', 'description': '', 'issuerId': '', 'comboLegsDescrip': '', 'comboLegs': [], 'deltaNeutralContract': None, 'build_futures_chain': None, 'build_options_chain': None, 'options_chain_exchange': None, 'min_expiry_days': None, 'max_expiry_days': None}, 'marketName': 'SPY', 'minTick': 0.01, 'orderTypes': 'ACTIVETIM,AD,ADDONT,ADJUST,ALERT,ALGO,ALLOC,AON,AVGCOST,BASKET,BENCHPX,CASHQTY,COND,CONDORDER,DARKONLY,DARKPOLL,DAY,DEACT,DEACTDIS,DEACTEOD,DIS,DUR,GAT,GTC,GTD,GTT,HID,IBKRATS,ICE,IOC,LIT,LMT,LOC,MIDPX,MIT,MKT,MOC,MTL,NGCOMB,NODARK,NONALGO,OCA,OPG,OPGREROUT,PEGBENCH,PEGMID,POSTATS,POSTONLY,PREOPGRTH,PRICECHK,REL,REL2MID,RELPCTOFS,RTH,SCALE,SCALEODD,SCALERST,SIZECHK,SNAPMID,SNAPMKT,SNAPREL,STP,STPLMT,SWEEP,TRAIL,TRAILLIT,TRAILLMT,TRAILMIT,WHATIF', 'validExchanges': 'SMART,AMEX,NYSE,CBOE,PHLX,ISE,CHX,ARCA,NASDAQ,DRCTEDGE,BEX,BATS,EDGEA,BYX,IEX,EDGX,FOXRIVER,PEARL,NYSENAT,LTSE,MEMX,IBEOS,OVERNIGHT,TPLUS0,PSX,T24X,TXSE', 'priceMagnifier': 1, 'underConId': 0, 'longName': 'SS SPDR S&P 500 ETF TRUST-US', 'contractMonth': '', 'industry': '', 'category': '', 'subcategory': '', 'timeZoneId': 'US/Eastern', 'tradingHours': '20260727:0400-20260727:2000;20260728:0400-20260728:2000;20260729:0400-20260729:2000;20260730:0400-20260730:2000;20260731:0400-20260731:2000', 'liquidHours': '20260727:0930-20260727:1600;20260728:0930-20260728:1600;20260729:0930-20260729:1600;20260730:0930-20260730:1600;20260731:0930-20260731:1600', 'evRule': '', 'evMultiplier': 0, 'mdSizeMultiplier': 1, 'aggGroup': 1, 'underSymbol': '', 'underSecType': '', 'marketRuleIds': '4563,4563,4563,4563,4563,4563,4563,4563,4563,4563,4563,4563,4563,4563,4563,4563,4563,4563,4563,4563,4563,4563,4563,4563,4563,4563,4563', 'secIdList': {'ISIN': 'US78462F1030'}, 'realExpirationDate': '', 'lastTradeTime': '', 'stockType': 'ETF', 'minSize': '0.0001', 'sizeIncrement': '0.0001', 'suggestedSizeIncrement': '40', 'minAlgoSize': '0', 'lastPricePrecision': '0.000001', 'lastSizePrecision': '0.000001', 'cusip': '', 'ratings': '', 'descAppend': '', 'bondType': '', 'couponType': '', 'callable': False, 'putable': False, 'coupon': 0, 'convertible': False, 'maturity': '', 'issueDate': '', 'nextOptionDate': '', 'nextOptionType': '', 'nextOptionPartial': False, 'notes': '', 'fundName': '', 'fundFamily': '', 'fundType': '', 'fundFrontLoad': '', 'fundBackLoad': '', 'fundBackLoadTimeInterval': '', 'fundManagementFee': '', 'fundClosed': False, 'fundClosedForNewInvestors': False, 'fundClosedForNewMoney': False, 'fundNotifyAmount': '', 'fundMinimumInitialPurchase': '', 'fundSubsequentMinimumPurchase': '', 'fundBlueSkyStates': '', 'fundBlueSkyTerritories': '', 'fundDistributionPolicyIndicator': ('None', 'None'), 'fundAssetType': ('None', 'None'), 'ineligibilityReasonList': None, 'eventContract1': '', 'eventContractDescription1': '', 'eventContractDescription2': ''}) from InteractiveBrokersInstrumentProvider[0m
[1m2026-07-27T19:24:51.348264000Z[0m [92m[INFO] PAPER-EQUITY-001.ExecClient-IB: Account `DUR143045` found in the connected TWS/Gateway[0m
[1m2026-07-27T19:24:51.348330000Z[0m [92m[INFO] PAPER-EQUITY-001.DataClient-IB: Connected[0m
[1m2026-07-27T19:24:51.429357000Z[0m [94m[INFO] PAPER-EQUITY-001.TradingNode: Awaiting execution state reconciliation (30.0s timeout)...[0m
[1m2026-07-27T19:24:51.429380000Z[0m [92m[INFO] PAPER-EQUITY-001.ExecClient-IB: Connected[0m
[1m2026-07-27T19:24:51.429394000Z[0m [INFO] PAPER-EQUITY-001.ExecClient-IB: Generating ExecutionMassStatus...[0m
[1m2026-07-27T19:24:51.430047000Z[0m [INFO] PAPER-EQUITY-001.ExecClient-IB: Generated 0 FillReports[0m
[1m2026-07-27T19:24:51.455952000Z[0m [INFO] PAPER-EQUITY-001.Portfolio: Updated AccountState(account_id=IB-DUR143045, account_type=MARGIN, base_currency=None, is_reported=True, balances=[AccountBalance(total=1_002_150.50 USD, locked=1_978.34 USD, free=1_000_172.16 USD)], margins=[MarginBalance(initial=0.00 USD, maintenance=0.00 USD, instrument_id=None)], event_id=61b00658-987e-46fc-b098-3d811d59cf91)[0m
[1m2026-07-27T19:24:51.529584000Z[0m [94m[INFO] PAPER-EQUITY-001.ExecEngine: Reconciling ExecutionMassStatus for None[0m
[1m2026-07-27T19:24:51.529592000Z[0m [94m[INFO] PAPER-EQUITY-001.ExecEngine: Attempting to adjust fills for 0 instruments[0m
[1m2026-07-27T19:24:51.529632000Z[0m [94m[INFO] PAPER-EQUITY-001.ExecEngine: Updating adjusted fills for 0 instruments[0m
[1m2026-07-27T19:24:51.529634000Z[0m [94m[INFO] PAPER-EQUITY-001.ExecEngine: Final order_reports contains 0 orders, fill_reports contains 0 fills across all instruments[0m
[1m2026-07-27T19:24:51.529671000Z[0m [92m[INFO] PAPER-EQUITY-001.ExecEngine: Reconciliation for IB succeeded[0m
[1m2026-07-27T19:24:51.529676000Z[0m [92m[INFO] PAPER-EQUITY-001.TradingNode: Execution state reconciled[0m
[1m2026-07-27T19:24:51.529686000Z[0m [INFO] PAPER-EQUITY-001.OrderEmulator: No emulated orders to reactivate[0m
[1m2026-07-27T19:24:51.529694000Z[0m [INFO] PAPER-EQUITY-001.OrderEmulator: RUNNING[0m
[1m2026-07-27T19:24:51.529702000Z[0m [INFO] PAPER-EQUITY-001.Portfolio: Initialized 0 open orders[0m
[1m2026-07-27T19:24:51.529704000Z[0m [INFO] PAPER-EQUITY-001.Portfolio: Initialized 0 open positions[0m
[1m2026-07-27T19:24:51.529709000Z[0m [94m[INFO] PAPER-EQUITY-001.TradingNode: Awaiting portfolio initialization (10.0s timeout)...[0m
[1m2026-07-27T19:24:51.529755000Z[0m [92m[INFO] PAPER-EQUITY-001.ExecEngine: Startup reconciliation completed[0m
[1m2026-07-27T19:24:51.529757000Z[0m [94m[INFO] PAPER-EQUITY-001.ExecEngine: Applying post-reconciliation startup delay (10.0s)[0m
[1m2026-07-27T19:24:51.529768000Z[0m [92m[INFO] PAPER-EQUITY-001.TradingNode: Portfolio initialized[0m
[1m2026-07-27T19:24:51.529777000Z[0m [94m[INFO] PAPER-EQUITY-001.MLStrategy: self.config.oms_type=None[0m
[1m2026-07-27T19:24:51.529778000Z[0m [94m[INFO] PAPER-EQUITY-001.MLStrategy: self.config.external_order_claims=None[0m
[1m2026-07-27T19:24:51.529779000Z[0m [94m[INFO] PAPER-EQUITY-001.MLStrategy: self.config.manage_gtd_expiry=False[0m
[1m2026-07-27T19:24:51.529784000Z[0m [94m[INFO] PAPER-EQUITY-001.MLStrategy: Set ClientOrderIdGenerator client_order_id count to 0[0m
[1m2026-07-27T19:24:51.529785000Z[0m [94m[INFO] PAPER-EQUITY-001.MLStrategy: Set ClientOrderIdGenerator order_list_id count to 0[0m
[1m2026-07-27T19:24:51.529948000Z[0m [INFO] PAPER-EQUITY-001.MLStrategy: [CMD]--> SubscribeBars(bar_type=SPY.SMART-1-DAY-LAST-EXTERNAL, client_id=None, venue=SMART)[0m
[1m2026-07-27T19:24:51.529956000Z[0m [INFO] PAPER-EQUITY-001.MLStrategy: Subscribed SPY.SMART-1-DAY-LAST-EXTERNAL[0m
[1m2026-07-27T19:24:51.529959000Z[0m [1;33m[WARN] PAPER-EQUITY-001.MLStrategy: Ignoring legacy risk snapshot without an allocated-equity baseline[0m
[1m2026-07-27T19:24:51.529989000Z[0m [INFO] PAPER-EQUITY-001.MLStrategy: RUNNING[0m
[1m2026-07-27T19:24:51.529994000Z[0m [INFO] PAPER-EQUITY-001.PAPER-EQUITY-001: RUNNING[0m
[1m2026-07-27T19:24:51.529997000Z[0m [INFO] PAPER-EQUITY-001.TradingNode: RUNNING[0m
[1m2026-07-27T19:24:51.530140000Z[0m [INFO] PAPER-EQUITY-001.InteractiveBrokersClient-001: Creating and registering a new Subscription instance for SPY.SMART-1-DAY-LAST-EXTERNAL[0m
[1m2026-07-27T19:24:51.530245000Z[0m [94m[INFO] PAPER-EQUITY-001.DataClient-IB: Subscribed SPY.SMART-1-DAY-LAST-EXTERNAL bars[0m
[1m2026-07-27T19:27:03.994795000Z[0m [INFO] PAPER-EQUITY-001.Portfolio: Updated AccountState(account_id=IB-DUR143045, account_type=MARGIN, base_currency=None, is_reported=True, balances=[AccountBalance(total=1_002_150.50 USD, locked=1_978.34 USD, free=1_000_172.16 USD)], margins=[MarginBalance(initial=0.00 USD, maintenance=0.00 USD, instrument_id=None)], event_id=3b94b0e8-b972-4a9c-95cd-f55be07e6184)[0m
[1m2026-07-27T19:30:03.993152000Z[0m [INFO] PAPER-EQUITY-001.Portfolio: Updated AccountState(account_id=IB-DUR143045, account_type=MARGIN, base_currency=None, is_reported=True, balances=[AccountBalance(total=1_002_150.50 USD, locked=1_978.34 USD, free=1_000_172.16 USD)], margins=[MarginBalance(initial=0.00 USD, maintenance=0.00 USD, instrument_id=None)], event_id=11353766-1572-4601-beea-1b29fb399113)[0m
[1m2026-07-27T19:32:51.803533000Z[0m [1;33m[WARN] PAPER-EQUITY-001.TradingNode: Received SIGINT, shutting down[0m
[1m2026-07-27T19:32:51.803593000Z[0m [INFO] PAPER-EQUITY-001.TradingNode: STOPPING[0m
[1m2026-07-27T19:32:51.803956000Z[0m [INFO] PAPER-EQUITY-001.MLStrategy: [CMD]--> UnsubscribeBars(bar_type=SPY.SMART-1-DAY-LAST-EXTERNAL, client_id=None, venue=SMART)[0m
[1m2026-07-27T19:32:51.803984000Z[0m [INFO] PAPER-EQUITY-001.MLStrategy: Unsubscribed from SPY.SMART-1-DAY-LAST-EXTERNAL bar data[0m
[1m2026-07-27T19:32:51.803993000Z[0m [INFO] PAPER-EQUITY-001.MLStrategy: Canceling executor tasks[0m
[1m2026-07-27T19:32:51.804085000Z[0m [INFO] PAPER-EQUITY-001.MLStrategy: STOPPED[0m
[1m2026-07-27T19:32:51.804107000Z[0m [INFO] PAPER-EQUITY-001.PAPER-EQUITY-001: STOPPED[0m
[1m2026-07-27T19:32:51.804127000Z[0m [94m[INFO] PAPER-EQUITY-001.TradingNode: Awaiting post stop (10.0s timeout)...[0m
[1m2026-07-27T19:32:51.804843000Z[0m [94m[INFO] PAPER-EQUITY-001.DataClient-IB: Unsubscribed SPY.SMART-1-DAY-LAST-EXTERNAL bars[0m
[1m2026-07-27T19:32:51.806898000Z[0m [1;31m[ERROR] PAPER-EQUITY-001.InteractiveBrokersClient-001: Historical Market Data Service error message:API historical data query cancelled: 10006 (code: 162, req_id=10006)[0m
[1m2026-07-27T19:32:51.806944000Z[0m [1;33m[WARN] PAPER-EQUITY-001.InteractiveBrokersClient-001: Unhandled error: 162 for req_id 10006[0m
[1m2026-07-27T19:33:01.805530000Z[0m [94m[INFO] PAPER-EQUITY-001.MLStrategy: Saved state: ['ml_strategy.json'][0m
[1m2026-07-27T19:33:01.805800000Z[0m [INFO] PAPER-EQUITY-001.DataClient-IB: STOPPED[0m
[1m2026-07-27T19:33:01.805838000Z[0m [INFO] PAPER-EQUITY-001.ExecClient-IB: STOPPED[0m
[1m2026-07-27T19:33:01.805859000Z[0m [INFO] PAPER-EQUITY-001.DataEngine: Disconnecting all clients...[0m
[1m2026-07-27T19:33:01.805867000Z[0m [INFO] PAPER-EQUITY-001.DataClient-IB: Disconnecting...[0m
[1m2026-07-27T19:33:01.805999000Z[0m [INFO] PAPER-EQUITY-001.ExecEngine: Disconnecting all clients...[0m
[1m2026-07-27T19:33:01.806010000Z[0m [INFO] PAPER-EQUITY-001.ExecClient-IB: Disconnecting...[0m
[1m2026-07-27T19:33:01.806055000Z[0m [94m[INFO] PAPER-EQUITY-001.TradingNode: Awaiting engine disconnections (10.0s timeout)...[0m
[1m2026-07-27T19:33:01.806420000Z[0m [INFO] PAPER-EQUITY-001.InteractiveBrokersClient-001: STOPPED[0m
[1m2026-07-27T19:33:01.806470000Z[0m [92m[INFO] PAPER-EQUITY-001.DataClient-IB: Disconnected[0m
[1m2026-07-27T19:33:01.806509000Z[0m [92m[INFO] PAPER-EQUITY-001.ExecClient-IB: Disconnected[0m
[1m2026-07-27T19:33:01.806619000Z[0m [INFO] PAPER-EQUITY-001.DataEngine: STOPPED[0m
[1m2026-07-27T19:33:01.806671000Z[0m [INFO] PAPER-EQUITY-001.RiskEngine: STOPPED[0m
[1m2026-07-27T19:33:01.806690000Z[0m [INFO] PAPER-EQUITY-001.ExecEngine: Canceling position snapshots timer[0m
[1m2026-07-27T19:33:01.806751000Z[0m [INFO] PAPER-EQUITY-001.ExecEngine: STOPPED[0m
[1m2026-07-27T19:33:01.806775000Z[0m [INFO] PAPER-EQUITY-001.OrderEmulator: STOPPED[0m
[1m2026-07-27T19:33:01.806794000Z[0m [INFO] PAPER-EQUITY-001.TradingNode: STOPPED[0m
[1m2026-07-27T19:33:01.806821000Z[0m [INFO] PAPER-EQUITY-001.InteractiveBrokersClient-001: Stopping InteractiveBrokersClient (1)...[0m
[1m2026-07-27T19:33:01.807134000Z[0m [INFO] PAPER-EQUITY-001.InteractiveBrokersClient-001: All tasks canceled successfully.[0m
[1m2026-07-27T19:33:01.807653000Z[0m [INFO] PAPER-EQUITY-001.DataClient-IB: DISPOSED[0m
[1m2026-07-27T19:33:01.807665000Z[0m [INFO] PAPER-EQUITY-001.DataEngine: DISPOSED[0m
[1m2026-07-27T19:33:01.807677000Z[0m [INFO] PAPER-EQUITY-001.RiskEngine: DISPOSED[0m
[1m2026-07-27T19:33:01.807697000Z[0m [INFO] PAPER-EQUITY-001.ExecClient-IB: DISPOSED[0m
[1m2026-07-27T19:33:01.807704000Z[0m [INFO] PAPER-EQUITY-001.ExecEngine: DISPOSED[0m
[1m2026-07-27T19:33:01.807756000Z[0m [INFO] PAPER-EQUITY-001.OrderEmulator: DISPOSED[0m
[1m2026-07-27T19:33:01.807778000Z[0m [INFO] PAPER-EQUITY-001.PAPER-EQUITY-001: Cleared actors[0m
[1m2026-07-27T19:33:01.807797000Z[0m [INFO] PAPER-EQUITY-001.MLStrategy: DISPOSED[0m
[1m2026-07-27T19:33:01.807813000Z[0m [INFO] PAPER-EQUITY-001.PAPER-EQUITY-001: Cleared trading strategies[0m
[1m2026-07-27T19:33:01.807817000Z[0m [INFO] PAPER-EQUITY-001.PAPER-EQUITY-001: Cleared execution algorithms[0m
[1m2026-07-27T19:33:01.807825000Z[0m [INFO] PAPER-EQUITY-001.PAPER-EQUITY-001: DISPOSED[0m
[1m2026-07-27T19:33:01.807883000Z[0m [INFO] PAPER-EQUITY-001.Cache: Reset[0m
[1m2026-07-27T19:33:01.809510000Z[0m [INFO] PAPER-EQUITY-001.CacheDatabaseAdapter: Closed cache database adapter[0m
[1m2026-07-27T19:33:01.809633000Z[0m [INFO] PAPER-EQUITY-001.MessageBus: Closed message bus[0m
[1m2026-07-27T19:33:01.809652000Z[0m [INFO] PAPER-EQUITY-001.TradingNode: Shutting down executor[0m
[1m2026-07-27T19:33:01.819877000Z[0m [INFO] PAPER-EQUITY-001.TradingNode: Closing event loop[0m
Task was destroyed but it is pending!
task: <Task pending name='_stop_async' coro=<InteractiveBrokersClient._stop_async() running at /Users/lindawang/Documents/Workspace/quant/.quant312/lib/python3.12/site-packages/nautilus_trader/adapters/interactive_brokers/client/client.py:391> wait_for=<_GatheringFuture finished result=[None]> cb=[InteractiveBrokersClient._on_task_completed(None, None)()]>
[1m2026-07-27T19:33:01.820604000Z[0m [INFO] PAPER-EQUITY-001.TradingNode: loop.is_running=False[0m
[1m2026-07-27T19:33:01.820610000Z[0m [INFO] PAPER-EQUITY-001.TradingNode: loop.is_closed=True[0m
[1m2026-07-27T19:33:01.820612000Z[0m [INFO] PAPER-EQUITY-001.TradingNode: DISPOSED[0m
