[1m2026-07-27T18:59:55.499504000Z[0m [36m[INFO] PAPER-001.TradingNode: =================================================================[0m
[1m2026-07-27T18:59:55.499512000Z[0m [36m[INFO] PAPER-001.TradingNode:  NAUTILUS TRADER - Automated Algorithmic Trading Platform[0m
[1m2026-07-27T18:59:55.499512001Z[0m [36m[INFO] PAPER-001.TradingNode:  by Nautech Systems Pty Ltd.[0m
[1m2026-07-27T18:59:55.499512002Z[0m [36m[INFO] PAPER-001.TradingNode:  Copyright (C) 2015-2026. All rights reserved.[0m
[1m2026-07-27T18:59:55.499512003Z[0m [36m[INFO] PAPER-001.TradingNode: =================================================================[0m
[1m2026-07-27T18:59:55.499513000Z[0m [INFO] PAPER-001.TradingNode: [0m
[1m2026-07-27T18:59:55.499513001Z[0m [INFO] PAPER-001.TradingNode: ⠀⠀⠀⠀⠀⠀⠀⠀⠀⠀⠀⠀⠀⣠⣴⣶⡟⠀⠀⠀⠀⠀⠀⠀⠀⠀⠀⠀⠀⠀⠀[0m
[1m2026-07-27T18:59:55.499513002Z[0m [INFO] PAPER-001.TradingNode: ⠀⠀⠀⠀⠀⠀⠀⠀⠀⠀⠀⣰⣾⣿⣿⣿⠀⢸⣿⣿⣿⣿⣶⣶⣤⣀⠀⠀⠀⠀⠀[0m
[1m2026-07-27T18:59:55.499513003Z[0m [INFO] PAPER-001.TradingNode: ⠀⠀⠀⠀⠀⠀⢀⣴⡇⢀⣾⣿⣿⣿⣿⣿⠀⣾⣿⣿⣿⣿⣿⣿⣿⠿⠓⠀⠀⠀⠀[0m
[1m2026-07-27T18:59:55.499513004Z[0m [INFO] PAPER-001.TradingNode: ⠀⠀⠀⠀⠀⣰⣿⣿⡀⢸⣿⣿⣿⣿⣿⣿⠀⣿⣿⣿⣿⣿⣿⠟⠁⣠⣄⠀⠀⠀⠀[0m
[1m2026-07-27T18:59:55.499513005Z[0m [INFO] PAPER-001.TradingNode: ⠀⠀⠀⠀⢠⣿⣿⣿⣇⠀⢿⣿⣿⣿⣿⣿⠀⢻⣿⣿⣿⡿⢃⣠⣾⣿⣿⣧⡀⠀⠀[0m
[1m2026-07-27T18:59:55.499513006Z[0m [INFO] PAPER-001.TradingNode: ⠀⠀⠀⠠⣾⣿⣿⣿⣿⣿⣧⠈⠋⢀⣴⣧⠀⣿⡏⢠⡀⢸⣿⣿⣿⣿⣿⣿⣿⡇⠀[0m
[1m2026-07-27T18:59:55.499513007Z[0m [INFO] PAPER-001.TradingNode: ⠀⠀⠀⣀⠙⢿⣿⣿⣿⣿⣿⠇⢠⣿⣿⣿⡄⠹⠃⠼⠃⠈⠉⠛⠛⠛⠛⠛⠻⠇⠀[0m
[1m2026-07-27T18:59:55.499513008Z[0m [INFO] PAPER-001.TradingNode: ⠀⠀⢸⡟⢠⣤⠉⠛⠿⢿⣿⠀⢸⣿⡿⠋⣠⣤⣄⠀⣾⣿⣿⣶⣶⣶⣦⡄⠀⠀⠀[0m
[1m2026-07-27T18:59:55.499514000Z[0m [INFO] PAPER-001.TradingNode: ⠀⠀⠸⠀⣾⠏⣸⣷⠂⣠⣤⠀⠘⢁⣴⣾⣿⣿⣿⡆⠘⣿⣿⣿⣿⣿⣿⠀⠀⠀⠀[0m
[1m2026-07-27T18:59:55.499514001Z[0m [INFO] PAPER-001.TradingNode: ⠀⠀⠀⠀⠛⠀⣿⡟⠀⢻⣿⡄⠸⣿⣿⣿⣿⣿⣿⣿⡀⠘⣿⣿⣿⣿⠟⠀⠀⠀⠀[0m
[1m2026-07-27T18:59:55.499514002Z[0m [INFO] PAPER-001.TradingNode: ⠀⠀⠀⠀⠀⠀⣿⠇⠀⠀⢻⡿⠀⠈⠻⣿⣿⣿⣿⣿⡇⠀⢹⣿⠿⠋⠀⠀⠀⠀⠀[0m
[1m2026-07-27T18:59:55.499514003Z[0m [INFO] PAPER-001.TradingNode: ⠀⠀⠀⠀⠀⠀⠋⠀⠀⠀⡘⠁⠀⠀⠀⠀⠀⠀⠀⠀⠀⠀⠈⠁⠀⠀⠀⠀⠀⠀⠀[0m
[1m2026-07-27T18:59:55.499514004Z[0m [INFO] PAPER-001.TradingNode: [0m
[1m2026-07-27T18:59:55.499514005Z[0m [36m[INFO] PAPER-001.TradingNode: =================================================================[0m
[1m2026-07-27T18:59:55.499515000Z[0m [36m[INFO] PAPER-001.TradingNode:  SYSTEM SPECIFICATION[0m
[1m2026-07-27T18:59:55.499515001Z[0m [36m[INFO] PAPER-001.TradingNode: =================================================================[0m
[1m2026-07-27T18:59:55.499515002Z[0m [INFO] PAPER-001.TradingNode: CPU architecture: Apple M4[0m
[1m2026-07-27T18:59:55.499516000Z[0m [INFO] PAPER-001.TradingNode: CPU(s): 10 @ 4464 MHz[0m
[1m2026-07-27T18:59:55.499516001Z[0m [INFO] PAPER-001.TradingNode: OS: kernel-25.5.0 macOS 26.5.2 Tahoe[0m
[1m2026-07-27T18:59:55.499524000Z[0m [36m[INFO] PAPER-001.TradingNode: =================================================================[0m
[1m2026-07-27T18:59:55.499525000Z[0m [36m[INFO] PAPER-001.TradingNode:  MEMORY USAGE[0m
[1m2026-07-27T18:59:55.499525001Z[0m [36m[INFO] PAPER-001.TradingNode: =================================================================[0m
[1m2026-07-27T18:59:55.499527000Z[0m [INFO] PAPER-001.TradingNode: RAM-Total: 32.00 GiB[0m
[1m2026-07-27T18:59:55.499528000Z[0m [INFO] PAPER-001.TradingNode: RAM-Used: 21.62 GiB (67.56%)[0m
[1m2026-07-27T18:59:55.499528001Z[0m [INFO] PAPER-001.TradingNode: RAM-Avail: 10.38 GiB (32.44%)[0m
[1m2026-07-27T18:59:55.499529000Z[0m [INFO] PAPER-001.TradingNode: Swap: disabled[0m
[1m2026-07-27T18:59:55.499531000Z[0m [36m[INFO] PAPER-001.TradingNode: =================================================================[0m
[1m2026-07-27T18:59:55.499532000Z[0m [36m[INFO] PAPER-001.TradingNode:  IDENTIFIERS[0m
[1m2026-07-27T18:59:55.499532001Z[0m [36m[INFO] PAPER-001.TradingNode: =================================================================[0m
[1m2026-07-27T18:59:55.499532002Z[0m [INFO] PAPER-001.TradingNode: trader_id: PAPER-001[0m
[1m2026-07-27T18:59:55.499532003Z[0m [INFO] PAPER-001.TradingNode: machine_id: Mac.lan[0m
[1m2026-07-27T18:59:55.499532004Z[0m [INFO] PAPER-001.TradingNode: instance_id: c27a6f17-1dc6-4701-94fb-5a1c3582f54a[0m
[1m2026-07-27T18:59:55.499532005Z[0m [INFO] PAPER-001.TradingNode: PID: 12484[0m
[1m2026-07-27T18:59:55.499533000Z[0m [36m[INFO] PAPER-001.TradingNode: =================================================================[0m
[1m2026-07-27T18:59:55.499533001Z[0m [36m[INFO] PAPER-001.TradingNode:  VERSIONING[0m
[1m2026-07-27T18:59:55.499533002Z[0m [36m[INFO] PAPER-001.TradingNode: =================================================================[0m
[1m2026-07-27T18:59:55.499540000Z[0m [INFO] PAPER-001.TradingNode: nautilus_trader: 1.229.0[0m
[1m2026-07-27T18:59:55.499543000Z[0m [INFO] PAPER-001.TradingNode: python: 3.12.13[0m
[1m2026-07-27T18:59:55.499544000Z[0m [INFO] PAPER-001.TradingNode: numpy: 2.5.0[0m
[1m2026-07-27T18:59:55.499545000Z[0m [INFO] PAPER-001.TradingNode: pandas: 3.0.4[0m
[1m2026-07-27T18:59:55.499546000Z[0m [INFO] PAPER-001.TradingNode: msgspec: 0.21.1[0m
[1m2026-07-27T18:59:55.499548000Z[0m [INFO] PAPER-001.TradingNode: pyarrow: 24.0.0[0m
[1m2026-07-27T18:59:55.499549000Z[0m [INFO] PAPER-001.TradingNode: pytz: 2026.2[0m
[1m2026-07-27T18:59:55.499550000Z[0m [INFO] PAPER-001.TradingNode: uvloop: 0.22.1[0m
[1m2026-07-27T18:59:55.499550001Z[0m [36m[INFO] PAPER-001.TradingNode: =================================================================[0m
[1m2026-07-27T18:59:55.499556000Z[0m [INFO] PAPER-001.TradingNode: Building system kernel[0m
[1m2026-07-27T18:59:55.499627000Z[0m [INFO] PAPER-001.CacheDatabaseAdapter: READY[0m
[1m2026-07-27T18:59:55.499631000Z[0m [94m[INFO] PAPER-001.CacheDatabaseAdapter: config.database=DatabaseConfig(type=redis, host=127.0.0.1, port=6379, username=None, password=None, ssl=False, connection_timeout=20, response_timeout=20, number_of_retries=3, exponent_base=2, max_delay=1000, factor=2)[0m
[1m2026-07-27T18:59:55.499633000Z[0m [94m[INFO] PAPER-001.CacheDatabaseAdapter: config.encoding='msgpack'[0m
[1m2026-07-27T18:59:55.499633001Z[0m [94m[INFO] PAPER-001.CacheDatabaseAdapter: config.timestamps_as_iso8601=False[0m
[1m2026-07-27T18:59:55.499634000Z[0m [94m[INFO] PAPER-001.CacheDatabaseAdapter: config.buffer_interval_ms=100[0m
[1m2026-07-27T18:59:55.499634001Z[0m [94m[INFO] PAPER-001.CacheDatabaseAdapter: config.flush_on_start=False[0m
[1m2026-07-27T18:59:55.499634002Z[0m [94m[INFO] PAPER-001.CacheDatabaseAdapter: config.use_trader_prefix=True[0m
[1m2026-07-27T18:59:55.499634003Z[0m [94m[INFO] PAPER-001.CacheDatabaseAdapter: config.use_instance_id=False[0m
[1m2026-07-27T18:59:55.501011000Z[0m [94m[INFO] PAPER-001.MessageBus: config.database=None[0m
[1m2026-07-27T18:59:55.501013000Z[0m [94m[INFO] PAPER-001.MessageBus: config.encoding='json'[0m
[1m2026-07-27T18:59:55.501014000Z[0m [94m[INFO] PAPER-001.MessageBus: config.timestamps_as_iso8601=False[0m
[1m2026-07-27T18:59:55.501015000Z[0m [94m[INFO] PAPER-001.MessageBus: config.buffer_interval_ms=None[0m
[1m2026-07-27T18:59:55.501015001Z[0m [94m[INFO] PAPER-001.MessageBus: config.autotrim_mins=None[0m
[1m2026-07-27T18:59:55.501016000Z[0m [94m[INFO] PAPER-001.MessageBus: config.use_trader_prefix=True[0m
[1m2026-07-27T18:59:55.501016001Z[0m [94m[INFO] PAPER-001.MessageBus: config.use_trader_id=True[0m
[1m2026-07-27T18:59:55.501016002Z[0m [94m[INFO] PAPER-001.MessageBus: config.use_instance_id=False[0m
[1m2026-07-27T18:59:55.501017000Z[0m [94m[INFO] PAPER-001.MessageBus: config.streams_prefix='stream'[0m
[1m2026-07-27T18:59:55.501017001Z[0m [94m[INFO] PAPER-001.MessageBus: config.types_filter=None[0m
[1m2026-07-27T18:59:55.501047000Z[0m [INFO] PAPER-001.Cache: READY[0m
[1m2026-07-27T18:59:55.501344000Z[0m [INFO] PAPER-001.DataEngine: READY[0m
[1m2026-07-27T18:59:55.501397000Z[0m [94m[INFO] PAPER-001.DataEngine: config.graceful_shutdown_on_exception=False[0m
[1m2026-07-27T18:59:55.501419000Z[0m [INFO] PAPER-001.RiskEngine: READY[0m
[1m2026-07-27T18:59:55.501438000Z[0m [94m[INFO] PAPER-001.RiskEngine: TradingState is ACTIVE[0m
[1m2026-07-27T18:59:55.501518000Z[0m [INFO] PAPER-001.Throttler-ORDER_SUBMIT_THROTTLER: READY[0m
[1m2026-07-27T18:59:55.501530000Z[0m [94m[INFO] PAPER-001.RiskEngine: Set MAX_ORDER_SUBMIT_RATE: 100/00:00:01[0m
[1m2026-07-27T18:59:55.501545000Z[0m [INFO] PAPER-001.Throttler-ORDER_MODIFY_THROTTLER: READY[0m
[1m2026-07-27T18:59:55.501551000Z[0m [94m[INFO] PAPER-001.RiskEngine: Set MAX_ORDER_MODIFY_RATE: 100/00:00:01[0m
[1m2026-07-27T18:59:55.501568000Z[0m [94m[INFO] PAPER-001.RiskEngine: config.graceful_shutdown_on_exception=False[0m
[1m2026-07-27T18:59:55.501597000Z[0m [INFO] PAPER-001.ExecEngine: READY[0m
[1m2026-07-27T18:59:55.501610000Z[0m [94m[INFO] PAPER-001.ExecEngine: config.snapshot_orders=True[0m
[1m2026-07-27T18:59:55.501611000Z[0m [94m[INFO] PAPER-001.ExecEngine: config.snapshot_positions=True[0m
[1m2026-07-27T18:59:55.501612000Z[0m [94m[INFO] PAPER-001.ExecEngine: config.snapshot_positions_interval_secs=60.0[0m
[1m2026-07-27T18:59:55.501612001Z[0m [94m[INFO] PAPER-001.ExecEngine: config.allow_overfills=False[0m
[1m2026-07-27T18:59:55.501630000Z[0m [94m[INFO] PAPER-001.ExecEngine: config.reconciliation=True[0m
[1m2026-07-27T18:59:55.501631000Z[0m [94m[INFO] PAPER-001.ExecEngine: config.reconciliation_lookback_mins=None[0m
[1m2026-07-27T18:59:55.501632000Z[0m [94m[INFO] PAPER-001.ExecEngine: config.reconciliation_instrument_ids=None[0m
[1m2026-07-27T18:59:55.501632001Z[0m [94m[INFO] PAPER-001.ExecEngine: config.filter_unclaimed_external_orders=False[0m
[1m2026-07-27T18:59:55.501632002Z[0m [94m[INFO] PAPER-001.ExecEngine: config.filter_position_reports=False[0m
[1m2026-07-27T18:59:55.501633000Z[0m [94m[INFO] PAPER-001.ExecEngine: config.filtered_client_order_ids=None[0m
[1m2026-07-27T18:59:55.501633001Z[0m [94m[INFO] PAPER-001.ExecEngine: config.inflight_check_interval_ms=2000[0m
[1m2026-07-27T18:59:55.501633002Z[0m [94m[INFO] PAPER-001.ExecEngine: config.inflight_check_threshold_ms=5000[0m
[1m2026-07-27T18:59:55.501634000Z[0m [94m[INFO] PAPER-001.ExecEngine: config.inflight_check_retries=5[0m
[1m2026-07-27T18:59:55.501634001Z[0m [94m[INFO] PAPER-001.ExecEngine: config.own_books_audit_interval_secs=None[0m
[1m2026-07-27T18:59:55.501635000Z[0m [94m[INFO] PAPER-001.ExecEngine: config.open_check_interval_secs=None[0m
[1m2026-07-27T18:59:55.501635001Z[0m [94m[INFO] PAPER-001.ExecEngine: config.open_check_open_only=True[0m
[1m2026-07-27T18:59:55.501635002Z[0m [94m[INFO] PAPER-001.ExecEngine: config.open_check_lookback_mins=60[0m
[1m2026-07-27T18:59:55.501635003Z[0m [94m[INFO] PAPER-001.ExecEngine: config.open_check_threshold_ms=5000[0m
[1m2026-07-27T18:59:55.501636000Z[0m [94m[INFO] PAPER-001.ExecEngine: config.open_check_missing_retries=5[0m
[1m2026-07-27T18:59:55.501636001Z[0m [94m[INFO] PAPER-001.ExecEngine: config.max_single_order_queries_per_cycle=10[0m
[1m2026-07-27T18:59:55.501636002Z[0m [94m[INFO] PAPER-001.ExecEngine: config.single_order_query_delay_ms=100[0m
[1m2026-07-27T18:59:55.501636003Z[0m [94m[INFO] PAPER-001.ExecEngine: config.position_check_interval_secs=None[0m
[1m2026-07-27T18:59:55.501636004Z[0m [94m[INFO] PAPER-001.ExecEngine: config.position_check_lookback_mins=60[0m
[1m2026-07-27T18:59:55.501637000Z[0m [94m[INFO] PAPER-001.ExecEngine: config.position_check_threshold_ms=5000[0m
[1m2026-07-27T18:59:55.501637001Z[0m [94m[INFO] PAPER-001.ExecEngine: config.position_check_retries=3[0m
[1m2026-07-27T18:59:55.501637002Z[0m [94m[INFO] PAPER-001.ExecEngine: config.reconciliation_startup_delay_secs=10.0[0m
[1m2026-07-27T18:59:55.501637003Z[0m [94m[INFO] PAPER-001.ExecEngine: config.purge_closed_orders_interval_mins=None[0m
[1m2026-07-27T18:59:55.501638000Z[0m [94m[INFO] PAPER-001.ExecEngine: config.purge_closed_orders_buffer_mins=None[0m
[1m2026-07-27T18:59:55.501638001Z[0m [94m[INFO] PAPER-001.ExecEngine: config.purge_closed_positions_interval_mins=None[0m
[1m2026-07-27T18:59:55.501638002Z[0m [94m[INFO] PAPER-001.ExecEngine: config.purge_closed_positions_buffer_mins=None[0m
[1m2026-07-27T18:59:55.501638003Z[0m [94m[INFO] PAPER-001.ExecEngine: config.purge_account_events_interval_mins=None[0m
[1m2026-07-27T18:59:55.501638004Z[0m [94m[INFO] PAPER-001.ExecEngine: config.purge_account_events_lookback_mins=None[0m
[1m2026-07-27T18:59:55.501639000Z[0m [94m[INFO] PAPER-001.ExecEngine: config.purge_from_database=False[0m
[1m2026-07-27T18:59:55.501639001Z[0m [94m[INFO] PAPER-001.ExecEngine: config.graceful_shutdown_on_exception=False[0m
[1m2026-07-27T18:59:55.502015000Z[0m [94m[INFO] PAPER-001.Cache: Cached 1 general object from database[0m
[1m2026-07-27T18:59:55.502297000Z[0m [94m[INFO] PAPER-001.Cache: Cached 4 currencies from database[0m
[1m2026-07-27T18:59:55.502692000Z[0m [94m[INFO] PAPER-001.Cache: Cached 3 instruments from database[0m
[1m2026-07-27T18:59:55.503043000Z[0m [94m[INFO] PAPER-001.Cache: Cached 1 account from database[0m
[1m2026-07-27T18:59:55.503370000Z[0m [INFO] PAPER-001.Cache: Cached 0 orders from database[0m
[1m2026-07-27T18:59:55.503374000Z[0m [INFO] PAPER-001.Cache: Cached 0 order lists from database[0m
[1m2026-07-27T18:59:55.503486000Z[0m [INFO] PAPER-001.Cache: Cached 0 positions from database[0m
[1m2026-07-27T18:59:55.503497000Z[0m [INFO] PAPER-001.Cache: Checking data integrity[0m
[1m2026-07-27T18:59:55.503504000Z[0m [92m[INFO] PAPER-001.Cache: Integrity check passed in 6μs[0m
[1m2026-07-27T18:59:55.503514000Z[0m [INFO] PAPER-001.ExecEngine: Loaded cache in 2ms[0m
[1m2026-07-27T18:59:55.503544000Z[0m [INFO] PAPER-001.OrderEmulator: READY[0m
[1m2026-07-27T18:59:55.503575000Z[0m [INFO] PAPER-001.PAPER-001: READY[0m
[1m2026-07-27T18:59:55.503588000Z[0m [INFO] PAPER-001.TradingNode: Initialized in 4ms[0m
[1m2026-07-27T18:59:55.503595000Z[0m [94m[INFO] PAPER-001.TradingNode: has_cache_backing=True[0m
[1m2026-07-27T18:59:55.503595001Z[0m [94m[INFO] PAPER-001.TradingNode: has_msgbus_backing=False[0m
[1m2026-07-27T18:59:55.503645000Z[0m [INFO] PAPER-001.MLStrategy: READY[0m
[1m2026-07-27T18:59:55.504381000Z[0m [INFO] PAPER-001.ExecEngine: Registered OMS.UNSPECIFIED for Strategy MLStrategy-000[0m
[1m2026-07-27T18:59:55.504385000Z[0m [INFO] PAPER-001.PAPER-001: Registered Strategy MLStrategy-000[0m
[1m2026-07-27T18:59:55.504647000Z[0m [94m[INFO] PAPER-001.MLStrategy: Loaded state ['ml_strategy.json'][0m
[1m2026-07-27T18:59:55.504654000Z[0m [INFO] PAPER-001.TradingNode: Building data client for IB[0m
[1m2026-07-27T18:59:55.504682000Z[0m [INFO] PAPER-001.InteractiveBrokersClient-001: READY[0m
[1m2026-07-27T18:59:55.504765000Z[0m [1;33m[WARN] PAPER-001.InteractiveBrokersClient-001: Started when loop is not running[0m
[1m2026-07-27T18:59:55.504837000Z[0m [INFO] PAPER-001.InteractiveBrokersClient-001: Starting InteractiveBrokersClient (1)...[0m
[1m2026-07-27T18:59:55.504850000Z[0m [INFO] PAPER-001.InteractiveBrokersClient-001: Connecting to 127.0.0.1:7497 with client id: 1[0m
[1m2026-07-27T18:59:55.513863000Z[0m [INFO] PAPER-001.InteractiveBrokersClient-001: Connected to Interactive Brokers (v223) at 20260727 11:59:55 PST from 127.0.0.1:7497 with client id: 1[0m
[1m2026-07-27T18:59:55.515129000Z[0m [1;33m[WARN] PAPER-001.InteractiveBrokersClient-001: Market data farm connection is OK:cashfarm (code: 2104, req_id=-1)[0m
[1m2026-07-27T18:59:55.515210000Z[0m [1;33m[WARN] PAPER-001.InteractiveBrokersClient-001: Market data farm connection is OK:uscrypto (code: 2104, req_id=-1)[0m
[1m2026-07-27T18:59:55.515301000Z[0m [INFO] PAPER-001.InteractiveBrokersClient-001: RUNNING[0m
[1m2026-07-27T18:59:55.515324000Z[0m [INFO] PAPER-001.InteractiveBrokersInstrumentProvider: READY[0m
[1m2026-07-27T18:59:55.515365000Z[0m [INFO] PAPER-001.DataClient-IB: READY[0m
[1m2026-07-27T18:59:55.515392000Z[0m [INFO] PAPER-001.DataEngine: Registered IB for default routing[0m
[1m2026-07-27T18:59:55.515397000Z[0m [INFO] PAPER-001.TradingNode: Building execution client for IB[0m
[1m2026-07-27T18:59:55.515426000Z[0m [INFO] PAPER-001.ExecClient-IB: READY[0m
[1m2026-07-27T18:59:55.515440000Z[0m [INFO] PAPER-001.ExecEngine: Registered ExecutionClient-IB for default routing[0m
[1m2026-07-27T18:59:55.515470000Z[0m [1;33m[WARN] PAPER-001.InteractiveBrokersClient-001: Market data farm connection is OK:usfuture (code: 2104, req_id=-1)[0m
[1m2026-07-27T18:59:55.515483000Z[0m [INFO] PAPER-001.TradingNode: STARTING[0m
[1m2026-07-27T18:59:55.515505000Z[0m [INFO] PAPER-001.DataClient-IB: RUNNING[0m
[1m2026-07-27T18:59:55.515515000Z[0m [INFO] PAPER-001.DataEngine: RUNNING[0m
[1m2026-07-27T18:59:55.515525000Z[0m [INFO] PAPER-001.RiskEngine: RUNNING[0m
[1m2026-07-27T18:59:55.515531000Z[0m [INFO] PAPER-001.ExecClient-IB: RUNNING[0m
[1m2026-07-27T18:59:55.515537000Z[0m [INFO] PAPER-001.ExecEngine: Starting position snapshots timer at 60.0 second intervals[0m
[1m2026-07-27T18:59:55.515663000Z[0m [94m[INFO] PAPER-001.ExecEngine: Started reconciliation task[0m
[1m2026-07-27T18:59:55.515668000Z[0m [INFO] PAPER-001.ExecEngine: RUNNING[0m
[1m2026-07-27T18:59:55.515671000Z[0m [INFO] PAPER-001.DataEngine: Connecting all clients...[0m
[1m2026-07-27T18:59:55.515673000Z[0m [INFO] PAPER-001.DataClient-IB: Connecting...[0m
[1m2026-07-27T18:59:55.515678000Z[0m [INFO] PAPER-001.ExecEngine: Connecting all clients...[0m
[1m2026-07-27T18:59:55.515679000Z[0m [INFO] PAPER-001.ExecClient-IB: Connecting...[0m
[1m2026-07-27T18:59:55.515684000Z[0m [94m[INFO] PAPER-001.TradingNode: Awaiting engine connections and initializations (60.0s timeout)...[0m
[1m2026-07-27T18:59:55.515769000Z[0m [94m[INFO] PAPER-001.ExecEngine: Starting continuous reconciliation with intervals: inflight=2000ms, consistency=Nones, position=Nones[0m
[1m2026-07-27T18:59:55.515771000Z[0m [94m[INFO] PAPER-001.ExecEngine: Awaiting startup reconciliation completion before starting continuous checks[0m
[1m2026-07-27T18:59:55.515777000Z[0m [INFO] PAPER-001.InteractiveBrokersClient-001: Setting Market DataType to REALTIME[0m
[1m2026-07-27T18:59:55.515826000Z[0m [INFO] PAPER-001.InteractiveBrokersInstrumentProvider: Initializing instruments...[0m
[1m2026-07-27T18:59:55.515839000Z[0m [INFO] PAPER-001.InteractiveBrokersInstrumentProvider: Loading instruments: SOL/USD.ZEROHASH, ETH/USD.ZEROHASH, BTC/USD.ZEROHASH...[0m
[1m2026-07-27T18:59:55.516100000Z[0m [INFO] PAPER-001.InteractiveBrokersInstrumentProvider: Adding instrument=CryptoPerpetual(id=SOL/USD.ZEROHASH, raw_symbol=SOL.USD, asset_class=CRYPTOCURRENCY, instrument_class=SWAP, quote_currency=USD, is_inverse=True, price_precision=2, price_increment=0.01, size_precision=8, size_increment=0.00000001, multiplier=1, lot_size=1, margin_init=0, margin_maint=0, maker_fee=0, taker_fee=0, info={'contract': {'secType': 'CRYPTO', 'conId': 766135595, 'exchange': 'ZEROHASH', 'primaryExchange': '', 'symbol': 'SOL', 'localSymbol': 'SOL.USD', 'currency': 'USD', 'tradingClass': 'SOL', 'lastTradeDateOrContractMonth': '', 'lastTradeDate': '', 'multiplier': '', 'strike': 1.7976931348623157e+308, 'right': '', 'includeExpired': False, 'secIdType': '', 'secId': '', 'description': '', 'issuerId': '', 'comboLegsDescrip': '', 'comboLegs': [], 'deltaNeutralContract': None, 'build_futures_chain': None, 'build_options_chain': None, 'options_chain_exchange': None, 'min_expiry_days': None, 'max_expiry_days': None}, 'marketName': 'SOL', 'minTick': 0.01, 'orderTypes': 'AD,ADJUST,ALERT,BASKET,BENCHPX,CASHQTY,COND,DAY,DEACT,DEACTDIS,DEACTEOD,GAT,GTC,GTD,GTT,IOC,LMT,MKT,NMIN,NONALGO,WHATIF', 'validExchanges': 'ZEROHASH', 'priceMagnifier': 1, 'underConId': 0, 'longName': 'Solana cryptocurrency', 'contractMonth': '', 'industry': '', 'category': '', 'subcategory': '', 'timeZoneId': 'US/Eastern', 'tradingHours': '20260726:0300-20260727:1600;20260727:1601-20260728:1600;20260728:1601-20260729:1600;20260729:1601-20260730:1600;20260730:1601-20260731:1600', 'liquidHours': '20260726:0300-20260727:1600;20260727:1601-20260728:1600;20260728:1601-20260729:1600;20260729:1601-20260730:1600;20260730:1601-20260731:1600', 'evRule': '', 'evMultiplier': 0, 'mdSizeMultiplier': 1, 'aggGroup': 0, 'underSymbol': '', 'underSecType': '', 'marketRuleIds': '2836', 'secIdList': [], 'realExpirationDate': '', 'lastTradeTime': '', 'stockType': '', 'minSize': '1E-8', 'sizeIncrement': '1E-8', 'suggestedSizeIncrement': '1E-8', 'minAlgoSize': '0', 'lastPricePrecision': '170141183460469231731687303715884105727', 'lastSizePrecision': '170141183460469231731687303715884105727', 'cusip': '', 'ratings': '', 'descAppend': '', 'bondType': '', 'couponType': '', 'callable': False, 'putable': False, 'coupon': 0, 'convertible': False, 'maturity': '', 'issueDate': '', 'nextOptionDate': '', 'nextOptionType': '', 'nextOptionPartial': False, 'notes': '', 'fundName': '', 'fundFamily': '', 'fundType': '', 'fundFrontLoad': '', 'fundBackLoad': '', 'fundBackLoadTimeInterval': '', 'fundManagementFee': '', 'fundClosed': False, 'fundClosedForNewInvestors': False, 'fundClosedForNewMoney': False, 'fundNotifyAmount': '', 'fundMinimumInitialPurchase': '', 'fundSubsequentMinimumPurchase': '', 'fundBlueSkyStates': '', 'fundBlueSkyTerritories': '', 'fundDistributionPolicyIndicator': ['None', 'None'], 'fundAssetType': ['None', 'None'], 'ineligibilityReasonList': None, 'eventContract1': '', 'eventContractDescription1': '', 'eventContractDescription2': ''}) from InteractiveBrokersInstrumentProvider[0m
[1m2026-07-27T18:59:55.516240000Z[0m [INFO] PAPER-001.InteractiveBrokersInstrumentProvider: Adding instrument=CryptoPerpetual(id=ETH/USD.ZEROHASH, raw_symbol=ETH.USD, asset_class=CRYPTOCURRENCY, instrument_class=SWAP, quote_currency=USD, is_inverse=True, price_precision=2, price_increment=0.05, size_precision=8, size_increment=0.00000001, multiplier=1, lot_size=1, margin_init=0, margin_maint=0, maker_fee=0, taker_fee=0, info={'contract': {'secType': 'CRYPTO', 'conId': 541686654, 'exchange': 'ZEROHASH', 'primaryExchange': '', 'symbol': 'ETH', 'localSymbol': 'ETH.USD', 'currency': 'USD', 'tradingClass': 'ETH', 'lastTradeDateOrContractMonth': '', 'lastTradeDate': '', 'multiplier': '', 'strike': 1.7976931348623157e+308, 'right': '', 'includeExpired': False, 'secIdType': '', 'secId': '', 'description': '', 'issuerId': '', 'comboLegsDescrip': '', 'comboLegs': [], 'deltaNeutralContract': None, 'build_futures_chain': None, 'build_options_chain': None, 'options_chain_exchange': None, 'min_expiry_days': None, 'max_expiry_days': None}, 'marketName': 'ETH', 'minTick': 0.05, 'orderTypes': 'AD,ADJUST,ALERT,BASKET,BENCHPX,CASHQTY,COND,DAY,DEACT,DEACTDIS,DEACTEOD,GAT,GTC,GTD,GTT,IOC,LMT,MKT,NMIN,NONALGO,WHATIF', 'validExchanges': 'ZEROHASH', 'priceMagnifier': 1, 'underConId': 0, 'longName': 'Ethereum cryptocurrency', 'contractMonth': '', 'industry': '', 'category': '', 'subcategory': '', 'timeZoneId': 'US/Eastern', 'tradingHours': '20260726:0300-20260727:1600;20260727:1601-20260728:1600;20260728:1601-20260729:1600;20260729:1601-20260730:1600;20260730:1601-20260731:1600', 'liquidHours': '20260726:0300-20260727:1600;20260727:1601-20260728:1600;20260728:1601-20260729:1600;20260729:1601-20260730:1600;20260730:1601-20260731:1600', 'evRule': '', 'evMultiplier': 0, 'mdSizeMultiplier': 1, 'aggGroup': 0, 'underSymbol': '', 'underSecType': '', 'marketRuleIds': '2823', 'secIdList': [], 'realExpirationDate': '', 'lastTradeTime': '', 'stockType': '', 'minSize': '1E-8', 'sizeIncrement': '1E-8', 'suggestedSizeIncrement': '1E-8', 'minAlgoSize': '0', 'lastPricePrecision': '170141183460469231731687303715884105727', 'lastSizePrecision': '170141183460469231731687303715884105727', 'cusip': '', 'ratings': '', 'descAppend': '', 'bondType': '', 'couponType': '', 'callable': False, 'putable': False, 'coupon': 0, 'convertible': False, 'maturity': '', 'issueDate': '', 'nextOptionDate': '', 'nextOptionType': '', 'nextOptionPartial': False, 'notes': '', 'fundName': '', 'fundFamily': '', 'fundType': '', 'fundFrontLoad': '', 'fundBackLoad': '', 'fundBackLoadTimeInterval': '', 'fundManagementFee': '', 'fundClosed': False, 'fundClosedForNewInvestors': False, 'fundClosedForNewMoney': False, 'fundNotifyAmount': '', 'fundMinimumInitialPurchase': '', 'fundSubsequentMinimumPurchase': '', 'fundBlueSkyStates': '', 'fundBlueSkyTerritories': '', 'fundDistributionPolicyIndicator': ['None', 'None'], 'fundAssetType': ['None', 'None'], 'ineligibilityReasonList': None, 'eventContract1': '', 'eventContractDescription1': '', 'eventContractDescription2': ''}) from InteractiveBrokersInstrumentProvider[0m
[1m2026-07-27T18:59:55.516358000Z[0m [INFO] PAPER-001.InteractiveBrokersInstrumentProvider: Adding instrument=CryptoPerpetual(id=BTC/USD.ZEROHASH, raw_symbol=BTC.USD, asset_class=CRYPTOCURRENCY, instrument_class=SWAP, quote_currency=USD, is_inverse=True, price_precision=2, price_increment=0.25, size_precision=8, size_increment=0.00000001, multiplier=1, lot_size=1, margin_init=0, margin_maint=0, maker_fee=0, taker_fee=0, info={'contract': {'secType': 'CRYPTO', 'conId': 541686651, 'exchange': 'ZEROHASH', 'primaryExchange': '', 'symbol': 'BTC', 'localSymbol': 'BTC.USD', 'currency': 'USD', 'tradingClass': 'BTC', 'lastTradeDateOrContractMonth': '', 'lastTradeDate': '', 'multiplier': '', 'strike': 1.7976931348623157e+308, 'right': '', 'includeExpired': False, 'secIdType': '', 'secId': '', 'description': '', 'issuerId': '', 'comboLegsDescrip': '', 'comboLegs': [], 'deltaNeutralContract': None, 'build_futures_chain': None, 'build_options_chain': None, 'options_chain_exchange': None, 'min_expiry_days': None, 'max_expiry_days': None}, 'marketName': 'BTC', 'minTick': 0.25, 'orderTypes': 'AD,ADJUST,ALERT,BASKET,BENCHPX,CASHQTY,COND,DAY,DEACT,DEACTDIS,DEACTEOD,GAT,GTC,GTD,GTT,IOC,LMT,MKT,NMIN,NONALGO,WHATIF', 'validExchanges': 'ZEROHASH', 'priceMagnifier': 1, 'underConId': 0, 'longName': 'Bitcoin cryptocurrency', 'contractMonth': '', 'industry': '', 'category': '', 'subcategory': '', 'timeZoneId': 'US/Eastern', 'tradingHours': '20260726:0300-20260727:1600;20260727:1601-20260728:1600;20260728:1601-20260729:1600;20260729:1601-20260730:1600;20260730:1601-20260731:1600', 'liquidHours': '20260726:0300-20260727:1600;20260727:1601-20260728:1600;20260728:1601-20260729:1600;20260729:1601-20260730:1600;20260730:1601-20260731:1600', 'evRule': '', 'evMultiplier': 0, 'mdSizeMultiplier': 1, 'aggGroup': 0, 'underSymbol': '', 'underSecType': '', 'marketRuleIds': '2806', 'secIdList': [], 'realExpirationDate': '', 'lastTradeTime': '', 'stockType': '', 'minSize': '1E-8', 'sizeIncrement': '1E-8', 'suggestedSizeIncrement': '1E-8', 'minAlgoSize': '0', 'lastPricePrecision': '170141183460469231731687303715884105727', 'lastSizePrecision': '170141183460469231731687303715884105727', 'cusip': '', 'ratings': '', 'descAppend': '', 'bondType': '', 'couponType': '', 'callable': False, 'putable': False, 'coupon': 0, 'convertible': False, 'maturity': '', 'issueDate': '', 'nextOptionDate': '', 'nextOptionType': '', 'nextOptionPartial': False, 'notes': '', 'fundName': '', 'fundFamily': '', 'fundType': '', 'fundFrontLoad': '', 'fundBackLoad': '', 'fundBackLoadTimeInterval': '', 'fundManagementFee': '', 'fundClosed': False, 'fundClosedForNewInvestors': False, 'fundClosedForNewMoney': False, 'fundNotifyAmount': '', 'fundMinimumInitialPurchase': '', 'fundSubsequentMinimumPurchase': '', 'fundBlueSkyStates': '', 'fundBlueSkyTerritories': '', 'fundDistributionPolicyIndicator': ['None', 'None'], 'fundAssetType': ['None', 'None'], 'ineligibilityReasonList': None, 'eventContract1': '', 'eventContractDescription1': '', 'eventContractDescription2': ''}) from InteractiveBrokersInstrumentProvider[0m
[1m2026-07-27T18:59:55.516363000Z[0m [INFO] PAPER-001.InteractiveBrokersInstrumentProvider: Loaded 3 instruments[0m
[1m2026-07-27T18:59:55.516363001Z[0m [INFO] PAPER-001.InteractiveBrokersInstrumentProvider: Initialized instruments[0m
[1m2026-07-27T18:59:55.516392000Z[0m [1;33m[WARN] PAPER-001.InteractiveBrokersClient-001: Market data farm connection is OK:usopt.nj (code: 2104, req_id=-1)[0m
[1m2026-07-27T18:59:55.516415000Z[0m [92m[INFO] PAPER-001.DataClient-IB: Connected[0m
[1m2026-07-27T18:59:55.516649000Z[0m [1;33m[WARN] PAPER-001.InteractiveBrokersClient-001: Market data farm connection is OK:usfarm.nj (code: 2104, req_id=-1)[0m
[1m2026-07-27T18:59:55.516729000Z[0m [1;33m[WARN] PAPER-001.InteractiveBrokersClient-001: Market data farm connection is OK:usfarm (code: 2104, req_id=-1)[0m
[1m2026-07-27T18:59:55.516870000Z[0m [1;33m[WARN] PAPER-001.InteractiveBrokersClient-001: HMDS data farm connection is OK:euhmds (code: 2106, req_id=-1)[0m
[1m2026-07-27T18:59:55.516931000Z[0m [1;33m[WARN] PAPER-001.InteractiveBrokersClient-001: HMDS data farm connection is OK:fundfarm (code: 2106, req_id=-1)[0m
[1m2026-07-27T18:59:55.516991000Z[0m [1;33m[WARN] PAPER-001.InteractiveBrokersClient-001: HMDS data farm connection is OK:ushmds (code: 2106, req_id=-1)[0m
[1m2026-07-27T18:59:55.517033000Z[0m [1;33m[WARN] PAPER-001.InteractiveBrokersClient-001: Sec-def data farm connection is OK:secdefil (code: 2158, req_id=-1)[0m
[1m2026-07-27T18:59:55.565576000Z[0m [92m[INFO] PAPER-001.ExecClient-IB: Account `DUR143045` found in the connected TWS/Gateway[0m
[1m2026-07-27T18:59:55.653831000Z[0m [94m[INFO] PAPER-001.TradingNode: Awaiting execution state reconciliation (30.0s timeout)...[0m
[1m2026-07-27T18:59:55.653857000Z[0m [92m[INFO] PAPER-001.ExecClient-IB: Connected[0m
[1m2026-07-27T18:59:55.653872000Z[0m [INFO] PAPER-001.ExecClient-IB: Generating ExecutionMassStatus...[0m
[1m2026-07-27T18:59:55.656081000Z[0m [INFO] PAPER-001.ExecClient-IB: Generated 0 FillReports[0m
[1m2026-07-27T18:59:55.679250000Z[0m [INFO] PAPER-001.Portfolio: Updated AccountState(account_id=IB-DUR143045, account_type=MARGIN, base_currency=None, is_reported=True, balances=[AccountBalance(total=1_002_150.50 USD, locked=1_978.34 USD, free=1_000_172.16 USD)], margins=[MarginBalance(initial=0.00 USD, maintenance=0.00 USD, instrument_id=None)], event_id=a4b3cced-696d-469c-85c7-c0b8800f94cd)[0m
[1m2026-07-27T18:59:55.755773000Z[0m [94m[INFO] PAPER-001.ExecEngine: Reconciling ExecutionMassStatus for None[0m
[1m2026-07-27T18:59:55.755781000Z[0m [94m[INFO] PAPER-001.ExecEngine: Attempting to adjust fills for 0 instruments[0m
[1m2026-07-27T18:59:55.755828000Z[0m [94m[INFO] PAPER-001.ExecEngine: Updating adjusted fills for 0 instruments[0m
[1m2026-07-27T18:59:55.755830000Z[0m [94m[INFO] PAPER-001.ExecEngine: Final order_reports contains 0 orders, fill_reports contains 0 fills across all instruments[0m
[1m2026-07-27T18:59:55.755870000Z[0m [92m[INFO] PAPER-001.ExecEngine: Reconciliation for IB succeeded[0m
[1m2026-07-27T18:59:55.755877000Z[0m [92m[INFO] PAPER-001.TradingNode: Execution state reconciled[0m
[1m2026-07-27T18:59:55.755891000Z[0m [INFO] PAPER-001.OrderEmulator: No emulated orders to reactivate[0m
[1m2026-07-27T18:59:55.755901000Z[0m [INFO] PAPER-001.OrderEmulator: RUNNING[0m
[1m2026-07-27T18:59:55.755912000Z[0m [INFO] PAPER-001.Portfolio: Initialized 0 open orders[0m
[1m2026-07-27T18:59:55.755914000Z[0m [INFO] PAPER-001.Portfolio: Initialized 0 open positions[0m
[1m2026-07-27T18:59:55.755919000Z[0m [94m[INFO] PAPER-001.TradingNode: Awaiting portfolio initialization (10.0s timeout)...[0m
[1m2026-07-27T18:59:55.755973000Z[0m [92m[INFO] PAPER-001.ExecEngine: Startup reconciliation completed[0m
[1m2026-07-27T18:59:55.755975000Z[0m [94m[INFO] PAPER-001.ExecEngine: Applying post-reconciliation startup delay (10.0s)[0m
[1m2026-07-27T18:59:55.755986000Z[0m [92m[INFO] PAPER-001.TradingNode: Portfolio initialized[0m
[1m2026-07-27T18:59:55.755999000Z[0m [94m[INFO] PAPER-001.MLStrategy: self.config.oms_type=None[0m
[1m2026-07-27T18:59:55.756000000Z[0m [94m[INFO] PAPER-001.MLStrategy: self.config.external_order_claims=None[0m
[1m2026-07-27T18:59:55.756001000Z[0m [94m[INFO] PAPER-001.MLStrategy: self.config.manage_gtd_expiry=False[0m
[1m2026-07-27T18:59:55.756007000Z[0m [94m[INFO] PAPER-001.MLStrategy: Set ClientOrderIdGenerator client_order_id count to 0[0m
[1m2026-07-27T18:59:55.756008000Z[0m [94m[INFO] PAPER-001.MLStrategy: Set ClientOrderIdGenerator order_list_id count to 0[0m
[1m2026-07-27T18:59:55.756227000Z[0m [INFO] PAPER-001.MLStrategy: [REQ]--> RequestBars(bar_type=BTC/USD.ZEROHASH-1-DAY-MID-EXTERNAL, start=2025-06-22 18:59:55.756148+00:00, end=2026-07-27 18:59:55.756162+00:00, limit=0, client_id=None, venue=ZEROHASH, data_type=Bar, params={'update_catalog': False, 'join_request': False})[0m
[1m2026-07-27T18:59:55.756254000Z[0m [INFO] PAPER-001.MLStrategy: [CMD]--> SubscribeBars(bar_type=BTC/USD.ZEROHASH-1-DAY-MID-EXTERNAL, client_id=None, venue=ZEROHASH)[0m
[1m2026-07-27T18:59:55.756258000Z[0m [INFO] PAPER-001.MLStrategy: Subscribed BTC/USD.ZEROHASH-1-DAY-MID-EXTERNAL[0m
[1m2026-07-27T18:59:55.756310000Z[0m [INFO] PAPER-001.MLStrategy: [REQ]--> RequestBars(bar_type=ETH/USD.ZEROHASH-1-DAY-MID-EXTERNAL, start=2025-06-22 18:59:55.756286+00:00, end=2026-07-27 18:59:55.756294+00:00, limit=0, client_id=None, venue=ZEROHASH, data_type=Bar, params={'update_catalog': False, 'join_request': False})[0m
[1m2026-07-27T18:59:55.756320000Z[0m [INFO] PAPER-001.MLStrategy: [CMD]--> SubscribeBars(bar_type=ETH/USD.ZEROHASH-1-DAY-MID-EXTERNAL, client_id=None, venue=ZEROHASH)[0m
[1m2026-07-27T18:59:55.756323000Z[0m [INFO] PAPER-001.MLStrategy: Subscribed ETH/USD.ZEROHASH-1-DAY-MID-EXTERNAL[0m
[1m2026-07-27T18:59:55.756360000Z[0m [INFO] PAPER-001.MLStrategy: [REQ]--> RequestBars(bar_type=SOL/USD.ZEROHASH-1-DAY-MID-EXTERNAL, start=2025-06-22 18:59:55.756342+00:00, end=2026-07-27 18:59:55.756348+00:00, limit=0, client_id=None, venue=ZEROHASH, data_type=Bar, params={'update_catalog': False, 'join_request': False})[0m
[1m2026-07-27T18:59:55.756368000Z[0m [INFO] PAPER-001.MLStrategy: [CMD]--> SubscribeBars(bar_type=SOL/USD.ZEROHASH-1-DAY-MID-EXTERNAL, client_id=None, venue=ZEROHASH)[0m
[1m2026-07-27T18:59:55.756370000Z[0m [INFO] PAPER-001.MLStrategy: Subscribed SOL/USD.ZEROHASH-1-DAY-MID-EXTERNAL[0m
[1m2026-07-27T18:59:55.756428000Z[0m [INFO] PAPER-001.MLStrategy: RUNNING[0m
[1m2026-07-27T18:59:55.756434000Z[0m [INFO] PAPER-001.PAPER-001: RUNNING[0m
[1m2026-07-27T18:59:55.756439000Z[0m [INFO] PAPER-001.TradingNode: RUNNING[0m
[1m2026-07-27T18:59:55.762673000Z[0m [94m[INFO] PAPER-001.DataClient-IB: Request BTC/USD.ZEROHASH-1-DAY-MID-EXTERNAL bars from 2025-06-22T18:59:55.756148000Z to 2026-07-27T18:59:55.756162000Z[0m
[1m2026-07-27T18:59:55.762731000Z[0m [94m[INFO] PAPER-001.DataClient-IB: Request ETH/USD.ZEROHASH-1-DAY-MID-EXTERNAL bars from 2025-06-22T18:59:55.756286000Z to 2026-07-27T18:59:55.756294000Z[0m
[1m2026-07-27T18:59:55.762751000Z[0m [94m[INFO] PAPER-001.DataClient-IB: Request SOL/USD.ZEROHASH-1-DAY-MID-EXTERNAL bars from 2025-06-22T18:59:55.756342000Z to 2026-07-27T18:59:55.756348000Z[0m
[1m2026-07-27T18:59:55.762845000Z[0m [INFO] PAPER-001.DataClient-IB: BTC/USD.ZEROHASH: Requesting historical bars: BTC/USD.ZEROHASH-1-DAY-MID-EXTERNAL ending on '2026-07-27 18:59:55.756162+00:00' with duration '1 Y'[0m
[1m2026-07-27T18:59:55.762988000Z[0m [INFO] PAPER-001.DataClient-IB: ETH/USD.ZEROHASH: Requesting historical bars: ETH/USD.ZEROHASH-1-DAY-MID-EXTERNAL ending on '2026-07-27 18:59:55.756294+00:00' with duration '1 Y'[0m
[1m2026-07-27T18:59:55.763053000Z[0m [INFO] PAPER-001.DataClient-IB: SOL/USD.ZEROHASH: Requesting historical bars: SOL/USD.ZEROHASH-1-DAY-MID-EXTERNAL ending on '2026-07-27 18:59:55.756348+00:00' with duration '1 Y'[0m
[1m2026-07-27T18:59:55.763122000Z[0m [INFO] PAPER-001.InteractiveBrokersClient-001: Creating and registering a new Subscription instance for BTC/USD.ZEROHASH-1-DAY-MID-EXTERNAL[0m
[1m2026-07-27T18:59:55.763160000Z[0m [INFO] PAPER-001.InteractiveBrokersClient-001: Creating and registering a new Subscription instance for ETH/USD.ZEROHASH-1-DAY-MID-EXTERNAL[0m
[1m2026-07-27T18:59:55.763189000Z[0m [INFO] PAPER-001.InteractiveBrokersClient-001: Creating and registering a new Subscription instance for SOL/USD.ZEROHASH-1-DAY-MID-EXTERNAL[0m
[1m2026-07-27T18:59:55.763222000Z[0m [94m[INFO] PAPER-001.DataClient-IB: Subscribed BTC/USD.ZEROHASH-1-DAY-MID-EXTERNAL bars[0m
[1m2026-07-27T18:59:55.763225000Z[0m [94m[INFO] PAPER-001.DataClient-IB: Subscribed ETH/USD.ZEROHASH-1-DAY-MID-EXTERNAL bars[0m
[1m2026-07-27T18:59:55.763226000Z[0m [94m[INFO] PAPER-001.DataClient-IB: Subscribed SOL/USD.ZEROHASH-1-DAY-MID-EXTERNAL bars[0m
[1m2026-07-27T18:59:56.053247000Z[0m [INFO] PAPER-001.DataClient-IB: BTC/USD.ZEROHASH: Number of bars retrieved in batch: 261[0m
[1m2026-07-27T18:59:56.053272000Z[0m [INFO] PAPER-001.DataClient-IB: Total number of bars in data: 261[0m
[1m2026-07-27T18:59:56.054624000Z[0m [INFO] PAPER-001.MLStrategy: Received <Bar[260]> data for BTC/USD.ZEROHASH-1-DAY-MID-EXTERNAL[0m
[1m2026-07-27T18:59:56.125484000Z[0m [INFO] PAPER-001.DataClient-IB: ETH/USD.ZEROHASH: Number of bars retrieved in batch: 261[0m
[1m2026-07-27T18:59:56.125491000Z[0m [INFO] PAPER-001.DataClient-IB: Total number of bars in data: 261[0m
[1m2026-07-27T18:59:56.126487000Z[0m [INFO] PAPER-001.MLStrategy: Received <Bar[260]> data for ETH/USD.ZEROHASH-1-DAY-MID-EXTERNAL[0m
[1m2026-07-27T18:59:56.211510000Z[0m [INFO] PAPER-001.DataClient-IB: SOL/USD.ZEROHASH: Number of bars retrieved in batch: 261[0m
[1m2026-07-27T18:59:56.211518000Z[0m [INFO] PAPER-001.DataClient-IB: Total number of bars in data: 261[0m
[1m2026-07-27T18:59:56.212530000Z[0m [INFO] PAPER-001.MLStrategy: Received <Bar[260]> data for SOL/USD.ZEROHASH-1-DAY-MID-EXTERNAL[0m
[1m2026-07-27T19:00:03.999322000Z[0m [INFO] PAPER-001.Portfolio: Updated AccountState(account_id=IB-DUR143045, account_type=MARGIN, base_currency=None, is_reported=True, balances=[AccountBalance(total=1_002_150.50 USD, locked=1_978.34 USD, free=1_000_172.16 USD)], margins=[MarginBalance(initial=0.00 USD, maintenance=0.00 USD, instrument_id=None)], event_id=80765108-ef50-49eb-bd6a-a29c089ce1e2)[0m
[1m2026-07-27T19:00:34.784469000Z[0m [1;33m[WARN] PAPER-001.TradingNode: Received SIGINT, shutting down[0m
[1m2026-07-27T19:00:34.784528000Z[0m [INFO] PAPER-001.TradingNode: STOPPING[0m
[1m2026-07-27T19:00:34.784666000Z[0m [INFO] PAPER-001.MLStrategy: [CMD]--> UnsubscribeBars(bar_type=BTC/USD.ZEROHASH-1-DAY-MID-EXTERNAL, client_id=None, venue=ZEROHASH)[0m
[1m2026-07-27T19:00:34.784676000Z[0m [INFO] PAPER-001.MLStrategy: Unsubscribed from BTC/USD.ZEROHASH-1-DAY-MID-EXTERNAL bar data[0m
[1m2026-07-27T19:00:34.784688000Z[0m [INFO] PAPER-001.MLStrategy: [CMD]--> UnsubscribeBars(bar_type=ETH/USD.ZEROHASH-1-DAY-MID-EXTERNAL, client_id=None, venue=ZEROHASH)[0m
[1m2026-07-27T19:00:34.784690000Z[0m [INFO] PAPER-001.MLStrategy: Unsubscribed from ETH/USD.ZEROHASH-1-DAY-MID-EXTERNAL bar data[0m
[1m2026-07-27T19:00:34.784699000Z[0m [INFO] PAPER-001.MLStrategy: [CMD]--> UnsubscribeBars(bar_type=SOL/USD.ZEROHASH-1-DAY-MID-EXTERNAL, client_id=None, venue=ZEROHASH)[0m
[1m2026-07-27T19:00:34.784700000Z[0m [INFO] PAPER-001.MLStrategy: Unsubscribed from SOL/USD.ZEROHASH-1-DAY-MID-EXTERNAL bar data[0m
[1m2026-07-27T19:00:34.784705000Z[0m [INFO] PAPER-001.MLStrategy: Canceling executor tasks[0m
[1m2026-07-27T19:00:34.784732000Z[0m [INFO] PAPER-001.MLStrategy: STOPPED[0m
[1m2026-07-27T19:00:34.784739000Z[0m [INFO] PAPER-001.PAPER-001: STOPPED[0m
[1m2026-07-27T19:00:34.784745000Z[0m [94m[INFO] PAPER-001.TradingNode: Awaiting post stop (10.0s timeout)...[0m
[1m2026-07-27T19:00:34.785072000Z[0m [94m[INFO] PAPER-001.DataClient-IB: Unsubscribed BTC/USD.ZEROHASH-1-DAY-MID-EXTERNAL bars[0m
[1m2026-07-27T19:00:34.785075000Z[0m [94m[INFO] PAPER-001.DataClient-IB: Unsubscribed ETH/USD.ZEROHASH-1-DAY-MID-EXTERNAL bars[0m
[1m2026-07-27T19:00:34.785076000Z[0m [94m[INFO] PAPER-001.DataClient-IB: Unsubscribed SOL/USD.ZEROHASH-1-DAY-MID-EXTERNAL bars[0m
[1m2026-07-27T19:00:34.785863000Z[0m [1;31m[ERROR] PAPER-001.InteractiveBrokersClient-001: Historical Market Data Service error message:API historical data query cancelled: 10008 (code: 162, req_id=10008)[0m
[1m2026-07-27T19:00:34.785877000Z[0m [1;33m[WARN] PAPER-001.InteractiveBrokersClient-001: Unhandled error: 162 for req_id 10008[0m
[1m2026-07-27T19:00:34.885658000Z[0m [1;31m[ERROR] PAPER-001.InteractiveBrokersClient-001: Historical Market Data Service error message:API historical data query cancelled: 10009 (code: 162, req_id=10009)[0m
[1m2026-07-27T19:00:34.885682000Z[0m [1;33m[WARN] PAPER-001.InteractiveBrokersClient-001: Unhandled error: 162 for req_id 10009[0m
[1m2026-07-27T19:00:34.985830000Z[0m [1;31m[ERROR] PAPER-001.InteractiveBrokersClient-001: Historical Market Data Service error message:API historical data query cancelled: 10010 (code: 162, req_id=10010)[0m
[1m2026-07-27T19:00:34.985895000Z[0m [1;33m[WARN] PAPER-001.InteractiveBrokersClient-001: Unhandled error: 162 for req_id 10010[0m
[1m2026-07-27T19:00:44.787313000Z[0m [94m[INFO] PAPER-001.MLStrategy: Saved state: ['ml_strategy.json'][0m
[1m2026-07-27T19:00:44.787546000Z[0m [INFO] PAPER-001.DataClient-IB: STOPPED[0m
[1m2026-07-27T19:00:44.787573000Z[0m [INFO] PAPER-001.ExecClient-IB: STOPPED[0m
[1m2026-07-27T19:00:44.787591000Z[0m [INFO] PAPER-001.DataEngine: Disconnecting all clients...[0m
[1m2026-07-27T19:00:44.787597000Z[0m [INFO] PAPER-001.DataClient-IB: Disconnecting...[0m
[1m2026-07-27T19:00:44.787635000Z[0m [INFO] PAPER-001.ExecEngine: Disconnecting all clients...[0m
[1m2026-07-27T19:00:44.787639000Z[0m [INFO] PAPER-001.ExecClient-IB: Disconnecting...[0m
[1m2026-07-27T19:00:44.787665000Z[0m [94m[INFO] PAPER-001.TradingNode: Awaiting engine disconnections (10.0s timeout)...[0m
[1m2026-07-27T19:00:44.787942000Z[0m [INFO] PAPER-001.InteractiveBrokersClient-001: STOPPED[0m
[1m2026-07-27T19:00:44.787992000Z[0m [92m[INFO] PAPER-001.DataClient-IB: Disconnected[0m
[1m2026-07-27T19:00:44.788018000Z[0m [92m[INFO] PAPER-001.ExecClient-IB: Disconnected[0m
[1m2026-07-27T19:00:44.788137000Z[0m [INFO] PAPER-001.DataEngine: STOPPED[0m
[1m2026-07-27T19:00:44.788196000Z[0m [INFO] PAPER-001.RiskEngine: STOPPED[0m
[1m2026-07-27T19:00:44.788230000Z[0m [INFO] PAPER-001.ExecEngine: Canceling position snapshots timer[0m
[1m2026-07-27T19:00:44.788336000Z[0m [INFO] PAPER-001.ExecEngine: STOPPED[0m
[1m2026-07-27T19:00:44.788373000Z[0m [INFO] PAPER-001.OrderEmulator: STOPPED[0m
[1m2026-07-27T19:00:44.788392000Z[0m [INFO] PAPER-001.TradingNode: STOPPED[0m
[1m2026-07-27T19:00:44.788423000Z[0m [INFO] PAPER-001.InteractiveBrokersClient-001: Stopping InteractiveBrokersClient (1)...[0m
[1m2026-07-27T19:00:44.788971000Z[0m [INFO] PAPER-001.InteractiveBrokersClient-001: All tasks canceled successfully.[0m
[1m2026-07-27T19:00:44.789425000Z[0m [INFO] PAPER-001.DataClient-IB: DISPOSED[0m
[1m2026-07-27T19:00:44.789440000Z[0m [INFO] PAPER-001.DataEngine: DISPOSED[0m
[1m2026-07-27T19:00:44.789452000Z[0m [INFO] PAPER-001.RiskEngine: DISPOSED[0m
[1m2026-07-27T19:00:44.789469000Z[0m [INFO] PAPER-001.ExecClient-IB: DISPOSED[0m
[1m2026-07-27T19:00:44.789481000Z[0m [INFO] PAPER-001.ExecEngine: DISPOSED[0m
[1m2026-07-27T19:00:44.789518000Z[0m [INFO] PAPER-001.OrderEmulator: DISPOSED[0m
[1m2026-07-27T19:00:44.789539000Z[0m [INFO] PAPER-001.PAPER-001: Cleared actors[0m
[1m2026-07-27T19:00:44.789563000Z[0m [INFO] PAPER-001.MLStrategy: DISPOSED[0m
[1m2026-07-27T19:00:44.789578000Z[0m [INFO] PAPER-001.PAPER-001: Cleared trading strategies[0m
[1m2026-07-27T19:00:44.789581000Z[0m [INFO] PAPER-001.PAPER-001: Cleared execution algorithms[0m
[1m2026-07-27T19:00:44.789589000Z[0m [INFO] PAPER-001.PAPER-001: DISPOSED[0m
[1m2026-07-27T19:00:44.789788000Z[0m [INFO] PAPER-001.Cache: Reset[0m
[1m2026-07-27T19:00:44.790654000Z[0m [INFO] PAPER-001.CacheDatabaseAdapter: Closed cache database adapter[0m
[1m2026-07-27T19:00:44.790747000Z[0m [INFO] PAPER-001.MessageBus: Closed message bus[0m
[1m2026-07-27T19:00:44.790765000Z[0m [INFO] PAPER-001.TradingNode: Shutting down executor[0m
[1m2026-07-27T19:00:44.997460000Z[0m [INFO] PAPER-001.TradingNode: Closing event loop[0m
Task was destroyed but it is pending!
task: <Task pending name='_stop_async' coro=<InteractiveBrokersClient._stop_async() running at /Users/lindawang/Documents/Workspace/quant/.quant312/lib/python3.12/site-packages/nautilus_trader/adapters/interactive_brokers/client/client.py:391> wait_for=<_GatheringFuture finished result=[None, None, None]> cb=[InteractiveBrokersClient._on_task_completed(None, None)()]>
[1m2026-07-27T19:00:44.998259000Z[0m [INFO] PAPER-001.TradingNode: loop.is_running=False[0m
[1m2026-07-27T19:00:44.998271000Z[0m [INFO] PAPER-001.TradingNode: loop.is_closed=True[0m
[1m2026-07-27T19:00:44.998273000Z[0m [INFO] PAPER-001.TradingNode: DISPOSED[0m
Task was destroyed but it is pending!
task: <Task pending name='Task-1502' coro=<InteractiveBrokersClientMarketDataMixin._schedule_bar_completion_timeout.<locals>.completion_handler() done, defined at /Users/lindawang/Documents/Workspace/quant/.quant312/lib/python3.12/site-packages/nautilus_trader/adapters/interactive_brokers/client/market_data.py:1311> wait_for=<Future pending cb=[Task.task_wakeup()]>>
Task was destroyed but it is pending!
task: <Task pending name='Task-1504' coro=<InteractiveBrokersClientMarketDataMixin._schedule_bar_completion_timeout.<locals>.completion_handler() done, defined at /Users/lindawang/Documents/Workspace/quant/.quant312/lib/python3.12/site-packages/nautilus_trader/adapters/interactive_brokers/client/market_data.py:1311> wait_for=<Future pending cb=[Task.task_wakeup()]>>
Task was destroyed but it is pending!
task: <Task pending name='Task-1506' coro=<InteractiveBrokersClientMarketDataMixin._schedule_bar_completion_timeout.<locals>.completion_handler() done, defined at /Users/lindawang/Documents/Workspace/quant/.quant312/lib/python3.12/site-packages/nautilus_trader/adapters/interactive_brokers/client/market_data.py:1311> wait_for=<Future pending cb=[Task.task_wakeup()]>>
Task was destroyed but it is pending!
task: <Task pending name='Task-1515' coro=<InteractiveBrokersClientMarketDataMixin._schedule_bar_completion_timeout.<locals>.completion_handler() done, defined at /Users/lindawang/Documents/Workspace/quant/.quant312/lib/python3.12/site-packages/nautilus_trader/adapters/interactive_brokers/client/market_data.py:1311> wait_for=<Future pending cb=[Task.task_wakeup()]>>
Task was destroyed but it is pending!
task: <Task pending name='Task-1517' coro=<InteractiveBrokersClientMarketDataMixin._schedule_bar_completion_timeout.<locals>.completion_handler() done, defined at /Users/lindawang/Documents/Workspace/quant/.quant312/lib/python3.12/site-packages/nautilus_trader/adapters/interactive_brokers/client/market_data.py:1311> wait_for=<Future pending cb=[Task.task_wakeup()]>>
Task was destroyed but it is pending!
task: <Task pending name='Task-1519' coro=<InteractiveBrokersClientMarketDataMixin._schedule_bar_completion_timeout.<locals>.completion_handler() done, defined at /Users/lindawang/Documents/Workspace/quant/.quant312/lib/python3.12/site-packages/nautilus_trader/adapters/interactive_brokers/client/market_data.py:1311> wait_for=<Future pending cb=[Task.task_wakeup()]>>
Task was destroyed but it is pending!
task: <Task pending name='Task-1527' coro=<InteractiveBrokersClientMarketDataMixin._schedule_bar_completion_timeout.<locals>.completion_handler() done, defined at /Users/lindawang/Documents/Workspace/quant/.quant312/lib/python3.12/site-packages/nautilus_trader/adapters/interactive_brokers/client/market_data.py:1311> wait_for=<Future pending cb=[Task.task_wakeup()]>>
Task was destroyed but it is pending!
task: <Task pending name='Task-1529' coro=<InteractiveBrokersClientMarketDataMixin._schedule_bar_completion_timeout.<locals>.completion_handler() done, defined at /Users/lindawang/Documents/Workspace/quant/.quant312/lib/python3.12/site-packages/nautilus_trader/adapters/interactive_brokers/client/market_data.py:1311> wait_for=<Future pending cb=[Task.task_wakeup()]>>
Task was destroyed but it is pending!
task: <Task pending name='Task-1531' coro=<InteractiveBrokersClientMarketDataMixin._schedule_bar_completion_timeout.<locals>.completion_handler() done, defined at /Users/lindawang/Documents/Workspace/quant/.quant312/lib/python3.12/site-packages/nautilus_trader/adapters/interactive_brokers/client/market_data.py:1311> wait_for=<Future pending cb=[Task.task_wakeup()]>>
Task was destroyed but it is pending!
task: <Task pending name='Task-1539' coro=<InteractiveBrokersClientMarketDataMixin._schedule_bar_completion_timeout.<locals>.completion_handler() done, defined at /Users/lindawang/Documents/Workspace/quant/.quant312/lib/python3.12/site-packages/nautilus_trader/adapters/interactive_brokers/client/market_data.py:1311> wait_for=<Future pending cb=[Task.task_wakeup()]>>
Task was destroyed but it is pending!
task: <Task pending name='Task-1541' coro=<InteractiveBrokersClientMarketDataMixin._schedule_bar_completion_timeout.<locals>.completion_handler() done, defined at /Users/lindawang/Documents/Workspace/quant/.quant312/lib/python3.12/site-packages/nautilus_trader/adapters/interactive_brokers/client/market_data.py:1311> wait_for=<Future pending cb=[Task.task_wakeup()]>>
Task was destroyed but it is pending!
task: <Task pending name='Task-1543' coro=<InteractiveBrokersClientMarketDataMixin._schedule_bar_completion_timeout.<locals>.completion_handler() done, defined at /Users/lindawang/Documents/Workspace/quant/.quant312/lib/python3.12/site-packages/nautilus_trader/adapters/interactive_brokers/client/market_data.py:1311> wait_for=<Future pending cb=[Task.task_wakeup()]>>
