[1m2026-07-27T18:58:37.068336000Z[0m [36m[INFO] PAPER-001.TradingNode: =================================================================[0m
[1m2026-07-27T18:58:37.068343000Z[0m [36m[INFO] PAPER-001.TradingNode:  NAUTILUS TRADER - Automated Algorithmic Trading Platform[0m
[1m2026-07-27T18:58:37.068344000Z[0m [36m[INFO] PAPER-001.TradingNode:  by Nautech Systems Pty Ltd.[0m
[1m2026-07-27T18:58:37.068344001Z[0m [36m[INFO] PAPER-001.TradingNode:  Copyright (C) 2015-2026. All rights reserved.[0m
[1m2026-07-27T18:58:37.068344002Z[0m [36m[INFO] PAPER-001.TradingNode: =================================================================[0m
[1m2026-07-27T18:58:37.068344003Z[0m [INFO] PAPER-001.TradingNode: [0m
[1m2026-07-27T18:58:37.068344004Z[0m [INFO] PAPER-001.TradingNode: ⠀⠀⠀⠀⠀⠀⠀⠀⠀⠀⠀⠀⠀⣠⣴⣶⡟⠀⠀⠀⠀⠀⠀⠀⠀⠀⠀⠀⠀⠀⠀[0m
[1m2026-07-27T18:58:37.068345000Z[0m [INFO] PAPER-001.TradingNode: ⠀⠀⠀⠀⠀⠀⠀⠀⠀⠀⠀⣰⣾⣿⣿⣿⠀⢸⣿⣿⣿⣿⣶⣶⣤⣀⠀⠀⠀⠀⠀[0m
[1m2026-07-27T18:58:37.068345001Z[0m [INFO] PAPER-001.TradingNode: ⠀⠀⠀⠀⠀⠀⢀⣴⡇⢀⣾⣿⣿⣿⣿⣿⠀⣾⣿⣿⣿⣿⣿⣿⣿⠿⠓⠀⠀⠀⠀[0m
[1m2026-07-27T18:58:37.068345002Z[0m [INFO] PAPER-001.TradingNode: ⠀⠀⠀⠀⠀⣰⣿⣿⡀⢸⣿⣿⣿⣿⣿⣿⠀⣿⣿⣿⣿⣿⣿⠟⠁⣠⣄⠀⠀⠀⠀[0m
[1m2026-07-27T18:58:37.068345003Z[0m [INFO] PAPER-001.TradingNode: ⠀⠀⠀⠀⢠⣿⣿⣿⣇⠀⢿⣿⣿⣿⣿⣿⠀⢻⣿⣿⣿⡿⢃⣠⣾⣿⣿⣧⡀⠀⠀[0m
[1m2026-07-27T18:58:37.068345004Z[0m [INFO] PAPER-001.TradingNode: ⠀⠀⠀⠠⣾⣿⣿⣿⣿⣿⣧⠈⠋⢀⣴⣧⠀⣿⡏⢠⡀⢸⣿⣿⣿⣿⣿⣿⣿⡇⠀[0m
[1m2026-07-27T18:58:37.068345005Z[0m [INFO] PAPER-001.TradingNode: ⠀⠀⠀⣀⠙⢿⣿⣿⣿⣿⣿⠇⢠⣿⣿⣿⡄⠹⠃⠼⠃⠈⠉⠛⠛⠛⠛⠛⠻⠇⠀[0m
[1m2026-07-27T18:58:37.068345006Z[0m [INFO] PAPER-001.TradingNode: ⠀⠀⢸⡟⢠⣤⠉⠛⠿⢿⣿⠀⢸⣿⡿⠋⣠⣤⣄⠀⣾⣿⣿⣶⣶⣶⣦⡄⠀⠀⠀[0m
[1m2026-07-27T18:58:37.068345007Z[0m [INFO] PAPER-001.TradingNode: ⠀⠀⠸⠀⣾⠏⣸⣷⠂⣠⣤⠀⠘⢁⣴⣾⣿⣿⣿⡆⠘⣿⣿⣿⣿⣿⣿⠀⠀⠀⠀[0m
[1m2026-07-27T18:58:37.068346000Z[0m [INFO] PAPER-001.TradingNode: ⠀⠀⠀⠀⠛⠀⣿⡟⠀⢻⣿⡄⠸⣿⣿⣿⣿⣿⣿⣿⡀⠘⣿⣿⣿⣿⠟⠀⠀⠀⠀[0m
[1m2026-07-27T18:58:37.068346001Z[0m [INFO] PAPER-001.TradingNode: ⠀⠀⠀⠀⠀⠀⣿⠇⠀⠀⢻⡿⠀⠈⠻⣿⣿⣿⣿⣿⡇⠀⢹⣿⠿⠋⠀⠀⠀⠀⠀[0m
[1m2026-07-27T18:58:37.068346002Z[0m [INFO] PAPER-001.TradingNode: ⠀⠀⠀⠀⠀⠀⠋⠀⠀⠀⡘⠁⠀⠀⠀⠀⠀⠀⠀⠀⠀⠀⠈⠁⠀⠀⠀⠀⠀⠀⠀[0m
[1m2026-07-27T18:58:37.068346003Z[0m [INFO] PAPER-001.TradingNode: [0m
[1m2026-07-27T18:58:37.068346004Z[0m [36m[INFO] PAPER-001.TradingNode: =================================================================[0m
[1m2026-07-27T18:58:37.068346005Z[0m [36m[INFO] PAPER-001.TradingNode:  SYSTEM SPECIFICATION[0m
[1m2026-07-27T18:58:37.068346006Z[0m [36m[INFO] PAPER-001.TradingNode: =================================================================[0m
[1m2026-07-27T18:58:37.068346007Z[0m [INFO] PAPER-001.TradingNode: CPU architecture: Apple M4[0m
[1m2026-07-27T18:58:37.068347000Z[0m [INFO] PAPER-001.TradingNode: CPU(s): 10 @ 4464 MHz[0m
[1m2026-07-27T18:58:37.068347001Z[0m [INFO] PAPER-001.TradingNode: OS: kernel-25.5.0 macOS 26.5.2 Tahoe[0m
[1m2026-07-27T18:58:37.068357000Z[0m [36m[INFO] PAPER-001.TradingNode: =================================================================[0m
[1m2026-07-27T18:58:37.068357001Z[0m [36m[INFO] PAPER-001.TradingNode:  MEMORY USAGE[0m
[1m2026-07-27T18:58:37.068357002Z[0m [36m[INFO] PAPER-001.TradingNode: =================================================================[0m
[1m2026-07-27T18:58:37.068360000Z[0m [INFO] PAPER-001.TradingNode: RAM-Total: 32.00 GiB[0m
[1m2026-07-27T18:58:37.068360001Z[0m [INFO] PAPER-001.TradingNode: RAM-Used: 21.38 GiB (66.81%)[0m
[1m2026-07-27T18:58:37.068360002Z[0m [INFO] PAPER-001.TradingNode: RAM-Avail: 10.62 GiB (33.19%)[0m
[1m2026-07-27T18:58:37.068361000Z[0m [INFO] PAPER-001.TradingNode: Swap: disabled[0m
[1m2026-07-27T18:58:37.068364000Z[0m [36m[INFO] PAPER-001.TradingNode: =================================================================[0m
[1m2026-07-27T18:58:37.068364001Z[0m [36m[INFO] PAPER-001.TradingNode:  IDENTIFIERS[0m
[1m2026-07-27T18:58:37.068364002Z[0m [36m[INFO] PAPER-001.TradingNode: =================================================================[0m
[1m2026-07-27T18:58:37.068364003Z[0m [INFO] PAPER-001.TradingNode: trader_id: PAPER-001[0m
[1m2026-07-27T18:58:37.068364004Z[0m [INFO] PAPER-001.TradingNode: machine_id: Mac.lan[0m
[1m2026-07-27T18:58:37.068365000Z[0m [INFO] PAPER-001.TradingNode: instance_id: a3723a99-12fe-4fe7-be67-e5006454e496[0m
[1m2026-07-27T18:58:37.068365001Z[0m [INFO] PAPER-001.TradingNode: PID: 12248[0m
[1m2026-07-27T18:58:37.068365002Z[0m [36m[INFO] PAPER-001.TradingNode: =================================================================[0m
[1m2026-07-27T18:58:37.068365003Z[0m [36m[INFO] PAPER-001.TradingNode:  VERSIONING[0m
[1m2026-07-27T18:58:37.068365004Z[0m [36m[INFO] PAPER-001.TradingNode: =================================================================[0m
[1m2026-07-27T18:58:37.068373000Z[0m [INFO] PAPER-001.TradingNode: nautilus_trader: 1.229.0[0m
[1m2026-07-27T18:58:37.068377000Z[0m [INFO] PAPER-001.TradingNode: python: 3.12.13[0m
[1m2026-07-27T18:58:37.068378000Z[0m [INFO] PAPER-001.TradingNode: numpy: 2.5.0[0m
[1m2026-07-27T18:58:37.068379000Z[0m [INFO] PAPER-001.TradingNode: pandas: 3.0.4[0m
[1m2026-07-27T18:58:37.068380000Z[0m [INFO] PAPER-001.TradingNode: msgspec: 0.21.1[0m
[1m2026-07-27T18:58:37.068382000Z[0m [INFO] PAPER-001.TradingNode: pyarrow: 24.0.0[0m
[1m2026-07-27T18:58:37.068383000Z[0m [INFO] PAPER-001.TradingNode: pytz: 2026.2[0m
[1m2026-07-27T18:58:37.068384000Z[0m [INFO] PAPER-001.TradingNode: uvloop: 0.22.1[0m
[1m2026-07-27T18:58:37.068384001Z[0m [36m[INFO] PAPER-001.TradingNode: =================================================================[0m
[1m2026-07-27T18:58:37.068391000Z[0m [INFO] PAPER-001.TradingNode: Building system kernel[0m
[1m2026-07-27T18:58:37.068466000Z[0m [INFO] PAPER-001.CacheDatabaseAdapter: READY[0m
[1m2026-07-27T18:58:37.068470000Z[0m [94m[INFO] PAPER-001.CacheDatabaseAdapter: config.database=DatabaseConfig(type=redis, host=127.0.0.1, port=6379, username=None, password=None, ssl=False, connection_timeout=20, response_timeout=20, number_of_retries=3, exponent_base=2, max_delay=1000, factor=2)[0m
[1m2026-07-27T18:58:37.068471000Z[0m [94m[INFO] PAPER-001.CacheDatabaseAdapter: config.encoding='msgpack'[0m
[1m2026-07-27T18:58:37.068471001Z[0m [94m[INFO] PAPER-001.CacheDatabaseAdapter: config.timestamps_as_iso8601=False[0m
[1m2026-07-27T18:58:37.068472000Z[0m [94m[INFO] PAPER-001.CacheDatabaseAdapter: config.buffer_interval_ms=100[0m
[1m2026-07-27T18:58:37.068472001Z[0m [94m[INFO] PAPER-001.CacheDatabaseAdapter: config.flush_on_start=False[0m
[1m2026-07-27T18:58:37.068472002Z[0m [94m[INFO] PAPER-001.CacheDatabaseAdapter: config.use_trader_prefix=True[0m
[1m2026-07-27T18:58:37.068472003Z[0m [94m[INFO] PAPER-001.CacheDatabaseAdapter: config.use_instance_id=False[0m
[1m2026-07-27T18:58:37.069791000Z[0m [94m[INFO] PAPER-001.MessageBus: config.database=None[0m
[1m2026-07-27T18:58:37.069794000Z[0m [94m[INFO] PAPER-001.MessageBus: config.encoding='json'[0m
[1m2026-07-27T18:58:37.069795000Z[0m [94m[INFO] PAPER-001.MessageBus: config.timestamps_as_iso8601=False[0m
[1m2026-07-27T18:58:37.069795001Z[0m [94m[INFO] PAPER-001.MessageBus: config.buffer_interval_ms=None[0m
[1m2026-07-27T18:58:37.069795002Z[0m [94m[INFO] PAPER-001.MessageBus: config.autotrim_mins=None[0m
[1m2026-07-27T18:58:37.069796000Z[0m [94m[INFO] PAPER-001.MessageBus: config.use_trader_prefix=True[0m
[1m2026-07-27T18:58:37.069796001Z[0m [94m[INFO] PAPER-001.MessageBus: config.use_trader_id=True[0m
[1m2026-07-27T18:58:37.069796002Z[0m [94m[INFO] PAPER-001.MessageBus: config.use_instance_id=False[0m
[1m2026-07-27T18:58:37.069797000Z[0m [94m[INFO] PAPER-001.MessageBus: config.streams_prefix='stream'[0m
[1m2026-07-27T18:58:37.069797001Z[0m [94m[INFO] PAPER-001.MessageBus: config.types_filter=None[0m
[1m2026-07-27T18:58:37.069825000Z[0m [INFO] PAPER-001.Cache: READY[0m
[1m2026-07-27T18:58:37.070116000Z[0m [INFO] PAPER-001.DataEngine: READY[0m
[1m2026-07-27T18:58:37.070178000Z[0m [94m[INFO] PAPER-001.DataEngine: config.graceful_shutdown_on_exception=False[0m
[1m2026-07-27T18:58:37.070203000Z[0m [INFO] PAPER-001.RiskEngine: READY[0m
[1m2026-07-27T18:58:37.070221000Z[0m [94m[INFO] PAPER-001.RiskEngine: TradingState is ACTIVE[0m
[1m2026-07-27T18:58:37.070307000Z[0m [INFO] PAPER-001.Throttler-ORDER_SUBMIT_THROTTLER: READY[0m
[1m2026-07-27T18:58:37.070318000Z[0m [94m[INFO] PAPER-001.RiskEngine: Set MAX_ORDER_SUBMIT_RATE: 100/00:00:01[0m
[1m2026-07-27T18:58:37.070328000Z[0m [INFO] PAPER-001.Throttler-ORDER_MODIFY_THROTTLER: READY[0m
[1m2026-07-27T18:58:37.070332000Z[0m [94m[INFO] PAPER-001.RiskEngine: Set MAX_ORDER_MODIFY_RATE: 100/00:00:01[0m
[1m2026-07-27T18:58:37.070348000Z[0m [94m[INFO] PAPER-001.RiskEngine: config.graceful_shutdown_on_exception=False[0m
[1m2026-07-27T18:58:37.070379000Z[0m [INFO] PAPER-001.ExecEngine: READY[0m
[1m2026-07-27T18:58:37.070395000Z[0m [94m[INFO] PAPER-001.ExecEngine: config.snapshot_orders=True[0m
[1m2026-07-27T18:58:37.070396000Z[0m [94m[INFO] PAPER-001.ExecEngine: config.snapshot_positions=True[0m
[1m2026-07-27T18:58:37.070397000Z[0m [94m[INFO] PAPER-001.ExecEngine: config.snapshot_positions_interval_secs=60.0[0m
[1m2026-07-27T18:58:37.070397001Z[0m [94m[INFO] PAPER-001.ExecEngine: config.allow_overfills=False[0m
[1m2026-07-27T18:58:37.070418000Z[0m [94m[INFO] PAPER-001.ExecEngine: config.reconciliation=True[0m
[1m2026-07-27T18:58:37.070419000Z[0m [94m[INFO] PAPER-001.ExecEngine: config.reconciliation_lookback_mins=None[0m
[1m2026-07-27T18:58:37.070420000Z[0m [94m[INFO] PAPER-001.ExecEngine: config.reconciliation_instrument_ids=None[0m
[1m2026-07-27T18:58:37.070420001Z[0m [94m[INFO] PAPER-001.ExecEngine: config.filter_unclaimed_external_orders=False[0m
[1m2026-07-27T18:58:37.070420002Z[0m [94m[INFO] PAPER-001.ExecEngine: config.filter_position_reports=False[0m
[1m2026-07-27T18:58:37.070421000Z[0m [94m[INFO] PAPER-001.ExecEngine: config.filtered_client_order_ids=None[0m
[1m2026-07-27T18:58:37.070421001Z[0m [94m[INFO] PAPER-001.ExecEngine: config.inflight_check_interval_ms=2000[0m
[1m2026-07-27T18:58:37.070421002Z[0m [94m[INFO] PAPER-001.ExecEngine: config.inflight_check_threshold_ms=5000[0m
[1m2026-07-27T18:58:37.070422000Z[0m [94m[INFO] PAPER-001.ExecEngine: config.inflight_check_retries=5[0m
[1m2026-07-27T18:58:37.070422001Z[0m [94m[INFO] PAPER-001.ExecEngine: config.own_books_audit_interval_secs=None[0m
[1m2026-07-27T18:58:37.070423000Z[0m [94m[INFO] PAPER-001.ExecEngine: config.open_check_interval_secs=None[0m
[1m2026-07-27T18:58:37.070423001Z[0m [94m[INFO] PAPER-001.ExecEngine: config.open_check_open_only=True[0m
[1m2026-07-27T18:58:37.070423002Z[0m [94m[INFO] PAPER-001.ExecEngine: config.open_check_lookback_mins=60[0m
[1m2026-07-27T18:58:37.070424000Z[0m [94m[INFO] PAPER-001.ExecEngine: config.open_check_threshold_ms=5000[0m
[1m2026-07-27T18:58:37.070424001Z[0m [94m[INFO] PAPER-001.ExecEngine: config.open_check_missing_retries=5[0m
[1m2026-07-27T18:58:37.070424002Z[0m [94m[INFO] PAPER-001.ExecEngine: config.max_single_order_queries_per_cycle=10[0m
[1m2026-07-27T18:58:37.070425000Z[0m [94m[INFO] PAPER-001.ExecEngine: config.single_order_query_delay_ms=100[0m
[1m2026-07-27T18:58:37.070425001Z[0m [94m[INFO] PAPER-001.ExecEngine: config.position_check_interval_secs=None[0m
[1m2026-07-27T18:58:37.070425002Z[0m [94m[INFO] PAPER-001.ExecEngine: config.position_check_lookback_mins=60[0m
[1m2026-07-27T18:58:37.070426000Z[0m [94m[INFO] PAPER-001.ExecEngine: config.position_check_threshold_ms=5000[0m
[1m2026-07-27T18:58:37.070426001Z[0m [94m[INFO] PAPER-001.ExecEngine: config.position_check_retries=3[0m
[1m2026-07-27T18:58:37.070426002Z[0m [94m[INFO] PAPER-001.ExecEngine: config.reconciliation_startup_delay_secs=10.0[0m
[1m2026-07-27T18:58:37.070427000Z[0m [94m[INFO] PAPER-001.ExecEngine: config.purge_closed_orders_interval_mins=None[0m
[1m2026-07-27T18:58:37.070427001Z[0m [94m[INFO] PAPER-001.ExecEngine: config.purge_closed_orders_buffer_mins=None[0m
[1m2026-07-27T18:58:37.070427002Z[0m [94m[INFO] PAPER-001.ExecEngine: config.purge_closed_positions_interval_mins=None[0m
[1m2026-07-27T18:58:37.070428000Z[0m [94m[INFO] PAPER-001.ExecEngine: config.purge_closed_positions_buffer_mins=None[0m
[1m2026-07-27T18:58:37.070428001Z[0m [94m[INFO] PAPER-001.ExecEngine: config.purge_account_events_interval_mins=None[0m
[1m2026-07-27T18:58:37.070428002Z[0m [94m[INFO] PAPER-001.ExecEngine: config.purge_account_events_lookback_mins=None[0m
[1m2026-07-27T18:58:37.070428003Z[0m [94m[INFO] PAPER-001.ExecEngine: config.purge_from_database=False[0m
[1m2026-07-27T18:58:37.070429000Z[0m [94m[INFO] PAPER-001.ExecEngine: config.graceful_shutdown_on_exception=False[0m
[1m2026-07-27T18:58:37.071531000Z[0m [94m[INFO] PAPER-001.Cache: Cached 1 general object from database[0m
[1m2026-07-27T18:58:37.071989000Z[0m [94m[INFO] PAPER-001.Cache: Cached 4 currencies from database[0m
[1m2026-07-27T18:58:37.072351000Z[0m [94m[INFO] PAPER-001.Cache: Cached 3 instruments from database[0m
[1m2026-07-27T18:58:37.072678000Z[0m [94m[INFO] PAPER-001.Cache: Cached 1 account from database[0m
[1m2026-07-27T18:58:37.072909000Z[0m [INFO] PAPER-001.Cache: Cached 0 orders from database[0m
[1m2026-07-27T18:58:37.072913000Z[0m [INFO] PAPER-001.Cache: Cached 0 order lists from database[0m
[1m2026-07-27T18:58:37.072994000Z[0m [INFO] PAPER-001.Cache: Cached 0 positions from database[0m
[1m2026-07-27T18:58:37.073004000Z[0m [INFO] PAPER-001.Cache: Checking data integrity[0m
[1m2026-07-27T18:58:37.073012000Z[0m [92m[INFO] PAPER-001.Cache: Integrity check passed in 6μs[0m
[1m2026-07-27T18:58:37.073022000Z[0m [INFO] PAPER-001.ExecEngine: Loaded cache in 3ms[0m
[1m2026-07-27T18:58:37.073053000Z[0m [INFO] PAPER-001.OrderEmulator: READY[0m
[1m2026-07-27T18:58:37.073084000Z[0m [INFO] PAPER-001.PAPER-001: READY[0m
[1m2026-07-27T18:58:37.073097000Z[0m [INFO] PAPER-001.TradingNode: Initialized in 5ms[0m
[1m2026-07-27T18:58:37.073104000Z[0m [94m[INFO] PAPER-001.TradingNode: has_cache_backing=True[0m
[1m2026-07-27T18:58:37.073104001Z[0m [94m[INFO] PAPER-001.TradingNode: has_msgbus_backing=False[0m
[1m2026-07-27T18:58:37.073156000Z[0m [INFO] PAPER-001.MLStrategy: READY[0m
[1m2026-07-27T18:58:37.073182000Z[0m [INFO] PAPER-001.ExecEngine: Registered OMS.UNSPECIFIED for Strategy MLStrategy-000[0m
[1m2026-07-27T18:58:37.073184000Z[0m [INFO] PAPER-001.PAPER-001: Registered Strategy MLStrategy-000[0m
[1m2026-07-27T18:58:37.073283000Z[0m [INFO] PAPER-001.Cache: No previous state found for StrategyId('MLStrategy-000')[0m
[1m2026-07-27T18:58:37.073287000Z[0m [INFO] PAPER-001.TradingNode: Building data client for IB[0m
[1m2026-07-27T18:58:37.073305000Z[0m [INFO] PAPER-001.InteractiveBrokersClient-001: READY[0m
[1m2026-07-27T18:58:37.073856000Z[0m [1;33m[WARN] PAPER-001.InteractiveBrokersClient-001: Started when loop is not running[0m
[1m2026-07-27T18:58:37.073907000Z[0m [INFO] PAPER-001.InteractiveBrokersClient-001: Starting InteractiveBrokersClient (1)...[0m
[1m2026-07-27T18:58:37.073917000Z[0m [INFO] PAPER-001.InteractiveBrokersClient-001: Connecting to 127.0.0.1:7497 with client id: 1[0m
[1m2026-07-27T18:58:37.082141000Z[0m [INFO] PAPER-001.InteractiveBrokersClient-001: Connected to Interactive Brokers (v223) at 20260727 11:58:36 PST from 127.0.0.1:7497 with client id: 1[0m
[1m2026-07-27T18:58:37.083619000Z[0m [1;33m[WARN] PAPER-001.InteractiveBrokersClient-001: Market data farm connection is OK:cashfarm (code: 2104, req_id=-1)[0m
[1m2026-07-27T18:58:37.083733000Z[0m [1;33m[WARN] PAPER-001.InteractiveBrokersClient-001: Market data farm connection is OK:uscrypto (code: 2104, req_id=-1)[0m
[1m2026-07-27T18:58:37.083772000Z[0m [INFO] PAPER-001.InteractiveBrokersClient-001: RUNNING[0m
[1m2026-07-27T18:58:37.083790000Z[0m [INFO] PAPER-001.InteractiveBrokersInstrumentProvider: READY[0m
[1m2026-07-27T18:58:37.083828000Z[0m [INFO] PAPER-001.DataClient-IB: READY[0m
[1m2026-07-27T18:58:37.083850000Z[0m [INFO] PAPER-001.DataEngine: Registered IB for default routing[0m
[1m2026-07-27T18:58:37.083856000Z[0m [INFO] PAPER-001.TradingNode: Building execution client for IB[0m
[1m2026-07-27T18:58:37.083885000Z[0m [INFO] PAPER-001.ExecClient-IB: READY[0m
[1m2026-07-27T18:58:37.083898000Z[0m [INFO] PAPER-001.ExecEngine: Registered ExecutionClient-IB for default routing[0m
[1m2026-07-27T18:58:37.083939000Z[0m [INFO] PAPER-001.TradingNode: STARTING[0m
[1m2026-07-27T18:58:37.083958000Z[0m [INFO] PAPER-001.DataClient-IB: RUNNING[0m
[1m2026-07-27T18:58:37.083969000Z[0m [INFO] PAPER-001.DataEngine: RUNNING[0m
[1m2026-07-27T18:58:37.083980000Z[0m [INFO] PAPER-001.RiskEngine: RUNNING[0m
[1m2026-07-27T18:58:37.083985001Z[0m [INFO] PAPER-001.ExecClient-IB: RUNNING[0m
[1m2026-07-27T18:58:37.083990000Z[0m [INFO] PAPER-001.ExecEngine: Starting position snapshots timer at 60.0 second intervals[0m
[1m2026-07-27T18:58:37.084110000Z[0m [94m[INFO] PAPER-001.ExecEngine: Started reconciliation task[0m
[1m2026-07-27T18:58:37.084114000Z[0m [INFO] PAPER-001.ExecEngine: RUNNING[0m
[1m2026-07-27T18:58:37.084117000Z[0m [INFO] PAPER-001.DataEngine: Connecting all clients...[0m
[1m2026-07-27T18:58:37.084118000Z[0m [INFO] PAPER-001.DataClient-IB: Connecting...[0m
[1m2026-07-27T18:58:37.084124000Z[0m [INFO] PAPER-001.ExecEngine: Connecting all clients...[0m
[1m2026-07-27T18:58:37.084126000Z[0m [INFO] PAPER-001.ExecClient-IB: Connecting...[0m
[1m2026-07-27T18:58:37.084132000Z[0m [94m[INFO] PAPER-001.TradingNode: Awaiting engine connections and initializations (60.0s timeout)...[0m
[1m2026-07-27T18:58:37.084207000Z[0m [1;33m[WARN] PAPER-001.InteractiveBrokersClient-001: Market data farm connection is OK:usfuture (code: 2104, req_id=-1)[0m
[1m2026-07-27T18:58:37.084234000Z[0m [94m[INFO] PAPER-001.ExecEngine: Starting continuous reconciliation with intervals: inflight=2000ms, consistency=Nones, position=Nones[0m
[1m2026-07-27T18:58:37.084235000Z[0m [94m[INFO] PAPER-001.ExecEngine: Awaiting startup reconciliation completion before starting continuous checks[0m
[1m2026-07-27T18:58:37.084241000Z[0m [INFO] PAPER-001.InteractiveBrokersClient-001: Setting Market DataType to REALTIME[0m
[1m2026-07-27T18:58:37.084268000Z[0m [INFO] PAPER-001.InteractiveBrokersInstrumentProvider: Initializing instruments...[0m
[1m2026-07-27T18:58:37.084277000Z[0m [INFO] PAPER-001.InteractiveBrokersInstrumentProvider: Loading instruments: ETH/USD.ZEROHASH, SOL/USD.ZEROHASH, BTC/USD.ZEROHASH...[0m
[1m2026-07-27T18:58:37.084546000Z[0m [INFO] PAPER-001.InteractiveBrokersInstrumentProvider: Adding instrument=CryptoPerpetual(id=ETH/USD.ZEROHASH, raw_symbol=ETH.USD, asset_class=CRYPTOCURRENCY, instrument_class=SWAP, quote_currency=USD, is_inverse=True, price_precision=2, price_increment=0.05, size_precision=8, size_increment=0.00000001, multiplier=1, lot_size=1, margin_init=0, margin_maint=0, maker_fee=0, taker_fee=0, info={'contract': {'secType': 'CRYPTO', 'conId': 541686654, 'exchange': 'ZEROHASH', 'primaryExchange': '', 'symbol': 'ETH', 'localSymbol': 'ETH.USD', 'currency': 'USD', 'tradingClass': 'ETH', 'lastTradeDateOrContractMonth': '', 'lastTradeDate': '', 'multiplier': '', 'strike': 1.7976931348623157e+308, 'right': '', 'includeExpired': False, 'secIdType': '', 'secId': '', 'description': '', 'issuerId': '', 'comboLegsDescrip': '', 'comboLegs': [], 'deltaNeutralContract': None, 'build_futures_chain': None, 'build_options_chain': None, 'options_chain_exchange': None, 'min_expiry_days': None, 'max_expiry_days': None}, 'marketName': 'ETH', 'minTick': 0.05, 'orderTypes': 'AD,ADJUST,ALERT,BASKET,BENCHPX,CASHQTY,COND,DAY,DEACT,DEACTDIS,DEACTEOD,GAT,GTC,GTD,GTT,IOC,LMT,MKT,NMIN,NONALGO,WHATIF', 'validExchanges': 'ZEROHASH', 'priceMagnifier': 1, 'underConId': 0, 'longName': 'Ethereum cryptocurrency', 'contractMonth': '', 'industry': '', 'category': '', 'subcategory': '', 'timeZoneId': 'US/Eastern', 'tradingHours': '20260726:0300-20260727:1600;20260727:1601-20260728:1600;20260728:1601-20260729:1600;20260729:1601-20260730:1600;20260730:1601-20260731:1600', 'liquidHours': '20260726:0300-20260727:1600;20260727:1601-20260728:1600;20260728:1601-20260729:1600;20260729:1601-20260730:1600;20260730:1601-20260731:1600', 'evRule': '', 'evMultiplier': 0, 'mdSizeMultiplier': 1, 'aggGroup': 0, 'underSymbol': '', 'underSecType': '', 'marketRuleIds': '2823', 'secIdList': [], 'realExpirationDate': '', 'lastTradeTime': '', 'stockType': '', 'minSize': '1E-8', 'sizeIncrement': '1E-8', 'suggestedSizeIncrement': '1E-8', 'minAlgoSize': '0', 'lastPricePrecision': '170141183460469231731687303715884105727', 'lastSizePrecision': '170141183460469231731687303715884105727', 'cusip': '', 'ratings': '', 'descAppend': '', 'bondType': '', 'couponType': '', 'callable': False, 'putable': False, 'coupon': 0, 'convertible': False, 'maturity': '', 'issueDate': '', 'nextOptionDate': '', 'nextOptionType': '', 'nextOptionPartial': False, 'notes': '', 'fundName': '', 'fundFamily': '', 'fundType': '', 'fundFrontLoad': '', 'fundBackLoad': '', 'fundBackLoadTimeInterval': '', 'fundManagementFee': '', 'fundClosed': False, 'fundClosedForNewInvestors': False, 'fundClosedForNewMoney': False, 'fundNotifyAmount': '', 'fundMinimumInitialPurchase': '', 'fundSubsequentMinimumPurchase': '', 'fundBlueSkyStates': '', 'fundBlueSkyTerritories': '', 'fundDistributionPolicyIndicator': ['None', 'None'], 'fundAssetType': ['None', 'None'], 'ineligibilityReasonList': None, 'eventContract1': '', 'eventContractDescription1': '', 'eventContractDescription2': ''}) from InteractiveBrokersInstrumentProvider[0m
[1m2026-07-27T18:58:37.084684000Z[0m [INFO] PAPER-001.InteractiveBrokersInstrumentProvider: Adding instrument=CryptoPerpetual(id=SOL/USD.ZEROHASH, raw_symbol=SOL.USD, asset_class=CRYPTOCURRENCY, instrument_class=SWAP, quote_currency=USD, is_inverse=True, price_precision=2, price_increment=0.01, size_precision=8, size_increment=0.00000001, multiplier=1, lot_size=1, margin_init=0, margin_maint=0, maker_fee=0, taker_fee=0, info={'contract': {'secType': 'CRYPTO', 'conId': 766135595, 'exchange': 'ZEROHASH', 'primaryExchange': '', 'symbol': 'SOL', 'localSymbol': 'SOL.USD', 'currency': 'USD', 'tradingClass': 'SOL', 'lastTradeDateOrContractMonth': '', 'lastTradeDate': '', 'multiplier': '', 'strike': 1.7976931348623157e+308, 'right': '', 'includeExpired': False, 'secIdType': '', 'secId': '', 'description': '', 'issuerId': '', 'comboLegsDescrip': '', 'comboLegs': [], 'deltaNeutralContract': None, 'build_futures_chain': None, 'build_options_chain': None, 'options_chain_exchange': None, 'min_expiry_days': None, 'max_expiry_days': None}, 'marketName': 'SOL', 'minTick': 0.01, 'orderTypes': 'AD,ADJUST,ALERT,BASKET,BENCHPX,CASHQTY,COND,DAY,DEACT,DEACTDIS,DEACTEOD,GAT,GTC,GTD,GTT,IOC,LMT,MKT,NMIN,NONALGO,WHATIF', 'validExchanges': 'ZEROHASH', 'priceMagnifier': 1, 'underConId': 0, 'longName': 'Solana cryptocurrency', 'contractMonth': '', 'industry': '', 'category': '', 'subcategory': '', 'timeZoneId': 'US/Eastern', 'tradingHours': '20260726:0300-20260727:1600;20260727:1601-20260728:1600;20260728:1601-20260729:1600;20260729:1601-20260730:1600;20260730:1601-20260731:1600', 'liquidHours': '20260726:0300-20260727:1600;20260727:1601-20260728:1600;20260728:1601-20260729:1600;20260729:1601-20260730:1600;20260730:1601-20260731:1600', 'evRule': '', 'evMultiplier': 0, 'mdSizeMultiplier': 1, 'aggGroup': 0, 'underSymbol': '', 'underSecType': '', 'marketRuleIds': '2836', 'secIdList': [], 'realExpirationDate': '', 'lastTradeTime': '', 'stockType': '', 'minSize': '1E-8', 'sizeIncrement': '1E-8', 'suggestedSizeIncrement': '1E-8', 'minAlgoSize': '0', 'lastPricePrecision': '170141183460469231731687303715884105727', 'lastSizePrecision': '170141183460469231731687303715884105727', 'cusip': '', 'ratings': '', 'descAppend': '', 'bondType': '', 'couponType': '', 'callable': False, 'putable': False, 'coupon': 0, 'convertible': False, 'maturity': '', 'issueDate': '', 'nextOptionDate': '', 'nextOptionType': '', 'nextOptionPartial': False, 'notes': '', 'fundName': '', 'fundFamily': '', 'fundType': '', 'fundFrontLoad': '', 'fundBackLoad': '', 'fundBackLoadTimeInterval': '', 'fundManagementFee': '', 'fundClosed': False, 'fundClosedForNewInvestors': False, 'fundClosedForNewMoney': False, 'fundNotifyAmount': '', 'fundMinimumInitialPurchase': '', 'fundSubsequentMinimumPurchase': '', 'fundBlueSkyStates': '', 'fundBlueSkyTerritories': '', 'fundDistributionPolicyIndicator': ['None', 'None'], 'fundAssetType': ['None', 'None'], 'ineligibilityReasonList': None, 'eventContract1': '', 'eventContractDescription1': '', 'eventContractDescription2': ''}) from InteractiveBrokersInstrumentProvider[0m
[1m2026-07-27T18:58:37.084802000Z[0m [INFO] PAPER-001.InteractiveBrokersInstrumentProvider: Adding instrument=CryptoPerpetual(id=BTC/USD.ZEROHASH, raw_symbol=BTC.USD, asset_class=CRYPTOCURRENCY, instrument_class=SWAP, quote_currency=USD, is_inverse=True, price_precision=2, price_increment=0.25, size_precision=8, size_increment=0.00000001, multiplier=1, lot_size=1, margin_init=0, margin_maint=0, maker_fee=0, taker_fee=0, info={'contract': {'secType': 'CRYPTO', 'conId': 541686651, 'exchange': 'ZEROHASH', 'primaryExchange': '', 'symbol': 'BTC', 'localSymbol': 'BTC.USD', 'currency': 'USD', 'tradingClass': 'BTC', 'lastTradeDateOrContractMonth': '', 'lastTradeDate': '', 'multiplier': '', 'strike': 1.7976931348623157e+308, 'right': '', 'includeExpired': False, 'secIdType': '', 'secId': '', 'description': '', 'issuerId': '', 'comboLegsDescrip': '', 'comboLegs': [], 'deltaNeutralContract': None, 'build_futures_chain': None, 'build_options_chain': None, 'options_chain_exchange': None, 'min_expiry_days': None, 'max_expiry_days': None}, 'marketName': 'BTC', 'minTick': 0.25, 'orderTypes': 'AD,ADJUST,ALERT,BASKET,BENCHPX,CASHQTY,COND,DAY,DEACT,DEACTDIS,DEACTEOD,GAT,GTC,GTD,GTT,IOC,LMT,MKT,NMIN,NONALGO,WHATIF', 'validExchanges': 'ZEROHASH', 'priceMagnifier': 1, 'underConId': 0, 'longName': 'Bitcoin cryptocurrency', 'contractMonth': '', 'industry': '', 'category': '', 'subcategory': '', 'timeZoneId': 'US/Eastern', 'tradingHours': '20260726:0300-20260727:1600;20260727:1601-20260728:1600;20260728:1601-20260729:1600;20260729:1601-20260730:1600;20260730:1601-20260731:1600', 'liquidHours': '20260726:0300-20260727:1600;20260727:1601-20260728:1600;20260728:1601-20260729:1600;20260729:1601-20260730:1600;20260730:1601-20260731:1600', 'evRule': '', 'evMultiplier': 0, 'mdSizeMultiplier': 1, 'aggGroup': 0, 'underSymbol': '', 'underSecType': '', 'marketRuleIds': '2806', 'secIdList': [], 'realExpirationDate': '', 'lastTradeTime': '', 'stockType': '', 'minSize': '1E-8', 'sizeIncrement': '1E-8', 'suggestedSizeIncrement': '1E-8', 'minAlgoSize': '0', 'lastPricePrecision': '170141183460469231731687303715884105727', 'lastSizePrecision': '170141183460469231731687303715884105727', 'cusip': '', 'ratings': '', 'descAppend': '', 'bondType': '', 'couponType': '', 'callable': False, 'putable': False, 'coupon': 0, 'convertible': False, 'maturity': '', 'issueDate': '', 'nextOptionDate': '', 'nextOptionType': '', 'nextOptionPartial': False, 'notes': '', 'fundName': '', 'fundFamily': '', 'fundType': '', 'fundFrontLoad': '', 'fundBackLoad': '', 'fundBackLoadTimeInterval': '', 'fundManagementFee': '', 'fundClosed': False, 'fundClosedForNewInvestors': False, 'fundClosedForNewMoney': False, 'fundNotifyAmount': '', 'fundMinimumInitialPurchase': '', 'fundSubsequentMinimumPurchase': '', 'fundBlueSkyStates': '', 'fundBlueSkyTerritories': '', 'fundDistributionPolicyIndicator': ['None', 'None'], 'fundAssetType': ['None', 'None'], 'ineligibilityReasonList': None, 'eventContract1': '', 'eventContractDescription1': '', 'eventContractDescription2': ''}) from InteractiveBrokersInstrumentProvider[0m
[1m2026-07-27T18:58:37.084806000Z[0m [INFO] PAPER-001.InteractiveBrokersInstrumentProvider: Loaded 3 instruments[0m
[1m2026-07-27T18:58:37.084806001Z[0m [INFO] PAPER-001.InteractiveBrokersInstrumentProvider: Initialized instruments[0m
[1m2026-07-27T18:58:37.084839000Z[0m [92m[INFO] PAPER-001.DataClient-IB: Connected[0m
[1m2026-07-27T18:58:37.085022000Z[0m [1;33m[WARN] PAPER-001.InteractiveBrokersClient-001: Market data farm connection is OK:usopt.nj (code: 2104, req_id=-1)[0m
[1m2026-07-27T18:58:37.085091000Z[0m [1;33m[WARN] PAPER-001.InteractiveBrokersClient-001: Market data farm connection is OK:usfarm.nj (code: 2104, req_id=-1)[0m
[1m2026-07-27T18:58:37.085190000Z[0m [1;33m[WARN] PAPER-001.InteractiveBrokersClient-001: Market data farm connection is OK:usfarm (code: 2104, req_id=-1)[0m
[1m2026-07-27T18:58:37.085234000Z[0m [1;33m[WARN] PAPER-001.InteractiveBrokersClient-001: HMDS data farm connection is OK:euhmds (code: 2106, req_id=-1)[0m
[1m2026-07-27T18:58:37.085275000Z[0m [1;33m[WARN] PAPER-001.InteractiveBrokersClient-001: HMDS data farm connection is OK:fundfarm (code: 2106, req_id=-1)[0m
[1m2026-07-27T18:58:37.085328000Z[0m [1;33m[WARN] PAPER-001.InteractiveBrokersClient-001: HMDS data farm connection is OK:ushmds (code: 2106, req_id=-1)[0m
[1m2026-07-27T18:58:37.085371000Z[0m [1;33m[WARN] PAPER-001.InteractiveBrokersClient-001: Sec-def data farm connection is OK:secdefil (code: 2158, req_id=-1)[0m
[1m2026-07-27T18:58:37.134437000Z[0m [92m[INFO] PAPER-001.ExecClient-IB: Account `DUR143045` found in the connected TWS/Gateway[0m
[1m2026-07-27T18:58:37.217993000Z[0m [94m[INFO] PAPER-001.TradingNode: Awaiting execution state reconciliation (30.0s timeout)...[0m
[1m2026-07-27T18:58:37.218019000Z[0m [92m[INFO] PAPER-001.ExecClient-IB: Connected[0m
[1m2026-07-27T18:58:37.218035000Z[0m [INFO] PAPER-001.ExecClient-IB: Generating ExecutionMassStatus...[0m
[1m2026-07-27T18:58:37.239939000Z[0m [INFO] PAPER-001.Portfolio: Updated AccountState(account_id=IB-DUR143045, account_type=MARGIN, base_currency=None, is_reported=True, balances=[AccountBalance(total=1_002_150.50 USD, locked=1_978.34 USD, free=1_000_172.16 USD)], margins=[MarginBalance(initial=0.00 USD, maintenance=0.00 USD, instrument_id=None)], event_id=a0b7f743-acf6-4a2a-836f-9f635101fcea)[0m
[1m2026-07-27T18:58:37.318524000Z[0m [INFO] PAPER-001.ExecClient-IB: Generated 0 FillReports[0m
[1m2026-07-27T18:58:37.419277000Z[0m [94m[INFO] PAPER-001.ExecEngine: Reconciling ExecutionMassStatus for None[0m
[1m2026-07-27T18:58:37.419312000Z[0m [94m[INFO] PAPER-001.ExecEngine: Attempting to adjust fills for 0 instruments[0m
[1m2026-07-27T18:58:37.419454000Z[0m [94m[INFO] PAPER-001.ExecEngine: Updating adjusted fills for 0 instruments[0m
[1m2026-07-27T18:58:37.419462000Z[0m [94m[INFO] PAPER-001.ExecEngine: Final order_reports contains 0 orders, fill_reports contains 0 fills across all instruments[0m
[1m2026-07-27T18:58:37.419597000Z[0m [92m[INFO] PAPER-001.ExecEngine: Reconciliation for IB succeeded[0m
[1m2026-07-27T18:58:37.419617000Z[0m [92m[INFO] PAPER-001.TradingNode: Execution state reconciled[0m
[1m2026-07-27T18:58:37.419655000Z[0m [INFO] PAPER-001.OrderEmulator: No emulated orders to reactivate[0m
[1m2026-07-27T18:58:37.419689000Z[0m [INFO] PAPER-001.OrderEmulator: RUNNING[0m
[1m2026-07-27T18:58:37.419729000Z[0m [INFO] PAPER-001.Portfolio: Initialized 0 open orders[0m
[1m2026-07-27T18:58:37.419738000Z[0m [INFO] PAPER-001.Portfolio: Initialized 0 open positions[0m
[1m2026-07-27T18:58:37.419753000Z[0m [94m[INFO] PAPER-001.TradingNode: Awaiting portfolio initialization (10.0s timeout)...[0m
[1m2026-07-27T18:58:37.419928000Z[0m [92m[INFO] PAPER-001.ExecEngine: Startup reconciliation completed[0m
[1m2026-07-27T18:58:37.419940000Z[0m [94m[INFO] PAPER-001.ExecEngine: Applying post-reconciliation startup delay (10.0s)[0m
[1m2026-07-27T18:58:37.420026000Z[0m [92m[INFO] PAPER-001.TradingNode: Portfolio initialized[0m
[1m2026-07-27T18:58:37.420073000Z[0m [94m[INFO] PAPER-001.MLStrategy: self.config.oms_type=None[0m
[1m2026-07-27T18:58:37.420079000Z[0m [94m[INFO] PAPER-001.MLStrategy: self.config.external_order_claims=None[0m
[1m2026-07-27T18:58:37.420081000Z[0m [94m[INFO] PAPER-001.MLStrategy: self.config.manage_gtd_expiry=False[0m
[1m2026-07-27T18:58:37.420107000Z[0m [94m[INFO] PAPER-001.MLStrategy: Set ClientOrderIdGenerator client_order_id count to 0[0m
[1m2026-07-27T18:58:37.420109000Z[0m [94m[INFO] PAPER-001.MLStrategy: Set ClientOrderIdGenerator order_list_id count to 0[0m
[1m2026-07-27T18:58:37.421147000Z[0m [INFO] PAPER-001.MLStrategy: [REQ]--> RequestBars(bar_type=BTC/USD.ZEROHASH-1-DAY-MID-EXTERNAL, start=2025-06-22 18:58:37.420767+00:00, end=2026-07-27 18:58:37.420851+00:00, limit=0, client_id=None, venue=ZEROHASH, data_type=Bar, params={'update_catalog': False, 'join_request': False})[0m
[1m2026-07-27T18:58:37.421278000Z[0m [INFO] PAPER-001.MLStrategy: [CMD]--> SubscribeBars(bar_type=BTC/USD.ZEROHASH-1-DAY-MID-EXTERNAL, client_id=None, venue=ZEROHASH)[0m
[1m2026-07-27T18:58:37.421297000Z[0m [INFO] PAPER-001.MLStrategy: Subscribed BTC/USD.ZEROHASH-1-DAY-MID-EXTERNAL[0m
[1m2026-07-27T18:58:37.421799000Z[0m [INFO] PAPER-001.MLStrategy: [REQ]--> RequestBars(bar_type=ETH/USD.ZEROHASH-1-DAY-MID-EXTERNAL, start=2025-06-22 18:58:37.421455+00:00, end=2026-07-27 18:58:37.421528+00:00, limit=0, client_id=None, venue=ZEROHASH, data_type=Bar, params={'update_catalog': False, 'join_request': False})[0m
[1m2026-07-27T18:58:37.421922000Z[0m [INFO] PAPER-001.MLStrategy: [CMD]--> SubscribeBars(bar_type=ETH/USD.ZEROHASH-1-DAY-MID-EXTERNAL, client_id=None, venue=ZEROHASH)[0m
[1m2026-07-27T18:58:37.421939000Z[0m [INFO] PAPER-001.MLStrategy: Subscribed ETH/USD.ZEROHASH-1-DAY-MID-EXTERNAL[0m
[1m2026-07-27T18:58:37.422175000Z[0m [INFO] PAPER-001.MLStrategy: [REQ]--> RequestBars(bar_type=SOL/USD.ZEROHASH-1-DAY-MID-EXTERNAL, start=2025-06-22 18:58:37.422045+00:00, end=2026-07-27 18:58:37.422096+00:00, limit=0, client_id=None, venue=ZEROHASH, data_type=Bar, params={'update_catalog': False, 'join_request': False})[0m
[1m2026-07-27T18:58:37.422216000Z[0m [INFO] PAPER-001.MLStrategy: [CMD]--> SubscribeBars(bar_type=SOL/USD.ZEROHASH-1-DAY-MID-EXTERNAL, client_id=None, venue=ZEROHASH)[0m
[1m2026-07-27T18:58:37.422222000Z[0m [INFO] PAPER-001.MLStrategy: Subscribed SOL/USD.ZEROHASH-1-DAY-MID-EXTERNAL[0m
[1m2026-07-27T18:58:37.422344000Z[0m [INFO] PAPER-001.MLStrategy: RUNNING[0m
[1m2026-07-27T18:58:37.422370000Z[0m [INFO] PAPER-001.PAPER-001: RUNNING[0m
[1m2026-07-27T18:58:37.422383000Z[0m [INFO] PAPER-001.TradingNode: RUNNING[0m
[1m2026-07-27T18:58:37.441649000Z[0m [94m[INFO] PAPER-001.DataClient-IB: Request BTC/USD.ZEROHASH-1-DAY-MID-EXTERNAL bars from 2025-06-22T18:58:37.420767000Z to 2026-07-27T18:58:37.420851000Z[0m
[1m2026-07-27T18:58:37.441912000Z[0m [94m[INFO] PAPER-001.DataClient-IB: Request ETH/USD.ZEROHASH-1-DAY-MID-EXTERNAL bars from 2025-06-22T18:58:37.421455000Z to 2026-07-27T18:58:37.421528000Z[0m
[1m2026-07-27T18:58:37.441974000Z[0m [94m[INFO] PAPER-001.DataClient-IB: Request SOL/USD.ZEROHASH-1-DAY-MID-EXTERNAL bars from 2025-06-22T18:58:37.422045000Z to 2026-07-27T18:58:37.422096000Z[0m
[1m2026-07-27T18:58:37.442174000Z[0m [INFO] PAPER-001.DataClient-IB: BTC/USD.ZEROHASH: Requesting historical bars: BTC/USD.ZEROHASH-1-DAY-MID-EXTERNAL ending on '2026-07-27 18:58:37.420851+00:00' with duration '1 Y'[0m
[1m2026-07-27T18:58:37.442445000Z[0m [INFO] PAPER-001.DataClient-IB: ETH/USD.ZEROHASH: Requesting historical bars: ETH/USD.ZEROHASH-1-DAY-MID-EXTERNAL ending on '2026-07-27 18:58:37.421528+00:00' with duration '1 Y'[0m
[1m2026-07-27T18:58:37.442541000Z[0m [INFO] PAPER-001.DataClient-IB: SOL/USD.ZEROHASH: Requesting historical bars: SOL/USD.ZEROHASH-1-DAY-MID-EXTERNAL ending on '2026-07-27 18:58:37.422096+00:00' with duration '1 Y'[0m
[1m2026-07-27T18:58:37.442613000Z[0m [INFO] PAPER-001.InteractiveBrokersClient-001: Creating and registering a new Subscription instance for BTC/USD.ZEROHASH-1-DAY-MID-EXTERNAL[0m
[1m2026-07-27T18:58:37.442654000Z[0m [INFO] PAPER-001.InteractiveBrokersClient-001: Creating and registering a new Subscription instance for ETH/USD.ZEROHASH-1-DAY-MID-EXTERNAL[0m
[1m2026-07-27T18:58:37.442689000Z[0m [INFO] PAPER-001.InteractiveBrokersClient-001: Creating and registering a new Subscription instance for SOL/USD.ZEROHASH-1-DAY-MID-EXTERNAL[0m
[1m2026-07-27T18:58:37.442728000Z[0m [94m[INFO] PAPER-001.DataClient-IB: Subscribed BTC/USD.ZEROHASH-1-DAY-MID-EXTERNAL bars[0m
[1m2026-07-27T18:58:37.442732000Z[0m [94m[INFO] PAPER-001.DataClient-IB: Subscribed ETH/USD.ZEROHASH-1-DAY-MID-EXTERNAL bars[0m
[1m2026-07-27T18:58:37.442733000Z[0m [94m[INFO] PAPER-001.DataClient-IB: Subscribed SOL/USD.ZEROHASH-1-DAY-MID-EXTERNAL bars[0m
[1m2026-07-27T18:58:37.762439000Z[0m [INFO] PAPER-001.DataClient-IB: BTC/USD.ZEROHASH: Number of bars retrieved in batch: 261[0m
[1m2026-07-27T18:58:37.762445000Z[0m [INFO] PAPER-001.DataClient-IB: Total number of bars in data: 261[0m
[1m2026-07-27T18:58:37.763628000Z[0m [INFO] PAPER-001.MLStrategy: Received <Bar[260]> data for BTC/USD.ZEROHASH-1-DAY-MID-EXTERNAL[0m
[1m2026-07-27T18:58:37.806884000Z[0m [INFO] PAPER-001.DataClient-IB: ETH/USD.ZEROHASH: Number of bars retrieved in batch: 261[0m
[1m2026-07-27T18:58:37.806893000Z[0m [INFO] PAPER-001.DataClient-IB: Total number of bars in data: 261[0m
[1m2026-07-27T18:58:37.808004000Z[0m [INFO] PAPER-001.MLStrategy: Received <Bar[260]> data for ETH/USD.ZEROHASH-1-DAY-MID-EXTERNAL[0m
[1m2026-07-27T18:58:37.899601000Z[0m [INFO] PAPER-001.DataClient-IB: SOL/USD.ZEROHASH: Number of bars retrieved in batch: 261[0m
[1m2026-07-27T18:58:37.899608000Z[0m [INFO] PAPER-001.DataClient-IB: Total number of bars in data: 261[0m
[1m2026-07-27T18:58:37.900722000Z[0m [INFO] PAPER-001.MLStrategy: Received <Bar[260]> data for SOL/USD.ZEROHASH-1-DAY-MID-EXTERNAL[0m
[1m2026-07-27T18:59:34.205112000Z[0m [1;33m[WARN] PAPER-001.TradingNode: Received SIGINT, shutting down[0m
[1m2026-07-27T18:59:34.205156000Z[0m [INFO] PAPER-001.TradingNode: STOPPING[0m
[1m2026-07-27T18:59:34.205303000Z[0m [INFO] PAPER-001.MLStrategy: [CMD]--> UnsubscribeBars(bar_type=BTC/USD.ZEROHASH-1-DAY-MID-EXTERNAL, client_id=None, venue=ZEROHASH)[0m
[1m2026-07-27T18:59:34.205318000Z[0m [INFO] PAPER-001.MLStrategy: Unsubscribed from BTC/USD.ZEROHASH-1-DAY-MID-EXTERNAL bar data[0m
[1m2026-07-27T18:59:34.205334000Z[0m [INFO] PAPER-001.MLStrategy: [CMD]--> UnsubscribeBars(bar_type=ETH/USD.ZEROHASH-1-DAY-MID-EXTERNAL, client_id=None, venue=ZEROHASH)[0m
[1m2026-07-27T18:59:34.205335000Z[0m [INFO] PAPER-001.MLStrategy: Unsubscribed from ETH/USD.ZEROHASH-1-DAY-MID-EXTERNAL bar data[0m
[1m2026-07-27T18:59:34.205345000Z[0m [INFO] PAPER-001.MLStrategy: [CMD]--> UnsubscribeBars(bar_type=SOL/USD.ZEROHASH-1-DAY-MID-EXTERNAL, client_id=None, venue=ZEROHASH)[0m
[1m2026-07-27T18:59:34.205348000Z[0m [INFO] PAPER-001.MLStrategy: Unsubscribed from SOL/USD.ZEROHASH-1-DAY-MID-EXTERNAL bar data[0m
[1m2026-07-27T18:59:34.205351000Z[0m [INFO] PAPER-001.MLStrategy: Canceling executor tasks[0m
[1m2026-07-27T18:59:34.205383000Z[0m [INFO] PAPER-001.MLStrategy: STOPPED[0m
[1m2026-07-27T18:59:34.205390000Z[0m [INFO] PAPER-001.PAPER-001: STOPPED[0m
[1m2026-07-27T18:59:34.205399000Z[0m [94m[INFO] PAPER-001.TradingNode: Awaiting post stop (10.0s timeout)...[0m
[1m2026-07-27T18:59:34.205782000Z[0m [94m[INFO] PAPER-001.DataClient-IB: Unsubscribed BTC/USD.ZEROHASH-1-DAY-MID-EXTERNAL bars[0m
[1m2026-07-27T18:59:34.205786000Z[0m [94m[INFO] PAPER-001.DataClient-IB: Unsubscribed ETH/USD.ZEROHASH-1-DAY-MID-EXTERNAL bars[0m
[1m2026-07-27T18:59:34.205787000Z[0m [94m[INFO] PAPER-001.DataClient-IB: Unsubscribed SOL/USD.ZEROHASH-1-DAY-MID-EXTERNAL bars[0m
[1m2026-07-27T18:59:34.206978000Z[0m [1;31m[ERROR] PAPER-001.InteractiveBrokersClient-001: Historical Market Data Service error message:API historical data query cancelled: 10008 (code: 162, req_id=10008)[0m
[1m2026-07-27T18:59:34.207017000Z[0m [1;33m[WARN] PAPER-001.InteractiveBrokersClient-001: Unhandled error: 162 for req_id 10008[0m
[1m2026-07-27T18:59:34.306858000Z[0m [1;31m[ERROR] PAPER-001.InteractiveBrokersClient-001: Historical Market Data Service error message:API historical data query cancelled: 10009 (code: 162, req_id=10009)[0m
[1m2026-07-27T18:59:34.306886000Z[0m [1;33m[WARN] PAPER-001.InteractiveBrokersClient-001: Unhandled error: 162 for req_id 10009[0m
[1m2026-07-27T18:59:34.407462000Z[0m [1;31m[ERROR] PAPER-001.InteractiveBrokersClient-001: Historical Market Data Service error message:API historical data query cancelled: 10010 (code: 162, req_id=10010)[0m
[1m2026-07-27T18:59:34.407504000Z[0m [1;33m[WARN] PAPER-001.InteractiveBrokersClient-001: Unhandled error: 162 for req_id 10010[0m
[1m2026-07-27T18:59:44.207636000Z[0m [94m[INFO] PAPER-001.MLStrategy: Saved state: ['ml_strategy.json'][0m
[1m2026-07-27T18:59:44.207921000Z[0m [INFO] PAPER-001.DataClient-IB: STOPPED[0m
[1m2026-07-27T18:59:44.207985000Z[0m [INFO] PAPER-001.ExecClient-IB: STOPPED[0m
[1m2026-07-27T18:59:44.208009000Z[0m [INFO] PAPER-001.DataEngine: Disconnecting all clients...[0m
[1m2026-07-27T18:59:44.208017000Z[0m [INFO] PAPER-001.DataClient-IB: Disconnecting...[0m
[1m2026-07-27T18:59:44.208065000Z[0m [INFO] PAPER-001.ExecEngine: Disconnecting all clients...[0m
[1m2026-07-27T18:59:44.208070000Z[0m [INFO] PAPER-001.ExecClient-IB: Disconnecting...[0m
[1m2026-07-27T18:59:44.208088000Z[0m [94m[INFO] PAPER-001.TradingNode: Awaiting engine disconnections (10.0s timeout)...[0m
[1m2026-07-27T18:59:44.208293000Z[0m [INFO] PAPER-001.InteractiveBrokersClient-001: STOPPED[0m
[1m2026-07-27T18:59:44.208336000Z[0m [92m[INFO] PAPER-001.DataClient-IB: Disconnected[0m
[1m2026-07-27T18:59:44.208359000Z[0m [92m[INFO] PAPER-001.ExecClient-IB: Disconnected[0m
[1m2026-07-27T18:59:44.208482000Z[0m [INFO] PAPER-001.DataEngine: STOPPED[0m
[1m2026-07-27T18:59:44.208529000Z[0m [INFO] PAPER-001.RiskEngine: STOPPED[0m
[1m2026-07-27T18:59:44.208553000Z[0m [INFO] PAPER-001.ExecEngine: Canceling position snapshots timer[0m
[1m2026-07-27T18:59:44.208626000Z[0m [INFO] PAPER-001.ExecEngine: STOPPED[0m
[1m2026-07-27T18:59:44.208650000Z[0m [INFO] PAPER-001.OrderEmulator: STOPPED[0m
[1m2026-07-27T18:59:44.208665000Z[0m [INFO] PAPER-001.TradingNode: STOPPED[0m
[1m2026-07-27T18:59:44.208691000Z[0m [INFO] PAPER-001.InteractiveBrokersClient-001: Stopping InteractiveBrokersClient (1)...[0m
[1m2026-07-27T18:59:44.209058000Z[0m [INFO] PAPER-001.InteractiveBrokersClient-001: All tasks canceled successfully.[0m
[1m2026-07-27T18:59:44.209597000Z[0m [INFO] PAPER-001.DataClient-IB: DISPOSED[0m
[1m2026-07-27T18:59:44.209616000Z[0m [INFO] PAPER-001.DataEngine: DISPOSED[0m
[1m2026-07-27T18:59:44.209634000Z[0m [INFO] PAPER-001.RiskEngine: DISPOSED[0m
[1m2026-07-27T18:59:44.209653000Z[0m [INFO] PAPER-001.ExecClient-IB: DISPOSED[0m
[1m2026-07-27T18:59:44.209665000Z[0m [INFO] PAPER-001.ExecEngine: DISPOSED[0m
[1m2026-07-27T18:59:44.209701000Z[0m [INFO] PAPER-001.OrderEmulator: DISPOSED[0m
[1m2026-07-27T18:59:44.209726000Z[0m [INFO] PAPER-001.PAPER-001: Cleared actors[0m
[1m2026-07-27T18:59:44.209747000Z[0m [INFO] PAPER-001.MLStrategy: DISPOSED[0m
[1m2026-07-27T18:59:44.209765000Z[0m [INFO] PAPER-001.PAPER-001: Cleared trading strategies[0m
[1m2026-07-27T18:59:44.209769000Z[0m [INFO] PAPER-001.PAPER-001: Cleared execution algorithms[0m
[1m2026-07-27T18:59:44.209780000Z[0m [INFO] PAPER-001.PAPER-001: DISPOSED[0m
[1m2026-07-27T18:59:44.209966000Z[0m [INFO] PAPER-001.Cache: Reset[0m
[1m2026-07-27T18:59:44.210652000Z[0m [INFO] PAPER-001.CacheDatabaseAdapter: Closed cache database adapter[0m
[1m2026-07-27T18:59:44.210734000Z[0m [INFO] PAPER-001.MessageBus: Closed message bus[0m
[1m2026-07-27T18:59:44.210748000Z[0m [INFO] PAPER-001.TradingNode: Shutting down executor[0m
[1m2026-07-27T18:59:44.421387000Z[0m [INFO] PAPER-001.TradingNode: Closing event loop[0m
Task was destroyed but it is pending!
task: <Task pending name='_stop_async' coro=<InteractiveBrokersClient._stop_async() running at /Users/lindawang/Documents/Workspace/quant/.quant312/lib/python3.12/site-packages/nautilus_trader/adapters/interactive_brokers/client/client.py:391> wait_for=<_GatheringFuture finished result=[None, None, None]> cb=[InteractiveBrokersClient._on_task_completed(None, None)()]>
[1m2026-07-27T18:59:44.422610000Z[0m [INFO] PAPER-001.TradingNode: loop.is_running=False[0m
[1m2026-07-27T18:59:44.422623000Z[0m [INFO] PAPER-001.TradingNode: loop.is_closed=True[0m
[1m2026-07-27T18:59:44.422624000Z[0m [INFO] PAPER-001.TradingNode: DISPOSED[0m
Task was destroyed but it is pending!
task: <Task pending name='Task-1502' coro=<InteractiveBrokersClientMarketDataMixin._schedule_bar_completion_timeout.<locals>.completion_handler() done, defined at /Users/lindawang/Documents/Workspace/quant/.quant312/lib/python3.12/site-packages/nautilus_trader/adapters/interactive_brokers/client/market_data.py:1311> wait_for=<Future pending cb=[Task.task_wakeup()]>>
Task was destroyed but it is pending!
task: <Task pending name='Task-1504' coro=<InteractiveBrokersClientMarketDataMixin._schedule_bar_completion_timeout.<locals>.completion_handler() done, defined at /Users/lindawang/Documents/Workspace/quant/.quant312/lib/python3.12/site-packages/nautilus_trader/adapters/interactive_brokers/client/market_data.py:1311> wait_for=<Future pending cb=[Task.task_wakeup()]>>
Task was destroyed but it is pending!
task: <Task pending name='Task-1506' coro=<InteractiveBrokersClientMarketDataMixin._schedule_bar_completion_timeout.<locals>.completion_handler() done, defined at /Users/lindawang/Documents/Workspace/quant/.quant312/lib/python3.12/site-packages/nautilus_trader/adapters/interactive_brokers/client/market_data.py:1311> wait_for=<Future pending cb=[Task.task_wakeup()]>>
Task was destroyed but it is pending!
task: <Task pending name='Task-1514' coro=<InteractiveBrokersClientMarketDataMixin._schedule_bar_completion_timeout.<locals>.completion_handler() done, defined at /Users/lindawang/Documents/Workspace/quant/.quant312/lib/python3.12/site-packages/nautilus_trader/adapters/interactive_brokers/client/market_data.py:1311> wait_for=<Future pending cb=[Task.task_wakeup()]>>
Task was destroyed but it is pending!
task: <Task pending name='Task-1516' coro=<InteractiveBrokersClientMarketDataMixin._schedule_bar_completion_timeout.<locals>.completion_handler() done, defined at /Users/lindawang/Documents/Workspace/quant/.quant312/lib/python3.12/site-packages/nautilus_trader/adapters/interactive_brokers/client/market_data.py:1311> wait_for=<Future pending cb=[Task.task_wakeup()]>>
Task was destroyed but it is pending!
task: <Task pending name='Task-1518' coro=<InteractiveBrokersClientMarketDataMixin._schedule_bar_completion_timeout.<locals>.completion_handler() done, defined at /Users/lindawang/Documents/Workspace/quant/.quant312/lib/python3.12/site-packages/nautilus_trader/adapters/interactive_brokers/client/market_data.py:1311> wait_for=<Future pending cb=[Task.task_wakeup()]>>
Task was destroyed but it is pending!
task: <Task pending name='Task-1526' coro=<InteractiveBrokersClientMarketDataMixin._schedule_bar_completion_timeout.<locals>.completion_handler() done, defined at /Users/lindawang/Documents/Workspace/quant/.quant312/lib/python3.12/site-packages/nautilus_trader/adapters/interactive_brokers/client/market_data.py:1311> wait_for=<Future pending cb=[Task.task_wakeup()]>>
Task was destroyed but it is pending!
task: <Task pending name='Task-1528' coro=<InteractiveBrokersClientMarketDataMixin._schedule_bar_completion_timeout.<locals>.completion_handler() done, defined at /Users/lindawang/Documents/Workspace/quant/.quant312/lib/python3.12/site-packages/nautilus_trader/adapters/interactive_brokers/client/market_data.py:1311> wait_for=<Future pending cb=[Task.task_wakeup()]>>
Task was destroyed but it is pending!
task: <Task pending name='Task-1530' coro=<InteractiveBrokersClientMarketDataMixin._schedule_bar_completion_timeout.<locals>.completion_handler() done, defined at /Users/lindawang/Documents/Workspace/quant/.quant312/lib/python3.12/site-packages/nautilus_trader/adapters/interactive_brokers/client/market_data.py:1311> wait_for=<Future pending cb=[Task.task_wakeup()]>>
Task was destroyed but it is pending!
task: <Task pending name='Task-1538' coro=<InteractiveBrokersClientMarketDataMixin._schedule_bar_completion_timeout.<locals>.completion_handler() done, defined at /Users/lindawang/Documents/Workspace/quant/.quant312/lib/python3.12/site-packages/nautilus_trader/adapters/interactive_brokers/client/market_data.py:1311> wait_for=<Future pending cb=[Task.task_wakeup()]>>
Task was destroyed but it is pending!
task: <Task pending name='Task-1540' coro=<InteractiveBrokersClientMarketDataMixin._schedule_bar_completion_timeout.<locals>.completion_handler() done, defined at /Users/lindawang/Documents/Workspace/quant/.quant312/lib/python3.12/site-packages/nautilus_trader/adapters/interactive_brokers/client/market_data.py:1311> wait_for=<Future pending cb=[Task.task_wakeup()]>>
Task was destroyed but it is pending!
task: <Task pending name='Task-1542' coro=<InteractiveBrokersClientMarketDataMixin._schedule_bar_completion_timeout.<locals>.completion_handler() done, defined at /Users/lindawang/Documents/Workspace/quant/.quant312/lib/python3.12/site-packages/nautilus_trader/adapters/interactive_brokers/client/market_data.py:1311> wait_for=<Future pending cb=[Task.task_wakeup()]>>
Task was destroyed but it is pending!
task: <Task pending name='Task-1550' coro=<InteractiveBrokersClientMarketDataMixin._schedule_bar_completion_timeout.<locals>.completion_handler() done, defined at /Users/lindawang/Documents/Workspace/quant/.quant312/lib/python3.12/site-packages/nautilus_trader/adapters/interactive_brokers/client/market_data.py:1311> wait_for=<Future pending cb=[Task.task_wakeup()]>>
Task was destroyed but it is pending!
task: <Task pending name='Task-1552' coro=<InteractiveBrokersClientMarketDataMixin._schedule_bar_completion_timeout.<locals>.completion_handler() done, defined at /Users/lindawang/Documents/Workspace/quant/.quant312/lib/python3.12/site-packages/nautilus_trader/adapters/interactive_brokers/client/market_data.py:1311> wait_for=<Future pending cb=[Task.task_wakeup()]>>
Task was destroyed but it is pending!
task: <Task pending name='Task-1554' coro=<InteractiveBrokersClientMarketDataMixin._schedule_bar_completion_timeout.<locals>.completion_handler() done, defined at /Users/lindawang/Documents/Workspace/quant/.quant312/lib/python3.12/site-packages/nautilus_trader/adapters/interactive_brokers/client/market_data.py:1311> wait_for=<Future pending cb=[Task.task_wakeup()]>>
Task was destroyed but it is pending!
task: <Task pending name='Task-1562' coro=<InteractiveBrokersClientMarketDataMixin._schedule_bar_completion_timeout.<locals>.completion_handler() done, defined at /Users/lindawang/Documents/Workspace/quant/.quant312/lib/python3.12/site-packages/nautilus_trader/adapters/interactive_brokers/client/market_data.py:1311> wait_for=<Future pending cb=[Task.task_wakeup()]>>
Task was destroyed but it is pending!
task: <Task pending name='Task-1564' coro=<InteractiveBrokersClientMarketDataMixin._schedule_bar_completion_timeout.<locals>.completion_handler() done, defined at /Users/lindawang/Documents/Workspace/quant/.quant312/lib/python3.12/site-packages/nautilus_trader/adapters/interactive_brokers/client/market_data.py:1311> wait_for=<Future pending cb=[Task.task_wakeup()]>>
Task was destroyed but it is pending!
task: <Task pending name='Task-1566' coro=<InteractiveBrokersClientMarketDataMixin._schedule_bar_completion_timeout.<locals>.completion_handler() done, defined at /Users/lindawang/Documents/Workspace/quant/.quant312/lib/python3.12/site-packages/nautilus_trader/adapters/interactive_brokers/client/market_data.py:1311> wait_for=<Future pending cb=[Task.task_wakeup()]>>
