[1m2026-07-27T20:53:06.997818000Z[0m [36m[INFO] PAPER-CRYPTO-001.TradingNode: =================================================================[0m
[1m2026-07-27T20:53:06.997828000Z[0m [36m[INFO] PAPER-CRYPTO-001.TradingNode:  NAUTILUS TRADER - Automated Algorithmic Trading Platform[0m
[1m2026-07-27T20:53:06.997828001Z[0m [36m[INFO] PAPER-CRYPTO-001.TradingNode:  by Nautech Systems Pty Ltd.[0m
[1m2026-07-27T20:53:06.997828002Z[0m [36m[INFO] PAPER-CRYPTO-001.TradingNode:  Copyright (C) 2015-2026. All rights reserved.[0m
[1m2026-07-27T20:53:06.997828003Z[0m [36m[INFO] PAPER-CRYPTO-001.TradingNode: =================================================================[0m
[1m2026-07-27T20:53:06.997828004Z[0m [INFO] PAPER-CRYPTO-001.TradingNode: [0m
[1m2026-07-27T20:53:06.997829000Z[0m [INFO] PAPER-CRYPTO-001.TradingNode: ⠀⠀⠀⠀⠀⠀⠀⠀⠀⠀⠀⠀⠀⣠⣴⣶⡟⠀⠀⠀⠀⠀⠀⠀⠀⠀⠀⠀⠀⠀⠀[0m
[1m2026-07-27T20:53:06.997829001Z[0m [INFO] PAPER-CRYPTO-001.TradingNode: ⠀⠀⠀⠀⠀⠀⠀⠀⠀⠀⠀⣰⣾⣿⣿⣿⠀⢸⣿⣿⣿⣿⣶⣶⣤⣀⠀⠀⠀⠀⠀[0m
[1m2026-07-27T20:53:06.997829002Z[0m [INFO] PAPER-CRYPTO-001.TradingNode: ⠀⠀⠀⠀⠀⠀⢀⣴⡇⢀⣾⣿⣿⣿⣿⣿⠀⣾⣿⣿⣿⣿⣿⣿⣿⠿⠓⠀⠀⠀⠀[0m
[1m2026-07-27T20:53:06.997829003Z[0m [INFO] PAPER-CRYPTO-001.TradingNode: ⠀⠀⠀⠀⠀⣰⣿⣿⡀⢸⣿⣿⣿⣿⣿⣿⠀⣿⣿⣿⣿⣿⣿⠟⠁⣠⣄⠀⠀⠀⠀[0m
[1m2026-07-27T20:53:06.997829004Z[0m [INFO] PAPER-CRYPTO-001.TradingNode: ⠀⠀⠀⠀⢠⣿⣿⣿⣇⠀⢿⣿⣿⣿⣿⣿⠀⢻⣿⣿⣿⡿⢃⣠⣾⣿⣿⣧⡀⠀⠀[0m
[1m2026-07-27T20:53:06.997829005Z[0m [INFO] PAPER-CRYPTO-001.TradingNode: ⠀⠀⠀⠠⣾⣿⣿⣿⣿⣿⣧⠈⠋⢀⣴⣧⠀⣿⡏⢠⡀⢸⣿⣿⣿⣿⣿⣿⣿⡇⠀[0m
[1m2026-07-27T20:53:06.997829006Z[0m [INFO] PAPER-CRYPTO-001.TradingNode: ⠀⠀⠀⣀⠙⢿⣿⣿⣿⣿⣿⠇⢠⣿⣿⣿⡄⠹⠃⠼⠃⠈⠉⠛⠛⠛⠛⠛⠻⠇⠀[0m
[1m2026-07-27T20:53:06.997829007Z[0m [INFO] PAPER-CRYPTO-001.TradingNode: ⠀⠀⢸⡟⢠⣤⠉⠛⠿⢿⣿⠀⢸⣿⡿⠋⣠⣤⣄⠀⣾⣿⣿⣶⣶⣶⣦⡄⠀⠀⠀[0m
[1m2026-07-27T20:53:06.997830000Z[0m [INFO] PAPER-CRYPTO-001.TradingNode: ⠀⠀⠸⠀⣾⠏⣸⣷⠂⣠⣤⠀⠘⢁⣴⣾⣿⣿⣿⡆⠘⣿⣿⣿⣿⣿⣿⠀⠀⠀⠀[0m
[1m2026-07-27T20:53:06.997830001Z[0m [INFO] PAPER-CRYPTO-001.TradingNode: ⠀⠀⠀⠀⠛⠀⣿⡟⠀⢻⣿⡄⠸⣿⣿⣿⣿⣿⣿⣿⡀⠘⣿⣿⣿⣿⠟⠀⠀⠀⠀[0m
[1m2026-07-27T20:53:06.997830002Z[0m [INFO] PAPER-CRYPTO-001.TradingNode: ⠀⠀⠀⠀⠀⠀⣿⠇⠀⠀⢻⡿⠀⠈⠻⣿⣿⣿⣿⣿⡇⠀⢹⣿⠿⠋⠀⠀⠀⠀⠀[0m
[1m2026-07-27T20:53:06.997830003Z[0m [INFO] PAPER-CRYPTO-001.TradingNode: ⠀⠀⠀⠀⠀⠀⠋⠀⠀⠀⡘⠁⠀⠀⠀⠀⠀⠀⠀⠀⠀⠀⠈⠁⠀⠀⠀⠀⠀⠀⠀[0m
[1m2026-07-27T20:53:06.997830004Z[0m [INFO] PAPER-CRYPTO-001.TradingNode: [0m
[1m2026-07-27T20:53:06.997830005Z[0m [36m[INFO] PAPER-CRYPTO-001.TradingNode: =================================================================[0m
[1m2026-07-27T20:53:06.997830006Z[0m [36m[INFO] PAPER-CRYPTO-001.TradingNode:  SYSTEM SPECIFICATION[0m
[1m2026-07-27T20:53:06.997830007Z[0m [36m[INFO] PAPER-CRYPTO-001.TradingNode: =================================================================[0m
[1m2026-07-27T20:53:06.997831000Z[0m [INFO] PAPER-CRYPTO-001.TradingNode: CPU architecture: Apple M4[0m
[1m2026-07-27T20:53:06.997831001Z[0m [INFO] PAPER-CRYPTO-001.TradingNode: CPU(s): 10 @ 4464 MHz[0m
[1m2026-07-27T20:53:06.997831002Z[0m [INFO] PAPER-CRYPTO-001.TradingNode: OS: kernel-25.5.0 macOS 26.5.2 Tahoe[0m
[1m2026-07-27T20:53:06.997841000Z[0m [36m[INFO] PAPER-CRYPTO-001.TradingNode: =================================================================[0m
[1m2026-07-27T20:53:06.997841001Z[0m [36m[INFO] PAPER-CRYPTO-001.TradingNode:  MEMORY USAGE[0m
[1m2026-07-27T20:53:06.997841002Z[0m [36m[INFO] PAPER-CRYPTO-001.TradingNode: =================================================================[0m
[1m2026-07-27T20:53:06.997845000Z[0m [INFO] PAPER-CRYPTO-001.TradingNode: RAM-Total: 32.00 GiB[0m
[1m2026-07-27T20:53:06.997845001Z[0m [INFO] PAPER-CRYPTO-001.TradingNode: RAM-Used: 22.08 GiB (69.00%)[0m
[1m2026-07-27T20:53:06.997845002Z[0m [INFO] PAPER-CRYPTO-001.TradingNode: RAM-Avail: 9.92 GiB (31.00%)[0m
[1m2026-07-27T20:53:06.997846000Z[0m [INFO] PAPER-CRYPTO-001.TradingNode: Swap: disabled[0m
[1m2026-07-27T20:53:06.997850000Z[0m [36m[INFO] PAPER-CRYPTO-001.TradingNode: =================================================================[0m
[1m2026-07-27T20:53:06.997850001Z[0m [36m[INFO] PAPER-CRYPTO-001.TradingNode:  IDENTIFIERS[0m
[1m2026-07-27T20:53:06.997850002Z[0m [36m[INFO] PAPER-CRYPTO-001.TradingNode: =================================================================[0m
[1m2026-07-27T20:53:06.997850003Z[0m [INFO] PAPER-CRYPTO-001.TradingNode: trader_id: PAPER-CRYPTO-001[0m
[1m2026-07-27T20:53:06.997851000Z[0m [INFO] PAPER-CRYPTO-001.TradingNode: machine_id: Mac.lan[0m
[1m2026-07-27T20:53:06.997851001Z[0m [INFO] PAPER-CRYPTO-001.TradingNode: instance_id: 3e73f396-a208-4db2-9a8e-0ff15842e79b[0m
[1m2026-07-27T20:53:06.997851002Z[0m [INFO] PAPER-CRYPTO-001.TradingNode: PID: 21480[0m
[1m2026-07-27T20:53:06.997851003Z[0m [36m[INFO] PAPER-CRYPTO-001.TradingNode: =================================================================[0m
[1m2026-07-27T20:53:06.997852000Z[0m [36m[INFO] PAPER-CRYPTO-001.TradingNode:  VERSIONING[0m
[1m2026-07-27T20:53:06.997852001Z[0m [36m[INFO] PAPER-CRYPTO-001.TradingNode: =================================================================[0m
[1m2026-07-27T20:53:06.997862000Z[0m [INFO] PAPER-CRYPTO-001.TradingNode: nautilus_trader: 1.229.0[0m
[1m2026-07-27T20:53:06.997865000Z[0m [INFO] PAPER-CRYPTO-001.TradingNode: python: 3.12.13[0m
[1m2026-07-27T20:53:06.997867000Z[0m [INFO] PAPER-CRYPTO-001.TradingNode: numpy: 2.5.0[0m
[1m2026-07-27T20:53:06.997868000Z[0m [INFO] PAPER-CRYPTO-001.TradingNode: pandas: 3.0.4[0m
[1m2026-07-27T20:53:06.997870000Z[0m [INFO] PAPER-CRYPTO-001.TradingNode: msgspec: 0.21.1[0m
[1m2026-07-27T20:53:06.997871000Z[0m [INFO] PAPER-CRYPTO-001.TradingNode: pyarrow: 24.0.0[0m
[1m2026-07-27T20:53:06.997872000Z[0m [INFO] PAPER-CRYPTO-001.TradingNode: pytz: 2026.2[0m
[1m2026-07-27T20:53:06.997873000Z[0m [INFO] PAPER-CRYPTO-001.TradingNode: uvloop: 0.22.1[0m
[1m2026-07-27T20:53:06.997873001Z[0m [36m[INFO] PAPER-CRYPTO-001.TradingNode: =================================================================[0m
[1m2026-07-27T20:53:06.997881000Z[0m [INFO] PAPER-CRYPTO-001.TradingNode: Building system kernel[0m
[1m2026-07-27T20:53:06.997959000Z[0m [INFO] PAPER-CRYPTO-001.CacheDatabaseAdapter: READY[0m
[1m2026-07-27T20:53:06.997964000Z[0m [94m[INFO] PAPER-CRYPTO-001.CacheDatabaseAdapter: config.database=DatabaseConfig(type=redis, host=127.0.0.1, port=6379, username=None, password=None, ssl=False, connection_timeout=20, response_timeout=20, number_of_retries=3, exponent_base=2, max_delay=1000, factor=2)[0m
[1m2026-07-27T20:53:06.997965000Z[0m [94m[INFO] PAPER-CRYPTO-001.CacheDatabaseAdapter: config.encoding='msgpack'[0m
[1m2026-07-27T20:53:06.997965001Z[0m [94m[INFO] PAPER-CRYPTO-001.CacheDatabaseAdapter: config.timestamps_as_iso8601=False[0m
[1m2026-07-27T20:53:06.997966000Z[0m [94m[INFO] PAPER-CRYPTO-001.CacheDatabaseAdapter: config.buffer_interval_ms=100[0m
[1m2026-07-27T20:53:06.997966001Z[0m [94m[INFO] PAPER-CRYPTO-001.CacheDatabaseAdapter: config.flush_on_start=False[0m
[1m2026-07-27T20:53:06.997966002Z[0m [94m[INFO] PAPER-CRYPTO-001.CacheDatabaseAdapter: config.use_trader_prefix=True[0m
[1m2026-07-27T20:53:06.997966003Z[0m [94m[INFO] PAPER-CRYPTO-001.CacheDatabaseAdapter: config.use_instance_id=False[0m
[1m2026-07-27T20:53:06.998596000Z[0m [94m[INFO] PAPER-CRYPTO-001.MessageBus: config.database=None[0m
[1m2026-07-27T20:53:06.998598000Z[0m [94m[INFO] PAPER-CRYPTO-001.MessageBus: config.encoding='json'[0m
[1m2026-07-27T20:53:06.998598001Z[0m [94m[INFO] PAPER-CRYPTO-001.MessageBus: config.timestamps_as_iso8601=False[0m
[1m2026-07-27T20:53:06.998599000Z[0m [94m[INFO] PAPER-CRYPTO-001.MessageBus: config.buffer_interval_ms=None[0m
[1m2026-07-27T20:53:06.998599001Z[0m [94m[INFO] PAPER-CRYPTO-001.MessageBus: config.autotrim_mins=None[0m
[1m2026-07-27T20:53:06.998600000Z[0m [94m[INFO] PAPER-CRYPTO-001.MessageBus: config.use_trader_prefix=True[0m
[1m2026-07-27T20:53:06.998600001Z[0m [94m[INFO] PAPER-CRYPTO-001.MessageBus: config.use_trader_id=True[0m
[1m2026-07-27T20:53:06.998600002Z[0m [94m[INFO] PAPER-CRYPTO-001.MessageBus: config.use_instance_id=False[0m
[1m2026-07-27T20:53:06.998600003Z[0m [94m[INFO] PAPER-CRYPTO-001.MessageBus: config.streams_prefix='stream'[0m
[1m2026-07-27T20:53:06.998601000Z[0m [94m[INFO] PAPER-CRYPTO-001.MessageBus: config.types_filter=None[0m
[1m2026-07-27T20:53:06.998628000Z[0m [INFO] PAPER-CRYPTO-001.Cache: READY[0m
[1m2026-07-27T20:53:06.998943000Z[0m [INFO] PAPER-CRYPTO-001.DataEngine: READY[0m
[1m2026-07-27T20:53:06.998999000Z[0m [94m[INFO] PAPER-CRYPTO-001.DataEngine: config.graceful_shutdown_on_exception=False[0m
[1m2026-07-27T20:53:06.999019000Z[0m [INFO] PAPER-CRYPTO-001.RiskEngine: READY[0m
[1m2026-07-27T20:53:06.999037000Z[0m [94m[INFO] PAPER-CRYPTO-001.RiskEngine: TradingState is ACTIVE[0m
[1m2026-07-27T20:53:06.999110000Z[0m [INFO] PAPER-CRYPTO-001.Throttler-ORDER_SUBMIT_THROTTLER: READY[0m
[1m2026-07-27T20:53:06.999120000Z[0m [94m[INFO] PAPER-CRYPTO-001.RiskEngine: Set MAX_ORDER_SUBMIT_RATE: 100/00:00:01[0m
[1m2026-07-27T20:53:06.999133000Z[0m [INFO] PAPER-CRYPTO-001.Throttler-ORDER_MODIFY_THROTTLER: READY[0m
[1m2026-07-27T20:53:06.999138000Z[0m [94m[INFO] PAPER-CRYPTO-001.RiskEngine: Set MAX_ORDER_MODIFY_RATE: 100/00:00:01[0m
[1m2026-07-27T20:53:06.999152000Z[0m [94m[INFO] PAPER-CRYPTO-001.RiskEngine: config.graceful_shutdown_on_exception=False[0m
[1m2026-07-27T20:53:06.999176000Z[0m [INFO] PAPER-CRYPTO-001.ExecEngine: READY[0m
[1m2026-07-27T20:53:06.999191000Z[0m [94m[INFO] PAPER-CRYPTO-001.ExecEngine: config.snapshot_orders=True[0m
[1m2026-07-27T20:53:06.999192000Z[0m [94m[INFO] PAPER-CRYPTO-001.ExecEngine: config.snapshot_positions=True[0m
[1m2026-07-27T20:53:06.999192001Z[0m [94m[INFO] PAPER-CRYPTO-001.ExecEngine: config.snapshot_positions_interval_secs=60.0[0m
[1m2026-07-27T20:53:06.999193000Z[0m [94m[INFO] PAPER-CRYPTO-001.ExecEngine: config.allow_overfills=False[0m
[1m2026-07-27T20:53:06.999210000Z[0m [94m[INFO] PAPER-CRYPTO-001.ExecEngine: config.reconciliation=True[0m
[1m2026-07-27T20:53:06.999212000Z[0m [94m[INFO] PAPER-CRYPTO-001.ExecEngine: config.reconciliation_lookback_mins=None[0m
[1m2026-07-27T20:53:06.999212001Z[0m [94m[INFO] PAPER-CRYPTO-001.ExecEngine: config.reconciliation_instrument_ids=None[0m
[1m2026-07-27T20:53:06.999212002Z[0m [94m[INFO] PAPER-CRYPTO-001.ExecEngine: config.filter_unclaimed_external_orders=False[0m
[1m2026-07-27T20:53:06.999212003Z[0m [94m[INFO] PAPER-CRYPTO-001.ExecEngine: config.filter_position_reports=False[0m
[1m2026-07-27T20:53:06.999213000Z[0m [94m[INFO] PAPER-CRYPTO-001.ExecEngine: config.filtered_client_order_ids=None[0m
[1m2026-07-27T20:53:06.999213001Z[0m [94m[INFO] PAPER-CRYPTO-001.ExecEngine: config.inflight_check_interval_ms=2000[0m
[1m2026-07-27T20:53:06.999213002Z[0m [94m[INFO] PAPER-CRYPTO-001.ExecEngine: config.inflight_check_threshold_ms=5000[0m
[1m2026-07-27T20:53:06.999214000Z[0m [94m[INFO] PAPER-CRYPTO-001.ExecEngine: config.inflight_check_retries=5[0m
[1m2026-07-27T20:53:06.999214001Z[0m [94m[INFO] PAPER-CRYPTO-001.ExecEngine: config.own_books_audit_interval_secs=None[0m
[1m2026-07-27T20:53:06.999214002Z[0m [94m[INFO] PAPER-CRYPTO-001.ExecEngine: config.open_check_interval_secs=None[0m
[1m2026-07-27T20:53:06.999215000Z[0m [94m[INFO] PAPER-CRYPTO-001.ExecEngine: config.open_check_open_only=True[0m
[1m2026-07-27T20:53:06.999215001Z[0m [94m[INFO] PAPER-CRYPTO-001.ExecEngine: config.open_check_lookback_mins=60[0m
[1m2026-07-27T20:53:06.999215002Z[0m [94m[INFO] PAPER-CRYPTO-001.ExecEngine: config.open_check_threshold_ms=5000[0m
[1m2026-07-27T20:53:06.999215003Z[0m [94m[INFO] PAPER-CRYPTO-001.ExecEngine: config.open_check_missing_retries=5[0m
[1m2026-07-27T20:53:06.999216000Z[0m [94m[INFO] PAPER-CRYPTO-001.ExecEngine: config.max_single_order_queries_per_cycle=10[0m
[1m2026-07-27T20:53:06.999216001Z[0m [94m[INFO] PAPER-CRYPTO-001.ExecEngine: config.single_order_query_delay_ms=100[0m
[1m2026-07-27T20:53:06.999216002Z[0m [94m[INFO] PAPER-CRYPTO-001.ExecEngine: config.position_check_interval_secs=None[0m
[1m2026-07-27T20:53:06.999217000Z[0m [94m[INFO] PAPER-CRYPTO-001.ExecEngine: config.position_check_lookback_mins=60[0m
[1m2026-07-27T20:53:06.999217001Z[0m [94m[INFO] PAPER-CRYPTO-001.ExecEngine: config.position_check_threshold_ms=5000[0m
[1m2026-07-27T20:53:06.999217002Z[0m [94m[INFO] PAPER-CRYPTO-001.ExecEngine: config.position_check_retries=3[0m
[1m2026-07-27T20:53:06.999218000Z[0m [94m[INFO] PAPER-CRYPTO-001.ExecEngine: config.reconciliation_startup_delay_secs=10.0[0m
[1m2026-07-27T20:53:06.999218001Z[0m [94m[INFO] PAPER-CRYPTO-001.ExecEngine: config.purge_closed_orders_interval_mins=None[0m
[1m2026-07-27T20:53:06.999218002Z[0m [94m[INFO] PAPER-CRYPTO-001.ExecEngine: config.purge_closed_orders_buffer_mins=None[0m
[1m2026-07-27T20:53:06.999218003Z[0m [94m[INFO] PAPER-CRYPTO-001.ExecEngine: config.purge_closed_positions_interval_mins=None[0m
[1m2026-07-27T20:53:06.999219000Z[0m [94m[INFO] PAPER-CRYPTO-001.ExecEngine: config.purge_closed_positions_buffer_mins=None[0m
[1m2026-07-27T20:53:06.999219001Z[0m [94m[INFO] PAPER-CRYPTO-001.ExecEngine: config.purge_account_events_interval_mins=None[0m
[1m2026-07-27T20:53:06.999219002Z[0m [94m[INFO] PAPER-CRYPTO-001.ExecEngine: config.purge_account_events_lookback_mins=None[0m
[1m2026-07-27T20:53:06.999219003Z[0m [94m[INFO] PAPER-CRYPTO-001.ExecEngine: config.purge_from_database=False[0m
[1m2026-07-27T20:53:06.999220000Z[0m [94m[INFO] PAPER-CRYPTO-001.ExecEngine: config.graceful_shutdown_on_exception=False[0m
[1m2026-07-27T20:53:06.999393000Z[0m [94m[INFO] PAPER-CRYPTO-001.Cache: Cached 1 general object from database[0m
[1m2026-07-27T20:53:06.999582000Z[0m [94m[INFO] PAPER-CRYPTO-001.Cache: Cached 6 currencies from database[0m
[1m2026-07-27T20:53:06.999951000Z[0m [94m[INFO] PAPER-CRYPTO-001.Cache: Cached 5 instruments from database[0m
[1m2026-07-27T20:53:07.001149000Z[0m [94m[INFO] PAPER-CRYPTO-001.Cache: Cached 1 account from database[0m
[1m2026-07-27T20:53:07.001336000Z[0m [INFO] PAPER-CRYPTO-001.Cache: Cached 0 orders from database[0m
[1m2026-07-27T20:53:07.001340000Z[0m [INFO] PAPER-CRYPTO-001.Cache: Cached 0 order lists from database[0m
[1m2026-07-27T20:53:07.001404000Z[0m [INFO] PAPER-CRYPTO-001.Cache: Cached 0 positions from database[0m
[1m2026-07-27T20:53:07.001412000Z[0m [INFO] PAPER-CRYPTO-001.Cache: Checking data integrity[0m
[1m2026-07-27T20:53:07.001422000Z[0m [92m[INFO] PAPER-CRYPTO-001.Cache: Integrity check passed in 8μs[0m
[1m2026-07-27T20:53:07.001432000Z[0m [INFO] PAPER-CRYPTO-001.ExecEngine: Loaded cache in 2ms[0m
[1m2026-07-27T20:53:07.001455000Z[0m [INFO] PAPER-CRYPTO-001.OrderEmulator: READY[0m
[1m2026-07-27T20:53:07.001479000Z[0m [INFO] PAPER-CRYPTO-001.PAPER-CRYPTO-001: READY[0m
[1m2026-07-27T20:53:07.001489000Z[0m [INFO] PAPER-CRYPTO-001.TradingNode: Initialized in 4ms[0m
[1m2026-07-27T20:53:07.001496000Z[0m [94m[INFO] PAPER-CRYPTO-001.TradingNode: has_cache_backing=True[0m
[1m2026-07-27T20:53:07.001498000Z[0m [94m[INFO] PAPER-CRYPTO-001.TradingNode: has_msgbus_backing=False[0m
[1m2026-07-27T20:53:07.001551000Z[0m [INFO] PAPER-CRYPTO-001.MLStrategy: READY[0m
[1m2026-07-27T20:53:07.001633000Z[0m [INFO] PAPER-CRYPTO-001.ExecEngine: Registered OMS.UNSPECIFIED for Strategy MLStrategy-000[0m
[1m2026-07-27T20:53:07.001635000Z[0m [INFO] PAPER-CRYPTO-001.PAPER-CRYPTO-001: Registered Strategy MLStrategy-000[0m
[1m2026-07-27T20:53:07.001930000Z[0m [94m[INFO] PAPER-CRYPTO-001.MLStrategy: Loaded state ['ml_strategy.json'][0m
[1m2026-07-27T20:53:07.001933000Z[0m [INFO] PAPER-CRYPTO-001.TradingNode: Building data client for IB[0m
[1m2026-07-27T20:53:07.001957000Z[0m [INFO] PAPER-CRYPTO-001.InteractiveBrokersClient-001: READY[0m
[1m2026-07-27T20:53:07.002012000Z[0m [1;33m[WARN] PAPER-CRYPTO-001.InteractiveBrokersClient-001: Started when loop is not running[0m
[1m2026-07-27T20:53:07.002060000Z[0m [INFO] PAPER-CRYPTO-001.InteractiveBrokersClient-001: Starting InteractiveBrokersClient (1)...[0m
[1m2026-07-27T20:53:07.002071000Z[0m [INFO] PAPER-CRYPTO-001.InteractiveBrokersClient-001: Connecting to 127.0.0.1:7497 with client id: 1[0m
[1m2026-07-27T20:53:07.007069000Z[0m [INFO] PAPER-CRYPTO-001.InteractiveBrokersClient-001: Connected to Interactive Brokers (v223) at 20260727 13:53:06 PST from 127.0.0.1:7497 with client id: 1[0m
[1m2026-07-27T20:53:07.008866000Z[0m [INFO] PAPER-CRYPTO-001.InteractiveBrokersClient-001: RUNNING[0m
[1m2026-07-27T20:53:07.008883000Z[0m [INFO] PAPER-CRYPTO-001.InteractiveBrokersInstrumentProvider: READY[0m
[1m2026-07-27T20:53:07.008915000Z[0m [INFO] PAPER-CRYPTO-001.DataClient-IB: READY[0m
[1m2026-07-27T20:53:07.008931000Z[0m [INFO] PAPER-CRYPTO-001.DataEngine: Registered IB for default routing[0m
[1m2026-07-27T20:53:07.008935000Z[0m [INFO] PAPER-CRYPTO-001.TradingNode: Building execution client for IB[0m
[1m2026-07-27T20:53:07.008963000Z[0m [INFO] PAPER-CRYPTO-001.ExecClient-IB: READY[0m
[1m2026-07-27T20:53:07.008973000Z[0m [INFO] PAPER-CRYPTO-001.ExecEngine: Registered ExecutionClient-IB for default routing[0m
[1m2026-07-27T20:53:07.008997000Z[0m [1;33m[WARN] PAPER-CRYPTO-001.InteractiveBrokersClient-001: Market data farm connection is OK:uscrypto (code: 2104, req_id=-1)[0m
[1m2026-07-27T20:53:07.009013000Z[0m [INFO] PAPER-CRYPTO-001.TradingNode: STARTING[0m
[1m2026-07-27T20:53:07.009032000Z[0m [INFO] PAPER-CRYPTO-001.DataClient-IB: RUNNING[0m
[1m2026-07-27T20:53:07.009042000Z[0m [INFO] PAPER-CRYPTO-001.DataEngine: RUNNING[0m
[1m2026-07-27T20:53:07.009052000Z[0m [INFO] PAPER-CRYPTO-001.RiskEngine: RUNNING[0m
[1m2026-07-27T20:53:07.009057000Z[0m [INFO] PAPER-CRYPTO-001.ExecClient-IB: RUNNING[0m
[1m2026-07-27T20:53:07.009062000Z[0m [INFO] PAPER-CRYPTO-001.ExecEngine: Starting position snapshots timer at 60.0 second intervals[0m
[1m2026-07-27T20:53:07.009202000Z[0m [94m[INFO] PAPER-CRYPTO-001.ExecEngine: Started reconciliation task[0m
[1m2026-07-27T20:53:07.009208000Z[0m [INFO] PAPER-CRYPTO-001.ExecEngine: RUNNING[0m
[1m2026-07-27T20:53:07.009211000Z[0m [INFO] PAPER-CRYPTO-001.DataEngine: Connecting all clients...[0m
[1m2026-07-27T20:53:07.009212000Z[0m [INFO] PAPER-CRYPTO-001.DataClient-IB: Connecting...[0m
[1m2026-07-27T20:53:07.009217000Z[0m [INFO] PAPER-CRYPTO-001.ExecEngine: Connecting all clients...[0m
[1m2026-07-27T20:53:07.009219000Z[0m [INFO] PAPER-CRYPTO-001.ExecClient-IB: Connecting...[0m
[1m2026-07-27T20:53:07.009223000Z[0m [94m[INFO] PAPER-CRYPTO-001.TradingNode: Awaiting engine connections and initializations (60.0s timeout)...[0m
[1m2026-07-27T20:53:07.009361000Z[0m [94m[INFO] PAPER-CRYPTO-001.ExecEngine: Starting continuous reconciliation with intervals: inflight=2000ms, consistency=Nones, position=Nones[0m
[1m2026-07-27T20:53:07.009363000Z[0m [94m[INFO] PAPER-CRYPTO-001.ExecEngine: Awaiting startup reconciliation completion before starting continuous checks[0m
[1m2026-07-27T20:53:07.009369000Z[0m [INFO] PAPER-CRYPTO-001.InteractiveBrokersClient-001: Setting Market DataType to REALTIME[0m
[1m2026-07-27T20:53:07.009396000Z[0m [INFO] PAPER-CRYPTO-001.InteractiveBrokersInstrumentProvider: Initializing instruments...[0m
[1m2026-07-27T20:53:07.009405000Z[0m [INFO] PAPER-CRYPTO-001.InteractiveBrokersInstrumentProvider: Loading instruments: DOGE/USD.ZEROHASH, ETH/USD.ZEROHASH, XRP/USD.ZEROHASH, BTC/USD.ZEROHASH, SOL/USD.ZEROHASH...[0m
[1m2026-07-27T20:53:07.009629000Z[0m [INFO] PAPER-CRYPTO-001.InteractiveBrokersInstrumentProvider: Adding instrument=CryptoPerpetual(id=DOGE/USD.ZEROHASH, raw_symbol=DOGE.USD, asset_class=CRYPTOCURRENCY, instrument_class=SWAP, quote_currency=USD, is_inverse=True, price_precision=5, price_increment=0.00001, size_precision=1, size_increment=0.1, multiplier=1, lot_size=1, margin_init=0, margin_maint=0, maker_fee=0, taker_fee=0, info={'contract': {'secType': 'CRYPTO', 'conId': 766137549, 'exchange': 'ZEROHASH', 'primaryExchange': '', 'symbol': 'DOGE', 'localSymbol': 'DOGE.USD', 'currency': 'USD', 'tradingClass': 'DOGE', 'lastTradeDateOrContractMonth': '', 'lastTradeDate': '', 'multiplier': '', 'strike': 1.7976931348623157e+308, 'right': '', 'includeExpired': False, 'secIdType': '', 'secId': '', 'description': '', 'issuerId': '', 'comboLegsDescrip': '', 'comboLegs': [], 'deltaNeutralContract': None, 'build_futures_chain': None, 'build_options_chain': None, 'options_chain_exchange': None, 'min_expiry_days': None, 'max_expiry_days': None}, 'marketName': 'DOGE', 'minTick': 1e-05, 'orderTypes': 'AD,ADJUST,ALERT,BASKET,BENCHPX,CASHQTY,COND,DAY,DEACT,DEACTDIS,DEACTEOD,GAT,GTC,GTD,GTT,IOC,LMT,MKT,NMIN,NONALGO,WHATIF', 'validExchanges': 'ZEROHASH', 'priceMagnifier': 1, 'underConId': 0, 'longName': 'Dogecoin cryptocurrency', 'contractMonth': '', 'industry': '', 'category': '', 'subcategory': '', 'timeZoneId': 'US/Eastern', 'tradingHours': '20260726:0300-20260727:1600;20260727:1601-20260728:1600;20260728:1601-20260729:1600;20260729:1601-20260730:1600;20260730:1601-20260731:1600', 'liquidHours': '20260726:0300-20260727:1600;20260727:1601-20260728:1600;20260728:1601-20260729:1600;20260729:1601-20260730:1600;20260730:1601-20260731:1600', 'evRule': '', 'evMultiplier': 0, 'mdSizeMultiplier': 1, 'aggGroup': 0, 'underSymbol': '', 'underSecType': '', 'marketRuleIds': '4192', 'secIdList': [], 'realExpirationDate': '', 'lastTradeTime': '', 'stockType': '', 'minSize': '0.1', 'sizeIncrement': '0.1', 'suggestedSizeIncrement': '0.1', 'minAlgoSize': '0', 'lastPricePrecision': '170141183460469231731687303715884105727', 'lastSizePrecision': '170141183460469231731687303715884105727', 'cusip': '', 'ratings': '', 'descAppend': '', 'bondType': '', 'couponType': '', 'callable': False, 'putable': False, 'coupon': 0, 'convertible': False, 'maturity': '', 'issueDate': '', 'nextOptionDate': '', 'nextOptionType': '', 'nextOptionPartial': False, 'notes': '', 'fundName': '', 'fundFamily': '', 'fundType': '', 'fundFrontLoad': '', 'fundBackLoad': '', 'fundBackLoadTimeInterval': '', 'fundManagementFee': '', 'fundClosed': False, 'fundClosedForNewInvestors': False, 'fundClosedForNewMoney': False, 'fundNotifyAmount': '', 'fundMinimumInitialPurchase': '', 'fundSubsequentMinimumPurchase': '', 'fundBlueSkyStates': '', 'fundBlueSkyTerritories': '', 'fundDistributionPolicyIndicator': ['None', 'None'], 'fundAssetType': ['None', 'None'], 'ineligibilityReasonList': None, 'eventContract1': '', 'eventContractDescription1': '', 'eventContractDescription2': ''}) from InteractiveBrokersInstrumentProvider[0m
[1m2026-07-27T20:53:07.009784000Z[0m [INFO] PAPER-CRYPTO-001.InteractiveBrokersInstrumentProvider: Adding instrument=CryptoPerpetual(id=ETH/USD.ZEROHASH, raw_symbol=ETH.USD, asset_class=CRYPTOCURRENCY, instrument_class=SWAP, quote_currency=USD, is_inverse=True, price_precision=2, price_increment=0.05, size_precision=8, size_increment=0.00000001, multiplier=1, lot_size=1, margin_init=0, margin_maint=0, maker_fee=0, taker_fee=0, info={'contract': {'secType': 'CRYPTO', 'conId': 541686654, 'exchange': 'ZEROHASH', 'primaryExchange': '', 'symbol': 'ETH', 'localSymbol': 'ETH.USD', 'currency': 'USD', 'tradingClass': 'ETH', 'lastTradeDateOrContractMonth': '', 'lastTradeDate': '', 'multiplier': '', 'strike': 1.7976931348623157e+308, 'right': '', 'includeExpired': False, 'secIdType': '', 'secId': '', 'description': '', 'issuerId': '', 'comboLegsDescrip': '', 'comboLegs': [], 'deltaNeutralContract': None, 'build_futures_chain': None, 'build_options_chain': None, 'options_chain_exchange': None, 'min_expiry_days': None, 'max_expiry_days': None}, 'marketName': 'ETH', 'minTick': 0.05, 'orderTypes': 'AD,ADJUST,ALERT,BASKET,BENCHPX,CASHQTY,COND,DAY,DEACT,DEACTDIS,DEACTEOD,GAT,GTC,GTD,GTT,IOC,LMT,MKT,NMIN,NONALGO,WHATIF', 'validExchanges': 'ZEROHASH', 'priceMagnifier': 1, 'underConId': 0, 'longName': 'Ethereum cryptocurrency', 'contractMonth': '', 'industry': '', 'category': '', 'subcategory': '', 'timeZoneId': 'US/Eastern', 'tradingHours': '20260726:0300-20260727:1600;20260727:1601-20260728:1600;20260728:1601-20260729:1600;20260729:1601-20260730:1600;20260730:1601-20260731:1600', 'liquidHours': '20260726:0300-20260727:1600;20260727:1601-20260728:1600;20260728:1601-20260729:1600;20260729:1601-20260730:1600;20260730:1601-20260731:1600', 'evRule': '', 'evMultiplier': 0, 'mdSizeMultiplier': 1, 'aggGroup': 0, 'underSymbol': '', 'underSecType': '', 'marketRuleIds': '2823', 'secIdList': [], 'realExpirationDate': '', 'lastTradeTime': '', 'stockType': '', 'minSize': '1E-8', 'sizeIncrement': '1E-8', 'suggestedSizeIncrement': '1E-8', 'minAlgoSize': '0', 'lastPricePrecision': '170141183460469231731687303715884105727', 'lastSizePrecision': '170141183460469231731687303715884105727', 'cusip': '', 'ratings': '', 'descAppend': '', 'bondType': '', 'couponType': '', 'callable': False, 'putable': False, 'coupon': 0, 'convertible': False, 'maturity': '', 'issueDate': '', 'nextOptionDate': '', 'nextOptionType': '', 'nextOptionPartial': False, 'notes': '', 'fundName': '', 'fundFamily': '', 'fundType': '', 'fundFrontLoad': '', 'fundBackLoad': '', 'fundBackLoadTimeInterval': '', 'fundManagementFee': '', 'fundClosed': False, 'fundClosedForNewInvestors': False, 'fundClosedForNewMoney': False, 'fundNotifyAmount': '', 'fundMinimumInitialPurchase': '', 'fundSubsequentMinimumPurchase': '', 'fundBlueSkyStates': '', 'fundBlueSkyTerritories': '', 'fundDistributionPolicyIndicator': ['None', 'None'], 'fundAssetType': ['None', 'None'], 'ineligibilityReasonList': None, 'eventContract1': '', 'eventContractDescription1': '', 'eventContractDescription2': ''}) from InteractiveBrokersInstrumentProvider[0m
[1m2026-07-27T20:53:07.009919000Z[0m [INFO] PAPER-CRYPTO-001.InteractiveBrokersInstrumentProvider: Adding instrument=CryptoPerpetual(id=XRP/USD.ZEROHASH, raw_symbol=XRP.USD, asset_class=CRYPTOCURRENCY, instrument_class=SWAP, quote_currency=USD, is_inverse=True, price_precision=4, price_increment=0.0001, size_precision=6, size_increment=0.000001, multiplier=1, lot_size=1, margin_init=0, margin_maint=0, maker_fee=0, taker_fee=0, info={'contract': {'secType': 'CRYPTO', 'conId': 766137544, 'exchange': 'ZEROHASH', 'primaryExchange': '', 'symbol': 'XRP', 'localSymbol': 'XRP.USD', 'currency': 'USD', 'tradingClass': 'XRP', 'lastTradeDateOrContractMonth': '', 'lastTradeDate': '', 'multiplier': '', 'strike': 1.7976931348623157e+308, 'right': '', 'includeExpired': False, 'secIdType': '', 'secId': '', 'description': '', 'issuerId': '', 'comboLegsDescrip': '', 'comboLegs': [], 'deltaNeutralContract': None, 'build_futures_chain': None, 'build_options_chain': None, 'options_chain_exchange': None, 'min_expiry_days': None, 'max_expiry_days': None}, 'marketName': 'XRP', 'minTick': 0.0001, 'orderTypes': 'AD,ADJUST,ALERT,BASKET,BENCHPX,CASHQTY,COND,DAY,DEACT,DEACTDIS,DEACTEOD,GAT,GTC,GTD,GTT,IOC,LMT,MKT,NMIN,NONALGO,WHATIF', 'validExchanges': 'ZEROHASH', 'priceMagnifier': 1, 'underConId': 0, 'longName': 'Ripple cryptocurrency', 'contractMonth': '', 'industry': '', 'category': '', 'subcategory': '', 'timeZoneId': 'US/Eastern', 'tradingHours': '20260726:0300-20260727:1600;20260727:1601-20260728:1600;20260728:1601-20260729:1600;20260729:1601-20260730:1600;20260730:1601-20260731:1600', 'liquidHours': '20260726:0300-20260727:1600;20260727:1601-20260728:1600;20260728:1601-20260729:1600;20260729:1601-20260730:1600;20260730:1601-20260731:1600', 'evRule': '', 'evMultiplier': 0, 'mdSizeMultiplier': 1, 'aggGroup': 0, 'underSymbol': '', 'underSecType': '', 'marketRuleIds': '3132', 'secIdList': [], 'realExpirationDate': '', 'lastTradeTime': '', 'stockType': '', 'minSize': '0.000001', 'sizeIncrement': '0.000001', 'suggestedSizeIncrement': '0.000001', 'minAlgoSize': '0', 'lastPricePrecision': '170141183460469231731687303715884105727', 'lastSizePrecision': '170141183460469231731687303715884105727', 'cusip': '', 'ratings': '', 'descAppend': '', 'bondType': '', 'couponType': '', 'callable': False, 'putable': False, 'coupon': 0, 'convertible': False, 'maturity': '', 'issueDate': '', 'nextOptionDate': '', 'nextOptionType': '', 'nextOptionPartial': False, 'notes': '', 'fundName': '', 'fundFamily': '', 'fundType': '', 'fundFrontLoad': '', 'fundBackLoad': '', 'fundBackLoadTimeInterval': '', 'fundManagementFee': '', 'fundClosed': False, 'fundClosedForNewInvestors': False, 'fundClosedForNewMoney': False, 'fundNotifyAmount': '', 'fundMinimumInitialPurchase': '', 'fundSubsequentMinimumPurchase': '', 'fundBlueSkyStates': '', 'fundBlueSkyTerritories': '', 'fundDistributionPolicyIndicator': ['None', 'None'], 'fundAssetType': ['None', 'None'], 'ineligibilityReasonList': None, 'eventContract1': '', 'eventContractDescription1': '', 'eventContractDescription2': ''}) from InteractiveBrokersInstrumentProvider[0m
[1m2026-07-27T20:53:07.010041000Z[0m [INFO] PAPER-CRYPTO-001.InteractiveBrokersInstrumentProvider: Adding instrument=CryptoPerpetual(id=BTC/USD.ZEROHASH, raw_symbol=BTC.USD, asset_class=CRYPTOCURRENCY, instrument_class=SWAP, quote_currency=USD, is_inverse=True, price_precision=2, price_increment=0.25, size_precision=8, size_increment=0.00000001, multiplier=1, lot_size=1, margin_init=0, margin_maint=0, maker_fee=0, taker_fee=0, info={'contract': {'secType': 'CRYPTO', 'conId': 541686651, 'exchange': 'ZEROHASH', 'primaryExchange': '', 'symbol': 'BTC', 'localSymbol': 'BTC.USD', 'currency': 'USD', 'tradingClass': 'BTC', 'lastTradeDateOrContractMonth': '', 'lastTradeDate': '', 'multiplier': '', 'strike': 1.7976931348623157e+308, 'right': '', 'includeExpired': False, 'secIdType': '', 'secId': '', 'description': '', 'issuerId': '', 'comboLegsDescrip': '', 'comboLegs': [], 'deltaNeutralContract': None, 'build_futures_chain': None, 'build_options_chain': None, 'options_chain_exchange': None, 'min_expiry_days': None, 'max_expiry_days': None}, 'marketName': 'BTC', 'minTick': 0.25, 'orderTypes': 'AD,ADJUST,ALERT,BASKET,BENCHPX,CASHQTY,COND,DAY,DEACT,DEACTDIS,DEACTEOD,GAT,GTC,GTD,GTT,IOC,LMT,MKT,NMIN,NONALGO,WHATIF', 'validExchanges': 'ZEROHASH', 'priceMagnifier': 1, 'underConId': 0, 'longName': 'Bitcoin cryptocurrency', 'contractMonth': '', 'industry': '', 'category': '', 'subcategory': '', 'timeZoneId': 'US/Eastern', 'tradingHours': '20260726:0300-20260727:1600;20260727:1601-20260728:1600;20260728:1601-20260729:1600;20260729:1601-20260730:1600;20260730:1601-20260731:1600', 'liquidHours': '20260726:0300-20260727:1600;20260727:1601-20260728:1600;20260728:1601-20260729:1600;20260729:1601-20260730:1600;20260730:1601-20260731:1600', 'evRule': '', 'evMultiplier': 0, 'mdSizeMultiplier': 1, 'aggGroup': 0, 'underSymbol': '', 'underSecType': '', 'marketRuleIds': '2806', 'secIdList': [], 'realExpirationDate': '', 'lastTradeTime': '', 'stockType': '', 'minSize': '1E-8', 'sizeIncrement': '1E-8', 'suggestedSizeIncrement': '1E-8', 'minAlgoSize': '0', 'lastPricePrecision': '170141183460469231731687303715884105727', 'lastSizePrecision': '170141183460469231731687303715884105727', 'cusip': '', 'ratings': '', 'descAppend': '', 'bondType': '', 'couponType': '', 'callable': False, 'putable': False, 'coupon': 0, 'convertible': False, 'maturity': '', 'issueDate': '', 'nextOptionDate': '', 'nextOptionType': '', 'nextOptionPartial': False, 'notes': '', 'fundName': '', 'fundFamily': '', 'fundType': '', 'fundFrontLoad': '', 'fundBackLoad': '', 'fundBackLoadTimeInterval': '', 'fundManagementFee': '', 'fundClosed': False, 'fundClosedForNewInvestors': False, 'fundClosedForNewMoney': False, 'fundNotifyAmount': '', 'fundMinimumInitialPurchase': '', 'fundSubsequentMinimumPurchase': '', 'fundBlueSkyStates': '', 'fundBlueSkyTerritories': '', 'fundDistributionPolicyIndicator': ['None', 'None'], 'fundAssetType': ['None', 'None'], 'ineligibilityReasonList': None, 'eventContract1': '', 'eventContractDescription1': '', 'eventContractDescription2': ''}) from InteractiveBrokersInstrumentProvider[0m
[1m2026-07-27T20:53:07.010160000Z[0m [INFO] PAPER-CRYPTO-001.InteractiveBrokersInstrumentProvider: Adding instrument=CryptoPerpetual(id=SOL/USD.ZEROHASH, raw_symbol=SOL.USD, asset_class=CRYPTOCURRENCY, instrument_class=SWAP, quote_currency=USD, is_inverse=True, price_precision=2, price_increment=0.01, size_precision=8, size_increment=0.00000001, multiplier=1, lot_size=1, margin_init=0, margin_maint=0, maker_fee=0, taker_fee=0, info={'contract': {'secType': 'CRYPTO', 'conId': 766135595, 'exchange': 'ZEROHASH', 'primaryExchange': '', 'symbol': 'SOL', 'localSymbol': 'SOL.USD', 'currency': 'USD', 'tradingClass': 'SOL', 'lastTradeDateOrContractMonth': '', 'lastTradeDate': '', 'multiplier': '', 'strike': 1.7976931348623157e+308, 'right': '', 'includeExpired': False, 'secIdType': '', 'secId': '', 'description': '', 'issuerId': '', 'comboLegsDescrip': '', 'comboLegs': [], 'deltaNeutralContract': None, 'build_futures_chain': None, 'build_options_chain': None, 'options_chain_exchange': None, 'min_expiry_days': None, 'max_expiry_days': None}, 'marketName': 'SOL', 'minTick': 0.01, 'orderTypes': 'AD,ADJUST,ALERT,BASKET,BENCHPX,CASHQTY,COND,DAY,DEACT,DEACTDIS,DEACTEOD,GAT,GTC,GTD,GTT,IOC,LMT,MKT,NMIN,NONALGO,WHATIF', 'validExchanges': 'ZEROHASH', 'priceMagnifier': 1, 'underConId': 0, 'longName': 'Solana cryptocurrency', 'contractMonth': '', 'industry': '', 'category': '', 'subcategory': '', 'timeZoneId': 'US/Eastern', 'tradingHours': '20260726:0300-20260727:1600;20260727:1601-20260728:1600;20260728:1601-20260729:1600;20260729:1601-20260730:1600;20260730:1601-20260731:1600', 'liquidHours': '20260726:0300-20260727:1600;20260727:1601-20260728:1600;20260728:1601-20260729:1600;20260729:1601-20260730:1600;20260730:1601-20260731:1600', 'evRule': '', 'evMultiplier': 0, 'mdSizeMultiplier': 1, 'aggGroup': 0, 'underSymbol': '', 'underSecType': '', 'marketRuleIds': '2836', 'secIdList': [], 'realExpirationDate': '', 'lastTradeTime': '', 'stockType': '', 'minSize': '1E-8', 'sizeIncrement': '1E-8', 'suggestedSizeIncrement': '1E-8', 'minAlgoSize': '0', 'lastPricePrecision': '170141183460469231731687303715884105727', 'lastSizePrecision': '170141183460469231731687303715884105727', 'cusip': '', 'ratings': '', 'descAppend': '', 'bondType': '', 'couponType': '', 'callable': False, 'putable': False, 'coupon': 0, 'convertible': False, 'maturity': '', 'issueDate': '', 'nextOptionDate': '', 'nextOptionType': '', 'nextOptionPartial': False, 'notes': '', 'fundName': '', 'fundFamily': '', 'fundType': '', 'fundFrontLoad': '', 'fundBackLoad': '', 'fundBackLoadTimeInterval': '', 'fundManagementFee': '', 'fundClosed': False, 'fundClosedForNewInvestors': False, 'fundClosedForNewMoney': False, 'fundNotifyAmount': '', 'fundMinimumInitialPurchase': '', 'fundSubsequentMinimumPurchase': '', 'fundBlueSkyStates': '', 'fundBlueSkyTerritories': '', 'fundDistributionPolicyIndicator': ['None', 'None'], 'fundAssetType': ['None', 'None'], 'ineligibilityReasonList': None, 'eventContract1': '', 'eventContractDescription1': '', 'eventContractDescription2': ''}) from InteractiveBrokersInstrumentProvider[0m
[1m2026-07-27T20:53:07.010164000Z[0m [INFO] PAPER-CRYPTO-001.InteractiveBrokersInstrumentProvider: Loaded 5 instruments[0m
[1m2026-07-27T20:53:07.010164001Z[0m [INFO] PAPER-CRYPTO-001.InteractiveBrokersInstrumentProvider: Initialized instruments[0m
[1m2026-07-27T20:53:07.010182000Z[0m [92m[INFO] PAPER-CRYPTO-001.ExecClient-IB: Account `DUR143045` found in the connected TWS/Gateway[0m
[1m2026-07-27T20:53:07.010236000Z[0m [1;33m[WARN] PAPER-CRYPTO-001.InteractiveBrokersClient-001: Market data farm connection is OK:usfarm.nj (code: 2104, req_id=-1)[0m
[1m2026-07-27T20:53:07.010255000Z[0m [92m[INFO] PAPER-CRYPTO-001.DataClient-IB: Connected[0m
[1m2026-07-27T20:53:07.010462000Z[0m [1;33m[WARN] PAPER-CRYPTO-001.InteractiveBrokersClient-001: Market data farm connection is OK:usfuture (code: 2104, req_id=-1)[0m
[1m2026-07-27T20:53:07.010519000Z[0m [1;33m[WARN] PAPER-CRYPTO-001.InteractiveBrokersClient-001: Market data farm connection is OK:usopt.nj (code: 2104, req_id=-1)[0m
[1m2026-07-27T20:53:07.010562000Z[0m [1;33m[WARN] PAPER-CRYPTO-001.InteractiveBrokersClient-001: Market data farm connection is OK:cashfarm (code: 2104, req_id=-1)[0m
[1m2026-07-27T20:53:07.010626000Z[0m [1;33m[WARN] PAPER-CRYPTO-001.InteractiveBrokersClient-001: Market data farm connection is OK:usfarm (code: 2104, req_id=-1)[0m
[1m2026-07-27T20:53:07.010678000Z[0m [1;33m[WARN] PAPER-CRYPTO-001.InteractiveBrokersClient-001: HMDS data farm connection is OK:ushmds (code: 2106, req_id=-1)[0m
[1m2026-07-27T20:53:07.010715000Z[0m [1;33m[WARN] PAPER-CRYPTO-001.InteractiveBrokersClient-001: Sec-def data farm connection is OK:secdefil (code: 2158, req_id=-1)[0m
[1m2026-07-27T20:53:07.162840000Z[0m [94m[INFO] PAPER-CRYPTO-001.TradingNode: Awaiting execution state reconciliation (30.0s timeout)...[0m
[1m2026-07-27T20:53:07.162873000Z[0m [92m[INFO] PAPER-CRYPTO-001.ExecClient-IB: Connected[0m
[1m2026-07-27T20:53:07.162889000Z[0m [INFO] PAPER-CRYPTO-001.ExecClient-IB: Generating ExecutionMassStatus...[0m
[1m2026-07-27T20:53:07.163808000Z[0m [INFO] PAPER-CRYPTO-001.ExecClient-IB: Generated 0 FillReports[0m
[1m2026-07-27T20:53:07.190576000Z[0m [INFO] PAPER-CRYPTO-001.Portfolio: Updated AccountState(account_id=IB-DUR143045, account_type=MARGIN, base_currency=None, is_reported=True, balances=[AccountBalance(total=1_002_150.50 USD, locked=1_978.34 USD, free=1_000_172.16 USD)], margins=[MarginBalance(initial=0.00 USD, maintenance=0.00 USD, instrument_id=None)], event_id=8379f42a-68f3-4789-99d7-e2166b23761a)[0m
[1m2026-07-27T20:53:07.263668000Z[0m [94m[INFO] PAPER-CRYPTO-001.ExecEngine: Reconciling ExecutionMassStatus for None[0m
[1m2026-07-27T20:53:07.263679000Z[0m [94m[INFO] PAPER-CRYPTO-001.ExecEngine: Attempting to adjust fills for 0 instruments[0m
[1m2026-07-27T20:53:07.263722000Z[0m [94m[INFO] PAPER-CRYPTO-001.ExecEngine: Updating adjusted fills for 0 instruments[0m
[1m2026-07-27T20:53:07.263724000Z[0m [94m[INFO] PAPER-CRYPTO-001.ExecEngine: Final order_reports contains 0 orders, fill_reports contains 0 fills across all instruments[0m
[1m2026-07-27T20:53:07.263762000Z[0m [92m[INFO] PAPER-CRYPTO-001.ExecEngine: Reconciliation for IB succeeded[0m
[1m2026-07-27T20:53:07.263768000Z[0m [92m[INFO] PAPER-CRYPTO-001.TradingNode: Execution state reconciled[0m
[1m2026-07-27T20:53:07.263779000Z[0m [INFO] PAPER-CRYPTO-001.OrderEmulator: No emulated orders to reactivate[0m
[1m2026-07-27T20:53:07.263790000Z[0m [INFO] PAPER-CRYPTO-001.OrderEmulator: RUNNING[0m
[1m2026-07-27T20:53:07.263801000Z[0m [INFO] PAPER-CRYPTO-001.Portfolio: Initialized 0 open orders[0m
[1m2026-07-27T20:53:07.263803000Z[0m [INFO] PAPER-CRYPTO-001.Portfolio: Initialized 0 open positions[0m
[1m2026-07-27T20:53:07.263807000Z[0m [94m[INFO] PAPER-CRYPTO-001.TradingNode: Awaiting portfolio initialization (10.0s timeout)...[0m
[1m2026-07-27T20:53:07.263858000Z[0m [92m[INFO] PAPER-CRYPTO-001.ExecEngine: Startup reconciliation completed[0m
[1m2026-07-27T20:53:07.263860000Z[0m [94m[INFO] PAPER-CRYPTO-001.ExecEngine: Applying post-reconciliation startup delay (10.0s)[0m
[1m2026-07-27T20:53:07.263871000Z[0m [92m[INFO] PAPER-CRYPTO-001.TradingNode: Portfolio initialized[0m
[1m2026-07-27T20:53:07.263880000Z[0m [94m[INFO] PAPER-CRYPTO-001.MLStrategy: self.config.oms_type=None[0m
[1m2026-07-27T20:53:07.263881000Z[0m [94m[INFO] PAPER-CRYPTO-001.MLStrategy: self.config.external_order_claims=None[0m
[1m2026-07-27T20:53:07.263882000Z[0m [94m[INFO] PAPER-CRYPTO-001.MLStrategy: self.config.manage_gtd_expiry=False[0m
[1m2026-07-27T20:53:07.263887000Z[0m [94m[INFO] PAPER-CRYPTO-001.MLStrategy: Set ClientOrderIdGenerator client_order_id count to 0[0m
[1m2026-07-27T20:53:07.263889000Z[0m [94m[INFO] PAPER-CRYPTO-001.MLStrategy: Set ClientOrderIdGenerator order_list_id count to 0[0m
[1m2026-07-27T20:53:07.264072000Z[0m [INFO] PAPER-CRYPTO-001.MLStrategy: [CMD]--> SubscribeBars(bar_type=BTC/USD.ZEROHASH-1-DAY-MID-EXTERNAL, client_id=None, venue=ZEROHASH)[0m
[1m2026-07-27T20:53:07.264078000Z[0m [INFO] PAPER-CRYPTO-001.MLStrategy: Subscribed BTC/USD.ZEROHASH-1-DAY-MID-EXTERNAL[0m
[1m2026-07-27T20:53:07.264108000Z[0m [INFO] PAPER-CRYPTO-001.MLStrategy: [CMD]--> SubscribeBars(bar_type=ETH/USD.ZEROHASH-1-DAY-MID-EXTERNAL, client_id=None, venue=ZEROHASH)[0m
[1m2026-07-27T20:53:07.264111000Z[0m [INFO] PAPER-CRYPTO-001.MLStrategy: Subscribed ETH/USD.ZEROHASH-1-DAY-MID-EXTERNAL[0m
[1m2026-07-27T20:53:07.264134000Z[0m [INFO] PAPER-CRYPTO-001.MLStrategy: [CMD]--> SubscribeBars(bar_type=SOL/USD.ZEROHASH-1-DAY-MID-EXTERNAL, client_id=None, venue=ZEROHASH)[0m
[1m2026-07-27T20:53:07.264136000Z[0m [INFO] PAPER-CRYPTO-001.MLStrategy: Subscribed SOL/USD.ZEROHASH-1-DAY-MID-EXTERNAL[0m
[1m2026-07-27T20:53:07.264155000Z[0m [INFO] PAPER-CRYPTO-001.MLStrategy: [CMD]--> SubscribeBars(bar_type=XRP/USD.ZEROHASH-1-DAY-MID-EXTERNAL, client_id=None, venue=ZEROHASH)[0m
[1m2026-07-27T20:53:07.264159000Z[0m [INFO] PAPER-CRYPTO-001.MLStrategy: Subscribed XRP/USD.ZEROHASH-1-DAY-MID-EXTERNAL[0m
[1m2026-07-27T20:53:07.264181000Z[0m [INFO] PAPER-CRYPTO-001.MLStrategy: [CMD]--> SubscribeBars(bar_type=DOGE/USD.ZEROHASH-1-DAY-MID-EXTERNAL, client_id=None, venue=ZEROHASH)[0m
[1m2026-07-27T20:53:07.264183000Z[0m [INFO] PAPER-CRYPTO-001.MLStrategy: Subscribed DOGE/USD.ZEROHASH-1-DAY-MID-EXTERNAL[0m
[1m2026-07-27T20:53:07.264188000Z[0m [1;33m[WARN] PAPER-CRYPTO-001.MLStrategy: Ignoring legacy risk snapshot without an allocated-equity baseline[0m
[1m2026-07-27T20:53:07.264247000Z[0m [INFO] PAPER-CRYPTO-001.MLStrategy: [REQ]--> RequestBars(bar_type=BTC/USD.ZEROHASH-1-DAY-MID-EXTERNAL, start=2025-06-22 20:53:07.264204+00:00, end=2026-07-27 20:53:07.264217+00:00, limit=0, client_id=None, venue=ZEROHASH, data_type=Bar, params={'update_catalog': False, 'join_request': False})[0m
[1m2026-07-27T20:53:07.264272000Z[0m [INFO] PAPER-CRYPTO-001.MLStrategy: [REQ]--> RequestBars(bar_type=ETH/USD.ZEROHASH-1-DAY-MID-EXTERNAL, start=2025-06-22 20:53:07.264251+00:00, end=2026-07-27 20:53:07.264258+00:00, limit=0, client_id=None, venue=ZEROHASH, data_type=Bar, params={'update_catalog': False, 'join_request': False})[0m
[1m2026-07-27T20:53:07.264292000Z[0m [INFO] PAPER-CRYPTO-001.MLStrategy: [REQ]--> RequestBars(bar_type=SOL/USD.ZEROHASH-1-DAY-MID-EXTERNAL, start=2025-06-22 20:53:07.264275+00:00, end=2026-07-27 20:53:07.264280+00:00, limit=0, client_id=None, venue=ZEROHASH, data_type=Bar, params={'update_catalog': False, 'join_request': False})[0m
[1m2026-07-27T20:53:07.264311000Z[0m [INFO] PAPER-CRYPTO-001.MLStrategy: [REQ]--> RequestBars(bar_type=XRP/USD.ZEROHASH-1-DAY-MID-EXTERNAL, start=2025-06-22 20:53:07.264295+00:00, end=2026-07-27 20:53:07.264299+00:00, limit=0, client_id=None, venue=ZEROHASH, data_type=Bar, params={'update_catalog': False, 'join_request': False})[0m
[1m2026-07-27T20:53:07.264329000Z[0m [INFO] PAPER-CRYPTO-001.MLStrategy: [REQ]--> RequestBars(bar_type=DOGE/USD.ZEROHASH-1-DAY-MID-EXTERNAL, start=2025-06-22 20:53:07.264313+00:00, end=2026-07-27 20:53:07.264318+00:00, limit=0, client_id=None, venue=ZEROHASH, data_type=Bar, params={'update_catalog': False, 'join_request': False})[0m
[1m2026-07-27T20:53:07.264366000Z[0m [INFO] PAPER-CRYPTO-001.MLStrategy: RUNNING[0m
[1m2026-07-27T20:53:07.264370000Z[0m [INFO] PAPER-CRYPTO-001.PAPER-CRYPTO-001: RUNNING[0m
[1m2026-07-27T20:53:07.264375000Z[0m [INFO] PAPER-CRYPTO-001.TradingNode: RUNNING[0m
[1m2026-07-27T20:53:07.270435000Z[0m [94m[INFO] PAPER-CRYPTO-001.DataClient-IB: Request BTC/USD.ZEROHASH-1-DAY-MID-EXTERNAL bars from 2025-06-22T20:53:07.264204000Z to 2026-07-27T20:53:07.264217000Z[0m
[1m2026-07-27T20:53:07.270467000Z[0m [94m[INFO] PAPER-CRYPTO-001.DataClient-IB: Request ETH/USD.ZEROHASH-1-DAY-MID-EXTERNAL bars from 2025-06-22T20:53:07.264251000Z to 2026-07-27T20:53:07.264258000Z[0m
[1m2026-07-27T20:53:07.270490000Z[0m [94m[INFO] PAPER-CRYPTO-001.DataClient-IB: Request SOL/USD.ZEROHASH-1-DAY-MID-EXTERNAL bars from 2025-06-22T20:53:07.264275000Z to 2026-07-27T20:53:07.264280000Z[0m
[1m2026-07-27T20:53:07.270511000Z[0m [94m[INFO] PAPER-CRYPTO-001.DataClient-IB: Request XRP/USD.ZEROHASH-1-DAY-MID-EXTERNAL bars from 2025-06-22T20:53:07.264295000Z to 2026-07-27T20:53:07.264299000Z[0m
[1m2026-07-27T20:53:07.270531000Z[0m [94m[INFO] PAPER-CRYPTO-001.DataClient-IB: Request DOGE/USD.ZEROHASH-1-DAY-MID-EXTERNAL bars from 2025-06-22T20:53:07.264313000Z to 2026-07-27T20:53:07.264318000Z[0m
[1m2026-07-27T20:53:07.270588000Z[0m [INFO] PAPER-CRYPTO-001.InteractiveBrokersClient-001: Creating and registering a new Subscription instance for BTC/USD.ZEROHASH-1-DAY-MID-EXTERNAL[0m
[1m2026-07-27T20:53:07.270689000Z[0m [INFO] PAPER-CRYPTO-001.InteractiveBrokersClient-001: Creating and registering a new Subscription instance for ETH/USD.ZEROHASH-1-DAY-MID-EXTERNAL[0m
[1m2026-07-27T20:53:07.270732000Z[0m [INFO] PAPER-CRYPTO-001.InteractiveBrokersClient-001: Creating and registering a new Subscription instance for SOL/USD.ZEROHASH-1-DAY-MID-EXTERNAL[0m
[1m2026-07-27T20:53:07.270759000Z[0m [INFO] PAPER-CRYPTO-001.InteractiveBrokersClient-001: Creating and registering a new Subscription instance for XRP/USD.ZEROHASH-1-DAY-MID-EXTERNAL[0m
[1m2026-07-27T20:53:07.270788000Z[0m [INFO] PAPER-CRYPTO-001.InteractiveBrokersClient-001: Creating and registering a new Subscription instance for DOGE/USD.ZEROHASH-1-DAY-MID-EXTERNAL[0m
[1m2026-07-27T20:53:07.270817000Z[0m [INFO] PAPER-CRYPTO-001.DataClient-IB: BTC/USD.ZEROHASH: Requesting historical bars: BTC/USD.ZEROHASH-1-DAY-MID-EXTERNAL ending on '2026-07-27 20:53:07.264217+00:00' with duration '1 Y'[0m
[1m2026-07-27T20:53:07.270891000Z[0m [INFO] PAPER-CRYPTO-001.DataClient-IB: ETH/USD.ZEROHASH: Requesting historical bars: ETH/USD.ZEROHASH-1-DAY-MID-EXTERNAL ending on '2026-07-27 20:53:07.264258+00:00' with duration '1 Y'[0m
[1m2026-07-27T20:53:07.270932000Z[0m [INFO] PAPER-CRYPTO-001.DataClient-IB: SOL/USD.ZEROHASH: Requesting historical bars: SOL/USD.ZEROHASH-1-DAY-MID-EXTERNAL ending on '2026-07-27 20:53:07.264280+00:00' with duration '1 Y'[0m
[1m2026-07-27T20:53:07.270967000Z[0m [INFO] PAPER-CRYPTO-001.DataClient-IB: XRP/USD.ZEROHASH: Requesting historical bars: XRP/USD.ZEROHASH-1-DAY-MID-EXTERNAL ending on '2026-07-27 20:53:07.264299+00:00' with duration '1 Y'[0m
[1m2026-07-27T20:53:07.271001000Z[0m [INFO] PAPER-CRYPTO-001.DataClient-IB: DOGE/USD.ZEROHASH: Requesting historical bars: DOGE/USD.ZEROHASH-1-DAY-MID-EXTERNAL ending on '2026-07-27 20:53:07.264318+00:00' with duration '1 Y'[0m
[1m2026-07-27T20:53:07.271039000Z[0m [94m[INFO] PAPER-CRYPTO-001.DataClient-IB: Subscribed BTC/USD.ZEROHASH-1-DAY-MID-EXTERNAL bars[0m
[1m2026-07-27T20:53:07.271042000Z[0m [94m[INFO] PAPER-CRYPTO-001.DataClient-IB: Subscribed ETH/USD.ZEROHASH-1-DAY-MID-EXTERNAL bars[0m
[1m2026-07-27T20:53:07.271043000Z[0m [94m[INFO] PAPER-CRYPTO-001.DataClient-IB: Subscribed SOL/USD.ZEROHASH-1-DAY-MID-EXTERNAL bars[0m
[1m2026-07-27T20:53:07.271044000Z[0m [94m[INFO] PAPER-CRYPTO-001.DataClient-IB: Subscribed XRP/USD.ZEROHASH-1-DAY-MID-EXTERNAL bars[0m
[1m2026-07-27T20:53:07.271045000Z[0m [94m[INFO] PAPER-CRYPTO-001.DataClient-IB: Subscribed DOGE/USD.ZEROHASH-1-DAY-MID-EXTERNAL bars[0m
[1m2026-07-27T20:53:08.013746000Z[0m [INFO] PAPER-CRYPTO-001.DataClient-IB: BTC/USD.ZEROHASH: Number of bars retrieved in batch: 261[0m
[1m2026-07-27T20:53:08.013753000Z[0m [INFO] PAPER-CRYPTO-001.DataClient-IB: Total number of bars in data: 261[0m
[1m2026-07-27T20:53:08.014830000Z[0m [INFO] PAPER-CRYPTO-001.MLStrategy: Received <Bar[259]> data for BTC/USD.ZEROHASH-1-DAY-MID-EXTERNAL[0m
[1m2026-07-27T20:53:08.112765000Z[0m [INFO] PAPER-CRYPTO-001.DataClient-IB: ETH/USD.ZEROHASH: Number of bars retrieved in batch: 261[0m
[1m2026-07-27T20:53:08.112774000Z[0m [INFO] PAPER-CRYPTO-001.DataClient-IB: Total number of bars in data: 261[0m
[1m2026-07-27T20:53:08.113806000Z[0m [INFO] PAPER-CRYPTO-001.MLStrategy: Received <Bar[259]> data for ETH/USD.ZEROHASH-1-DAY-MID-EXTERNAL[0m
[1m2026-07-27T20:53:08.211401000Z[0m [INFO] PAPER-CRYPTO-001.DataClient-IB: SOL/USD.ZEROHASH: Number of bars retrieved in batch: 261[0m
[1m2026-07-27T20:53:08.211409000Z[0m [INFO] PAPER-CRYPTO-001.DataClient-IB: Total number of bars in data: 261[0m
[1m2026-07-27T20:53:08.212408000Z[0m [INFO] PAPER-CRYPTO-001.MLStrategy: Received <Bar[259]> data for SOL/USD.ZEROHASH-1-DAY-MID-EXTERNAL[0m
[1m2026-07-27T20:53:08.318236000Z[0m [INFO] PAPER-CRYPTO-001.DataClient-IB: XRP/USD.ZEROHASH: Number of bars retrieved in batch: 261[0m
[1m2026-07-27T20:53:08.318242000Z[0m [INFO] PAPER-CRYPTO-001.DataClient-IB: Total number of bars in data: 261[0m
[1m2026-07-27T20:53:08.319232000Z[0m [INFO] PAPER-CRYPTO-001.MLStrategy: Received <Bar[259]> data for XRP/USD.ZEROHASH-1-DAY-MID-EXTERNAL[0m
[1m2026-07-27T20:53:08.412203000Z[0m [INFO] PAPER-CRYPTO-001.DataClient-IB: DOGE/USD.ZEROHASH: Number of bars retrieved in batch: 261[0m
[1m2026-07-27T20:53:08.412211000Z[0m [INFO] PAPER-CRYPTO-001.DataClient-IB: Total number of bars in data: 261[0m
[1m2026-07-27T20:53:08.413400000Z[0m [INFO] PAPER-CRYPTO-001.MLStrategy: Received <Bar[259]> data for DOGE/USD.ZEROHASH-1-DAY-MID-EXTERNAL[0m
[1m2026-07-27T20:54:04.062844000Z[0m [INFO] PAPER-CRYPTO-001.Portfolio: Updated AccountState(account_id=IB-DUR143045, account_type=MARGIN, base_currency=None, is_reported=True, balances=[AccountBalance(total=1_002_150.50 USD, locked=1_978.34 USD, free=1_000_172.16 USD)], margins=[MarginBalance(initial=0.00 USD, maintenance=0.00 USD, instrument_id=None)], event_id=8aefe5a1-b87e-402f-8361-488754e99941)[0m
[1m2026-07-27T20:55:21.854075000Z[0m [1;33m[WARN] PAPER-CRYPTO-001.TradingNode: Received SIGINT, shutting down[0m
[1m2026-07-27T20:55:21.854105000Z[0m [INFO] PAPER-CRYPTO-001.TradingNode: STOPPING[0m
[1m2026-07-27T20:55:21.854207000Z[0m [INFO] PAPER-CRYPTO-001.MLStrategy: [CMD]--> UnsubscribeBars(bar_type=BTC/USD.ZEROHASH-1-DAY-MID-EXTERNAL, client_id=None, venue=ZEROHASH)[0m
[1m2026-07-27T20:55:21.854217000Z[0m [INFO] PAPER-CRYPTO-001.MLStrategy: Unsubscribed from BTC/USD.ZEROHASH-1-DAY-MID-EXTERNAL bar data[0m
[1m2026-07-27T20:55:21.854232000Z[0m [INFO] PAPER-CRYPTO-001.MLStrategy: [CMD]--> UnsubscribeBars(bar_type=ETH/USD.ZEROHASH-1-DAY-MID-EXTERNAL, client_id=None, venue=ZEROHASH)[0m
[1m2026-07-27T20:55:21.854235000Z[0m [INFO] PAPER-CRYPTO-001.MLStrategy: Unsubscribed from ETH/USD.ZEROHASH-1-DAY-MID-EXTERNAL bar data[0m
[1m2026-07-27T20:55:21.854244000Z[0m [INFO] PAPER-CRYPTO-001.MLStrategy: [CMD]--> UnsubscribeBars(bar_type=SOL/USD.ZEROHASH-1-DAY-MID-EXTERNAL, client_id=None, venue=ZEROHASH)[0m
[1m2026-07-27T20:55:21.854245000Z[0m [INFO] PAPER-CRYPTO-001.MLStrategy: Unsubscribed from SOL/USD.ZEROHASH-1-DAY-MID-EXTERNAL bar data[0m
[1m2026-07-27T20:55:21.854252000Z[0m [INFO] PAPER-CRYPTO-001.MLStrategy: [CMD]--> UnsubscribeBars(bar_type=XRP/USD.ZEROHASH-1-DAY-MID-EXTERNAL, client_id=None, venue=ZEROHASH)[0m
[1m2026-07-27T20:55:21.854255000Z[0m [INFO] PAPER-CRYPTO-001.MLStrategy: Unsubscribed from XRP/USD.ZEROHASH-1-DAY-MID-EXTERNAL bar data[0m
[1m2026-07-27T20:55:21.854262000Z[0m [INFO] PAPER-CRYPTO-001.MLStrategy: [CMD]--> UnsubscribeBars(bar_type=DOGE/USD.ZEROHASH-1-DAY-MID-EXTERNAL, client_id=None, venue=ZEROHASH)[0m
[1m2026-07-27T20:55:21.854264000Z[0m [INFO] PAPER-CRYPTO-001.MLStrategy: Unsubscribed from DOGE/USD.ZEROHASH-1-DAY-MID-EXTERNAL bar data[0m
[1m2026-07-27T20:55:21.854266000Z[0m [INFO] PAPER-CRYPTO-001.MLStrategy: Canceling executor tasks[0m
[1m2026-07-27T20:55:21.854291000Z[0m [INFO] PAPER-CRYPTO-001.MLStrategy: STOPPED[0m
[1m2026-07-27T20:55:21.854298000Z[0m [INFO] PAPER-CRYPTO-001.PAPER-CRYPTO-001: STOPPED[0m
[1m2026-07-27T20:55:21.854308000Z[0m [94m[INFO] PAPER-CRYPTO-001.TradingNode: Awaiting post stop (10.0s timeout)...[0m
[1m2026-07-27T20:55:21.854712000Z[0m [94m[INFO] PAPER-CRYPTO-001.DataClient-IB: Unsubscribed BTC/USD.ZEROHASH-1-DAY-MID-EXTERNAL bars[0m
[1m2026-07-27T20:55:21.854716000Z[0m [94m[INFO] PAPER-CRYPTO-001.DataClient-IB: Unsubscribed ETH/USD.ZEROHASH-1-DAY-MID-EXTERNAL bars[0m
[1m2026-07-27T20:55:21.854718000Z[0m [94m[INFO] PAPER-CRYPTO-001.DataClient-IB: Unsubscribed SOL/USD.ZEROHASH-1-DAY-MID-EXTERNAL bars[0m
[1m2026-07-27T20:55:21.854718001Z[0m [94m[INFO] PAPER-CRYPTO-001.DataClient-IB: Unsubscribed XRP/USD.ZEROHASH-1-DAY-MID-EXTERNAL bars[0m
[1m2026-07-27T20:55:21.854719000Z[0m [94m[INFO] PAPER-CRYPTO-001.DataClient-IB: Unsubscribed DOGE/USD.ZEROHASH-1-DAY-MID-EXTERNAL bars[0m
[1m2026-07-27T20:55:21.855460000Z[0m [1;31m[ERROR] PAPER-CRYPTO-001.InteractiveBrokersClient-001: Historical Market Data Service error message:API historical data query cancelled: 10005 (code: 162, req_id=10005)[0m
[1m2026-07-27T20:55:21.855471000Z[0m [1;33m[WARN] PAPER-CRYPTO-001.InteractiveBrokersClient-001: Unhandled error: 162 for req_id 10005[0m
[1m2026-07-27T20:55:21.954624000Z[0m [1;31m[ERROR] PAPER-CRYPTO-001.InteractiveBrokersClient-001: Historical Market Data Service error message:API historical data query cancelled: 10006 (code: 162, req_id=10006)[0m
[1m2026-07-27T20:55:21.954650000Z[0m [1;33m[WARN] PAPER-CRYPTO-001.InteractiveBrokersClient-001: Unhandled error: 162 for req_id 10006[0m
[1m2026-07-27T20:55:22.055073000Z[0m [1;31m[ERROR] PAPER-CRYPTO-001.InteractiveBrokersClient-001: Historical Market Data Service error message:API historical data query cancelled: 10007 (code: 162, req_id=10007)[0m
[1m2026-07-27T20:55:22.055119000Z[0m [1;33m[WARN] PAPER-CRYPTO-001.InteractiveBrokersClient-001: Unhandled error: 162 for req_id 10007[0m
[1m2026-07-27T20:55:22.154555000Z[0m [1;31m[ERROR] PAPER-CRYPTO-001.InteractiveBrokersClient-001: Historical Market Data Service error message:API historical data query cancelled: 10008 (code: 162, req_id=10008)[0m
[1m2026-07-27T20:55:22.154576000Z[0m [1;33m[WARN] PAPER-CRYPTO-001.InteractiveBrokersClient-001: Unhandled error: 162 for req_id 10008[0m
[1m2026-07-27T20:55:22.254556000Z[0m [1;31m[ERROR] PAPER-CRYPTO-001.InteractiveBrokersClient-001: Historical Market Data Service error message:API historical data query cancelled: 10009 (code: 162, req_id=10009)[0m
[1m2026-07-27T20:55:22.254577000Z[0m [1;33m[WARN] PAPER-CRYPTO-001.InteractiveBrokersClient-001: Unhandled error: 162 for req_id 10009[0m
[1m2026-07-27T20:55:31.855660000Z[0m [94m[INFO] PAPER-CRYPTO-001.MLStrategy: Saved state: ['ml_strategy.json'][0m
[1m2026-07-27T20:55:31.855713000Z[0m [INFO] PAPER-CRYPTO-001.DataClient-IB: STOPPED[0m
[1m2026-07-27T20:55:31.855721000Z[0m [INFO] PAPER-CRYPTO-001.ExecClient-IB: STOPPED[0m
[1m2026-07-27T20:55:31.855727000Z[0m [INFO] PAPER-CRYPTO-001.DataEngine: Disconnecting all clients...[0m
[1m2026-07-27T20:55:31.855730000Z[0m [INFO] PAPER-CRYPTO-001.DataClient-IB: Disconnecting...[0m
[1m2026-07-27T20:55:31.855738000Z[0m [INFO] PAPER-CRYPTO-001.ExecEngine: Disconnecting all clients...[0m
[1m2026-07-27T20:55:31.855740000Z[0m [INFO] PAPER-CRYPTO-001.ExecClient-IB: Disconnecting...[0m
[1m2026-07-27T20:55:31.855748000Z[0m [94m[INFO] PAPER-CRYPTO-001.TradingNode: Awaiting engine disconnections (10.0s timeout)...[0m
[1m2026-07-27T20:55:31.855824000Z[0m [INFO] PAPER-CRYPTO-001.InteractiveBrokersClient-001: STOPPED[0m
[1m2026-07-27T20:55:31.855840000Z[0m [92m[INFO] PAPER-CRYPTO-001.DataClient-IB: Disconnected[0m
[1m2026-07-27T20:55:31.855849000Z[0m [92m[INFO] PAPER-CRYPTO-001.ExecClient-IB: Disconnected[0m
[1m2026-07-27T20:55:31.855880000Z[0m [INFO] PAPER-CRYPTO-001.DataEngine: STOPPED[0m
[1m2026-07-27T20:55:31.855892000Z[0m [INFO] PAPER-CRYPTO-001.RiskEngine: STOPPED[0m
[1m2026-07-27T20:55:31.855898000Z[0m [INFO] PAPER-CRYPTO-001.ExecEngine: Canceling position snapshots timer[0m
[1m2026-07-27T20:55:31.855917000Z[0m [INFO] PAPER-CRYPTO-001.ExecEngine: STOPPED[0m
[1m2026-07-27T20:55:31.855924000Z[0m [INFO] PAPER-CRYPTO-001.OrderEmulator: STOPPED[0m
[1m2026-07-27T20:55:31.855929000Z[0m [INFO] PAPER-CRYPTO-001.TradingNode: STOPPED[0m
[1m2026-07-27T20:55:31.855936000Z[0m [INFO] PAPER-CRYPTO-001.InteractiveBrokersClient-001: Stopping InteractiveBrokersClient (1)...[0m
[1m2026-07-27T20:55:31.856051000Z[0m [INFO] PAPER-CRYPTO-001.InteractiveBrokersClient-001: All tasks canceled successfully.[0m
[1m2026-07-27T20:55:31.856203000Z[0m [INFO] PAPER-CRYPTO-001.DataClient-IB: DISPOSED[0m
[1m2026-07-27T20:55:31.856207000Z[0m [INFO] PAPER-CRYPTO-001.DataEngine: DISPOSED[0m
[1m2026-07-27T20:55:31.856211000Z[0m [INFO] PAPER-CRYPTO-001.RiskEngine: DISPOSED[0m
[1m2026-07-27T20:55:31.856216000Z[0m [INFO] PAPER-CRYPTO-001.ExecClient-IB: DISPOSED[0m
[1m2026-07-27T20:55:31.856218000Z[0m [INFO] PAPER-CRYPTO-001.ExecEngine: DISPOSED[0m
[1m2026-07-27T20:55:31.856225000Z[0m [INFO] PAPER-CRYPTO-001.OrderEmulator: DISPOSED[0m
[1m2026-07-27T20:55:31.856229000Z[0m [INFO] PAPER-CRYPTO-001.PAPER-CRYPTO-001: Cleared actors[0m
[1m2026-07-27T20:55:31.856232000Z[0m [INFO] PAPER-CRYPTO-001.MLStrategy: DISPOSED[0m
[1m2026-07-27T20:55:31.856236000Z[0m [INFO] PAPER-CRYPTO-001.PAPER-CRYPTO-001: Cleared trading strategies[0m
[1m2026-07-27T20:55:31.856237000Z[0m [INFO] PAPER-CRYPTO-001.PAPER-CRYPTO-001: Cleared execution algorithms[0m
[1m2026-07-27T20:55:31.856239000Z[0m [INFO] PAPER-CRYPTO-001.PAPER-CRYPTO-001: DISPOSED[0m
[1m2026-07-27T20:55:31.856285000Z[0m [INFO] PAPER-CRYPTO-001.Cache: Reset[0m
[1m2026-07-27T20:55:31.856707000Z[0m [INFO] PAPER-CRYPTO-001.CacheDatabaseAdapter: Closed cache database adapter[0m
[1m2026-07-27T20:55:31.856736000Z[0m [INFO] PAPER-CRYPTO-001.MessageBus: Closed message bus[0m
[1m2026-07-27T20:55:31.856739000Z[0m [INFO] PAPER-CRYPTO-001.TradingNode: Shutting down executor[0m
[1m2026-07-27T20:55:32.265518000Z[0m [INFO] PAPER-CRYPTO-001.TradingNode: Closing event loop[0m
Task was destroyed but it is pending!
task: <Task pending name='_stop_async' coro=<InteractiveBrokersClient._stop_async() running at /Users/lindawang/Documents/Workspace/quant/.quant312/lib/python3.12/site-packages/nautilus_trader/adapters/interactive_brokers/client/client.py:391> wait_for=<_GatheringFuture finished result=[None, None, None, None, None]> cb=[InteractiveBrokersClient._on_task_completed(None, None)()]>
[1m2026-07-27T20:55:32.265717000Z[0m [INFO] PAPER-CRYPTO-001.TradingNode: loop.is_running=False[0m
[1m2026-07-27T20:55:32.265719000Z[0m [INFO] PAPER-CRYPTO-001.TradingNode: loop.is_closed=True[0m
[1m2026-07-27T20:55:32.265719001Z[0m [INFO] PAPER-CRYPTO-001.TradingNode: DISPOSED[0m
Task was destroyed but it is pending!
task: <Task pending name='Task-721' coro=<InteractiveBrokersClientMarketDataMixin._schedule_bar_completion_timeout.<locals>.completion_handler() running at /Users/lindawang/Documents/Workspace/quant/.quant312/lib/python3.12/site-packages/nautilus_trader/adapters/interactive_brokers/client/market_data.py:1313> wait_for=<Future pending cb=[Task.task_wakeup()]>>
Task was destroyed but it is pending!
task: <Task pending name='Task-723' coro=<InteractiveBrokersClientMarketDataMixin._schedule_bar_completion_timeout.<locals>.completion_handler() running at /Users/lindawang/Documents/Workspace/quant/.quant312/lib/python3.12/site-packages/nautilus_trader/adapters/interactive_brokers/client/market_data.py:1313> wait_for=<Future pending cb=[Task.task_wakeup()]>>
Task was destroyed but it is pending!
task: <Task pending name='Task-725' coro=<InteractiveBrokersClientMarketDataMixin._schedule_bar_completion_timeout.<locals>.completion_handler() running at /Users/lindawang/Documents/Workspace/quant/.quant312/lib/python3.12/site-packages/nautilus_trader/adapters/interactive_brokers/client/market_data.py:1313> wait_for=<Future pending cb=[Task.task_wakeup()]>>
Task was destroyed but it is pending!
task: <Task pending name='Task-1423' coro=<InteractiveBrokersClientMarketDataMixin._schedule_bar_completion_timeout.<locals>.completion_handler() running at /Users/lindawang/Documents/Workspace/quant/.quant312/lib/python3.12/site-packages/nautilus_trader/adapters/interactive_brokers/client/market_data.py:1313> wait_for=<Future pending cb=[Task.task_wakeup()]>>
Task was destroyed but it is pending!
task: <Task pending name='Task-1425' coro=<InteractiveBrokersClientMarketDataMixin._schedule_bar_completion_timeout.<locals>.completion_handler() running at /Users/lindawang/Documents/Workspace/quant/.quant312/lib/python3.12/site-packages/nautilus_trader/adapters/interactive_brokers/client/market_data.py:1313> wait_for=<Future pending cb=[Task.task_wakeup()]>>
Task was destroyed but it is pending!
task: <Task pending name='Task-2728' coro=<InteractiveBrokersClientMarketDataMixin._schedule_bar_completion_timeout.<locals>.completion_handler() done, defined at /Users/lindawang/Documents/Workspace/quant/.quant312/lib/python3.12/site-packages/nautilus_trader/adapters/interactive_brokers/client/market_data.py:1311> wait_for=<Future pending cb=[Task.task_wakeup()]>>
Task was destroyed but it is pending!
task: <Task pending name='Task-2730' coro=<InteractiveBrokersClientMarketDataMixin._schedule_bar_completion_timeout.<locals>.completion_handler() done, defined at /Users/lindawang/Documents/Workspace/quant/.quant312/lib/python3.12/site-packages/nautilus_trader/adapters/interactive_brokers/client/market_data.py:1311> wait_for=<Future pending cb=[Task.task_wakeup()]>>
Task was destroyed but it is pending!
task: <Task pending name='Task-2732' coro=<InteractiveBrokersClientMarketDataMixin._schedule_bar_completion_timeout.<locals>.completion_handler() done, defined at /Users/lindawang/Documents/Workspace/quant/.quant312/lib/python3.12/site-packages/nautilus_trader/adapters/interactive_brokers/client/market_data.py:1311> wait_for=<Future pending cb=[Task.task_wakeup()]>>
Task was destroyed but it is pending!
task: <Task pending name='Task-2734' coro=<InteractiveBrokersClientMarketDataMixin._schedule_bar_completion_timeout.<locals>.completion_handler() done, defined at /Users/lindawang/Documents/Workspace/quant/.quant312/lib/python3.12/site-packages/nautilus_trader/adapters/interactive_brokers/client/market_data.py:1311> wait_for=<Future pending cb=[Task.task_wakeup()]>>
Task was destroyed but it is pending!
task: <Task pending name='Task-2485' coro=<InteractiveBrokersClientMarketDataMixin._schedule_bar_completion_timeout.<locals>.completion_handler() running at /Users/lindawang/Documents/Workspace/quant/.quant312/lib/python3.12/site-packages/nautilus_trader/adapters/interactive_brokers/client/market_data.py:1313> wait_for=<Future pending cb=[Task.task_wakeup()]>>
Task was destroyed but it is pending!
task: <Task pending name='Task-2487' coro=<InteractiveBrokersClientMarketDataMixin._schedule_bar_completion_timeout.<locals>.completion_handler() running at /Users/lindawang/Documents/Workspace/quant/.quant312/lib/python3.12/site-packages/nautilus_trader/adapters/interactive_brokers/client/market_data.py:1313> wait_for=<Future pending cb=[Task.task_wakeup()]>>
Task was destroyed but it is pending!
task: <Task pending name='Task-2489' coro=<InteractiveBrokersClientMarketDataMixin._schedule_bar_completion_timeout.<locals>.completion_handler() running at /Users/lindawang/Documents/Workspace/quant/.quant312/lib/python3.12/site-packages/nautilus_trader/adapters/interactive_brokers/client/market_data.py:1313> wait_for=<Future pending cb=[Task.task_wakeup()]>>
Task was destroyed but it is pending!
task: <Task pending name='Task-2491' coro=<InteractiveBrokersClientMarketDataMixin._schedule_bar_completion_timeout.<locals>.completion_handler() running at /Users/lindawang/Documents/Workspace/quant/.quant312/lib/python3.12/site-packages/nautilus_trader/adapters/interactive_brokers/client/market_data.py:1313> wait_for=<Future pending cb=[Task.task_wakeup()]>>
Task was destroyed but it is pending!
task: <Task pending name='Task-2493' coro=<InteractiveBrokersClientMarketDataMixin._schedule_bar_completion_timeout.<locals>.completion_handler() running at /Users/lindawang/Documents/Workspace/quant/.quant312/lib/python3.12/site-packages/nautilus_trader/adapters/interactive_brokers/client/market_data.py:1313> wait_for=<Future pending cb=[Task.task_wakeup()]>>
Task was destroyed but it is pending!
task: <Task pending name='Task-2505' coro=<InteractiveBrokersClientMarketDataMixin._schedule_bar_completion_timeout.<locals>.completion_handler() running at /Users/lindawang/Documents/Workspace/quant/.quant312/lib/python3.12/site-packages/nautilus_trader/adapters/interactive_brokers/client/market_data.py:1313> wait_for=<Future pending cb=[Task.task_wakeup()]>>
Task was destroyed but it is pending!
task: <Task pending name='Task-2507' coro=<InteractiveBrokersClientMarketDataMixin._schedule_bar_completion_timeout.<locals>.completion_handler() running at /Users/lindawang/Documents/Workspace/quant/.quant312/lib/python3.12/site-packages/nautilus_trader/adapters/interactive_brokers/client/market_data.py:1313> wait_for=<Future pending cb=[Task.task_wakeup()]>>
Task was destroyed but it is pending!
task: <Task pending name='Task-2509' coro=<InteractiveBrokersClientMarketDataMixin._schedule_bar_completion_timeout.<locals>.completion_handler() running at /Users/lindawang/Documents/Workspace/quant/.quant312/lib/python3.12/site-packages/nautilus_trader/adapters/interactive_brokers/client/market_data.py:1313> wait_for=<Future pending cb=[Task.task_wakeup()]>>
Task was destroyed but it is pending!
task: <Task pending name='Task-2511' coro=<InteractiveBrokersClientMarketDataMixin._schedule_bar_completion_timeout.<locals>.completion_handler() running at /Users/lindawang/Documents/Workspace/quant/.quant312/lib/python3.12/site-packages/nautilus_trader/adapters/interactive_brokers/client/market_data.py:1313> wait_for=<Future pending cb=[Task.task_wakeup()]>>
Task was destroyed but it is pending!
task: <Task pending name='Task-2513' coro=<InteractiveBrokersClientMarketDataMixin._schedule_bar_completion_timeout.<locals>.completion_handler() running at /Users/lindawang/Documents/Workspace/quant/.quant312/lib/python3.12/site-packages/nautilus_trader/adapters/interactive_brokers/client/market_data.py:1313> wait_for=<Future pending cb=[Task.task_wakeup()]>>
Task was destroyed but it is pending!
task: <Task pending name='Task-2525' coro=<InteractiveBrokersClientMarketDataMixin._schedule_bar_completion_timeout.<locals>.completion_handler() running at /Users/lindawang/Documents/Workspace/quant/.quant312/lib/python3.12/site-packages/nautilus_trader/adapters/interactive_brokers/client/market_data.py:1313> wait_for=<Future pending cb=[Task.task_wakeup()]>>
Task was destroyed but it is pending!
task: <Task pending name='Task-2527' coro=<InteractiveBrokersClientMarketDataMixin._schedule_bar_completion_timeout.<locals>.completion_handler() running at /Users/lindawang/Documents/Workspace/quant/.quant312/lib/python3.12/site-packages/nautilus_trader/adapters/interactive_brokers/client/market_data.py:1313> wait_for=<Future pending cb=[Task.task_wakeup()]>>
Task was destroyed but it is pending!
task: <Task pending name='Task-2529' coro=<InteractiveBrokersClientMarketDataMixin._schedule_bar_completion_timeout.<locals>.completion_handler() running at /Users/lindawang/Documents/Workspace/quant/.quant312/lib/python3.12/site-packages/nautilus_trader/adapters/interactive_brokers/client/market_data.py:1313> wait_for=<Future pending cb=[Task.task_wakeup()]>>
Task was destroyed but it is pending!
task: <Task pending name='Task-2531' coro=<InteractiveBrokersClientMarketDataMixin._schedule_bar_completion_timeout.<locals>.completion_handler() running at /Users/lindawang/Documents/Workspace/quant/.quant312/lib/python3.12/site-packages/nautilus_trader/adapters/interactive_brokers/client/market_data.py:1313> wait_for=<Future pending cb=[Task.task_wakeup()]>>
Task was destroyed but it is pending!
task: <Task pending name='Task-2533' coro=<InteractiveBrokersClientMarketDataMixin._schedule_bar_completion_timeout.<locals>.completion_handler() running at /Users/lindawang/Documents/Workspace/quant/.quant312/lib/python3.12/site-packages/nautilus_trader/adapters/interactive_brokers/client/market_data.py:1313> wait_for=<Future pending cb=[Task.task_wakeup()]>>
Task was destroyed but it is pending!
task: <Task pending name='Task-2545' coro=<InteractiveBrokersClientMarketDataMixin._schedule_bar_completion_timeout.<locals>.completion_handler() running at /Users/lindawang/Documents/Workspace/quant/.quant312/lib/python3.12/site-packages/nautilus_trader/adapters/interactive_brokers/client/market_data.py:1313> wait_for=<Future pending cb=[Task.task_wakeup()]>>
Task was destroyed but it is pending!
task: <Task pending name='Task-2547' coro=<InteractiveBrokersClientMarketDataMixin._schedule_bar_completion_timeout.<locals>.completion_handler() running at /Users/lindawang/Documents/Workspace/quant/.quant312/lib/python3.12/site-packages/nautilus_trader/adapters/interactive_brokers/client/market_data.py:1313> wait_for=<Future pending cb=[Task.task_wakeup()]>>
Task was destroyed but it is pending!
task: <Task pending name='Task-2549' coro=<InteractiveBrokersClientMarketDataMixin._schedule_bar_completion_timeout.<locals>.completion_handler() running at /Users/lindawang/Documents/Workspace/quant/.quant312/lib/python3.12/site-packages/nautilus_trader/adapters/interactive_brokers/client/market_data.py:1313> wait_for=<Future pending cb=[Task.task_wakeup()]>>
Task was destroyed but it is pending!
task: <Task pending name='Task-2551' coro=<InteractiveBrokersClientMarketDataMixin._schedule_bar_completion_timeout.<locals>.completion_handler() running at /Users/lindawang/Documents/Workspace/quant/.quant312/lib/python3.12/site-packages/nautilus_trader/adapters/interactive_brokers/client/market_data.py:1313> wait_for=<Future pending cb=[Task.task_wakeup()]>>
Task was destroyed but it is pending!
task: <Task pending name='Task-2553' coro=<InteractiveBrokersClientMarketDataMixin._schedule_bar_completion_timeout.<locals>.completion_handler() running at /Users/lindawang/Documents/Workspace/quant/.quant312/lib/python3.12/site-packages/nautilus_trader/adapters/interactive_brokers/client/market_data.py:1313> wait_for=<Future pending cb=[Task.task_wakeup()]>>
Task was destroyed but it is pending!
task: <Task pending name='Task-2565' coro=<InteractiveBrokersClientMarketDataMixin._schedule_bar_completion_timeout.<locals>.completion_handler() running at /Users/lindawang/Documents/Workspace/quant/.quant312/lib/python3.12/site-packages/nautilus_trader/adapters/interactive_brokers/client/market_data.py:1313> wait_for=<Future pending cb=[Task.task_wakeup()]>>
Task was destroyed but it is pending!
task: <Task pending name='Task-2567' coro=<InteractiveBrokersClientMarketDataMixin._schedule_bar_completion_timeout.<locals>.completion_handler() running at /Users/lindawang/Documents/Workspace/quant/.quant312/lib/python3.12/site-packages/nautilus_trader/adapters/interactive_brokers/client/market_data.py:1313> wait_for=<Future pending cb=[Task.task_wakeup()]>>
Task was destroyed but it is pending!
task: <Task pending name='Task-2569' coro=<InteractiveBrokersClientMarketDataMixin._schedule_bar_completion_timeout.<locals>.completion_handler() running at /Users/lindawang/Documents/Workspace/quant/.quant312/lib/python3.12/site-packages/nautilus_trader/adapters/interactive_brokers/client/market_data.py:1313> wait_for=<Future pending cb=[Task.task_wakeup()]>>
Task was destroyed but it is pending!
task: <Task pending name='Task-2571' coro=<InteractiveBrokersClientMarketDataMixin._schedule_bar_completion_timeout.<locals>.completion_handler() running at /Users/lindawang/Documents/Workspace/quant/.quant312/lib/python3.12/site-packages/nautilus_trader/adapters/interactive_brokers/client/market_data.py:1313> wait_for=<Future pending cb=[Task.task_wakeup()]>>
Task was destroyed but it is pending!
task: <Task pending name='Task-2573' coro=<InteractiveBrokersClientMarketDataMixin._schedule_bar_completion_timeout.<locals>.completion_handler() running at /Users/lindawang/Documents/Workspace/quant/.quant312/lib/python3.12/site-packages/nautilus_trader/adapters/interactive_brokers/client/market_data.py:1313> wait_for=<Future pending cb=[Task.task_wakeup()]>>
Task was destroyed but it is pending!
task: <Task pending name='Task-2586' coro=<InteractiveBrokersClientMarketDataMixin._schedule_bar_completion_timeout.<locals>.completion_handler() running at /Users/lindawang/Documents/Workspace/quant/.quant312/lib/python3.12/site-packages/nautilus_trader/adapters/interactive_brokers/client/market_data.py:1313> wait_for=<Future pending cb=[Task.task_wakeup()]>>
Task was destroyed but it is pending!
task: <Task pending name='Task-2588' coro=<InteractiveBrokersClientMarketDataMixin._schedule_bar_completion_timeout.<locals>.completion_handler() running at /Users/lindawang/Documents/Workspace/quant/.quant312/lib/python3.12/site-packages/nautilus_trader/adapters/interactive_brokers/client/market_data.py:1313> wait_for=<Future pending cb=[Task.task_wakeup()]>>
Task was destroyed but it is pending!
task: <Task pending name='Task-2590' coro=<InteractiveBrokersClientMarketDataMixin._schedule_bar_completion_timeout.<locals>.completion_handler() running at /Users/lindawang/Documents/Workspace/quant/.quant312/lib/python3.12/site-packages/nautilus_trader/adapters/interactive_brokers/client/market_data.py:1313> wait_for=<Future pending cb=[Task.task_wakeup()]>>
Task was destroyed but it is pending!
task: <Task pending name='Task-2592' coro=<InteractiveBrokersClientMarketDataMixin._schedule_bar_completion_timeout.<locals>.completion_handler() running at /Users/lindawang/Documents/Workspace/quant/.quant312/lib/python3.12/site-packages/nautilus_trader/adapters/interactive_brokers/client/market_data.py:1313> wait_for=<Future pending cb=[Task.task_wakeup()]>>
Task was destroyed but it is pending!
task: <Task pending name='Task-2594' coro=<InteractiveBrokersClientMarketDataMixin._schedule_bar_completion_timeout.<locals>.completion_handler() running at /Users/lindawang/Documents/Workspace/quant/.quant312/lib/python3.12/site-packages/nautilus_trader/adapters/interactive_brokers/client/market_data.py:1313> wait_for=<Future pending cb=[Task.task_wakeup()]>>
Task was destroyed but it is pending!
task: <Task pending name='Task-2606' coro=<InteractiveBrokersClientMarketDataMixin._schedule_bar_completion_timeout.<locals>.completion_handler() running at /Users/lindawang/Documents/Workspace/quant/.quant312/lib/python3.12/site-packages/nautilus_trader/adapters/interactive_brokers/client/market_data.py:1313> wait_for=<Future pending cb=[Task.task_wakeup()]>>
Task was destroyed but it is pending!
task: <Task pending name='Task-2608' coro=<InteractiveBrokersClientMarketDataMixin._schedule_bar_completion_timeout.<locals>.completion_handler() running at /Users/lindawang/Documents/Workspace/quant/.quant312/lib/python3.12/site-packages/nautilus_trader/adapters/interactive_brokers/client/market_data.py:1313> wait_for=<Future pending cb=[Task.task_wakeup()]>>
Task was destroyed but it is pending!
task: <Task pending name='Task-2610' coro=<InteractiveBrokersClientMarketDataMixin._schedule_bar_completion_timeout.<locals>.completion_handler() running at /Users/lindawang/Documents/Workspace/quant/.quant312/lib/python3.12/site-packages/nautilus_trader/adapters/interactive_brokers/client/market_data.py:1313> wait_for=<Future pending cb=[Task.task_wakeup()]>>
Task was destroyed but it is pending!
task: <Task pending name='Task-2612' coro=<InteractiveBrokersClientMarketDataMixin._schedule_bar_completion_timeout.<locals>.completion_handler() running at /Users/lindawang/Documents/Workspace/quant/.quant312/lib/python3.12/site-packages/nautilus_trader/adapters/interactive_brokers/client/market_data.py:1313> wait_for=<Future pending cb=[Task.task_wakeup()]>>
Task was destroyed but it is pending!
task: <Task pending name='Task-2614' coro=<InteractiveBrokersClientMarketDataMixin._schedule_bar_completion_timeout.<locals>.completion_handler() running at /Users/lindawang/Documents/Workspace/quant/.quant312/lib/python3.12/site-packages/nautilus_trader/adapters/interactive_brokers/client/market_data.py:1313> wait_for=<Future pending cb=[Task.task_wakeup()]>>
Task was destroyed but it is pending!
task: <Task pending name='Task-2626' coro=<InteractiveBrokersClientMarketDataMixin._schedule_bar_completion_timeout.<locals>.completion_handler() running at /Users/lindawang/Documents/Workspace/quant/.quant312/lib/python3.12/site-packages/nautilus_trader/adapters/interactive_brokers/client/market_data.py:1313> wait_for=<Future pending cb=[Task.task_wakeup()]>>
Task was destroyed but it is pending!
task: <Task pending name='Task-2628' coro=<InteractiveBrokersClientMarketDataMixin._schedule_bar_completion_timeout.<locals>.completion_handler() running at /Users/lindawang/Documents/Workspace/quant/.quant312/lib/python3.12/site-packages/nautilus_trader/adapters/interactive_brokers/client/market_data.py:1313> wait_for=<Future pending cb=[Task.task_wakeup()]>>
Task was destroyed but it is pending!
task: <Task pending name='Task-2630' coro=<InteractiveBrokersClientMarketDataMixin._schedule_bar_completion_timeout.<locals>.completion_handler() running at /Users/lindawang/Documents/Workspace/quant/.quant312/lib/python3.12/site-packages/nautilus_trader/adapters/interactive_brokers/client/market_data.py:1313> wait_for=<Future pending cb=[Task.task_wakeup()]>>
Task was destroyed but it is pending!
task: <Task pending name='Task-2632' coro=<InteractiveBrokersClientMarketDataMixin._schedule_bar_completion_timeout.<locals>.completion_handler() running at /Users/lindawang/Documents/Workspace/quant/.quant312/lib/python3.12/site-packages/nautilus_trader/adapters/interactive_brokers/client/market_data.py:1313> wait_for=<Future pending cb=[Task.task_wakeup()]>>
Task was destroyed but it is pending!
task: <Task pending name='Task-2634' coro=<InteractiveBrokersClientMarketDataMixin._schedule_bar_completion_timeout.<locals>.completion_handler() running at /Users/lindawang/Documents/Workspace/quant/.quant312/lib/python3.12/site-packages/nautilus_trader/adapters/interactive_brokers/client/market_data.py:1313> wait_for=<Future pending cb=[Task.task_wakeup()]>>
Task was destroyed but it is pending!
task: <Task pending name='Task-2646' coro=<InteractiveBrokersClientMarketDataMixin._schedule_bar_completion_timeout.<locals>.completion_handler() running at /Users/lindawang/Documents/Workspace/quant/.quant312/lib/python3.12/site-packages/nautilus_trader/adapters/interactive_brokers/client/market_data.py:1313> wait_for=<Future pending cb=[Task.task_wakeup()]>>
Task was destroyed but it is pending!
task: <Task pending name='Task-2648' coro=<InteractiveBrokersClientMarketDataMixin._schedule_bar_completion_timeout.<locals>.completion_handler() running at /Users/lindawang/Documents/Workspace/quant/.quant312/lib/python3.12/site-packages/nautilus_trader/adapters/interactive_brokers/client/market_data.py:1313> wait_for=<Future pending cb=[Task.task_wakeup()]>>
Task was destroyed but it is pending!
task: <Task pending name='Task-2650' coro=<InteractiveBrokersClientMarketDataMixin._schedule_bar_completion_timeout.<locals>.completion_handler() running at /Users/lindawang/Documents/Workspace/quant/.quant312/lib/python3.12/site-packages/nautilus_trader/adapters/interactive_brokers/client/market_data.py:1313> wait_for=<Future pending cb=[Task.task_wakeup()]>>
Task was destroyed but it is pending!
task: <Task pending name='Task-2652' coro=<InteractiveBrokersClientMarketDataMixin._schedule_bar_completion_timeout.<locals>.completion_handler() running at /Users/lindawang/Documents/Workspace/quant/.quant312/lib/python3.12/site-packages/nautilus_trader/adapters/interactive_brokers/client/market_data.py:1313> wait_for=<Future pending cb=[Task.task_wakeup()]>>
Task was destroyed but it is pending!
task: <Task pending name='Task-2654' coro=<InteractiveBrokersClientMarketDataMixin._schedule_bar_completion_timeout.<locals>.completion_handler() running at /Users/lindawang/Documents/Workspace/quant/.quant312/lib/python3.12/site-packages/nautilus_trader/adapters/interactive_brokers/client/market_data.py:1313> wait_for=<Future pending cb=[Task.task_wakeup()]>>
Task was destroyed but it is pending!
task: <Task pending name='Task-2666' coro=<InteractiveBrokersClientMarketDataMixin._schedule_bar_completion_timeout.<locals>.completion_handler() running at /Users/lindawang/Documents/Workspace/quant/.quant312/lib/python3.12/site-packages/nautilus_trader/adapters/interactive_brokers/client/market_data.py:1313> wait_for=<Future pending cb=[Task.task_wakeup()]>>
Task was destroyed but it is pending!
task: <Task pending name='Task-2668' coro=<InteractiveBrokersClientMarketDataMixin._schedule_bar_completion_timeout.<locals>.completion_handler() running at /Users/lindawang/Documents/Workspace/quant/.quant312/lib/python3.12/site-packages/nautilus_trader/adapters/interactive_brokers/client/market_data.py:1313> wait_for=<Future pending cb=[Task.task_wakeup()]>>
Task was destroyed but it is pending!
task: <Task pending name='Task-2670' coro=<InteractiveBrokersClientMarketDataMixin._schedule_bar_completion_timeout.<locals>.completion_handler() running at /Users/lindawang/Documents/Workspace/quant/.quant312/lib/python3.12/site-packages/nautilus_trader/adapters/interactive_brokers/client/market_data.py:1313> wait_for=<Future pending cb=[Task.task_wakeup()]>>
Task was destroyed but it is pending!
task: <Task pending name='Task-2672' coro=<InteractiveBrokersClientMarketDataMixin._schedule_bar_completion_timeout.<locals>.completion_handler() running at /Users/lindawang/Documents/Workspace/quant/.quant312/lib/python3.12/site-packages/nautilus_trader/adapters/interactive_brokers/client/market_data.py:1313> wait_for=<Future pending cb=[Task.task_wakeup()]>>
Task was destroyed but it is pending!
task: <Task pending name='Task-2674' coro=<InteractiveBrokersClientMarketDataMixin._schedule_bar_completion_timeout.<locals>.completion_handler() running at /Users/lindawang/Documents/Workspace/quant/.quant312/lib/python3.12/site-packages/nautilus_trader/adapters/interactive_brokers/client/market_data.py:1313> wait_for=<Future pending cb=[Task.task_wakeup()]>>
Task was destroyed but it is pending!
task: <Task pending name='Task-2686' coro=<InteractiveBrokersClientMarketDataMixin._schedule_bar_completion_timeout.<locals>.completion_handler() running at /Users/lindawang/Documents/Workspace/quant/.quant312/lib/python3.12/site-packages/nautilus_trader/adapters/interactive_brokers/client/market_data.py:1313> wait_for=<Future pending cb=[Task.task_wakeup()]>>
Task was destroyed but it is pending!
task: <Task pending name='Task-2688' coro=<InteractiveBrokersClientMarketDataMixin._schedule_bar_completion_timeout.<locals>.completion_handler() running at /Users/lindawang/Documents/Workspace/quant/.quant312/lib/python3.12/site-packages/nautilus_trader/adapters/interactive_brokers/client/market_data.py:1313> wait_for=<Future pending cb=[Task.task_wakeup()]>>
Task was destroyed but it is pending!
task: <Task pending name='Task-2690' coro=<InteractiveBrokersClientMarketDataMixin._schedule_bar_completion_timeout.<locals>.completion_handler() running at /Users/lindawang/Documents/Workspace/quant/.quant312/lib/python3.12/site-packages/nautilus_trader/adapters/interactive_brokers/client/market_data.py:1313> wait_for=<Future pending cb=[Task.task_wakeup()]>>
Task was destroyed but it is pending!
task: <Task pending name='Task-2692' coro=<InteractiveBrokersClientMarketDataMixin._schedule_bar_completion_timeout.<locals>.completion_handler() running at /Users/lindawang/Documents/Workspace/quant/.quant312/lib/python3.12/site-packages/nautilus_trader/adapters/interactive_brokers/client/market_data.py:1313> wait_for=<Future pending cb=[Task.task_wakeup()]>>
Task was destroyed but it is pending!
task: <Task pending name='Task-2694' coro=<InteractiveBrokersClientMarketDataMixin._schedule_bar_completion_timeout.<locals>.completion_handler() running at /Users/lindawang/Documents/Workspace/quant/.quant312/lib/python3.12/site-packages/nautilus_trader/adapters/interactive_brokers/client/market_data.py:1313> wait_for=<Future pending cb=[Task.task_wakeup()]>>
Task was destroyed but it is pending!
task: <Task pending name='Task-2706' coro=<InteractiveBrokersClientMarketDataMixin._schedule_bar_completion_timeout.<locals>.completion_handler() running at /Users/lindawang/Documents/Workspace/quant/.quant312/lib/python3.12/site-packages/nautilus_trader/adapters/interactive_brokers/client/market_data.py:1313> wait_for=<Future pending cb=[Task.task_wakeup()]>>
Task was destroyed but it is pending!
task: <Task pending name='Task-2708' coro=<InteractiveBrokersClientMarketDataMixin._schedule_bar_completion_timeout.<locals>.completion_handler() running at /Users/lindawang/Documents/Workspace/quant/.quant312/lib/python3.12/site-packages/nautilus_trader/adapters/interactive_brokers/client/market_data.py:1313> wait_for=<Future pending cb=[Task.task_wakeup()]>>
Task was destroyed but it is pending!
task: <Task pending name='Task-2710' coro=<InteractiveBrokersClientMarketDataMixin._schedule_bar_completion_timeout.<locals>.completion_handler() running at /Users/lindawang/Documents/Workspace/quant/.quant312/lib/python3.12/site-packages/nautilus_trader/adapters/interactive_brokers/client/market_data.py:1313> wait_for=<Future pending cb=[Task.task_wakeup()]>>
Task was destroyed but it is pending!
task: <Task pending name='Task-2712' coro=<InteractiveBrokersClientMarketDataMixin._schedule_bar_completion_timeout.<locals>.completion_handler() running at /Users/lindawang/Documents/Workspace/quant/.quant312/lib/python3.12/site-packages/nautilus_trader/adapters/interactive_brokers/client/market_data.py:1313> wait_for=<Future pending cb=[Task.task_wakeup()]>>
Task was destroyed but it is pending!
task: <Task pending name='Task-2714' coro=<InteractiveBrokersClientMarketDataMixin._schedule_bar_completion_timeout.<locals>.completion_handler() running at /Users/lindawang/Documents/Workspace/quant/.quant312/lib/python3.12/site-packages/nautilus_trader/adapters/interactive_brokers/client/market_data.py:1313> wait_for=<Future pending cb=[Task.task_wakeup()]>>
Task was destroyed but it is pending!
task: <Task pending name='Task-2726' coro=<InteractiveBrokersClientMarketDataMixin._schedule_bar_completion_timeout.<locals>.completion_handler() running at /Users/lindawang/Documents/Workspace/quant/.quant312/lib/python3.12/site-packages/nautilus_trader/adapters/interactive_brokers/client/market_data.py:1313> wait_for=<Future pending cb=[Task.task_wakeup()]>>
