[1m2026-07-27T18:55:13.397002000Z[0m [36m[INFO] PAPER-001.TradingNode: =================================================================[0m
[1m2026-07-27T18:55:13.397009000Z[0m [36m[INFO] PAPER-001.TradingNode:  NAUTILUS TRADER - Automated Algorithmic Trading Platform[0m
[1m2026-07-27T18:55:13.397009001Z[0m [36m[INFO] PAPER-001.TradingNode:  by Nautech Systems Pty Ltd.[0m
[1m2026-07-27T18:55:13.397009002Z[0m [36m[INFO] PAPER-001.TradingNode:  Copyright (C) 2015-2026. All rights reserved.[0m
[1m2026-07-27T18:55:13.397009003Z[0m [36m[INFO] PAPER-001.TradingNode: =================================================================[0m
[1m2026-07-27T18:55:13.397009004Z[0m [INFO] PAPER-001.TradingNode: [0m
[1m2026-07-27T18:55:13.397010000Z[0m [INFO] PAPER-001.TradingNode: ⠀⠀⠀⠀⠀⠀⠀⠀⠀⠀⠀⠀⠀⣠⣴⣶⡟⠀⠀⠀⠀⠀⠀⠀⠀⠀⠀⠀⠀⠀⠀[0m
[1m2026-07-27T18:55:13.397010001Z[0m [INFO] PAPER-001.TradingNode: ⠀⠀⠀⠀⠀⠀⠀⠀⠀⠀⠀⣰⣾⣿⣿⣿⠀⢸⣿⣿⣿⣿⣶⣶⣤⣀⠀⠀⠀⠀⠀[0m
[1m2026-07-27T18:55:13.397010002Z[0m [INFO] PAPER-001.TradingNode: ⠀⠀⠀⠀⠀⠀⢀⣴⡇⢀⣾⣿⣿⣿⣿⣿⠀⣾⣿⣿⣿⣿⣿⣿⣿⠿⠓⠀⠀⠀⠀[0m
[1m2026-07-27T18:55:13.397010003Z[0m [INFO] PAPER-001.TradingNode: ⠀⠀⠀⠀⠀⣰⣿⣿⡀⢸⣿⣿⣿⣿⣿⣿⠀⣿⣿⣿⣿⣿⣿⠟⠁⣠⣄⠀⠀⠀⠀[0m
[1m2026-07-27T18:55:13.397010004Z[0m [INFO] PAPER-001.TradingNode: ⠀⠀⠀⠀⢠⣿⣿⣿⣇⠀⢿⣿⣿⣿⣿⣿⠀⢻⣿⣿⣿⡿⢃⣠⣾⣿⣿⣧⡀⠀⠀[0m
[1m2026-07-27T18:55:13.397010005Z[0m [INFO] PAPER-001.TradingNode: ⠀⠀⠀⠠⣾⣿⣿⣿⣿⣿⣧⠈⠋⢀⣴⣧⠀⣿⡏⢠⡀⢸⣿⣿⣿⣿⣿⣿⣿⡇⠀[0m
[1m2026-07-27T18:55:13.397010006Z[0m [INFO] PAPER-001.TradingNode: ⠀⠀⠀⣀⠙⢿⣿⣿⣿⣿⣿⠇⢠⣿⣿⣿⡄⠹⠃⠼⠃⠈⠉⠛⠛⠛⠛⠛⠻⠇⠀[0m
[1m2026-07-27T18:55:13.397010007Z[0m [INFO] PAPER-001.TradingNode: ⠀⠀⢸⡟⢠⣤⠉⠛⠿⢿⣿⠀⢸⣿⡿⠋⣠⣤⣄⠀⣾⣿⣿⣶⣶⣶⣦⡄⠀⠀⠀[0m
[1m2026-07-27T18:55:13.397010008Z[0m [INFO] PAPER-001.TradingNode: ⠀⠀⠸⠀⣾⠏⣸⣷⠂⣠⣤⠀⠘⢁⣴⣾⣿⣿⣿⡆⠘⣿⣿⣿⣿⣿⣿⠀⠀⠀⠀[0m
[1m2026-07-27T18:55:13.397010009Z[0m [INFO] PAPER-001.TradingNode: ⠀⠀⠀⠀⠛⠀⣿⡟⠀⢻⣿⡄⠸⣿⣿⣿⣿⣿⣿⣿⡀⠘⣿⣿⣿⣿⠟⠀⠀⠀⠀[0m
[1m2026-07-27T18:55:13.397011000Z[0m [INFO] PAPER-001.TradingNode: ⠀⠀⠀⠀⠀⠀⣿⠇⠀⠀⢻⡿⠀⠈⠻⣿⣿⣿⣿⣿⡇⠀⢹⣿⠿⠋⠀⠀⠀⠀⠀[0m
[1m2026-07-27T18:55:13.397011001Z[0m [INFO] PAPER-001.TradingNode: ⠀⠀⠀⠀⠀⠀⠋⠀⠀⠀⡘⠁⠀⠀⠀⠀⠀⠀⠀⠀⠀⠀⠈⠁⠀⠀⠀⠀⠀⠀⠀[0m
[1m2026-07-27T18:55:13.397011002Z[0m [INFO] PAPER-001.TradingNode: [0m
[1m2026-07-27T18:55:13.397011003Z[0m [36m[INFO] PAPER-001.TradingNode: =================================================================[0m
[1m2026-07-27T18:55:13.397011004Z[0m [36m[INFO] PAPER-001.TradingNode:  SYSTEM SPECIFICATION[0m
[1m2026-07-27T18:55:13.397011005Z[0m [36m[INFO] PAPER-001.TradingNode: =================================================================[0m
[1m2026-07-27T18:55:13.397011006Z[0m [INFO] PAPER-001.TradingNode: CPU architecture: Apple M4[0m
[1m2026-07-27T18:55:13.397012000Z[0m [INFO] PAPER-001.TradingNode: CPU(s): 10 @ 4464 MHz[0m
[1m2026-07-27T18:55:13.397012001Z[0m [INFO] PAPER-001.TradingNode: OS: kernel-25.5.0 macOS 26.5.2 Tahoe[0m
[1m2026-07-27T18:55:13.397022000Z[0m [36m[INFO] PAPER-001.TradingNode: =================================================================[0m
[1m2026-07-27T18:55:13.397023000Z[0m [36m[INFO] PAPER-001.TradingNode:  MEMORY USAGE[0m
[1m2026-07-27T18:55:13.397023001Z[0m [36m[INFO] PAPER-001.TradingNode: =================================================================[0m
[1m2026-07-27T18:55:13.397025000Z[0m [INFO] PAPER-001.TradingNode: RAM-Total: 32.00 GiB[0m
[1m2026-07-27T18:55:13.397026000Z[0m [INFO] PAPER-001.TradingNode: RAM-Used: 20.73 GiB (64.77%)[0m
[1m2026-07-27T18:55:13.397026001Z[0m [INFO] PAPER-001.TradingNode: RAM-Avail: 11.27 GiB (35.23%)[0m
[1m2026-07-27T18:55:13.397026002Z[0m [INFO] PAPER-001.TradingNode: Swap: disabled[0m
[1m2026-07-27T18:55:13.397030000Z[0m [36m[INFO] PAPER-001.TradingNode: =================================================================[0m
[1m2026-07-27T18:55:13.397030001Z[0m [36m[INFO] PAPER-001.TradingNode:  IDENTIFIERS[0m
[1m2026-07-27T18:55:13.397030002Z[0m [36m[INFO] PAPER-001.TradingNode: =================================================================[0m
[1m2026-07-27T18:55:13.397031000Z[0m [INFO] PAPER-001.TradingNode: trader_id: PAPER-001[0m
[1m2026-07-27T18:55:13.397031001Z[0m [INFO] PAPER-001.TradingNode: machine_id: Mac.lan[0m
[1m2026-07-27T18:55:13.397031002Z[0m [INFO] PAPER-001.TradingNode: instance_id: 7573b598-ce40-4c11-b1e8-bbef24fff17c[0m
[1m2026-07-27T18:55:13.397031003Z[0m [INFO] PAPER-001.TradingNode: PID: 12039[0m
[1m2026-07-27T18:55:13.397031004Z[0m [36m[INFO] PAPER-001.TradingNode: =================================================================[0m
[1m2026-07-27T18:55:13.397032000Z[0m [36m[INFO] PAPER-001.TradingNode:  VERSIONING[0m
[1m2026-07-27T18:55:13.397032001Z[0m [36m[INFO] PAPER-001.TradingNode: =================================================================[0m
[1m2026-07-27T18:55:13.397040000Z[0m [INFO] PAPER-001.TradingNode: nautilus_trader: 1.229.0[0m
[1m2026-07-27T18:55:13.397044000Z[0m [INFO] PAPER-001.TradingNode: python: 3.12.13[0m
[1m2026-07-27T18:55:13.397045000Z[0m [INFO] PAPER-001.TradingNode: numpy: 2.5.0[0m
[1m2026-07-27T18:55:13.397046000Z[0m [INFO] PAPER-001.TradingNode: pandas: 3.0.4[0m
[1m2026-07-27T18:55:13.397047000Z[0m [INFO] PAPER-001.TradingNode: msgspec: 0.21.1[0m
[1m2026-07-27T18:55:13.397049000Z[0m [INFO] PAPER-001.TradingNode: pyarrow: 24.0.0[0m
[1m2026-07-27T18:55:13.397050000Z[0m [INFO] PAPER-001.TradingNode: pytz: 2026.2[0m
[1m2026-07-27T18:55:13.397051000Z[0m [INFO] PAPER-001.TradingNode: uvloop: 0.22.1[0m
[1m2026-07-27T18:55:13.397051001Z[0m [36m[INFO] PAPER-001.TradingNode: =================================================================[0m
[1m2026-07-27T18:55:13.397057000Z[0m [INFO] PAPER-001.TradingNode: Building system kernel[0m
[1m2026-07-27T18:55:13.397887000Z[0m [INFO] PAPER-001.CacheDatabaseAdapter: READY[0m
[1m2026-07-27T18:55:13.397899000Z[0m [94m[INFO] PAPER-001.CacheDatabaseAdapter: config.database=DatabaseConfig(type=redis, host=127.0.0.1, port=6379, username=None, password=None, ssl=False, connection_timeout=20, response_timeout=20, number_of_retries=3, exponent_base=2, max_delay=1000, factor=2)[0m
[1m2026-07-27T18:55:13.397899001Z[0m [94m[INFO] PAPER-001.CacheDatabaseAdapter: config.encoding='msgpack'[0m
[1m2026-07-27T18:55:13.397900000Z[0m [94m[INFO] PAPER-001.CacheDatabaseAdapter: config.timestamps_as_iso8601=False[0m
[1m2026-07-27T18:55:13.397900001Z[0m [94m[INFO] PAPER-001.CacheDatabaseAdapter: config.buffer_interval_ms=100[0m
[1m2026-07-27T18:55:13.397901000Z[0m [94m[INFO] PAPER-001.CacheDatabaseAdapter: config.flush_on_start=False[0m
[1m2026-07-27T18:55:13.397901001Z[0m [94m[INFO] PAPER-001.CacheDatabaseAdapter: config.use_trader_prefix=True[0m
[1m2026-07-27T18:55:13.397901002Z[0m [94m[INFO] PAPER-001.CacheDatabaseAdapter: config.use_instance_id=False[0m
[1m2026-07-27T18:55:13.407377000Z[0m [94m[INFO] PAPER-001.MessageBus: config.database=None[0m
[1m2026-07-27T18:55:13.407379000Z[0m [94m[INFO] PAPER-001.MessageBus: config.encoding='json'[0m
[1m2026-07-27T18:55:13.407380000Z[0m [94m[INFO] PAPER-001.MessageBus: config.timestamps_as_iso8601=False[0m
[1m2026-07-27T18:55:13.407380001Z[0m [94m[INFO] PAPER-001.MessageBus: config.buffer_interval_ms=None[0m
[1m2026-07-27T18:55:13.407381000Z[0m [94m[INFO] PAPER-001.MessageBus: config.autotrim_mins=None[0m
[1m2026-07-27T18:55:13.407381001Z[0m [94m[INFO] PAPER-001.MessageBus: config.use_trader_prefix=True[0m
[1m2026-07-27T18:55:13.407382000Z[0m [94m[INFO] PAPER-001.MessageBus: config.use_trader_id=True[0m
[1m2026-07-27T18:55:13.407382001Z[0m [94m[INFO] PAPER-001.MessageBus: config.use_instance_id=False[0m
[1m2026-07-27T18:55:13.407382002Z[0m [94m[INFO] PAPER-001.MessageBus: config.streams_prefix='stream'[0m
[1m2026-07-27T18:55:13.407383000Z[0m [94m[INFO] PAPER-001.MessageBus: config.types_filter=None[0m
[1m2026-07-27T18:55:13.407530000Z[0m [INFO] PAPER-001.Cache: READY[0m
[1m2026-07-27T18:55:13.407882000Z[0m [INFO] PAPER-001.DataEngine: READY[0m
[1m2026-07-27T18:55:13.407949000Z[0m [94m[INFO] PAPER-001.DataEngine: config.graceful_shutdown_on_exception=False[0m
[1m2026-07-27T18:55:13.407971000Z[0m [INFO] PAPER-001.RiskEngine: READY[0m
[1m2026-07-27T18:55:13.407989000Z[0m [94m[INFO] PAPER-001.RiskEngine: TradingState is ACTIVE[0m
[1m2026-07-27T18:55:13.408073000Z[0m [INFO] PAPER-001.Throttler-ORDER_SUBMIT_THROTTLER: READY[0m
[1m2026-07-27T18:55:13.408085000Z[0m [94m[INFO] PAPER-001.RiskEngine: Set MAX_ORDER_SUBMIT_RATE: 100/00:00:01[0m
[1m2026-07-27T18:55:13.408096000Z[0m [INFO] PAPER-001.Throttler-ORDER_MODIFY_THROTTLER: READY[0m
[1m2026-07-27T18:55:13.408100000Z[0m [94m[INFO] PAPER-001.RiskEngine: Set MAX_ORDER_MODIFY_RATE: 100/00:00:01[0m
[1m2026-07-27T18:55:13.408115000Z[0m [94m[INFO] PAPER-001.RiskEngine: config.graceful_shutdown_on_exception=False[0m
[1m2026-07-27T18:55:13.408145000Z[0m [INFO] PAPER-001.ExecEngine: READY[0m
[1m2026-07-27T18:55:13.408158000Z[0m [94m[INFO] PAPER-001.ExecEngine: config.snapshot_orders=True[0m
[1m2026-07-27T18:55:13.408159000Z[0m [94m[INFO] PAPER-001.ExecEngine: config.snapshot_positions=True[0m
[1m2026-07-27T18:55:13.408160000Z[0m [94m[INFO] PAPER-001.ExecEngine: config.snapshot_positions_interval_secs=60.0[0m
[1m2026-07-27T18:55:13.408160001Z[0m [94m[INFO] PAPER-001.ExecEngine: config.allow_overfills=False[0m
[1m2026-07-27T18:55:13.408179000Z[0m [94m[INFO] PAPER-001.ExecEngine: config.reconciliation=True[0m
[1m2026-07-27T18:55:13.408180000Z[0m [94m[INFO] PAPER-001.ExecEngine: config.reconciliation_lookback_mins=None[0m
[1m2026-07-27T18:55:13.408180001Z[0m [94m[INFO] PAPER-001.ExecEngine: config.reconciliation_instrument_ids=None[0m
[1m2026-07-27T18:55:13.408181000Z[0m [94m[INFO] PAPER-001.ExecEngine: config.filter_unclaimed_external_orders=False[0m
[1m2026-07-27T18:55:13.408181001Z[0m [94m[INFO] PAPER-001.ExecEngine: config.filter_position_reports=False[0m
[1m2026-07-27T18:55:13.408181002Z[0m [94m[INFO] PAPER-001.ExecEngine: config.filtered_client_order_ids=None[0m
[1m2026-07-27T18:55:13.408181003Z[0m [94m[INFO] PAPER-001.ExecEngine: config.inflight_check_interval_ms=2000[0m
[1m2026-07-27T18:55:13.408182000Z[0m [94m[INFO] PAPER-001.ExecEngine: config.inflight_check_threshold_ms=5000[0m
[1m2026-07-27T18:55:13.408182001Z[0m [94m[INFO] PAPER-001.ExecEngine: config.inflight_check_retries=5[0m
[1m2026-07-27T18:55:13.408183000Z[0m [94m[INFO] PAPER-001.ExecEngine: config.own_books_audit_interval_secs=None[0m
[1m2026-07-27T18:55:13.408183001Z[0m [94m[INFO] PAPER-001.ExecEngine: config.open_check_interval_secs=None[0m
[1m2026-07-27T18:55:13.408183002Z[0m [94m[INFO] PAPER-001.ExecEngine: config.open_check_open_only=True[0m
[1m2026-07-27T18:55:13.408184000Z[0m [94m[INFO] PAPER-001.ExecEngine: config.open_check_lookback_mins=60[0m
[1m2026-07-27T18:55:13.408184001Z[0m [94m[INFO] PAPER-001.ExecEngine: config.open_check_threshold_ms=5000[0m
[1m2026-07-27T18:55:13.408184002Z[0m [94m[INFO] PAPER-001.ExecEngine: config.open_check_missing_retries=5[0m
[1m2026-07-27T18:55:13.408184003Z[0m [94m[INFO] PAPER-001.ExecEngine: config.max_single_order_queries_per_cycle=10[0m
[1m2026-07-27T18:55:13.408185000Z[0m [94m[INFO] PAPER-001.ExecEngine: config.single_order_query_delay_ms=100[0m
[1m2026-07-27T18:55:13.408185001Z[0m [94m[INFO] PAPER-001.ExecEngine: config.position_check_interval_secs=None[0m
[1m2026-07-27T18:55:13.408185002Z[0m [94m[INFO] PAPER-001.ExecEngine: config.position_check_lookback_mins=60[0m
[1m2026-07-27T18:55:13.408185003Z[0m [94m[INFO] PAPER-001.ExecEngine: config.position_check_threshold_ms=5000[0m
[1m2026-07-27T18:55:13.408186000Z[0m [94m[INFO] PAPER-001.ExecEngine: config.position_check_retries=3[0m
[1m2026-07-27T18:55:13.408186001Z[0m [94m[INFO] PAPER-001.ExecEngine: config.reconciliation_startup_delay_secs=10.0[0m
[1m2026-07-27T18:55:13.408186002Z[0m [94m[INFO] PAPER-001.ExecEngine: config.purge_closed_orders_interval_mins=None[0m
[1m2026-07-27T18:55:13.408187000Z[0m [94m[INFO] PAPER-001.ExecEngine: config.purge_closed_orders_buffer_mins=None[0m
[1m2026-07-27T18:55:13.408187001Z[0m [94m[INFO] PAPER-001.ExecEngine: config.purge_closed_positions_interval_mins=None[0m
[1m2026-07-27T18:55:13.408187002Z[0m [94m[INFO] PAPER-001.ExecEngine: config.purge_closed_positions_buffer_mins=None[0m
[1m2026-07-27T18:55:13.408187003Z[0m [94m[INFO] PAPER-001.ExecEngine: config.purge_account_events_interval_mins=None[0m
[1m2026-07-27T18:55:13.408187004Z[0m [94m[INFO] PAPER-001.ExecEngine: config.purge_account_events_lookback_mins=None[0m
[1m2026-07-27T18:55:13.408188000Z[0m [94m[INFO] PAPER-001.ExecEngine: config.purge_from_database=False[0m
[1m2026-07-27T18:55:13.408188001Z[0m [94m[INFO] PAPER-001.ExecEngine: config.graceful_shutdown_on_exception=False[0m
[1m2026-07-27T18:55:13.409577000Z[0m [INFO] PAPER-001.Cache: Cached 0 general objects from database[0m
[1m2026-07-27T18:55:13.409683000Z[0m [INFO] PAPER-001.Cache: Cached 0 currencies from database[0m
[1m2026-07-27T18:55:13.409790000Z[0m [INFO] PAPER-001.Cache: Cached 0 instruments from database[0m
[1m2026-07-27T18:55:13.410071000Z[0m [INFO] PAPER-001.Cache: Cached 0 accounts from database[0m
[1m2026-07-27T18:55:13.410436000Z[0m [INFO] PAPER-001.Cache: Cached 0 orders from database[0m
[1m2026-07-27T18:55:13.410448000Z[0m [INFO] PAPER-001.Cache: Cached 0 order lists from database[0m
[1m2026-07-27T18:55:13.410549000Z[0m [INFO] PAPER-001.Cache: Cached 0 positions from database[0m
[1m2026-07-27T18:55:13.410751000Z[0m [INFO] PAPER-001.Cache: Checking data integrity[0m
[1m2026-07-27T18:55:13.410816000Z[0m [92m[INFO] PAPER-001.Cache: Integrity check passed in 55μs[0m
[1m2026-07-27T18:55:13.411249000Z[0m [INFO] PAPER-001.ExecEngine: Loaded cache in 3ms[0m
[1m2026-07-27T18:55:13.411276000Z[0m [INFO] PAPER-001.OrderEmulator: READY[0m
[1m2026-07-27T18:55:13.411304000Z[0m [INFO] PAPER-001.PAPER-001: READY[0m
[1m2026-07-27T18:55:13.411316000Z[0m [INFO] PAPER-001.TradingNode: Initialized in 14ms[0m
[1m2026-07-27T18:55:13.411323000Z[0m [94m[INFO] PAPER-001.TradingNode: has_cache_backing=True[0m
[1m2026-07-27T18:55:13.411324000Z[0m [94m[INFO] PAPER-001.TradingNode: has_msgbus_backing=False[0m
[1m2026-07-27T18:55:13.411374000Z[0m [INFO] PAPER-001.MLStrategy: READY[0m
[1m2026-07-27T18:55:13.411397000Z[0m [INFO] PAPER-001.ExecEngine: Registered OMS.UNSPECIFIED for Strategy MLStrategy-000[0m
[1m2026-07-27T18:55:13.411399000Z[0m [INFO] PAPER-001.PAPER-001: Registered Strategy MLStrategy-000[0m
[1m2026-07-27T18:55:13.411736000Z[0m [INFO] PAPER-001.Cache: No previous state found for StrategyId('MLStrategy-000')[0m
[1m2026-07-27T18:55:13.411740000Z[0m [INFO] PAPER-001.TradingNode: Building data client for IB[0m
[1m2026-07-27T18:55:13.411755000Z[0m [INFO] PAPER-001.InteractiveBrokersClient-001: READY[0m
[1m2026-07-27T18:55:13.411865000Z[0m [1;33m[WARN] PAPER-001.InteractiveBrokersClient-001: Started when loop is not running[0m
[1m2026-07-27T18:55:13.411917000Z[0m [INFO] PAPER-001.InteractiveBrokersClient-001: Starting InteractiveBrokersClient (1)...[0m
[1m2026-07-27T18:55:13.411927000Z[0m [INFO] PAPER-001.InteractiveBrokersClient-001: Connecting to 127.0.0.1:7497 with client id: 1[0m
[1m2026-07-27T18:55:13.421643000Z[0m [INFO] PAPER-001.InteractiveBrokersClient-001: Connected to Interactive Brokers (v223) at 20260727 11:55:12 PST from 127.0.0.1:7497 with client id: 1[0m
[1m2026-07-27T18:55:13.424029000Z[0m [1;33m[WARN] PAPER-001.InteractiveBrokersClient-001: Market data farm connection is OK:cashfarm (code: 2104, req_id=-1)[0m
[1m2026-07-27T18:55:13.424195000Z[0m [1;33m[WARN] PAPER-001.InteractiveBrokersClient-001: Market data farm connection is OK:uscrypto (code: 2104, req_id=-1)[0m
[1m2026-07-27T18:55:13.424251000Z[0m [INFO] PAPER-001.InteractiveBrokersClient-001: RUNNING[0m
[1m2026-07-27T18:55:13.424274000Z[0m [INFO] PAPER-001.InteractiveBrokersInstrumentProvider: READY[0m
[1m2026-07-27T18:55:13.424328000Z[0m [INFO] PAPER-001.DataClient-IB: READY[0m
[1m2026-07-27T18:55:13.424360000Z[0m [INFO] PAPER-001.DataEngine: Registered IB for default routing[0m
[1m2026-07-27T18:55:13.424368000Z[0m [INFO] PAPER-001.TradingNode: Building execution client for IB[0m
[1m2026-07-27T18:55:13.424415000Z[0m [INFO] PAPER-001.ExecClient-IB: READY[0m
[1m2026-07-27T18:55:13.424431000Z[0m [INFO] PAPER-001.ExecEngine: Registered ExecutionClient-IB for default routing[0m
[1m2026-07-27T18:55:13.424484000Z[0m [INFO] PAPER-001.TradingNode: STARTING[0m
[1m2026-07-27T18:55:13.424745000Z[0m [INFO] PAPER-001.DataClient-IB: RUNNING[0m
[1m2026-07-27T18:55:13.424953000Z[0m [INFO] PAPER-001.DataEngine: RUNNING[0m
[1m2026-07-27T18:55:13.425394000Z[0m [INFO] PAPER-001.RiskEngine: RUNNING[0m
[1m2026-07-27T18:55:13.425410000Z[0m [INFO] PAPER-001.ExecClient-IB: RUNNING[0m
[1m2026-07-27T18:55:13.425677000Z[0m [INFO] PAPER-001.ExecEngine: Starting position snapshots timer at 60.0 second intervals[0m
[1m2026-07-27T18:55:13.427509000Z[0m [94m[INFO] PAPER-001.ExecEngine: Started reconciliation task[0m
[1m2026-07-27T18:55:13.427513000Z[0m [INFO] PAPER-001.ExecEngine: RUNNING[0m
[1m2026-07-27T18:55:13.427516000Z[0m [INFO] PAPER-001.DataEngine: Connecting all clients...[0m
[1m2026-07-27T18:55:13.427517000Z[0m [INFO] PAPER-001.DataClient-IB: Connecting...[0m
[1m2026-07-27T18:55:13.427524000Z[0m [INFO] PAPER-001.ExecEngine: Connecting all clients...[0m
[1m2026-07-27T18:55:13.427526000Z[0m [INFO] PAPER-001.ExecClient-IB: Connecting...[0m
[1m2026-07-27T18:55:13.427533000Z[0m [94m[INFO] PAPER-001.TradingNode: Awaiting engine connections and initializations (60.0s timeout)...[0m
[1m2026-07-27T18:55:13.428104000Z[0m [1;33m[WARN] PAPER-001.InteractiveBrokersClient-001: Market data farm connection is OK:usfuture (code: 2104, req_id=-1)[0m
[1m2026-07-27T18:55:13.428135000Z[0m [94m[INFO] PAPER-001.ExecEngine: Starting continuous reconciliation with intervals: inflight=2000ms, consistency=Nones, position=Nones[0m
[1m2026-07-27T18:55:13.428136000Z[0m [94m[INFO] PAPER-001.ExecEngine: Awaiting startup reconciliation completion before starting continuous checks[0m
[1m2026-07-27T18:55:13.428143000Z[0m [INFO] PAPER-001.InteractiveBrokersClient-001: Setting Market DataType to REALTIME[0m
[1m2026-07-27T18:55:13.428195000Z[0m [INFO] PAPER-001.InteractiveBrokersInstrumentProvider: Initializing instruments...[0m
[1m2026-07-27T18:55:13.428214000Z[0m [INFO] PAPER-001.InteractiveBrokersInstrumentProvider: Loading instruments: BTC/USD.ZEROHASH, ETH/USD.ZEROHASH, SOL/USD.ZEROHASH...[0m
[1m2026-07-27T18:55:13.428385000Z[0m [INFO] PAPER-001.InteractiveBrokersInstrumentProvider: Attempting to find instrument for contract=IBContract(secType='CRYPTO', exchange='ZEROHASH', localSymbol='BTC.USD')[0m
[1m2026-07-27T18:55:13.428523000Z[0m [1;33m[WARN] PAPER-001.InteractiveBrokersClient-001: Market data farm connection is OK:usopt.nj (code: 2104, req_id=-1)[0m
[1m2026-07-27T18:55:13.428574000Z[0m [1;33m[WARN] PAPER-001.InteractiveBrokersClient-001: Market data farm connection is OK:usfarm.nj (code: 2104, req_id=-1)[0m
[1m2026-07-27T18:55:13.428631000Z[0m [1;33m[WARN] PAPER-001.InteractiveBrokersClient-001: Market data farm connection is OK:usfarm (code: 2104, req_id=-1)[0m
[1m2026-07-27T18:55:13.428768000Z[0m [1;33m[WARN] PAPER-001.InteractiveBrokersClient-001: HMDS data farm connection is OK:euhmds (code: 2106, req_id=-1)[0m
[1m2026-07-27T18:55:13.428818000Z[0m [1;33m[WARN] PAPER-001.InteractiveBrokersClient-001: HMDS data farm connection is OK:fundfarm (code: 2106, req_id=-1)[0m
[1m2026-07-27T18:55:13.428884000Z[0m [1;33m[WARN] PAPER-001.InteractiveBrokersClient-001: HMDS data farm connection is OK:ushmds (code: 2106, req_id=-1)[0m
[1m2026-07-27T18:55:13.428917000Z[0m [1;33m[WARN] PAPER-001.InteractiveBrokersClient-001: Sec-def data farm connection is OK:secdefil (code: 2158, req_id=-1)[0m
[1m2026-07-27T18:55:13.576689000Z[0m [INFO] PAPER-001.InteractiveBrokersInstrumentProvider: Contract qualified for BTC.USD.ZEROHASH with ConId=541686651[0m
[1m2026-07-27T18:55:13.580075000Z[0m [INFO] PAPER-001.InteractiveBrokersInstrumentProvider: Adding instrument=CryptoPerpetual(id=BTC/USD.ZEROHASH, raw_symbol=BTC.USD, asset_class=CRYPTOCURRENCY, instrument_class=SWAP, quote_currency=USD, is_inverse=True, price_precision=2, price_increment=0.25, size_precision=8, size_increment=0.00000001, multiplier=1, lot_size=1, margin_init=0, margin_maint=0, maker_fee=0, taker_fee=0, info={'contract': {'secType': 'CRYPTO', 'conId': 541686651, 'exchange': 'ZEROHASH', 'primaryExchange': '', 'symbol': 'BTC', 'localSymbol': 'BTC.USD', 'currency': 'USD', 'tradingClass': 'BTC', 'lastTradeDateOrContractMonth': '', 'lastTradeDate': '', 'multiplier': '', 'strike': 1.7976931348623157e+308, 'right': '', 'includeExpired': False, 'secIdType': '', 'secId': '', 'description': '', 'issuerId': '', 'comboLegsDescrip': '', 'comboLegs': [], 'deltaNeutralContract': None, 'build_futures_chain': None, 'build_options_chain': None, 'options_chain_exchange': None, 'min_expiry_days': None, 'max_expiry_days': None}, 'marketName': 'BTC', 'minTick': 0.25, 'orderTypes': 'AD,ADJUST,ALERT,BASKET,BENCHPX,CASHQTY,COND,DAY,DEACT,DEACTDIS,DEACTEOD,GAT,GTC,GTD,GTT,IOC,LMT,MKT,NMIN,NONALGO,WHATIF', 'validExchanges': 'ZEROHASH', 'priceMagnifier': 1, 'underConId': 0, 'longName': 'Bitcoin cryptocurrency', 'contractMonth': '', 'industry': '', 'category': '', 'subcategory': '', 'timeZoneId': 'US/Eastern', 'tradingHours': '20260726:0300-20260727:1600;20260727:1601-20260728:1600;20260728:1601-20260729:1600;20260729:1601-20260730:1600;20260730:1601-20260731:1600', 'liquidHours': '20260726:0300-20260727:1600;20260727:1601-20260728:1600;20260728:1601-20260729:1600;20260729:1601-20260730:1600;20260730:1601-20260731:1600', 'evRule': '', 'evMultiplier': 0, 'mdSizeMultiplier': 1, 'aggGroup': 0, 'underSymbol': '', 'underSecType': '', 'marketRuleIds': '2806', 'secIdList': [], 'realExpirationDate': '', 'lastTradeTime': '', 'stockType': '', 'minSize': '1E-8', 'sizeIncrement': '1E-8', 'suggestedSizeIncrement': '1E-8', 'minAlgoSize': '0', 'lastPricePrecision': '170141183460469231731687303715884105727', 'lastSizePrecision': '170141183460469231731687303715884105727', 'cusip': '', 'ratings': '', 'descAppend': '', 'bondType': '', 'couponType': '', 'callable': False, 'putable': False, 'coupon': 0, 'convertible': False, 'maturity': '', 'issueDate': '', 'nextOptionDate': '', 'nextOptionType': '', 'nextOptionPartial': False, 'notes': '', 'fundName': '', 'fundFamily': '', 'fundType': '', 'fundFrontLoad': '', 'fundBackLoad': '', 'fundBackLoadTimeInterval': '', 'fundManagementFee': '', 'fundClosed': False, 'fundClosedForNewInvestors': False, 'fundClosedForNewMoney': False, 'fundNotifyAmount': '', 'fundMinimumInitialPurchase': '', 'fundSubsequentMinimumPurchase': '', 'fundBlueSkyStates': '', 'fundBlueSkyTerritories': '', 'fundDistributionPolicyIndicator': ('None', 'None'), 'fundAssetType': ('None', 'None'), 'ineligibilityReasonList': None, 'eventContract1': '', 'eventContractDescription1': '', 'eventContractDescription2': ''}) from InteractiveBrokersInstrumentProvider[0m
[1m2026-07-27T18:55:13.580942000Z[0m [INFO] PAPER-001.InteractiveBrokersInstrumentProvider: Attempting to find instrument for contract=IBContract(secType='CRYPTO', exchange='ZEROHASH', localSymbol='ETH.USD')[0m
[1m2026-07-27T18:55:13.663513000Z[0m [INFO] PAPER-001.InteractiveBrokersInstrumentProvider: Contract qualified for ETH.USD.ZEROHASH with ConId=541686654[0m
[1m2026-07-27T18:55:13.663816000Z[0m [INFO] PAPER-001.InteractiveBrokersInstrumentProvider: Adding instrument=CryptoPerpetual(id=ETH/USD.ZEROHASH, raw_symbol=ETH.USD, asset_class=CRYPTOCURRENCY, instrument_class=SWAP, quote_currency=USD, is_inverse=True, price_precision=2, price_increment=0.05, size_precision=8, size_increment=0.00000001, multiplier=1, lot_size=1, margin_init=0, margin_maint=0, maker_fee=0, taker_fee=0, info={'contract': {'secType': 'CRYPTO', 'conId': 541686654, 'exchange': 'ZEROHASH', 'primaryExchange': '', 'symbol': 'ETH', 'localSymbol': 'ETH.USD', 'currency': 'USD', 'tradingClass': 'ETH', 'lastTradeDateOrContractMonth': '', 'lastTradeDate': '', 'multiplier': '', 'strike': 1.7976931348623157e+308, 'right': '', 'includeExpired': False, 'secIdType': '', 'secId': '', 'description': '', 'issuerId': '', 'comboLegsDescrip': '', 'comboLegs': [], 'deltaNeutralContract': None, 'build_futures_chain': None, 'build_options_chain': None, 'options_chain_exchange': None, 'min_expiry_days': None, 'max_expiry_days': None}, 'marketName': 'ETH', 'minTick': 0.05, 'orderTypes': 'AD,ADJUST,ALERT,BASKET,BENCHPX,CASHQTY,COND,DAY,DEACT,DEACTDIS,DEACTEOD,GAT,GTC,GTD,GTT,IOC,LMT,MKT,NMIN,NONALGO,WHATIF', 'validExchanges': 'ZEROHASH', 'priceMagnifier': 1, 'underConId': 0, 'longName': 'Ethereum cryptocurrency', 'contractMonth': '', 'industry': '', 'category': '', 'subcategory': '', 'timeZoneId': 'US/Eastern', 'tradingHours': '20260726:0300-20260727:1600;20260727:1601-20260728:1600;20260728:1601-20260729:1600;20260729:1601-20260730:1600;20260730:1601-20260731:1600', 'liquidHours': '20260726:0300-20260727:1600;20260727:1601-20260728:1600;20260728:1601-20260729:1600;20260729:1601-20260730:1600;20260730:1601-20260731:1600', 'evRule': '', 'evMultiplier': 0, 'mdSizeMultiplier': 1, 'aggGroup': 0, 'underSymbol': '', 'underSecType': '', 'marketRuleIds': '2823', 'secIdList': [], 'realExpirationDate': '', 'lastTradeTime': '', 'stockType': '', 'minSize': '1E-8', 'sizeIncrement': '1E-8', 'suggestedSizeIncrement': '1E-8', 'minAlgoSize': '0', 'lastPricePrecision': '170141183460469231731687303715884105727', 'lastSizePrecision': '170141183460469231731687303715884105727', 'cusip': '', 'ratings': '', 'descAppend': '', 'bondType': '', 'couponType': '', 'callable': False, 'putable': False, 'coupon': 0, 'convertible': False, 'maturity': '', 'issueDate': '', 'nextOptionDate': '', 'nextOptionType': '', 'nextOptionPartial': False, 'notes': '', 'fundName': '', 'fundFamily': '', 'fundType': '', 'fundFrontLoad': '', 'fundBackLoad': '', 'fundBackLoadTimeInterval': '', 'fundManagementFee': '', 'fundClosed': False, 'fundClosedForNewInvestors': False, 'fundClosedForNewMoney': False, 'fundNotifyAmount': '', 'fundMinimumInitialPurchase': '', 'fundSubsequentMinimumPurchase': '', 'fundBlueSkyStates': '', 'fundBlueSkyTerritories': '', 'fundDistributionPolicyIndicator': ('None', 'None'), 'fundAssetType': ('None', 'None'), 'ineligibilityReasonList': None, 'eventContract1': '', 'eventContractDescription1': '', 'eventContractDescription2': ''}) from InteractiveBrokersInstrumentProvider[0m
[1m2026-07-27T18:55:13.663881000Z[0m [INFO] PAPER-001.InteractiveBrokersInstrumentProvider: Attempting to find instrument for contract=IBContract(secType='CRYPTO', exchange='ZEROHASH', localSymbol='SOL.USD')[0m
[1m2026-07-27T18:55:13.746684000Z[0m [INFO] PAPER-001.InteractiveBrokersInstrumentProvider: Contract qualified for SOL.USD.ZEROHASH with ConId=766135595[0m
[1m2026-07-27T18:55:13.746949000Z[0m [INFO] PAPER-001.InteractiveBrokersInstrumentProvider: Adding instrument=CryptoPerpetual(id=SOL/USD.ZEROHASH, raw_symbol=SOL.USD, asset_class=CRYPTOCURRENCY, instrument_class=SWAP, quote_currency=USD, is_inverse=True, price_precision=2, price_increment=0.01, size_precision=8, size_increment=0.00000001, multiplier=1, lot_size=1, margin_init=0, margin_maint=0, maker_fee=0, taker_fee=0, info={'contract': {'secType': 'CRYPTO', 'conId': 766135595, 'exchange': 'ZEROHASH', 'primaryExchange': '', 'symbol': 'SOL', 'localSymbol': 'SOL.USD', 'currency': 'USD', 'tradingClass': 'SOL', 'lastTradeDateOrContractMonth': '', 'lastTradeDate': '', 'multiplier': '', 'strike': 1.7976931348623157e+308, 'right': '', 'includeExpired': False, 'secIdType': '', 'secId': '', 'description': '', 'issuerId': '', 'comboLegsDescrip': '', 'comboLegs': [], 'deltaNeutralContract': None, 'build_futures_chain': None, 'build_options_chain': None, 'options_chain_exchange': None, 'min_expiry_days': None, 'max_expiry_days': None}, 'marketName': 'SOL', 'minTick': 0.01, 'orderTypes': 'AD,ADJUST,ALERT,BASKET,BENCHPX,CASHQTY,COND,DAY,DEACT,DEACTDIS,DEACTEOD,GAT,GTC,GTD,GTT,IOC,LMT,MKT,NMIN,NONALGO,WHATIF', 'validExchanges': 'ZEROHASH', 'priceMagnifier': 1, 'underConId': 0, 'longName': 'Solana cryptocurrency', 'contractMonth': '', 'industry': '', 'category': '', 'subcategory': '', 'timeZoneId': 'US/Eastern', 'tradingHours': '20260726:0300-20260727:1600;20260727:1601-20260728:1600;20260728:1601-20260729:1600;20260729:1601-20260730:1600;20260730:1601-20260731:1600', 'liquidHours': '20260726:0300-20260727:1600;20260727:1601-20260728:1600;20260728:1601-20260729:1600;20260729:1601-20260730:1600;20260730:1601-20260731:1600', 'evRule': '', 'evMultiplier': 0, 'mdSizeMultiplier': 1, 'aggGroup': 0, 'underSymbol': '', 'underSecType': '', 'marketRuleIds': '2836', 'secIdList': [], 'realExpirationDate': '', 'lastTradeTime': '', 'stockType': '', 'minSize': '1E-8', 'sizeIncrement': '1E-8', 'suggestedSizeIncrement': '1E-8', 'minAlgoSize': '0', 'lastPricePrecision': '170141183460469231731687303715884105727', 'lastSizePrecision': '170141183460469231731687303715884105727', 'cusip': '', 'ratings': '', 'descAppend': '', 'bondType': '', 'couponType': '', 'callable': False, 'putable': False, 'coupon': 0, 'convertible': False, 'maturity': '', 'issueDate': '', 'nextOptionDate': '', 'nextOptionType': '', 'nextOptionPartial': False, 'notes': '', 'fundName': '', 'fundFamily': '', 'fundType': '', 'fundFrontLoad': '', 'fundBackLoad': '', 'fundBackLoadTimeInterval': '', 'fundManagementFee': '', 'fundClosed': False, 'fundClosedForNewInvestors': False, 'fundClosedForNewMoney': False, 'fundNotifyAmount': '', 'fundMinimumInitialPurchase': '', 'fundSubsequentMinimumPurchase': '', 'fundBlueSkyStates': '', 'fundBlueSkyTerritories': '', 'fundDistributionPolicyIndicator': ('None', 'None'), 'fundAssetType': ('None', 'None'), 'ineligibilityReasonList': None, 'eventContract1': '', 'eventContractDescription1': '', 'eventContractDescription2': ''}) from InteractiveBrokersInstrumentProvider[0m
[1m2026-07-27T18:55:13.747010000Z[0m [INFO] PAPER-001.InteractiveBrokersInstrumentProvider: Loaded 3 instruments[0m
[1m2026-07-27T18:55:13.747011000Z[0m [INFO] PAPER-001.InteractiveBrokersInstrumentProvider: Initialized instruments[0m
[1m2026-07-27T18:55:13.747043000Z[0m [92m[INFO] PAPER-001.ExecClient-IB: Account `DUR143045` found in the connected TWS/Gateway[0m
[1m2026-07-27T18:55:13.747102000Z[0m [92m[INFO] PAPER-001.DataClient-IB: Connected[0m
[1m2026-07-27T18:55:13.840661000Z[0m [94m[INFO] PAPER-001.TradingNode: Awaiting execution state reconciliation (30.0s timeout)...[0m
[1m2026-07-27T18:55:13.840686000Z[0m [92m[INFO] PAPER-001.ExecClient-IB: Connected[0m
[1m2026-07-27T18:55:13.840700000Z[0m [INFO] PAPER-001.ExecClient-IB: Generating ExecutionMassStatus...[0m
[1m2026-07-27T18:55:13.856099000Z[0m [INFO] PAPER-001.Portfolio: Updated AccountState(account_id=IB-DUR143045, account_type=MARGIN, base_currency=None, is_reported=True, balances=[AccountBalance(total=1_002_150.50 USD, locked=1_978.34 USD, free=1_000_172.16 USD)], margins=[MarginBalance(initial=0.00 USD, maintenance=0.00 USD, instrument_id=None)], event_id=d49da3b5-7a7d-44ef-a760-3b52b9c583f0)[0m
[1m2026-07-27T18:55:13.946126000Z[0m [INFO] PAPER-001.ExecClient-IB: Generated 0 FillReports[0m
[1m2026-07-27T18:55:14.042992000Z[0m [94m[INFO] PAPER-001.ExecEngine: Reconciling ExecutionMassStatus for None[0m
[1m2026-07-27T18:55:14.043017000Z[0m [94m[INFO] PAPER-001.ExecEngine: Attempting to adjust fills for 0 instruments[0m
[1m2026-07-27T18:55:14.045554000Z[0m [94m[INFO] PAPER-001.ExecEngine: Updating adjusted fills for 0 instruments[0m
[1m2026-07-27T18:55:14.045563000Z[0m [94m[INFO] PAPER-001.ExecEngine: Final order_reports contains 0 orders, fill_reports contains 0 fills across all instruments[0m
[1m2026-07-27T18:55:14.045724000Z[0m [92m[INFO] PAPER-001.ExecEngine: Reconciliation for IB succeeded[0m
[1m2026-07-27T18:55:14.045754000Z[0m [92m[INFO] PAPER-001.TradingNode: Execution state reconciled[0m
[1m2026-07-27T18:55:14.046073000Z[0m [INFO] PAPER-001.OrderEmulator: No emulated orders to reactivate[0m
[1m2026-07-27T18:55:14.046100000Z[0m [INFO] PAPER-001.OrderEmulator: RUNNING[0m
[1m2026-07-27T18:55:14.046684000Z[0m [INFO] PAPER-001.Portfolio: Initialized 0 open orders[0m
[1m2026-07-27T18:55:14.046690000Z[0m [INFO] PAPER-001.Portfolio: Initialized 0 open positions[0m
[1m2026-07-27T18:55:14.046704000Z[0m [94m[INFO] PAPER-001.TradingNode: Awaiting portfolio initialization (10.0s timeout)...[0m
[1m2026-07-27T18:55:14.046868000Z[0m [92m[INFO] PAPER-001.ExecEngine: Startup reconciliation completed[0m
[1m2026-07-27T18:55:14.046874000Z[0m [94m[INFO] PAPER-001.ExecEngine: Applying post-reconciliation startup delay (10.0s)[0m
[1m2026-07-27T18:55:14.046911000Z[0m [92m[INFO] PAPER-001.TradingNode: Portfolio initialized[0m
[1m2026-07-27T18:55:14.046950000Z[0m [94m[INFO] PAPER-001.MLStrategy: self.config.oms_type=None[0m
[1m2026-07-27T18:55:14.046954000Z[0m [94m[INFO] PAPER-001.MLStrategy: self.config.external_order_claims=None[0m
[1m2026-07-27T18:55:14.046957000Z[0m [94m[INFO] PAPER-001.MLStrategy: self.config.manage_gtd_expiry=False[0m
[1m2026-07-27T18:55:14.047012000Z[0m [94m[INFO] PAPER-001.MLStrategy: Set ClientOrderIdGenerator client_order_id count to 0[0m
[1m2026-07-27T18:55:14.047015000Z[0m [94m[INFO] PAPER-001.MLStrategy: Set ClientOrderIdGenerator order_list_id count to 0[0m
[1m2026-07-27T18:55:14.054777000Z[0m [INFO] PAPER-001.MLStrategy: [REQ]--> RequestBars(bar_type=BTC/USD.ZEROHASH-1-DAY-LAST-EXTERNAL, start=2025-06-22 18:55:14.052544+00:00, end=2026-07-27 18:55:14.053018+00:00, limit=0, client_id=None, venue=ZEROHASH, data_type=Bar, params={'update_catalog': False, 'join_request': False})[0m
[1m2026-07-27T18:55:14.055306000Z[0m [INFO] PAPER-001.MLStrategy: [CMD]--> SubscribeBars(bar_type=BTC/USD.ZEROHASH-1-DAY-LAST-EXTERNAL, client_id=None, venue=ZEROHASH)[0m
[1m2026-07-27T18:55:14.055315000Z[0m [INFO] PAPER-001.MLStrategy: Subscribed BTC/USD.ZEROHASH-1-DAY-LAST-EXTERNAL[0m
[1m2026-07-27T18:55:14.055424000Z[0m [INFO] PAPER-001.MLStrategy: [REQ]--> RequestBars(bar_type=ETH/USD.ZEROHASH-1-DAY-LAST-EXTERNAL, start=2025-06-22 18:55:14.055376+00:00, end=2026-07-27 18:55:14.055401+00:00, limit=0, client_id=None, venue=ZEROHASH, data_type=Bar, params={'update_catalog': False, 'join_request': False})[0m
[1m2026-07-27T18:55:14.055435000Z[0m [INFO] PAPER-001.MLStrategy: [CMD]--> SubscribeBars(bar_type=ETH/USD.ZEROHASH-1-DAY-LAST-EXTERNAL, client_id=None, venue=ZEROHASH)[0m
[1m2026-07-27T18:55:14.055439000Z[0m [INFO] PAPER-001.MLStrategy: Subscribed ETH/USD.ZEROHASH-1-DAY-LAST-EXTERNAL[0m
[1m2026-07-27T18:55:14.055484000Z[0m [INFO] PAPER-001.MLStrategy: [REQ]--> RequestBars(bar_type=SOL/USD.ZEROHASH-1-DAY-LAST-EXTERNAL, start=2025-06-22 18:55:14.055464+00:00, end=2026-07-27 18:55:14.055471+00:00, limit=0, client_id=None, venue=ZEROHASH, data_type=Bar, params={'update_catalog': False, 'join_request': False})[0m
[1m2026-07-27T18:55:14.055494000Z[0m [INFO] PAPER-001.MLStrategy: [CMD]--> SubscribeBars(bar_type=SOL/USD.ZEROHASH-1-DAY-LAST-EXTERNAL, client_id=None, venue=ZEROHASH)[0m
[1m2026-07-27T18:55:14.055497000Z[0m [INFO] PAPER-001.MLStrategy: Subscribed SOL/USD.ZEROHASH-1-DAY-LAST-EXTERNAL[0m
[1m2026-07-27T18:55:14.056059000Z[0m [INFO] PAPER-001.MLStrategy: RUNNING[0m
[1m2026-07-27T18:55:14.056070000Z[0m [INFO] PAPER-001.PAPER-001: RUNNING[0m
[1m2026-07-27T18:55:14.056078000Z[0m [INFO] PAPER-001.TradingNode: RUNNING[0m
[1m2026-07-27T18:55:14.067398000Z[0m [94m[INFO] PAPER-001.DataClient-IB: Request BTC/USD.ZEROHASH-1-DAY-LAST-EXTERNAL bars from 2025-06-22T18:55:14.052544000Z to 2026-07-27T18:55:14.053018000Z[0m
[1m2026-07-27T18:55:14.067457000Z[0m [94m[INFO] PAPER-001.DataClient-IB: Request ETH/USD.ZEROHASH-1-DAY-LAST-EXTERNAL bars from 2025-06-22T18:55:14.055376000Z to 2026-07-27T18:55:14.055401000Z[0m
[1m2026-07-27T18:55:14.067492000Z[0m [94m[INFO] PAPER-001.DataClient-IB: Request SOL/USD.ZEROHASH-1-DAY-LAST-EXTERNAL bars from 2025-06-22T18:55:14.055464000Z to 2026-07-27T18:55:14.055471000Z[0m
[1m2026-07-27T18:55:14.068895000Z[0m [INFO] PAPER-001.DataClient-IB: BTC/USD.ZEROHASH: Requesting historical bars: BTC/USD.ZEROHASH-1-DAY-LAST-EXTERNAL ending on '2026-07-27 18:55:14.053018+00:00' with duration '1 Y'[0m
[1m2026-07-27T18:55:14.069054000Z[0m [INFO] PAPER-001.DataClient-IB: ETH/USD.ZEROHASH: Requesting historical bars: ETH/USD.ZEROHASH-1-DAY-LAST-EXTERNAL ending on '2026-07-27 18:55:14.055401+00:00' with duration '1 Y'[0m
[1m2026-07-27T18:55:14.069118000Z[0m [INFO] PAPER-001.DataClient-IB: SOL/USD.ZEROHASH: Requesting historical bars: SOL/USD.ZEROHASH-1-DAY-LAST-EXTERNAL ending on '2026-07-27 18:55:14.055471+00:00' with duration '1 Y'[0m
[1m2026-07-27T18:55:14.069481000Z[0m [INFO] PAPER-001.InteractiveBrokersClient-001: Creating and registering a new Subscription instance for BTC/USD.ZEROHASH-1-DAY-LAST-EXTERNAL[0m
[1m2026-07-27T18:55:14.069523000Z[0m [INFO] PAPER-001.InteractiveBrokersClient-001: Creating and registering a new Subscription instance for ETH/USD.ZEROHASH-1-DAY-LAST-EXTERNAL[0m
[1m2026-07-27T18:55:14.069551000Z[0m [INFO] PAPER-001.InteractiveBrokersClient-001: Creating and registering a new Subscription instance for SOL/USD.ZEROHASH-1-DAY-LAST-EXTERNAL[0m
[1m2026-07-27T18:55:14.069581000Z[0m [94m[INFO] PAPER-001.DataClient-IB: Subscribed BTC/USD.ZEROHASH-1-DAY-LAST-EXTERNAL bars[0m
[1m2026-07-27T18:55:14.069585000Z[0m [94m[INFO] PAPER-001.DataClient-IB: Subscribed ETH/USD.ZEROHASH-1-DAY-LAST-EXTERNAL bars[0m
[1m2026-07-27T18:55:14.069586000Z[0m [94m[INFO] PAPER-001.DataClient-IB: Subscribed SOL/USD.ZEROHASH-1-DAY-LAST-EXTERNAL bars[0m
[1m2026-07-27T18:55:14.386221000Z[0m [INFO] PAPER-001.DataClient-IB: BTC/USD.ZEROHASH: Number of bars retrieved in batch: 261[0m
[1m2026-07-27T18:55:14.386230000Z[0m [INFO] PAPER-001.DataClient-IB: Total number of bars in data: 261[0m
[1m2026-07-27T18:55:14.388992000Z[0m [INFO] PAPER-001.MLStrategy: Received <Bar[260]> data for BTC/USD.ZEROHASH-1-DAY-LAST-EXTERNAL[0m
[1m2026-07-27T18:55:14.389055000Z[0m [1;31m[ERROR] PAPER-001.InteractiveBrokersClient-001: Error validating request.-'D' : cause - Source price not supported with live updates (code: 321, req_id=10011)[0m
[1m2026-07-27T18:55:14.389064000Z[0m [1;33m[WARN] PAPER-001.InteractiveBrokersClient-001: Unknown subscription error: 321 for req_id 10011[0m
[1m2026-07-27T18:55:14.434308000Z[0m [INFO] PAPER-001.DataClient-IB: ETH/USD.ZEROHASH: Number of bars retrieved in batch: 261[0m
[1m2026-07-27T18:55:14.434316000Z[0m [INFO] PAPER-001.DataClient-IB: Total number of bars in data: 261[0m
[1m2026-07-27T18:55:14.435438000Z[0m [INFO] PAPER-001.MLStrategy: Received <Bar[260]> data for ETH/USD.ZEROHASH-1-DAY-LAST-EXTERNAL[0m
[1m2026-07-27T18:55:14.474825000Z[0m [1;31m[ERROR] PAPER-001.InteractiveBrokersClient-001: Error validating request.-'D' : cause - Source price not supported with live updates (code: 321, req_id=10012)[0m
[1m2026-07-27T18:55:14.474837000Z[0m [1;33m[WARN] PAPER-001.InteractiveBrokersClient-001: Unknown subscription error: 321 for req_id 10012[0m
[1m2026-07-27T18:55:14.544631000Z[0m [INFO] PAPER-001.DataClient-IB: SOL/USD.ZEROHASH: Number of bars retrieved in batch: 261[0m
[1m2026-07-27T18:55:14.544639000Z[0m [INFO] PAPER-001.DataClient-IB: Total number of bars in data: 261[0m
[1m2026-07-27T18:55:14.545767000Z[0m [INFO] PAPER-001.MLStrategy: Received <Bar[260]> data for SOL/USD.ZEROHASH-1-DAY-LAST-EXTERNAL[0m
[1m2026-07-27T18:55:14.574671000Z[0m [1;31m[ERROR] PAPER-001.InteractiveBrokersClient-001: Error validating request.-'D' : cause - Source price not supported with live updates (code: 321, req_id=10013)[0m
[1m2026-07-27T18:55:14.574681000Z[0m [1;33m[WARN] PAPER-001.InteractiveBrokersClient-001: Unknown subscription error: 321 for req_id 10013[0m
[1m2026-07-27T18:55:36.925911000Z[0m [1;33m[WARN] PAPER-001.TradingNode: Received SIGTERM, shutting down[0m
[1m2026-07-27T18:55:36.925942000Z[0m [INFO] PAPER-001.TradingNode: STOPPING[0m
[1m2026-07-27T18:55:36.927783000Z[0m [INFO] PAPER-001.MLStrategy: [CMD]--> UnsubscribeBars(bar_type=BTC/USD.ZEROHASH-1-DAY-LAST-EXTERNAL, client_id=None, venue=ZEROHASH)[0m
[1m2026-07-27T18:55:36.927791000Z[0m [INFO] PAPER-001.MLStrategy: Unsubscribed from BTC/USD.ZEROHASH-1-DAY-LAST-EXTERNAL bar data[0m
[1m2026-07-27T18:55:36.927802000Z[0m [INFO] PAPER-001.MLStrategy: [CMD]--> UnsubscribeBars(bar_type=ETH/USD.ZEROHASH-1-DAY-LAST-EXTERNAL, client_id=None, venue=ZEROHASH)[0m
[1m2026-07-27T18:55:36.927804000Z[0m [INFO] PAPER-001.MLStrategy: Unsubscribed from ETH/USD.ZEROHASH-1-DAY-LAST-EXTERNAL bar data[0m
[1m2026-07-27T18:55:36.927810000Z[0m [INFO] PAPER-001.MLStrategy: [CMD]--> UnsubscribeBars(bar_type=SOL/USD.ZEROHASH-1-DAY-LAST-EXTERNAL, client_id=None, venue=ZEROHASH)[0m
[1m2026-07-27T18:55:36.927811000Z[0m [INFO] PAPER-001.MLStrategy: Unsubscribed from SOL/USD.ZEROHASH-1-DAY-LAST-EXTERNAL bar data[0m
[1m2026-07-27T18:55:36.927813000Z[0m [INFO] PAPER-001.MLStrategy: Canceling executor tasks[0m
[1m2026-07-27T18:55:36.927851000Z[0m [INFO] PAPER-001.MLStrategy: STOPPED[0m
[1m2026-07-27T18:55:36.927858000Z[0m [INFO] PAPER-001.PAPER-001: STOPPED[0m
[1m2026-07-27T18:55:36.927863000Z[0m [94m[INFO] PAPER-001.TradingNode: Awaiting post stop (10.0s timeout)...[0m
[1m2026-07-27T18:55:36.928132000Z[0m [94m[INFO] PAPER-001.DataClient-IB: Unsubscribed BTC/USD.ZEROHASH-1-DAY-LAST-EXTERNAL bars[0m
[1m2026-07-27T18:55:36.928135000Z[0m [94m[INFO] PAPER-001.DataClient-IB: Unsubscribed ETH/USD.ZEROHASH-1-DAY-LAST-EXTERNAL bars[0m
[1m2026-07-27T18:55:36.928136000Z[0m [94m[INFO] PAPER-001.DataClient-IB: Unsubscribed SOL/USD.ZEROHASH-1-DAY-LAST-EXTERNAL bars[0m
[1m2026-07-27T18:55:36.930886000Z[0m [1;31m[ERROR] PAPER-001.InteractiveBrokersClient-001: No historical data query found for ticker id:10011 (code: 366, req_id=10011)[0m
[1m2026-07-27T18:55:36.930904000Z[0m [1;33m[WARN] PAPER-001.InteractiveBrokersClient-001: Unhandled error: 366 for req_id 10011[0m
[1m2026-07-27T18:55:37.030522000Z[0m [1;31m[ERROR] PAPER-001.InteractiveBrokersClient-001: No historical data query found for ticker id:10012 (code: 366, req_id=10012)[0m
[1m2026-07-27T18:55:37.030543000Z[0m [1;33m[WARN] PAPER-001.InteractiveBrokersClient-001: Unhandled error: 366 for req_id 10012[0m
[1m2026-07-27T18:55:37.130930000Z[0m [1;31m[ERROR] PAPER-001.InteractiveBrokersClient-001: No historical data query found for ticker id:10013 (code: 366, req_id=10013)[0m
[1m2026-07-27T18:55:37.131005000Z[0m [1;33m[WARN] PAPER-001.InteractiveBrokersClient-001: Unhandled error: 366 for req_id 10013[0m
