[1m2026-07-27T18:56:15.731682000Z[0m [36m[INFO] PAPER-001.TradingNode: =================================================================[0m
[1m2026-07-27T18:56:15.731690000Z[0m [36m[INFO] PAPER-001.TradingNode:  NAUTILUS TRADER - Automated Algorithmic Trading Platform[0m
[1m2026-07-27T18:56:15.731690001Z[0m [36m[INFO] PAPER-001.TradingNode:  by Nautech Systems Pty Ltd.[0m
[1m2026-07-27T18:56:15.731690002Z[0m [36m[INFO] PAPER-001.TradingNode:  Copyright (C) 2015-2026. All rights reserved.[0m
[1m2026-07-27T18:56:15.731690003Z[0m [36m[INFO] PAPER-001.TradingNode: =================================================================[0m
[1m2026-07-27T18:56:15.731690004Z[0m [INFO] PAPER-001.TradingNode: [0m
[1m2026-07-27T18:56:15.731690005Z[0m [INFO] PAPER-001.TradingNode: ⠀⠀⠀⠀⠀⠀⠀⠀⠀⠀⠀⠀⠀⣠⣴⣶⡟⠀⠀⠀⠀⠀⠀⠀⠀⠀⠀⠀⠀⠀⠀[0m
[1m2026-07-27T18:56:15.731691000Z[0m [INFO] PAPER-001.TradingNode: ⠀⠀⠀⠀⠀⠀⠀⠀⠀⠀⠀⣰⣾⣿⣿⣿⠀⢸⣿⣿⣿⣿⣶⣶⣤⣀⠀⠀⠀⠀⠀[0m
[1m2026-07-27T18:56:15.731691001Z[0m [INFO] PAPER-001.TradingNode: ⠀⠀⠀⠀⠀⠀⢀⣴⡇⢀⣾⣿⣿⣿⣿⣿⠀⣾⣿⣿⣿⣿⣿⣿⣿⠿⠓⠀⠀⠀⠀[0m
[1m2026-07-27T18:56:15.731691002Z[0m [INFO] PAPER-001.TradingNode: ⠀⠀⠀⠀⠀⣰⣿⣿⡀⢸⣿⣿⣿⣿⣿⣿⠀⣿⣿⣿⣿⣿⣿⠟⠁⣠⣄⠀⠀⠀⠀[0m
[1m2026-07-27T18:56:15.731691003Z[0m [INFO] PAPER-001.TradingNode: ⠀⠀⠀⠀⢠⣿⣿⣿⣇⠀⢿⣿⣿⣿⣿⣿⠀⢻⣿⣿⣿⡿⢃⣠⣾⣿⣿⣧⡀⠀⠀[0m
[1m2026-07-27T18:56:15.731691004Z[0m [INFO] PAPER-001.TradingNode: ⠀⠀⠀⠠⣾⣿⣿⣿⣿⣿⣧⠈⠋⢀⣴⣧⠀⣿⡏⢠⡀⢸⣿⣿⣿⣿⣿⣿⣿⡇⠀[0m
[1m2026-07-27T18:56:15.731691005Z[0m [INFO] PAPER-001.TradingNode: ⠀⠀⠀⣀⠙⢿⣿⣿⣿⣿⣿⠇⢠⣿⣿⣿⡄⠹⠃⠼⠃⠈⠉⠛⠛⠛⠛⠛⠻⠇⠀[0m
[1m2026-07-27T18:56:15.731691006Z[0m [INFO] PAPER-001.TradingNode: ⠀⠀⢸⡟⢠⣤⠉⠛⠿⢿⣿⠀⢸⣿⡿⠋⣠⣤⣄⠀⣾⣿⣿⣶⣶⣶⣦⡄⠀⠀⠀[0m
[1m2026-07-27T18:56:15.731691007Z[0m [INFO] PAPER-001.TradingNode: ⠀⠀⠸⠀⣾⠏⣸⣷⠂⣠⣤⠀⠘⢁⣴⣾⣿⣿⣿⡆⠘⣿⣿⣿⣿⣿⣿⠀⠀⠀⠀[0m
[1m2026-07-27T18:56:15.731691008Z[0m [INFO] PAPER-001.TradingNode: ⠀⠀⠀⠀⠛⠀⣿⡟⠀⢻⣿⡄⠸⣿⣿⣿⣿⣿⣿⣿⡀⠘⣿⣿⣿⣿⠟⠀⠀⠀⠀[0m
[1m2026-07-27T18:56:15.731691009Z[0m [INFO] PAPER-001.TradingNode: ⠀⠀⠀⠀⠀⠀⣿⠇⠀⠀⢻⡿⠀⠈⠻⣿⣿⣿⣿⣿⡇⠀⢹⣿⠿⠋⠀⠀⠀⠀⠀[0m
[1m2026-07-27T18:56:15.731692000Z[0m [INFO] PAPER-001.TradingNode: ⠀⠀⠀⠀⠀⠀⠋⠀⠀⠀⡘⠁⠀⠀⠀⠀⠀⠀⠀⠀⠀⠀⠈⠁⠀⠀⠀⠀⠀⠀⠀[0m
[1m2026-07-27T18:56:15.731692001Z[0m [INFO] PAPER-001.TradingNode: [0m
[1m2026-07-27T18:56:15.731692002Z[0m [36m[INFO] PAPER-001.TradingNode: =================================================================[0m
[1m2026-07-27T18:56:15.731692003Z[0m [36m[INFO] PAPER-001.TradingNode:  SYSTEM SPECIFICATION[0m
[1m2026-07-27T18:56:15.731692004Z[0m [36m[INFO] PAPER-001.TradingNode: =================================================================[0m
[1m2026-07-27T18:56:15.731692005Z[0m [INFO] PAPER-001.TradingNode: CPU architecture: Apple M4[0m
[1m2026-07-27T18:56:15.731692006Z[0m [INFO] PAPER-001.TradingNode: CPU(s): 10 @ 4464 MHz[0m
[1m2026-07-27T18:56:15.731693000Z[0m [INFO] PAPER-001.TradingNode: OS: kernel-25.5.0 macOS 26.5.2 Tahoe[0m
[1m2026-07-27T18:56:15.731701000Z[0m [36m[INFO] PAPER-001.TradingNode: =================================================================[0m
[1m2026-07-27T18:56:15.731702000Z[0m [36m[INFO] PAPER-001.TradingNode:  MEMORY USAGE[0m
[1m2026-07-27T18:56:15.731702001Z[0m [36m[INFO] PAPER-001.TradingNode: =================================================================[0m
[1m2026-07-27T18:56:15.731705000Z[0m [INFO] PAPER-001.TradingNode: RAM-Total: 32.00 GiB[0m
[1m2026-07-27T18:56:15.731705001Z[0m [INFO] PAPER-001.TradingNode: RAM-Used: 21.06 GiB (65.80%)[0m
[1m2026-07-27T18:56:15.731705002Z[0m [INFO] PAPER-001.TradingNode: RAM-Avail: 10.94 GiB (34.20%)[0m
[1m2026-07-27T18:56:15.731706000Z[0m [INFO] PAPER-001.TradingNode: Swap: disabled[0m
[1m2026-07-27T18:56:15.731709000Z[0m [36m[INFO] PAPER-001.TradingNode: =================================================================[0m
[1m2026-07-27T18:56:15.731709001Z[0m [36m[INFO] PAPER-001.TradingNode:  IDENTIFIERS[0m
[1m2026-07-27T18:56:15.731709002Z[0m [36m[INFO] PAPER-001.TradingNode: =================================================================[0m
[1m2026-07-27T18:56:15.731709003Z[0m [INFO] PAPER-001.TradingNode: trader_id: PAPER-001[0m
[1m2026-07-27T18:56:15.731709004Z[0m [INFO] PAPER-001.TradingNode: machine_id: Mac.lan[0m
[1m2026-07-27T18:56:15.731709005Z[0m [INFO] PAPER-001.TradingNode: instance_id: 475d9af1-1ffb-4256-ad35-b1fb3fcd32ac[0m
[1m2026-07-27T18:56:15.731710000Z[0m [INFO] PAPER-001.TradingNode: PID: 12093[0m
[1m2026-07-27T18:56:15.731710001Z[0m [36m[INFO] PAPER-001.TradingNode: =================================================================[0m
[1m2026-07-27T18:56:15.731710002Z[0m [36m[INFO] PAPER-001.TradingNode:  VERSIONING[0m
[1m2026-07-27T18:56:15.731710003Z[0m [36m[INFO] PAPER-001.TradingNode: =================================================================[0m
[1m2026-07-27T18:56:15.731719000Z[0m [INFO] PAPER-001.TradingNode: nautilus_trader: 1.229.0[0m
[1m2026-07-27T18:56:15.731722000Z[0m [INFO] PAPER-001.TradingNode: python: 3.12.13[0m
[1m2026-07-27T18:56:15.731723000Z[0m [INFO] PAPER-001.TradingNode: numpy: 2.5.0[0m
[1m2026-07-27T18:56:15.731724000Z[0m [INFO] PAPER-001.TradingNode: pandas: 3.0.4[0m
[1m2026-07-27T18:56:15.731725000Z[0m [INFO] PAPER-001.TradingNode: msgspec: 0.21.1[0m
[1m2026-07-27T18:56:15.731727000Z[0m [INFO] PAPER-001.TradingNode: pyarrow: 24.0.0[0m
[1m2026-07-27T18:56:15.731728000Z[0m [INFO] PAPER-001.TradingNode: pytz: 2026.2[0m
[1m2026-07-27T18:56:15.731729000Z[0m [INFO] PAPER-001.TradingNode: uvloop: 0.22.1[0m
[1m2026-07-27T18:56:15.731729001Z[0m [36m[INFO] PAPER-001.TradingNode: =================================================================[0m
[1m2026-07-27T18:56:15.731735000Z[0m [INFO] PAPER-001.TradingNode: Building system kernel[0m
[1m2026-07-27T18:56:15.731807000Z[0m [INFO] PAPER-001.CacheDatabaseAdapter: READY[0m
[1m2026-07-27T18:56:15.731812000Z[0m [94m[INFO] PAPER-001.CacheDatabaseAdapter: config.database=DatabaseConfig(type=redis, host=127.0.0.1, port=6379, username=None, password=None, ssl=False, connection_timeout=20, response_timeout=20, number_of_retries=3, exponent_base=2, max_delay=1000, factor=2)[0m
[1m2026-07-27T18:56:15.731812001Z[0m [94m[INFO] PAPER-001.CacheDatabaseAdapter: config.encoding='msgpack'[0m
[1m2026-07-27T18:56:15.731813000Z[0m [94m[INFO] PAPER-001.CacheDatabaseAdapter: config.timestamps_as_iso8601=False[0m
[1m2026-07-27T18:56:15.731813001Z[0m [94m[INFO] PAPER-001.CacheDatabaseAdapter: config.buffer_interval_ms=100[0m
[1m2026-07-27T18:56:15.731813002Z[0m [94m[INFO] PAPER-001.CacheDatabaseAdapter: config.flush_on_start=False[0m
[1m2026-07-27T18:56:15.731813003Z[0m [94m[INFO] PAPER-001.CacheDatabaseAdapter: config.use_trader_prefix=True[0m
[1m2026-07-27T18:56:15.731814000Z[0m [94m[INFO] PAPER-001.CacheDatabaseAdapter: config.use_instance_id=False[0m
[1m2026-07-27T18:56:15.733290000Z[0m [94m[INFO] PAPER-001.MessageBus: config.database=None[0m
[1m2026-07-27T18:56:15.733292000Z[0m [94m[INFO] PAPER-001.MessageBus: config.encoding='json'[0m
[1m2026-07-27T18:56:15.733293000Z[0m [94m[INFO] PAPER-001.MessageBus: config.timestamps_as_iso8601=False[0m
[1m2026-07-27T18:56:15.733294000Z[0m [94m[INFO] PAPER-001.MessageBus: config.buffer_interval_ms=None[0m
[1m2026-07-27T18:56:15.733294001Z[0m [94m[INFO] PAPER-001.MessageBus: config.autotrim_mins=None[0m
[1m2026-07-27T18:56:15.733294002Z[0m [94m[INFO] PAPER-001.MessageBus: config.use_trader_prefix=True[0m
[1m2026-07-27T18:56:15.733295000Z[0m [94m[INFO] PAPER-001.MessageBus: config.use_trader_id=True[0m
[1m2026-07-27T18:56:15.733295001Z[0m [94m[INFO] PAPER-001.MessageBus: config.use_instance_id=False[0m
[1m2026-07-27T18:56:15.733296000Z[0m [94m[INFO] PAPER-001.MessageBus: config.streams_prefix='stream'[0m
[1m2026-07-27T18:56:15.733296001Z[0m [94m[INFO] PAPER-001.MessageBus: config.types_filter=None[0m
[1m2026-07-27T18:56:15.733339000Z[0m [INFO] PAPER-001.Cache: READY[0m
[1m2026-07-27T18:56:15.733661000Z[0m [INFO] PAPER-001.DataEngine: READY[0m
[1m2026-07-27T18:56:15.733716000Z[0m [94m[INFO] PAPER-001.DataEngine: config.graceful_shutdown_on_exception=False[0m
[1m2026-07-27T18:56:15.733741000Z[0m [INFO] PAPER-001.RiskEngine: READY[0m
[1m2026-07-27T18:56:15.733761000Z[0m [94m[INFO] PAPER-001.RiskEngine: TradingState is ACTIVE[0m
[1m2026-07-27T18:56:15.733834000Z[0m [INFO] PAPER-001.Throttler-ORDER_SUBMIT_THROTTLER: READY[0m
[1m2026-07-27T18:56:15.733846000Z[0m [94m[INFO] PAPER-001.RiskEngine: Set MAX_ORDER_SUBMIT_RATE: 100/00:00:01[0m
[1m2026-07-27T18:56:15.733858000Z[0m [INFO] PAPER-001.Throttler-ORDER_MODIFY_THROTTLER: READY[0m
[1m2026-07-27T18:56:15.733863000Z[0m [94m[INFO] PAPER-001.RiskEngine: Set MAX_ORDER_MODIFY_RATE: 100/00:00:01[0m
[1m2026-07-27T18:56:15.733878000Z[0m [94m[INFO] PAPER-001.RiskEngine: config.graceful_shutdown_on_exception=False[0m
[1m2026-07-27T18:56:15.733902000Z[0m [INFO] PAPER-001.ExecEngine: READY[0m
[1m2026-07-27T18:56:15.733915000Z[0m [94m[INFO] PAPER-001.ExecEngine: config.snapshot_orders=True[0m
[1m2026-07-27T18:56:15.733916000Z[0m [94m[INFO] PAPER-001.ExecEngine: config.snapshot_positions=True[0m
[1m2026-07-27T18:56:15.733917000Z[0m [94m[INFO] PAPER-001.ExecEngine: config.snapshot_positions_interval_secs=60.0[0m
[1m2026-07-27T18:56:15.733917001Z[0m [94m[INFO] PAPER-001.ExecEngine: config.allow_overfills=False[0m
[1m2026-07-27T18:56:15.733937000Z[0m [94m[INFO] PAPER-001.ExecEngine: config.reconciliation=True[0m
[1m2026-07-27T18:56:15.733938000Z[0m [94m[INFO] PAPER-001.ExecEngine: config.reconciliation_lookback_mins=None[0m
[1m2026-07-27T18:56:15.733938001Z[0m [94m[INFO] PAPER-001.ExecEngine: config.reconciliation_instrument_ids=None[0m
[1m2026-07-27T18:56:15.733938002Z[0m [94m[INFO] PAPER-001.ExecEngine: config.filter_unclaimed_external_orders=False[0m
[1m2026-07-27T18:56:15.733939000Z[0m [94m[INFO] PAPER-001.ExecEngine: config.filter_position_reports=False[0m
[1m2026-07-27T18:56:15.733939001Z[0m [94m[INFO] PAPER-001.ExecEngine: config.filtered_client_order_ids=None[0m
[1m2026-07-27T18:56:15.733939002Z[0m [94m[INFO] PAPER-001.ExecEngine: config.inflight_check_interval_ms=2000[0m
[1m2026-07-27T18:56:15.733940000Z[0m [94m[INFO] PAPER-001.ExecEngine: config.inflight_check_threshold_ms=5000[0m
[1m2026-07-27T18:56:15.733940001Z[0m [94m[INFO] PAPER-001.ExecEngine: config.inflight_check_retries=5[0m
[1m2026-07-27T18:56:15.733940002Z[0m [94m[INFO] PAPER-001.ExecEngine: config.own_books_audit_interval_secs=None[0m
[1m2026-07-27T18:56:15.733941000Z[0m [94m[INFO] PAPER-001.ExecEngine: config.open_check_interval_secs=None[0m
[1m2026-07-27T18:56:15.733941001Z[0m [94m[INFO] PAPER-001.ExecEngine: config.open_check_open_only=True[0m
[1m2026-07-27T18:56:15.733941002Z[0m [94m[INFO] PAPER-001.ExecEngine: config.open_check_lookback_mins=60[0m
[1m2026-07-27T18:56:15.733941003Z[0m [94m[INFO] PAPER-001.ExecEngine: config.open_check_threshold_ms=5000[0m
[1m2026-07-27T18:56:15.733942000Z[0m [94m[INFO] PAPER-001.ExecEngine: config.open_check_missing_retries=5[0m
[1m2026-07-27T18:56:15.733942001Z[0m [94m[INFO] PAPER-001.ExecEngine: config.max_single_order_queries_per_cycle=10[0m
[1m2026-07-27T18:56:15.733942002Z[0m [94m[INFO] PAPER-001.ExecEngine: config.single_order_query_delay_ms=100[0m
[1m2026-07-27T18:56:15.733942003Z[0m [94m[INFO] PAPER-001.ExecEngine: config.position_check_interval_secs=None[0m
[1m2026-07-27T18:56:15.733943000Z[0m [94m[INFO] PAPER-001.ExecEngine: config.position_check_lookback_mins=60[0m
[1m2026-07-27T18:56:15.733943001Z[0m [94m[INFO] PAPER-001.ExecEngine: config.position_check_threshold_ms=5000[0m
[1m2026-07-27T18:56:15.733943002Z[0m [94m[INFO] PAPER-001.ExecEngine: config.position_check_retries=3[0m
[1m2026-07-27T18:56:15.733943003Z[0m [94m[INFO] PAPER-001.ExecEngine: config.reconciliation_startup_delay_secs=10.0[0m
[1m2026-07-27T18:56:15.733944000Z[0m [94m[INFO] PAPER-001.ExecEngine: config.purge_closed_orders_interval_mins=None[0m
[1m2026-07-27T18:56:15.733944001Z[0m [94m[INFO] PAPER-001.ExecEngine: config.purge_closed_orders_buffer_mins=None[0m
[1m2026-07-27T18:56:15.733944002Z[0m [94m[INFO] PAPER-001.ExecEngine: config.purge_closed_positions_interval_mins=None[0m
[1m2026-07-27T18:56:15.733944003Z[0m [94m[INFO] PAPER-001.ExecEngine: config.purge_closed_positions_buffer_mins=None[0m
[1m2026-07-27T18:56:15.733944004Z[0m [94m[INFO] PAPER-001.ExecEngine: config.purge_account_events_interval_mins=None[0m
[1m2026-07-27T18:56:15.733945000Z[0m [94m[INFO] PAPER-001.ExecEngine: config.purge_account_events_lookback_mins=None[0m
[1m2026-07-27T18:56:15.733945001Z[0m [94m[INFO] PAPER-001.ExecEngine: config.purge_from_database=False[0m
[1m2026-07-27T18:56:15.733945002Z[0m [94m[INFO] PAPER-001.ExecEngine: config.graceful_shutdown_on_exception=False[0m
[1m2026-07-27T18:56:15.734196000Z[0m [94m[INFO] PAPER-001.Cache: Cached 1 general object from database[0m
[1m2026-07-27T18:56:15.735933000Z[0m [94m[INFO] PAPER-001.Cache: Cached 4 currencies from database[0m
[1m2026-07-27T18:56:15.736312000Z[0m [94m[INFO] PAPER-001.Cache: Cached 3 instruments from database[0m
[1m2026-07-27T18:56:15.737188000Z[0m [94m[INFO] PAPER-001.Cache: Cached 1 account from database[0m
[1m2026-07-27T18:56:15.737493000Z[0m [INFO] PAPER-001.Cache: Cached 0 orders from database[0m
[1m2026-07-27T18:56:15.737498000Z[0m [INFO] PAPER-001.Cache: Cached 0 order lists from database[0m
[1m2026-07-27T18:56:15.737572000Z[0m [INFO] PAPER-001.Cache: Cached 0 positions from database[0m
[1m2026-07-27T18:56:15.737581000Z[0m [INFO] PAPER-001.Cache: Checking data integrity[0m
[1m2026-07-27T18:56:15.737591000Z[0m [92m[INFO] PAPER-001.Cache: Integrity check passed in 7μs[0m
[1m2026-07-27T18:56:15.737603000Z[0m [INFO] PAPER-001.ExecEngine: Loaded cache in 4ms[0m
[1m2026-07-27T18:56:15.737631000Z[0m [INFO] PAPER-001.OrderEmulator: READY[0m
[1m2026-07-27T18:56:15.737660000Z[0m [INFO] PAPER-001.PAPER-001: READY[0m
[1m2026-07-27T18:56:15.737673000Z[0m [INFO] PAPER-001.TradingNode: Initialized in 6ms[0m
[1m2026-07-27T18:56:15.737680000Z[0m [94m[INFO] PAPER-001.TradingNode: has_cache_backing=True[0m
[1m2026-07-27T18:56:15.737681000Z[0m [94m[INFO] PAPER-001.TradingNode: has_msgbus_backing=False[0m
[1m2026-07-27T18:56:15.737734000Z[0m [INFO] PAPER-001.MLStrategy: READY[0m
[1m2026-07-27T18:56:15.737759000Z[0m [INFO] PAPER-001.ExecEngine: Registered OMS.UNSPECIFIED for Strategy MLStrategy-000[0m
[1m2026-07-27T18:56:15.737761000Z[0m [INFO] PAPER-001.PAPER-001: Registered Strategy MLStrategy-000[0m
[1m2026-07-27T18:56:15.737839000Z[0m [INFO] PAPER-001.Cache: No previous state found for StrategyId('MLStrategy-000')[0m
[1m2026-07-27T18:56:15.737843000Z[0m [INFO] PAPER-001.TradingNode: Building data client for IB[0m
[1m2026-07-27T18:56:15.737861000Z[0m [INFO] PAPER-001.InteractiveBrokersClient-001: READY[0m
[1m2026-07-27T18:56:15.737982000Z[0m [1;33m[WARN] PAPER-001.InteractiveBrokersClient-001: Started when loop is not running[0m
[1m2026-07-27T18:56:15.738031000Z[0m [INFO] PAPER-001.InteractiveBrokersClient-001: Starting InteractiveBrokersClient (1)...[0m
[1m2026-07-27T18:56:15.738042000Z[0m [INFO] PAPER-001.InteractiveBrokersClient-001: Connecting to 127.0.0.1:7497 with client id: 1[0m
[1m2026-07-27T18:56:15.744584000Z[0m [INFO] PAPER-001.InteractiveBrokersClient-001: Connected to Interactive Brokers (v223) at 20260727 11:56:15 PST from 127.0.0.1:7497 with client id: 1[0m
[1m2026-07-27T18:56:15.745475000Z[0m [1;33m[WARN] PAPER-001.InteractiveBrokersClient-001: Market data farm connection is OK:cashfarm (code: 2104, req_id=-1)[0m
[1m2026-07-27T18:56:15.745694000Z[0m [INFO] PAPER-001.InteractiveBrokersClient-001: RUNNING[0m
[1m2026-07-27T18:56:15.745714000Z[0m [INFO] PAPER-001.InteractiveBrokersInstrumentProvider: READY[0m
[1m2026-07-27T18:56:15.745756000Z[0m [INFO] PAPER-001.DataClient-IB: READY[0m
[1m2026-07-27T18:56:15.745780000Z[0m [INFO] PAPER-001.DataEngine: Registered IB for default routing[0m
[1m2026-07-27T18:56:15.745786000Z[0m [INFO] PAPER-001.TradingNode: Building execution client for IB[0m
[1m2026-07-27T18:56:15.745817000Z[0m [INFO] PAPER-001.ExecClient-IB: READY[0m
[1m2026-07-27T18:56:15.745830000Z[0m [INFO] PAPER-001.ExecEngine: Registered ExecutionClient-IB for default routing[0m
[1m2026-07-27T18:56:15.745860000Z[0m [1;33m[WARN] PAPER-001.InteractiveBrokersClient-001: Market data farm connection is OK:uscrypto (code: 2104, req_id=-1)[0m
[1m2026-07-27T18:56:15.745874000Z[0m [INFO] PAPER-001.TradingNode: STARTING[0m
[1m2026-07-27T18:56:15.745896000Z[0m [INFO] PAPER-001.DataClient-IB: RUNNING[0m
[1m2026-07-27T18:56:15.745906000Z[0m [INFO] PAPER-001.DataEngine: RUNNING[0m
[1m2026-07-27T18:56:15.745918000Z[0m [INFO] PAPER-001.RiskEngine: RUNNING[0m
[1m2026-07-27T18:56:15.745923000Z[0m [INFO] PAPER-001.ExecClient-IB: RUNNING[0m
[1m2026-07-27T18:56:15.745930000Z[0m [INFO] PAPER-001.ExecEngine: Starting position snapshots timer at 60.0 second intervals[0m
[1m2026-07-27T18:56:15.746043000Z[0m [94m[INFO] PAPER-001.ExecEngine: Started reconciliation task[0m
[1m2026-07-27T18:56:15.746046000Z[0m [INFO] PAPER-001.ExecEngine: RUNNING[0m
[1m2026-07-27T18:56:15.746049000Z[0m [INFO] PAPER-001.DataEngine: Connecting all clients...[0m
[1m2026-07-27T18:56:15.746050000Z[0m [INFO] PAPER-001.DataClient-IB: Connecting...[0m
[1m2026-07-27T18:56:15.746055000Z[0m [INFO] PAPER-001.ExecEngine: Connecting all clients...[0m
[1m2026-07-27T18:56:15.746056000Z[0m [INFO] PAPER-001.ExecClient-IB: Connecting...[0m
[1m2026-07-27T18:56:15.746061000Z[0m [94m[INFO] PAPER-001.TradingNode: Awaiting engine connections and initializations (60.0s timeout)...[0m
[1m2026-07-27T18:56:15.746141000Z[0m [94m[INFO] PAPER-001.ExecEngine: Starting continuous reconciliation with intervals: inflight=2000ms, consistency=Nones, position=Nones[0m
[1m2026-07-27T18:56:15.746143000Z[0m [94m[INFO] PAPER-001.ExecEngine: Awaiting startup reconciliation completion before starting continuous checks[0m
[1m2026-07-27T18:56:15.746148000Z[0m [INFO] PAPER-001.InteractiveBrokersClient-001: Setting Market DataType to REALTIME[0m
[1m2026-07-27T18:56:15.746196000Z[0m [INFO] PAPER-001.InteractiveBrokersInstrumentProvider: Initializing instruments...[0m
[1m2026-07-27T18:56:15.746205000Z[0m [INFO] PAPER-001.InteractiveBrokersInstrumentProvider: Loading instruments: BTC/USD.ZEROHASH, SOL/USD.ZEROHASH, ETH/USD.ZEROHASH...[0m
[1m2026-07-27T18:56:15.746464000Z[0m [INFO] PAPER-001.InteractiveBrokersInstrumentProvider: Adding instrument=CryptoPerpetual(id=BTC/USD.ZEROHASH, raw_symbol=BTC.USD, asset_class=CRYPTOCURRENCY, instrument_class=SWAP, quote_currency=USD, is_inverse=True, price_precision=2, price_increment=0.25, size_precision=8, size_increment=0.00000001, multiplier=1, lot_size=1, margin_init=0, margin_maint=0, maker_fee=0, taker_fee=0, info={'contract': {'secType': 'CRYPTO', 'conId': 541686651, 'exchange': 'ZEROHASH', 'primaryExchange': '', 'symbol': 'BTC', 'localSymbol': 'BTC.USD', 'currency': 'USD', 'tradingClass': 'BTC', 'lastTradeDateOrContractMonth': '', 'lastTradeDate': '', 'multiplier': '', 'strike': 1.7976931348623157e+308, 'right': '', 'includeExpired': False, 'secIdType': '', 'secId': '', 'description': '', 'issuerId': '', 'comboLegsDescrip': '', 'comboLegs': [], 'deltaNeutralContract': None, 'build_futures_chain': None, 'build_options_chain': None, 'options_chain_exchange': None, 'min_expiry_days': None, 'max_expiry_days': None}, 'marketName': 'BTC', 'minTick': 0.25, 'orderTypes': 'AD,ADJUST,ALERT,BASKET,BENCHPX,CASHQTY,COND,DAY,DEACT,DEACTDIS,DEACTEOD,GAT,GTC,GTD,GTT,IOC,LMT,MKT,NMIN,NONALGO,WHATIF', 'validExchanges': 'ZEROHASH', 'priceMagnifier': 1, 'underConId': 0, 'longName': 'Bitcoin cryptocurrency', 'contractMonth': '', 'industry': '', 'category': '', 'subcategory': '', 'timeZoneId': 'US/Eastern', 'tradingHours': '20260726:0300-20260727:1600;20260727:1601-20260728:1600;20260728:1601-20260729:1600;20260729:1601-20260730:1600;20260730:1601-20260731:1600', 'liquidHours': '20260726:0300-20260727:1600;20260727:1601-20260728:1600;20260728:1601-20260729:1600;20260729:1601-20260730:1600;20260730:1601-20260731:1600', 'evRule': '', 'evMultiplier': 0, 'mdSizeMultiplier': 1, 'aggGroup': 0, 'underSymbol': '', 'underSecType': '', 'marketRuleIds': '2806', 'secIdList': [], 'realExpirationDate': '', 'lastTradeTime': '', 'stockType': '', 'minSize': '1E-8', 'sizeIncrement': '1E-8', 'suggestedSizeIncrement': '1E-8', 'minAlgoSize': '0', 'lastPricePrecision': '170141183460469231731687303715884105727', 'lastSizePrecision': '170141183460469231731687303715884105727', 'cusip': '', 'ratings': '', 'descAppend': '', 'bondType': '', 'couponType': '', 'callable': False, 'putable': False, 'coupon': 0, 'convertible': False, 'maturity': '', 'issueDate': '', 'nextOptionDate': '', 'nextOptionType': '', 'nextOptionPartial': False, 'notes': '', 'fundName': '', 'fundFamily': '', 'fundType': '', 'fundFrontLoad': '', 'fundBackLoad': '', 'fundBackLoadTimeInterval': '', 'fundManagementFee': '', 'fundClosed': False, 'fundClosedForNewInvestors': False, 'fundClosedForNewMoney': False, 'fundNotifyAmount': '', 'fundMinimumInitialPurchase': '', 'fundSubsequentMinimumPurchase': '', 'fundBlueSkyStates': '', 'fundBlueSkyTerritories': '', 'fundDistributionPolicyIndicator': ['None', 'None'], 'fundAssetType': ['None', 'None'], 'ineligibilityReasonList': None, 'eventContract1': '', 'eventContractDescription1': '', 'eventContractDescription2': ''}) from InteractiveBrokersInstrumentProvider[0m
[1m2026-07-27T18:56:15.746618000Z[0m [INFO] PAPER-001.InteractiveBrokersInstrumentProvider: Adding instrument=CryptoPerpetual(id=SOL/USD.ZEROHASH, raw_symbol=SOL.USD, asset_class=CRYPTOCURRENCY, instrument_class=SWAP, quote_currency=USD, is_inverse=True, price_precision=2, price_increment=0.01, size_precision=8, size_increment=0.00000001, multiplier=1, lot_size=1, margin_init=0, margin_maint=0, maker_fee=0, taker_fee=0, info={'contract': {'secType': 'CRYPTO', 'conId': 766135595, 'exchange': 'ZEROHASH', 'primaryExchange': '', 'symbol': 'SOL', 'localSymbol': 'SOL.USD', 'currency': 'USD', 'tradingClass': 'SOL', 'lastTradeDateOrContractMonth': '', 'lastTradeDate': '', 'multiplier': '', 'strike': 1.7976931348623157e+308, 'right': '', 'includeExpired': False, 'secIdType': '', 'secId': '', 'description': '', 'issuerId': '', 'comboLegsDescrip': '', 'comboLegs': [], 'deltaNeutralContract': None, 'build_futures_chain': None, 'build_options_chain': None, 'options_chain_exchange': None, 'min_expiry_days': None, 'max_expiry_days': None}, 'marketName': 'SOL', 'minTick': 0.01, 'orderTypes': 'AD,ADJUST,ALERT,BASKET,BENCHPX,CASHQTY,COND,DAY,DEACT,DEACTDIS,DEACTEOD,GAT,GTC,GTD,GTT,IOC,LMT,MKT,NMIN,NONALGO,WHATIF', 'validExchanges': 'ZEROHASH', 'priceMagnifier': 1, 'underConId': 0, 'longName': 'Solana cryptocurrency', 'contractMonth': '', 'industry': '', 'category': '', 'subcategory': '', 'timeZoneId': 'US/Eastern', 'tradingHours': '20260726:0300-20260727:1600;20260727:1601-20260728:1600;20260728:1601-20260729:1600;20260729:1601-20260730:1600;20260730:1601-20260731:1600', 'liquidHours': '20260726:0300-20260727:1600;20260727:1601-20260728:1600;20260728:1601-20260729:1600;20260729:1601-20260730:1600;20260730:1601-20260731:1600', 'evRule': '', 'evMultiplier': 0, 'mdSizeMultiplier': 1, 'aggGroup': 0, 'underSymbol': '', 'underSecType': '', 'marketRuleIds': '2836', 'secIdList': [], 'realExpirationDate': '', 'lastTradeTime': '', 'stockType': '', 'minSize': '1E-8', 'sizeIncrement': '1E-8', 'suggestedSizeIncrement': '1E-8', 'minAlgoSize': '0', 'lastPricePrecision': '170141183460469231731687303715884105727', 'lastSizePrecision': '170141183460469231731687303715884105727', 'cusip': '', 'ratings': '', 'descAppend': '', 'bondType': '', 'couponType': '', 'callable': False, 'putable': False, 'coupon': 0, 'convertible': False, 'maturity': '', 'issueDate': '', 'nextOptionDate': '', 'nextOptionType': '', 'nextOptionPartial': False, 'notes': '', 'fundName': '', 'fundFamily': '', 'fundType': '', 'fundFrontLoad': '', 'fundBackLoad': '', 'fundBackLoadTimeInterval': '', 'fundManagementFee': '', 'fundClosed': False, 'fundClosedForNewInvestors': False, 'fundClosedForNewMoney': False, 'fundNotifyAmount': '', 'fundMinimumInitialPurchase': '', 'fundSubsequentMinimumPurchase': '', 'fundBlueSkyStates': '', 'fundBlueSkyTerritories': '', 'fundDistributionPolicyIndicator': ['None', 'None'], 'fundAssetType': ['None', 'None'], 'ineligibilityReasonList': None, 'eventContract1': '', 'eventContractDescription1': '', 'eventContractDescription2': ''}) from InteractiveBrokersInstrumentProvider[0m
[1m2026-07-27T18:56:15.746748000Z[0m [INFO] PAPER-001.InteractiveBrokersInstrumentProvider: Adding instrument=CryptoPerpetual(id=ETH/USD.ZEROHASH, raw_symbol=ETH.USD, asset_class=CRYPTOCURRENCY, instrument_class=SWAP, quote_currency=USD, is_inverse=True, price_precision=2, price_increment=0.05, size_precision=8, size_increment=0.00000001, multiplier=1, lot_size=1, margin_init=0, margin_maint=0, maker_fee=0, taker_fee=0, info={'contract': {'secType': 'CRYPTO', 'conId': 541686654, 'exchange': 'ZEROHASH', 'primaryExchange': '', 'symbol': 'ETH', 'localSymbol': 'ETH.USD', 'currency': 'USD', 'tradingClass': 'ETH', 'lastTradeDateOrContractMonth': '', 'lastTradeDate': '', 'multiplier': '', 'strike': 1.7976931348623157e+308, 'right': '', 'includeExpired': False, 'secIdType': '', 'secId': '', 'description': '', 'issuerId': '', 'comboLegsDescrip': '', 'comboLegs': [], 'deltaNeutralContract': None, 'build_futures_chain': None, 'build_options_chain': None, 'options_chain_exchange': None, 'min_expiry_days': None, 'max_expiry_days': None}, 'marketName': 'ETH', 'minTick': 0.05, 'orderTypes': 'AD,ADJUST,ALERT,BASKET,BENCHPX,CASHQTY,COND,DAY,DEACT,DEACTDIS,DEACTEOD,GAT,GTC,GTD,GTT,IOC,LMT,MKT,NMIN,NONALGO,WHATIF', 'validExchanges': 'ZEROHASH', 'priceMagnifier': 1, 'underConId': 0, 'longName': 'Ethereum cryptocurrency', 'contractMonth': '', 'industry': '', 'category': '', 'subcategory': '', 'timeZoneId': 'US/Eastern', 'tradingHours': '20260726:0300-20260727:1600;20260727:1601-20260728:1600;20260728:1601-20260729:1600;20260729:1601-20260730:1600;20260730:1601-20260731:1600', 'liquidHours': '20260726:0300-20260727:1600;20260727:1601-20260728:1600;20260728:1601-20260729:1600;20260729:1601-20260730:1600;20260730:1601-20260731:1600', 'evRule': '', 'evMultiplier': 0, 'mdSizeMultiplier': 1, 'aggGroup': 0, 'underSymbol': '', 'underSecType': '', 'marketRuleIds': '2823', 'secIdList': [], 'realExpirationDate': '', 'lastTradeTime': '', 'stockType': '', 'minSize': '1E-8', 'sizeIncrement': '1E-8', 'suggestedSizeIncrement': '1E-8', 'minAlgoSize': '0', 'lastPricePrecision': '170141183460469231731687303715884105727', 'lastSizePrecision': '170141183460469231731687303715884105727', 'cusip': '', 'ratings': '', 'descAppend': '', 'bondType': '', 'couponType': '', 'callable': False, 'putable': False, 'coupon': 0, 'convertible': False, 'maturity': '', 'issueDate': '', 'nextOptionDate': '', 'nextOptionType': '', 'nextOptionPartial': False, 'notes': '', 'fundName': '', 'fundFamily': '', 'fundType': '', 'fundFrontLoad': '', 'fundBackLoad': '', 'fundBackLoadTimeInterval': '', 'fundManagementFee': '', 'fundClosed': False, 'fundClosedForNewInvestors': False, 'fundClosedForNewMoney': False, 'fundNotifyAmount': '', 'fundMinimumInitialPurchase': '', 'fundSubsequentMinimumPurchase': '', 'fundBlueSkyStates': '', 'fundBlueSkyTerritories': '', 'fundDistributionPolicyIndicator': ['None', 'None'], 'fundAssetType': ['None', 'None'], 'ineligibilityReasonList': None, 'eventContract1': '', 'eventContractDescription1': '', 'eventContractDescription2': ''}) from InteractiveBrokersInstrumentProvider[0m
[1m2026-07-27T18:56:15.746752000Z[0m [INFO] PAPER-001.InteractiveBrokersInstrumentProvider: Loaded 3 instruments[0m
[1m2026-07-27T18:56:15.746753000Z[0m [INFO] PAPER-001.InteractiveBrokersInstrumentProvider: Initialized instruments[0m
[1m2026-07-27T18:56:15.746770000Z[0m [92m[INFO] PAPER-001.ExecClient-IB: Account `DUR143045` found in the connected TWS/Gateway[0m
[1m2026-07-27T18:56:15.746822000Z[0m [1;33m[WARN] PAPER-001.InteractiveBrokersClient-001: Market data farm connection is OK:usfuture (code: 2104, req_id=-1)[0m
[1m2026-07-27T18:56:15.746840000Z[0m [92m[INFO] PAPER-001.DataClient-IB: Connected[0m
[1m2026-07-27T18:56:15.747018000Z[0m [1;33m[WARN] PAPER-001.InteractiveBrokersClient-001: Market data farm connection is OK:usopt.nj (code: 2104, req_id=-1)[0m
[1m2026-07-27T18:56:15.747094000Z[0m [1;33m[WARN] PAPER-001.InteractiveBrokersClient-001: Market data farm connection is OK:usfarm.nj (code: 2104, req_id=-1)[0m
[1m2026-07-27T18:56:15.747146000Z[0m [1;33m[WARN] PAPER-001.InteractiveBrokersClient-001: Market data farm connection is OK:usfarm (code: 2104, req_id=-1)[0m
[1m2026-07-27T18:56:15.747199000Z[0m [1;33m[WARN] PAPER-001.InteractiveBrokersClient-001: HMDS data farm connection is OK:euhmds (code: 2106, req_id=-1)[0m
[1m2026-07-27T18:56:15.747246000Z[0m [1;33m[WARN] PAPER-001.InteractiveBrokersClient-001: HMDS data farm connection is OK:fundfarm (code: 2106, req_id=-1)[0m
[1m2026-07-27T18:56:15.747304000Z[0m [1;33m[WARN] PAPER-001.InteractiveBrokersClient-001: HMDS data farm connection is OK:ushmds (code: 2106, req_id=-1)[0m
[1m2026-07-27T18:56:15.747335000Z[0m [1;33m[WARN] PAPER-001.InteractiveBrokersClient-001: Sec-def data farm connection is OK:secdefil (code: 2158, req_id=-1)[0m
[1m2026-07-27T18:56:15.893880000Z[0m [94m[INFO] PAPER-001.TradingNode: Awaiting execution state reconciliation (30.0s timeout)...[0m
[1m2026-07-27T18:56:15.893907000Z[0m [92m[INFO] PAPER-001.ExecClient-IB: Connected[0m
[1m2026-07-27T18:56:15.893922000Z[0m [INFO] PAPER-001.ExecClient-IB: Generating ExecutionMassStatus...[0m
[1m2026-07-27T18:56:15.918435000Z[0m [INFO] PAPER-001.Portfolio: Updated AccountState(account_id=IB-DUR143045, account_type=MARGIN, base_currency=None, is_reported=True, balances=[AccountBalance(total=1_002_150.50 USD, locked=1_978.34 USD, free=1_000_172.16 USD)], margins=[MarginBalance(initial=0.00 USD, maintenance=0.00 USD, instrument_id=None)], event_id=778f33a5-ce32-49bd-961e-cb5b8aaae672)[0m
[1m2026-07-27T18:56:15.994587000Z[0m [INFO] PAPER-001.ExecClient-IB: Generated 0 FillReports[0m
[1m2026-07-27T18:56:16.095259000Z[0m [94m[INFO] PAPER-001.ExecEngine: Reconciling ExecutionMassStatus for None[0m
[1m2026-07-27T18:56:16.095289000Z[0m [94m[INFO] PAPER-001.ExecEngine: Attempting to adjust fills for 0 instruments[0m
[1m2026-07-27T18:56:16.095403000Z[0m [94m[INFO] PAPER-001.ExecEngine: Updating adjusted fills for 0 instruments[0m
[1m2026-07-27T18:56:16.095406000Z[0m [94m[INFO] PAPER-001.ExecEngine: Final order_reports contains 0 orders, fill_reports contains 0 fills across all instruments[0m
[1m2026-07-27T18:56:16.095553000Z[0m [92m[INFO] PAPER-001.ExecEngine: Reconciliation for IB succeeded[0m
[1m2026-07-27T18:56:16.095579000Z[0m [92m[INFO] PAPER-001.TradingNode: Execution state reconciled[0m
[1m2026-07-27T18:56:16.095613000Z[0m [INFO] PAPER-001.OrderEmulator: No emulated orders to reactivate[0m
[1m2026-07-27T18:56:16.095640000Z[0m [INFO] PAPER-001.OrderEmulator: RUNNING[0m
[1m2026-07-27T18:56:16.095675000Z[0m [INFO] PAPER-001.Portfolio: Initialized 0 open orders[0m
[1m2026-07-27T18:56:16.095682000Z[0m [INFO] PAPER-001.Portfolio: Initialized 0 open positions[0m
[1m2026-07-27T18:56:16.095695000Z[0m [94m[INFO] PAPER-001.TradingNode: Awaiting portfolio initialization (10.0s timeout)...[0m
[1m2026-07-27T18:56:16.095859000Z[0m [92m[INFO] PAPER-001.ExecEngine: Startup reconciliation completed[0m
[1m2026-07-27T18:56:16.095866000Z[0m [94m[INFO] PAPER-001.ExecEngine: Applying post-reconciliation startup delay (10.0s)[0m
[1m2026-07-27T18:56:16.095909000Z[0m [92m[INFO] PAPER-001.TradingNode: Portfolio initialized[0m
[1m2026-07-27T18:56:16.095941000Z[0m [94m[INFO] PAPER-001.MLStrategy: self.config.oms_type=None[0m
[1m2026-07-27T18:56:16.095947000Z[0m [94m[INFO] PAPER-001.MLStrategy: self.config.external_order_claims=None[0m
[1m2026-07-27T18:56:16.095949000Z[0m [94m[INFO] PAPER-001.MLStrategy: self.config.manage_gtd_expiry=False[0m
[1m2026-07-27T18:56:16.095972000Z[0m [94m[INFO] PAPER-001.MLStrategy: Set ClientOrderIdGenerator client_order_id count to 0[0m
[1m2026-07-27T18:56:16.095974000Z[0m [94m[INFO] PAPER-001.MLStrategy: Set ClientOrderIdGenerator order_list_id count to 0[0m
[1m2026-07-27T18:56:16.096735000Z[0m [INFO] PAPER-001.MLStrategy: [REQ]--> RequestBars(bar_type=BTC/USD.ZEROHASH-1-DAY-MID-EXTERNAL, start=2025-06-22 18:56:16.096468+00:00, end=2026-07-27 18:56:16.096534+00:00, limit=0, client_id=None, venue=ZEROHASH, data_type=Bar, params={'update_catalog': False, 'join_request': False})[0m
[1m2026-07-27T18:56:16.096834000Z[0m [INFO] PAPER-001.MLStrategy: [CMD]--> SubscribeBars(bar_type=BTC/USD.ZEROHASH-1-DAY-MID-EXTERNAL, client_id=None, venue=ZEROHASH)[0m
[1m2026-07-27T18:56:16.096851000Z[0m [INFO] PAPER-001.MLStrategy: Subscribed BTC/USD.ZEROHASH-1-DAY-MID-EXTERNAL[0m
[1m2026-07-27T18:56:16.097018000Z[0m [INFO] PAPER-001.MLStrategy: [REQ]--> RequestBars(bar_type=ETH/USD.ZEROHASH-1-DAY-MID-EXTERNAL, start=2025-06-22 18:56:16.096943+00:00, end=2026-07-27 18:56:16.096969+00:00, limit=0, client_id=None, venue=ZEROHASH, data_type=Bar, params={'update_catalog': False, 'join_request': False})[0m
[1m2026-07-27T18:56:16.097050000Z[0m [INFO] PAPER-001.MLStrategy: [CMD]--> SubscribeBars(bar_type=ETH/USD.ZEROHASH-1-DAY-MID-EXTERNAL, client_id=None, venue=ZEROHASH)[0m
[1m2026-07-27T18:56:16.097057000Z[0m [INFO] PAPER-001.MLStrategy: Subscribed ETH/USD.ZEROHASH-1-DAY-MID-EXTERNAL[0m
[1m2026-07-27T18:56:16.097177000Z[0m [INFO] PAPER-001.MLStrategy: [REQ]--> RequestBars(bar_type=SOL/USD.ZEROHASH-1-DAY-MID-EXTERNAL, start=2025-06-22 18:56:16.097127+00:00, end=2026-07-27 18:56:16.097143+00:00, limit=0, client_id=None, venue=ZEROHASH, data_type=Bar, params={'update_catalog': False, 'join_request': False})[0m
[1m2026-07-27T18:56:16.097205000Z[0m [INFO] PAPER-001.MLStrategy: [CMD]--> SubscribeBars(bar_type=SOL/USD.ZEROHASH-1-DAY-MID-EXTERNAL, client_id=None, venue=ZEROHASH)[0m
[1m2026-07-27T18:56:16.097210000Z[0m [INFO] PAPER-001.MLStrategy: Subscribed SOL/USD.ZEROHASH-1-DAY-MID-EXTERNAL[0m
[1m2026-07-27T18:56:16.097289000Z[0m [INFO] PAPER-001.MLStrategy: RUNNING[0m
[1m2026-07-27T18:56:16.097305000Z[0m [INFO] PAPER-001.PAPER-001: RUNNING[0m
[1m2026-07-27T18:56:16.097313000Z[0m [INFO] PAPER-001.TradingNode: RUNNING[0m
[1m2026-07-27T18:56:16.115601000Z[0m [94m[INFO] PAPER-001.DataClient-IB: Request BTC/USD.ZEROHASH-1-DAY-MID-EXTERNAL bars from 2025-06-22T18:56:16.096468000Z to 2026-07-27T18:56:16.096534000Z[0m
[1m2026-07-27T18:56:16.115705000Z[0m [94m[INFO] PAPER-001.DataClient-IB: Request ETH/USD.ZEROHASH-1-DAY-MID-EXTERNAL bars from 2025-06-22T18:56:16.096943000Z to 2026-07-27T18:56:16.096969000Z[0m
[1m2026-07-27T18:56:16.115764000Z[0m [94m[INFO] PAPER-001.DataClient-IB: Request SOL/USD.ZEROHASH-1-DAY-MID-EXTERNAL bars from 2025-06-22T18:56:16.097127000Z to 2026-07-27T18:56:16.097143000Z[0m
[1m2026-07-27T18:56:16.115889000Z[0m [INFO] PAPER-001.DataClient-IB: BTC/USD.ZEROHASH: Requesting historical bars: BTC/USD.ZEROHASH-1-DAY-MID-EXTERNAL ending on '2026-07-27 18:56:16.096534+00:00' with duration '1 Y'[0m
[1m2026-07-27T18:56:16.116041000Z[0m [INFO] PAPER-001.DataClient-IB: ETH/USD.ZEROHASH: Requesting historical bars: ETH/USD.ZEROHASH-1-DAY-MID-EXTERNAL ending on '2026-07-27 18:56:16.096969+00:00' with duration '1 Y'[0m
[1m2026-07-27T18:56:16.116113000Z[0m [INFO] PAPER-001.DataClient-IB: SOL/USD.ZEROHASH: Requesting historical bars: SOL/USD.ZEROHASH-1-DAY-MID-EXTERNAL ending on '2026-07-27 18:56:16.097143+00:00' with duration '1 Y'[0m
[1m2026-07-27T18:56:16.116187000Z[0m [INFO] PAPER-001.InteractiveBrokersClient-001: Creating and registering a new Subscription instance for BTC/USD.ZEROHASH-1-DAY-MID-EXTERNAL[0m
[1m2026-07-27T18:56:16.116230000Z[0m [INFO] PAPER-001.InteractiveBrokersClient-001: Creating and registering a new Subscription instance for ETH/USD.ZEROHASH-1-DAY-MID-EXTERNAL[0m
[1m2026-07-27T18:56:16.116264000Z[0m [INFO] PAPER-001.InteractiveBrokersClient-001: Creating and registering a new Subscription instance for SOL/USD.ZEROHASH-1-DAY-MID-EXTERNAL[0m
[1m2026-07-27T18:56:16.116303000Z[0m [94m[INFO] PAPER-001.DataClient-IB: Subscribed BTC/USD.ZEROHASH-1-DAY-MID-EXTERNAL bars[0m
[1m2026-07-27T18:56:16.116308000Z[0m [94m[INFO] PAPER-001.DataClient-IB: Subscribed ETH/USD.ZEROHASH-1-DAY-MID-EXTERNAL bars[0m
[1m2026-07-27T18:56:16.116309000Z[0m [94m[INFO] PAPER-001.DataClient-IB: Subscribed SOL/USD.ZEROHASH-1-DAY-MID-EXTERNAL bars[0m
[1m2026-07-27T18:56:16.417172000Z[0m [INFO] PAPER-001.DataClient-IB: BTC/USD.ZEROHASH: Number of bars retrieved in batch: 261[0m
[1m2026-07-27T18:56:16.417181000Z[0m [INFO] PAPER-001.DataClient-IB: Total number of bars in data: 261[0m
[1m2026-07-27T18:56:16.418379000Z[0m [INFO] PAPER-001.MLStrategy: Received <Bar[260]> data for BTC/USD.ZEROHASH-1-DAY-MID-EXTERNAL[0m
[1m2026-07-27T18:56:16.435549000Z[0m [INFO] PAPER-001.DataClient-IB: ETH/USD.ZEROHASH: Number of bars retrieved in batch: 261[0m
[1m2026-07-27T18:56:16.435555000Z[0m [INFO] PAPER-001.DataClient-IB: Total number of bars in data: 261[0m
[1m2026-07-27T18:56:16.436903000Z[0m [INFO] PAPER-001.MLStrategy: Received <Bar[260]> data for ETH/USD.ZEROHASH-1-DAY-MID-EXTERNAL[0m
[1m2026-07-27T18:56:16.493603000Z[0m [INFO] PAPER-001.DataClient-IB: SOL/USD.ZEROHASH: Number of bars retrieved in batch: 261[0m
[1m2026-07-27T18:56:16.493611000Z[0m [INFO] PAPER-001.DataClient-IB: Total number of bars in data: 261[0m
[1m2026-07-27T18:56:16.494760000Z[0m [INFO] PAPER-001.MLStrategy: Received <Bar[260]> data for SOL/USD.ZEROHASH-1-DAY-MID-EXTERNAL[0m
[1m2026-07-27T18:56:39.829780000Z[0m [1;33m[WARN] PAPER-001.TradingNode: Received SIGINT, shutting down[0m
[1m2026-07-27T18:56:39.829829000Z[0m [INFO] PAPER-001.TradingNode: STOPPING[0m
[1m2026-07-27T18:56:39.829980000Z[0m [INFO] PAPER-001.MLStrategy: [CMD]--> UnsubscribeBars(bar_type=BTC/USD.ZEROHASH-1-DAY-MID-EXTERNAL, client_id=None, venue=ZEROHASH)[0m
[1m2026-07-27T18:56:39.829994000Z[0m [INFO] PAPER-001.MLStrategy: Unsubscribed from BTC/USD.ZEROHASH-1-DAY-MID-EXTERNAL bar data[0m
[1m2026-07-27T18:56:39.830014000Z[0m [INFO] PAPER-001.MLStrategy: [CMD]--> UnsubscribeBars(bar_type=ETH/USD.ZEROHASH-1-DAY-MID-EXTERNAL, client_id=None, venue=ZEROHASH)[0m
[1m2026-07-27T18:56:39.830018000Z[0m [INFO] PAPER-001.MLStrategy: Unsubscribed from ETH/USD.ZEROHASH-1-DAY-MID-EXTERNAL bar data[0m
[1m2026-07-27T18:56:39.830030000Z[0m [INFO] PAPER-001.MLStrategy: [CMD]--> UnsubscribeBars(bar_type=SOL/USD.ZEROHASH-1-DAY-MID-EXTERNAL, client_id=None, venue=ZEROHASH)[0m
[1m2026-07-27T18:56:39.830032000Z[0m [INFO] PAPER-001.MLStrategy: Unsubscribed from SOL/USD.ZEROHASH-1-DAY-MID-EXTERNAL bar data[0m
[1m2026-07-27T18:56:39.830036000Z[0m [INFO] PAPER-001.MLStrategy: Canceling executor tasks[0m
[1m2026-07-27T18:56:39.830073000Z[0m [INFO] PAPER-001.MLStrategy: STOPPED[0m
[1m2026-07-27T18:56:39.830081000Z[0m [INFO] PAPER-001.PAPER-001: STOPPED[0m
[1m2026-07-27T18:56:39.830090000Z[0m [94m[INFO] PAPER-001.TradingNode: Awaiting post stop (10.0s timeout)...[0m
[1m2026-07-27T18:56:39.830550000Z[0m [94m[INFO] PAPER-001.DataClient-IB: Unsubscribed BTC/USD.ZEROHASH-1-DAY-MID-EXTERNAL bars[0m
[1m2026-07-27T18:56:39.830556000Z[0m [94m[INFO] PAPER-001.DataClient-IB: Unsubscribed ETH/USD.ZEROHASH-1-DAY-MID-EXTERNAL bars[0m
[1m2026-07-27T18:56:39.830558000Z[0m [94m[INFO] PAPER-001.DataClient-IB: Unsubscribed SOL/USD.ZEROHASH-1-DAY-MID-EXTERNAL bars[0m
[1m2026-07-27T18:56:39.831537000Z[0m [1;31m[ERROR] PAPER-001.InteractiveBrokersClient-001: Historical Market Data Service error message:API historical data query cancelled: 10008 (code: 162, req_id=10008)[0m
[1m2026-07-27T18:56:39.831553000Z[0m [1;33m[WARN] PAPER-001.InteractiveBrokersClient-001: Unhandled error: 162 for req_id 10008[0m
[1m2026-07-27T18:56:39.930950000Z[0m [1;31m[ERROR] PAPER-001.InteractiveBrokersClient-001: Historical Market Data Service error message:API historical data query cancelled: 10009 (code: 162, req_id=10009)[0m
[1m2026-07-27T18:56:39.930996000Z[0m [1;33m[WARN] PAPER-001.InteractiveBrokersClient-001: Unhandled error: 162 for req_id 10009[0m
[1m2026-07-27T18:56:40.031136000Z[0m [1;31m[ERROR] PAPER-001.InteractiveBrokersClient-001: Historical Market Data Service error message:API historical data query cancelled: 10010 (code: 162, req_id=10010)[0m
[1m2026-07-27T18:56:40.031222000Z[0m [1;33m[WARN] PAPER-001.InteractiveBrokersClient-001: Unhandled error: 162 for req_id 10010[0m
[1m2026-07-27T18:56:49.833088000Z[0m [94m[INFO] PAPER-001.MLStrategy: Saved state: ['ml_strategy.json'][0m
[1m2026-07-27T18:56:49.833318000Z[0m [INFO] PAPER-001.DataClient-IB: STOPPED[0m
[1m2026-07-27T18:56:49.833364000Z[0m [INFO] PAPER-001.ExecClient-IB: STOPPED[0m
[1m2026-07-27T18:56:49.833386000Z[0m [INFO] PAPER-001.DataEngine: Disconnecting all clients...[0m
[1m2026-07-27T18:56:49.833396000Z[0m [INFO] PAPER-001.DataClient-IB: Disconnecting...[0m
[1m2026-07-27T18:56:49.833431000Z[0m [INFO] PAPER-001.ExecEngine: Disconnecting all clients...[0m
[1m2026-07-27T18:56:49.833439000Z[0m [INFO] PAPER-001.ExecClient-IB: Disconnecting...[0m
[1m2026-07-27T18:56:49.833467000Z[0m [94m[INFO] PAPER-001.TradingNode: Awaiting engine disconnections (10.0s timeout)...[0m
[1m2026-07-27T18:56:49.833750000Z[0m [INFO] PAPER-001.InteractiveBrokersClient-001: STOPPED[0m
[1m2026-07-27T18:56:49.833817000Z[0m [92m[INFO] PAPER-001.DataClient-IB: Disconnected[0m
[1m2026-07-27T18:56:49.833855000Z[0m [92m[INFO] PAPER-001.ExecClient-IB: Disconnected[0m
[1m2026-07-27T18:56:49.834006000Z[0m [INFO] PAPER-001.DataEngine: STOPPED[0m
[1m2026-07-27T18:56:49.834064000Z[0m [INFO] PAPER-001.RiskEngine: STOPPED[0m
[1m2026-07-27T18:56:49.834097000Z[0m [INFO] PAPER-001.ExecEngine: Canceling position snapshots timer[0m
[1m2026-07-27T18:56:49.834618000Z[0m [INFO] PAPER-001.ExecEngine: STOPPED[0m
[1m2026-07-27T18:56:49.834666000Z[0m [INFO] PAPER-001.OrderEmulator: STOPPED[0m
[1m2026-07-27T18:56:49.834684000Z[0m [INFO] PAPER-001.TradingNode: STOPPED[0m
[1m2026-07-27T18:56:49.834717000Z[0m [INFO] PAPER-001.InteractiveBrokersClient-001: Stopping InteractiveBrokersClient (1)...[0m
[1m2026-07-27T18:56:49.835213000Z[0m [INFO] PAPER-001.InteractiveBrokersClient-001: All tasks canceled successfully.[0m
[1m2026-07-27T18:56:49.835844000Z[0m [INFO] PAPER-001.DataClient-IB: DISPOSED[0m
[1m2026-07-27T18:56:49.835864000Z[0m [INFO] PAPER-001.DataEngine: DISPOSED[0m
[1m2026-07-27T18:56:49.835881000Z[0m [INFO] PAPER-001.RiskEngine: DISPOSED[0m
[1m2026-07-27T18:56:49.835901000Z[0m [INFO] PAPER-001.ExecClient-IB: DISPOSED[0m
[1m2026-07-27T18:56:49.835912000Z[0m [INFO] PAPER-001.ExecEngine: DISPOSED[0m
[1m2026-07-27T18:56:49.836204000Z[0m [INFO] PAPER-001.OrderEmulator: DISPOSED[0m
[1m2026-07-27T18:56:49.836219000Z[0m [INFO] PAPER-001.PAPER-001: Cleared actors[0m
[1m2026-07-27T18:56:49.836228000Z[0m [INFO] PAPER-001.MLStrategy: DISPOSED[0m
[1m2026-07-27T18:56:49.836238000Z[0m [INFO] PAPER-001.PAPER-001: Cleared trading strategies[0m
[1m2026-07-27T18:56:49.836241000Z[0m [INFO] PAPER-001.PAPER-001: Cleared execution algorithms[0m
[1m2026-07-27T18:56:49.836246000Z[0m [INFO] PAPER-001.PAPER-001: DISPOSED[0m
[1m2026-07-27T18:56:49.836340000Z[0m [INFO] PAPER-001.Cache: Reset[0m
[1m2026-07-27T18:56:49.836752000Z[0m [INFO] PAPER-001.CacheDatabaseAdapter: Closed cache database adapter[0m
[1m2026-07-27T18:56:49.836803000Z[0m [INFO] PAPER-001.MessageBus: Closed message bus[0m
[1m2026-07-27T18:56:49.836814000Z[0m [INFO] PAPER-001.TradingNode: Shutting down executor[0m
[1m2026-07-27T18:56:50.043697000Z[0m [INFO] PAPER-001.TradingNode: Closing event loop[0m
[1m2026-07-27T18:56:50.043820000Z[0m [INFO] PAPER-001.TradingNode: loop.is_running=False[0m
[1m2026-07-27T18:56:50.043824000Z[0m [INFO] PAPER-001.TradingNode: loop.is_closed=True[0m
[1m2026-07-27T18:56:50.043825000Z[0m [INFO] PAPER-001.TradingNode: DISPOSED[0m
Task was destroyed but it is pending!
task: <Task pending name='Task-1502' coro=<InteractiveBrokersClientMarketDataMixin._schedule_bar_completion_timeout.<locals>.completion_handler() done, defined at /Users/lindawang/Documents/Workspace/quant/.quant312/lib/python3.12/site-packages/nautilus_trader/adapters/interactive_brokers/client/market_data.py:1311> wait_for=<Future pending cb=[Task.task_wakeup()]>>
Task was destroyed but it is pending!
task: <Task pending name='Task-1504' coro=<InteractiveBrokersClientMarketDataMixin._schedule_bar_completion_timeout.<locals>.completion_handler() done, defined at /Users/lindawang/Documents/Workspace/quant/.quant312/lib/python3.12/site-packages/nautilus_trader/adapters/interactive_brokers/client/market_data.py:1311> wait_for=<Future pending cb=[Task.task_wakeup()]>>
Task was destroyed but it is pending!
task: <Task pending name='Task-1506' coro=<InteractiveBrokersClientMarketDataMixin._schedule_bar_completion_timeout.<locals>.completion_handler() done, defined at /Users/lindawang/Documents/Workspace/quant/.quant312/lib/python3.12/site-packages/nautilus_trader/adapters/interactive_brokers/client/market_data.py:1311> wait_for=<Future pending cb=[Task.task_wakeup()]>>
Task was destroyed but it is pending!
task: <Task pending name='Task-1514' coro=<InteractiveBrokersClientMarketDataMixin._schedule_bar_completion_timeout.<locals>.completion_handler() done, defined at /Users/lindawang/Documents/Workspace/quant/.quant312/lib/python3.12/site-packages/nautilus_trader/adapters/interactive_brokers/client/market_data.py:1311> wait_for=<Future pending cb=[Task.task_wakeup()]>>
Task was destroyed but it is pending!
task: <Task pending name='Task-1516' coro=<InteractiveBrokersClientMarketDataMixin._schedule_bar_completion_timeout.<locals>.completion_handler() done, defined at /Users/lindawang/Documents/Workspace/quant/.quant312/lib/python3.12/site-packages/nautilus_trader/adapters/interactive_brokers/client/market_data.py:1311> wait_for=<Future pending cb=[Task.task_wakeup()]>>
Task was destroyed but it is pending!
task: <Task pending name='Task-1518' coro=<InteractiveBrokersClientMarketDataMixin._schedule_bar_completion_timeout.<locals>.completion_handler() done, defined at /Users/lindawang/Documents/Workspace/quant/.quant312/lib/python3.12/site-packages/nautilus_trader/adapters/interactive_brokers/client/market_data.py:1311> wait_for=<Future pending cb=[Task.task_wakeup()]>>
Task was destroyed but it is pending!
task: <Task pending name='Task-1526' coro=<InteractiveBrokersClientMarketDataMixin._schedule_bar_completion_timeout.<locals>.completion_handler() done, defined at /Users/lindawang/Documents/Workspace/quant/.quant312/lib/python3.12/site-packages/nautilus_trader/adapters/interactive_brokers/client/market_data.py:1311> wait_for=<Future pending cb=[Task.task_wakeup()]>>
Task was destroyed but it is pending!
task: <Task pending name='Task-1528' coro=<InteractiveBrokersClientMarketDataMixin._schedule_bar_completion_timeout.<locals>.completion_handler() done, defined at /Users/lindawang/Documents/Workspace/quant/.quant312/lib/python3.12/site-packages/nautilus_trader/adapters/interactive_brokers/client/market_data.py:1311> wait_for=<Future pending cb=[Task.task_wakeup()]>>
Task was destroyed but it is pending!
task: <Task pending name='Task-1530' coro=<InteractiveBrokersClientMarketDataMixin._schedule_bar_completion_timeout.<locals>.completion_handler() done, defined at /Users/lindawang/Documents/Workspace/quant/.quant312/lib/python3.12/site-packages/nautilus_trader/adapters/interactive_brokers/client/market_data.py:1311> wait_for=<Future pending cb=[Task.task_wakeup()]>>
